results/realworld_weekly.csv
date,product,category,description,sales,price,promo
2009-11-30,20668,20,DISCO BALL CHRISTMAS DECORATION,937,0.11818181818181818,0.0
2009-12-07,20668,20,DISCO BALL CHRISTMAS DECORATION,1176,0.19583333333333333,0.0
2009-12-14,20668,20,DISCO BALL CHRISTMAS DECORATION,37,0.275,0.0
2010-01-11,20668,20,DISCO BALL CHRISTMAS DECORATION,1,0.12,1.0
2010-02-01,20668,20,DISCO BALL CHRISTMAS DECORATION,1,0.12,1.0
2010-02-22,20668,20,DISCO BALL CHRISTMAS DECORATION,2,0.12,1.0
2010-03-08,20668,20,DISCO BALL CHRISTMAS DECORATION,1,0.12,1.0
2010-03-22,20668,20,DISCO BALL CHRISTMAS DECORATION,2,0.12,1.0
2010-04-05,20668,20,DISCO BALL CHRISTMAS DECORATION,8,0.12,1.0
2010-05-24,20668,20,DISCO BALL CHRISTMAS DECORATION,3,0.12,1.0
2010-06-07,20668,20,DISCO BALL CHRISTMAS DECORATION,24,0.12,0.0
2010-06-14,20668,20,DISCO BALL CHRISTMAS DECORATION,96,0.12,0.0
2010-06-21,20668,20,DISCO BALL CHRISTMAS DECORATION,96,0.12,0.0
2010-06-28,20668,20,DISCO BALL CHRISTMAS DECORATION,12,0.12,0.0
2010-07-26,20668,20,DISCO BALL CHRISTMAS DECORATION,60,0.12,0.0
2010-08-16,20668,20,DISCO BALL CHRISTMAS DECORATION,24,0.12,0.0
2010-08-30,20668,20,DISCO BALL CHRISTMAS DECORATION,276,0.2233333333333333,0.0
2010-09-13,20668,20,DISCO BALL CHRISTMAS DECORATION,432,0.11599999999999999,0.0
2010-09-20,20668,20,DISCO BALL CHRISTMAS DECORATION,303,0.21666666666666667,0.0
2010-09-27,20668,20,DISCO BALL CHRISTMAS DECORATION,397,0.17166666666666666,0.0
2010-10-04,20668,20,DISCO BALL CHRISTMAS DECORATION,573,0.16142857142857142,0.0
2010-10-11,20668,20,DISCO BALL CHRISTMAS DECORATION,222,0.16428571428571428,0.0
2010-10-18,20668,20,DISCO BALL CHRISTMAS DECORATION,709,0.15875,0.0
2010-10-25,20668,20,DISCO BALL CHRISTMAS DECORATION,202,0.16428571428571428,0.0
2010-11-01,20668,20,DISCO BALL CHRISTMAS DECORATION,555,0.22166666666666668,0.0
2010-11-08,20668,20,DISCO BALL CHRISTMAS DECORATION,700,0.16285714285714284,0.0
2010-11-15,20668,20,DISCO BALL CHRISTMAS DECORATION,367,0.14583333333333334,0.0
2010-11-22,20668,20,DISCO BALL CHRISTMAS DECORATION,655,0.17470588235294116,0.0
2010-11-29,20668,20,DISCO BALL CHRISTMAS DECORATION,947,0.2126086956521739,0.0
2010-12-06,20668,20,DISCO BALL CHRISTMAS DECORATION,916,0.20133333333333334,0.0
2010-12-13,20668,20,DISCO BALL CHRISTMAS DECORATION,774,0.16142857142857142,0.0
2010-12-20,20668,20,DISCO BALL CHRISTMAS DECORATION,24,0.12,1.0
2011-01-03,20668,20,DISCO BALL CHRISTMAS DECORATION,24,0.12,1.0
2011-01-10,20668,20,DISCO BALL CHRISTMAS DECORATION,49,0.2233333333333333,0.0
2011-01-17,20668,20,DISCO BALL CHRISTMAS DECORATION,5,0.42,0.0
2011-02-07,20668,20,DISCO BALL CHRISTMAS DECORATION,4,0.42,0.0
2011-02-14,20668,20,DISCO BALL CHRISTMAS DECORATION,25,0.27,0.0
2011-02-21,20668,20,DISCO BALL CHRISTMAS DECORATION,24,0.12,1.0
2011-03-07,20668,20,DISCO BALL CHRISTMAS DECORATION,144,0.12,1.0
2011-03-14,20668,20,DISCO BALL CHRISTMAS DECORATION,28,0.27,0.0
2011-03-21,20668,20,DISCO BALL CHRISTMAS DECORATION,39,0.42,0.0
2011-03-28,20668,20,DISCO BALL CHRISTMAS DECORATION,24,0.12,1.0
2011-04-04,20668,20,DISCO BALL CHRISTMAS DECORATION,6,0.42,0.0
2011-04-11,20668,20,DISCO BALL CHRISTMAS DECORATION,1,0.12,1.0
2011-04-25,20668,20,DISCO BALL CHRISTMAS DECORATION,48,0.12,1.0
2011-05-02,20668,20,DISCO BALL CHRISTMAS DECORATION,24,0.12,1.0
2011-05-09,20668,20,DISCO BALL CHRISTMAS DECORATION,36,0.21999999999999997,0.0
2011-05-16,20668,20,DISCO BALL CHRISTMAS DECORATION,24,0.12,1.0
2011-05-23,20668,20,DISCO BALL CHRISTMAS DECORATION,48,0.12,1.0
2011-05-30,20668,20,DISCO BALL CHRISTMAS DECORATION,168,0.12,1.0
2011-06-06,20668,20,DISCO BALL CHRISTMAS DECORATION,175,0.195,0.0
2011-06-20,20668,20,DISCO BALL CHRISTMAS DECORATION,48,0.12,1.0
2011-06-27,20668,20,DISCO BALL CHRISTMAS DECORATION,76,0.21999999999999997,0.0
2011-07-04,20668,20,DISCO BALL CHRISTMAS DECORATION,98,0.21999999999999997,0.0
2011-07-18,20668,20,DISCO BALL CHRISTMAS DECORATION,78,0.12,1.0
2011-07-25,20668,20,DISCO BALL CHRISTMAS DECORATION,150,0.195,0.0
2011-08-01,20668,20,DISCO BALL CHRISTMAS DECORATION,746,0.176,0.0
2011-08-08,20668,20,DISCO BALL CHRISTMAS DECORATION,12,0.42,0.0
2011-08-15,20668,20,DISCO BALL CHRISTMAS DECORATION,144,0.12,1.0
2011-08-22,20668,20,DISCO BALL CHRISTMAS DECORATION,264,0.12,1.0
2011-09-05,20668,20,DISCO BALL CHRISTMAS DECORATION,97,0.12,1.0
2011-09-12,20668,20,DISCO BALL CHRISTMAS DECORATION,96,0.12,1.0
2011-09-19,20668,20,DISCO BALL CHRISTMAS DECORATION,30,0.27,0.0
2011-09-26,20668,20,DISCO BALL CHRISTMAS DECORATION,145,0.18,0.0
2011-10-03,20668,20,DISCO BALL CHRISTMAS DECORATION,55,0.195,0.0
2011-10-10,20668,20,DISCO BALL CHRISTMAS DECORATION,348,0.12000000000000001,1.0
2011-10-17,20668,20,DISCO BALL CHRISTMAS DECORATION,1313,0.11733333333333333,1.0
2011-10-24,20668,20,DISCO BALL CHRISTMAS DECORATION,474,0.1175,1.0
2011-10-31,20668,20,DISCO BALL CHRISTMAS DECORATION,328,0.14727272727272725,0.0
2011-11-07,20668,20,DISCO BALL CHRISTMAS DECORATION,1398,0.11499999999999999,1.0
2011-11-14,20668,20,DISCO BALL CHRISTMAS DECORATION,622,0.12000000000000001,1.0
2011-11-21,20668,20,DISCO BALL CHRISTMAS DECORATION,1022,0.13272727272727272,0.0
2011-11-28,20668,20,DISCO BALL CHRISTMAS DECORATION,1656,0.17375,0.0
2011-12-05,20668,20,DISCO BALL CHRISTMAS DECORATION,856,0.21833333333333335,0.0
2009-11-30,20713,20,JUMBO BAG OWLS,83,2.3210526315789473,0.0
2009-12-07,20713,20,JUMBO BAG OWLS,278,2.623529411764706,0.0
2009-12-14,20713,20,JUMBO BAG OWLS,149,2.390625,0.0
2009-12-21,20713,20,JUMBO BAG OWLS,12,3.516666666666667,0.0
2010-01-04,20713,20,JUMBO BAG OWLS,36,1.95,1.0
2010-01-11,20713,20,JUMBO BAG OWLS,265,2.8491666666666666,0.0
2010-01-18,20713,20,JUMBO BAG OWLS,164,2.4188888888888886,0.0
2010-01-25,20713,20,JUMBO BAG OWLS,71,2.628,0.0
2010-02-01,20713,20,JUMBO BAG OWLS,64,2.1677777777777774,0.0
2010-02-08,20713,20,JUMBO BAG OWLS,134,2.23,0.0
2010-02-15,20713,20,JUMBO BAG OWLS,261,2.4253846153846155,0.0
2010-02-22,20713,20,JUMBO BAG OWLS,96,2.195,0.0
2010-03-01,20713,20,JUMBO BAG OWLS,255,2.372,0.0
2010-03-08,20713,20,JUMBO BAG OWLS,29,2.703333333333333,0.0
2010-03-15,20713,20,JUMBO BAG OWLS,152,2.2325,0.0
2010-03-22,20713,20,JUMBO BAG OWLS,271,1.9166666666666667,1.0
2010-03-29,20713,20,JUMBO BAG OWLS,129,2.552857142857143,0.0
2010-04-05,20713,20,JUMBO BAG OWLS,34,2.3266666666666667,0.0
2010-04-12,20713,20,JUMBO BAG OWLS,157,1.9166666666666667,1.0
2010-04-19,20713,20,JUMBO BAG OWLS,92,2.9185714285714286,0.0
2010-04-26,20713,20,JUMBO BAG OWLS,422,2.2113333333333336,0.0
2010-05-03,20713,20,JUMBO BAG OWLS,199,2.4899999999999998,0.0
2010-05-10,20713,20,JUMBO BAG OWLS,259,2.2746153846153847,0.0
2010-05-17,20713,20,JUMBO BAG OWLS,47,2.5663636363636364,0.0
2010-05-24,20713,20,JUMBO BAG OWLS,207,2.41,0.0
2010-05-31,20713,20,JUMBO BAG OWLS,70,2.5526666666666666,0.0
2010-06-07,20713,20,JUMBO BAG OWLS,183,2.4484615384615385,0.0
2010-06-14,20713,20,JUMBO BAG OWLS,53,2.628,0.0
2010-06-21,20713,20,JUMBO BAG OWLS,64,3.08,0.0
2010-06-28,20713,20,JUMBO BAG OWLS,509,2.61875,0.0
2010-07-05,20713,20,JUMBO BAG OWLS,117,2.111428571428571,0.0
2010-07-12,20713,20,JUMBO BAG OWLS,45,1.95,1.0
2010-07-19,20713,20,JUMBO BAG OWLS,12,1.95,1.0
2010-08-16,20713,20,JUMBO BAG OWLS,100,5.06,0.0
2010-08-23,20713,20,JUMBO BAG OWLS,30,1.95,1.0
2010-08-30,20713,20,JUMBO BAG OWLS,528,1.8375,1.0
2010-09-06,20713,20,JUMBO BAG OWLS,178,2.515,0.0
2010-09-13,20713,20,JUMBO BAG OWLS,374,2.567142857142857,0.0
2010-09-20,20713,20,JUMBO BAG OWLS,336,2.6747619047619047,0.0
2010-09-27,20713,20,JUMBO BAG OWLS,411,2.4188888888888886,0.0
2010-10-04,20713,20,JUMBO BAG OWLS,87,2.515,0.0
2010-10-11,20713,20,JUMBO BAG OWLS,342,2.043333333333333,1.0
2010-10-18,20713,20,JUMBO BAG OWLS,212,2.613,0.0
2010-10-25,20713,20,JUMBO BAG OWLS,60,2.515,0.0
2010-11-01,20713,20,JUMBO BAG OWLS,208,2.3311764705882356,0.0
2010-11-08,20713,20,JUMBO BAG OWLS,303,2.3462962962962965,0.0
2010-11-15,20713,20,JUMBO BAG OWLS,357,2.29375,0.0
2010-11-22,20713,20,JUMBO BAG OWLS,250,1.9342105263157894,1.0
2010-11-29,20713,20,JUMBO BAG OWLS,178,2.039090909090909,0.0
2010-12-06,20713,20,JUMBO BAG OWLS,579,2.596829268292683,0.0
2010-12-13,20713,20,JUMBO BAG OWLS,107,2.4817647058823527,0.0
2010-12-20,20713,20,JUMBO BAG OWLS,27,3.645,0.0
2011-01-03,20713,20,JUMBO BAG OWLS,349,2.23,0.0
2011-01-10,20713,20,JUMBO BAG OWLS,46,3.29,0.0
2011-01-17,20713,20,JUMBO BAG OWLS,184,3.0185714285714282,0.0
2011-01-24,20713,20,JUMBO BAG OWLS,109,2.707142857142857,0.0
2011-01-31,20713,20,JUMBO BAG OWLS,106,3.258,0.0
2011-02-07,20713,20,JUMBO BAG OWLS,159,3.174285714285714,0.0
2011-02-14,20713,20,JUMBO BAG OWLS,278,2.86625,0.0
2011-02-21,20713,20,JUMBO BAG OWLS,73,3.326842105263158,0.0
2011-02-28,20713,20,JUMBO BAG OWLS,71,2.940909090909091,0.0
2011-03-07,20713,20,JUMBO BAG OWLS,272,2.5078947368421054,0.0
2011-03-14,20713,20,JUMBO BAG OWLS,794,3.2488888888888887,0.0
2011-03-21,20713,20,JUMBO BAG OWLS,211,2.7373684210526315,0.0
2011-03-28,20713,20,JUMBO BAG OWLS,158,3.015,0.0
2011-06-06,20713,20,JUMBO BAG OWLS,24,2.08,1.0
2011-06-13,20713,20,JUMBO BAG OWLS,135,2.666,0.0
2011-06-20,20713,20,JUMBO BAG OWLS,271,2.7914285714285714,0.0
2011-06-27,20713,20,JUMBO BAG OWLS,282,2.27,1.0
2011-07-04,20713,20,JUMBO BAG OWLS,589,2.5736842105263156,0.0
2011-07-11,20713,20,JUMBO BAG OWLS,43,3.218888888888889,0.0
2011-07-18,20713,20,JUMBO BAG OWLS,240,3.0722727272727273,0.0
2011-07-25,20713,20,JUMBO BAG OWLS,190,2.861111111111111,0.0
2011-08-01,20713,20,JUMBO BAG OWLS,129,2.80625,0.0
2011-08-08,20713,20,JUMBO BAG OWLS,228,2.645,0.0
2011-08-15,20713,20,JUMBO BAG OWLS,209,2.0557142857142856,1.0
2011-08-22,20713,20,JUMBO BAG OWLS,838,2.216521739130435,1.0
2011-08-29,20713,20,JUMBO BAG OWLS,160,3.628095238095238,0.0
2011-09-05,20713,20,JUMBO BAG OWLS,269,2.7472222222222222,0.0
2011-09-12,20713,20,JUMBO BAG OWLS,602,2.6215151515151516,0.0
2011-09-19,20713,20,JUMBO BAG OWLS,452,2.6195238095238094,0.0
2011-09-26,20713,20,JUMBO BAG OWLS,218,2.7439999999999998,0.0
2011-10-03,20713,20,JUMBO BAG OWLS,473,2.9815384615384612,0.0
2011-10-10,20713,20,JUMBO BAG OWLS,232,3.35,0.0
2011-10-24,20713,20,JUMBO BAG OWLS,238,2.842,0.0
2011-10-31,20713,20,JUMBO BAG OWLS,74,2.985454545454546,0.0
2011-11-07,20713,20,JUMBO BAG OWLS,284,2.6658823529411766,0.0
2011-11-14,20713,20,JUMBO BAG OWLS,146,2.7914285714285714,0.0
2011-11-21,20713,20,JUMBO BAG OWLS,50,3.31,0.0
2011-11-28,20713,20,JUMBO BAG OWLS,416,2.75,0.0
2011-12-05,20713,20,JUMBO BAG OWLS,228,3.0786363636363636,0.0
