results/realworld_weekly.csv
date,product,category,description,sales,price,promo
2009-11-30,20727,20,LUNCH BAG  BLACK SKULL.,218,1.9869565217391303,0.0
2009-12-07,20727,20,LUNCH BAG  BLACK SKULL.,142,1.9679999999999997,0.0
2009-12-14,20727,20,LUNCH BAG  BLACK SKULL.,257,2.3041666666666667,0.0
2009-12-21,20727,20,LUNCH BAG  BLACK SKULL.,21,2.9749999999999996,0.0
2010-01-04,20727,20,LUNCH BAG  BLACK SKULL.,155,1.6277777777777775,1.0
2010-01-11,20727,20,LUNCH BAG  BLACK SKULL.,146,2.06,0.0
2010-01-18,20727,20,LUNCH BAG  BLACK SKULL.,170,2.367142857142857,0.0
2010-01-25,20727,20,LUNCH BAG  BLACK SKULL.,214,1.9394117647058824,0.0
2010-02-01,20727,20,LUNCH BAG  BLACK SKULL.,102,2.0014285714285713,0.0
2010-02-08,20727,20,LUNCH BAG  BLACK SKULL.,179,1.7922222222222222,0.0
2010-02-15,20727,20,LUNCH BAG  BLACK SKULL.,240,1.7974999999999999,0.0
2010-02-22,20727,20,LUNCH BAG  BLACK SKULL.,200,1.7888235294117645,0.0
2010-03-01,20727,20,LUNCH BAG  BLACK SKULL.,77,1.832857142857143,0.0
2010-03-08,20727,20,LUNCH BAG  BLACK SKULL.,167,1.65,1.0
2010-03-15,20727,20,LUNCH BAG  BLACK SKULL.,294,1.625,1.0
2010-03-22,20727,20,LUNCH BAG  BLACK SKULL.,125,1.7663636363636364,0.0
2010-03-29,20727,20,LUNCH BAG  BLACK SKULL.,119,1.6346153846153846,0.0
2010-04-05,20727,20,LUNCH BAG  BLACK SKULL.,344,2.033157894736842,0.0
2010-04-12,20727,20,LUNCH BAG  BLACK SKULL.,174,1.6055555555555554,0.0
2010-04-19,20727,20,LUNCH BAG  BLACK SKULL.,210,1.9382352941176468,0.0
2010-04-26,20727,20,LUNCH BAG  BLACK SKULL.,327,1.9079310344827585,0.0
2010-05-03,20727,20,LUNCH BAG  BLACK SKULL.,401,1.6124999999999998,0.0
2010-05-10,20727,20,LUNCH BAG  BLACK SKULL.,308,1.8747619047619046,0.0
2010-05-17,20727,20,LUNCH BAG  BLACK SKULL.,277,1.9242857142857142,0.0
2010-05-24,20727,20,LUNCH BAG  BLACK SKULL.,163,1.65,0.0
2010-05-31,20727,20,LUNCH BAG  BLACK SKULL.,86,1.9344444444444444,0.0
2010-06-07,20727,20,LUNCH BAG  BLACK SKULL.,2763,1.8974074074074072,0.0
2010-06-14,20727,20,LUNCH BAG  BLACK SKULL.,151,1.7663636363636364,0.0
2010-06-21,20727,20,LUNCH BAG  BLACK SKULL.,123,1.9194736842105262,0.0
2010-06-28,20727,20,LUNCH BAG  BLACK SKULL.,245,1.9962068965517241,0.0
2010-07-05,20727,20,LUNCH BAG  BLACK SKULL.,68,2.29,0.0
2010-07-12,20727,20,LUNCH BAG  BLACK SKULL.,152,1.7663636363636364,0.0
2010-07-19,20727,20,LUNCH BAG  BLACK SKULL.,359,1.7439130434782608,0.0
2010-07-26,20727,20,LUNCH BAG  BLACK SKULL.,301,1.7286666666666666,0.0
2010-08-02,20727,20,LUNCH BAG  BLACK SKULL.,324,1.757272727272727,0.0
2010-08-09,20727,20,LUNCH BAG  BLACK SKULL.,361,2.1573076923076924,0.0
2010-08-16,20727,20,LUNCH BAG  BLACK SKULL.,279,1.7523999999999997,0.0
2010-08-23,20727,20,LUNCH BAG  BLACK SKULL.,248,1.9122222222222223,0.0
2010-08-30,20727,20,LUNCH BAG  BLACK SKULL.,206,2.3608333333333333,0.0
2010-09-06,20727,20,LUNCH BAG  BLACK SKULL.,162,1.8938095238095236,0.0
2010-09-13,20727,20,LUNCH BAG  BLACK SKULL.,169,1.757272727272727,0.0
2010-09-20,20727,20,LUNCH BAG  BLACK SKULL.,204,1.9705555555555554,0.0
2010-09-27,20727,20,LUNCH BAG  BLACK SKULL.,131,1.7982608695652174,0.0
2010-10-04,20727,20,LUNCH BAG  BLACK SKULL.,222,2.346086956521739,0.0
2010-10-11,20727,20,LUNCH BAG  BLACK SKULL.,261,1.8560714285714286,0.0
2010-10-18,20727,20,LUNCH BAG  BLACK SKULL.,143,1.9342857142857142,0.0
2010-10-25,20727,20,LUNCH BAG  BLACK SKULL.,110,1.909565217391304,0.0
2010-11-01,20727,20,LUNCH BAG  BLACK SKULL.,237,2.0085714285714285,0.0
2010-11-08,20727,20,LUNCH BAG  BLACK SKULL.,288,2.143103448275862,0.0
2010-11-15,20727,20,LUNCH BAG  BLACK SKULL.,131,2.281851851851852,0.0
2010-11-22,20727,20,LUNCH BAG  BLACK SKULL.,148,2.048,0.0
2010-11-29,20727,20,LUNCH BAG  BLACK SKULL.,578,2.184565217391304,0.0
2010-12-06,20727,20,LUNCH BAG  BLACK SKULL.,261,2.289807692307692,0.0
2010-12-13,20727,20,LUNCH BAG  BLACK SKULL.,88,2.56,0.0
2010-12-20,20727,20,LUNCH BAG  BLACK SKULL.,25,3.64,0.0
2011-01-03,20727,20,LUNCH BAG  BLACK SKULL.,152,2.0764285714285715,0.0
2011-01-10,20727,20,LUNCH BAG  BLACK SKULL.,171,2.5846666666666662,0.0
2011-01-17,20727,20,LUNCH BAG  BLACK SKULL.,77,2.83875,0.0
2011-01-24,20727,20,LUNCH BAG  BLACK SKULL.,178,2.431111111111111,0.0
2011-01-31,20727,20,LUNCH BAG  BLACK SKULL.,103,2.2407142857142857,0.0
2011-02-07,20727,20,LUNCH BAG  BLACK SKULL.,77,2.7027272727272726,0.0
2011-02-14,20727,20,LUNCH BAG  BLACK SKULL.,106,2.0953846153846154,0.0
2011-02-21,20727,20,LUNCH BAG  BLACK SKULL.,180,2.2264285714285714,0.0
2011-02-28,20727,20,LUNCH BAG  BLACK SKULL.,168,1.8128571428571427,1.0
2011-03-07,20727,20,LUNCH BAG  BLACK SKULL.,175,1.888,1.0
2011-03-14,20727,20,LUNCH BAG  BLACK SKULL.,114,2.105,0.0
2011-03-21,20727,20,LUNCH BAG  BLACK SKULL.,164,2.2933333333333334,0.0
2011-03-28,20727,20,LUNCH BAG  BLACK SKULL.,287,2.1606666666666663,0.0
2011-04-04,20727,20,LUNCH BAG  BLACK SKULL.,62,1.65,1.0
2011-04-11,20727,20,LUNCH BAG  BLACK SKULL.,147,2.513478260869565,0.0
2011-04-18,20727,20,LUNCH BAG  BLACK SKULL.,87,2.5949999999999998,0.0
2011-04-25,20727,20,LUNCH BAG  BLACK SKULL.,134,1.950909090909091,0.0
2011-05-02,20727,20,LUNCH BAG  BLACK SKULL.,272,1.9382142857142857,0.0
2011-05-09,20727,20,LUNCH BAG  BLACK SKULL.,339,2.029333333333333,0.0
2011-05-16,20727,20,LUNCH BAG  BLACK SKULL.,213,1.89125,0.0
2011-05-23,20727,20,LUNCH BAG  BLACK SKULL.,127,1.9716666666666665,0.0
2011-05-30,20727,20,LUNCH BAG  BLACK SKULL.,208,1.9605555555555556,0.0
2011-06-06,20727,20,LUNCH BAG  BLACK SKULL.,180,2.152142857142857,0.0
2011-06-13,20727,20,LUNCH BAG  BLACK SKULL.,231,1.9291304347826086,0.0
2011-06-20,20727,20,LUNCH BAG  BLACK SKULL.,345,1.9414814814814814,0.0
2011-06-27,20727,20,LUNCH BAG  BLACK SKULL.,171,1.913181818181818,0.0
2011-07-04,20727,20,LUNCH BAG  BLACK SKULL.,340,2.1727777777777777,0.0
2011-07-11,20727,20,LUNCH BAG  BLACK SKULL.,235,1.8805714285714283,0.0
2011-07-18,20727,20,LUNCH BAG  BLACK SKULL.,256,2.0635714285714286,0.0
2011-07-25,20727,20,LUNCH BAG  BLACK SKULL.,316,1.8649999999999998,0.0
2011-08-01,20727,20,LUNCH BAG  BLACK SKULL.,359,1.9605555555555556,0.0
2011-08-08,20727,20,LUNCH BAG  BLACK SKULL.,306,2.0634375,0.0
2011-08-15,20727,20,LUNCH BAG  BLACK SKULL.,245,1.8573333333333333,0.0
2011-08-22,20727,20,LUNCH BAG  BLACK SKULL.,383,1.8283333333333331,0.0
2011-08-29,20727,20,LUNCH BAG  BLACK SKULL.,187,3.18030303030303,0.0
2011-09-05,20727,20,LUNCH BAG  BLACK SKULL.,227,2.2407142857142857,0.0
2011-09-12,20727,20,LUNCH BAG  BLACK SKULL.,302,1.8391428571428572,0.0
2011-09-19,20727,20,LUNCH BAG  BLACK SKULL.,312,1.9333333333333333,0.0
2011-09-26,20727,20,LUNCH BAG  BLACK SKULL.,205,1.8726923076923077,0.0
2011-10-03,20727,20,LUNCH BAG  BLACK SKULL.,209,2.3074999999999997,0.0
2011-10-10,20727,20,LUNCH BAG  BLACK SKULL.,337,2.064074074074074,0.0
2011-10-17,20727,20,LUNCH BAG  BLACK SKULL.,140,1.9256666666666666,0.0
2011-10-24,20727,20,LUNCH BAG  BLACK SKULL.,134,1.7418518518518515,1.0
2011-10-31,20727,20,LUNCH BAG  BLACK SKULL.,108,2.0635,0.0
2011-11-07,20727,20,LUNCH BAG  BLACK SKULL.,244,2.1094444444444442,0.0
2011-11-14,20727,20,LUNCH BAG  BLACK SKULL.,369,2.0131111111111113,0.0
2011-11-21,20727,20,LUNCH BAG  BLACK SKULL.,251,2.1574999999999998,0.0
2011-11-28,20727,20,LUNCH BAG  BLACK SKULL.,285,2.1966666666666663,0.0
2011-12-05,20727,20,LUNCH BAG  BLACK SKULL.,162,2.4475000000000002,0.0
2009-11-30,20728,20,LUNCH BAG CARS BLUE,124,1.7704545454545453,0.0
2009-12-07,20728,20,LUNCH BAG CARS BLUE,24,2.533333333333333,0.0
2009-12-14,20728,20,LUNCH BAG CARS BLUE,151,2.3566666666666665,0.0
2009-12-21,20728,20,LUNCH BAG CARS BLUE,2,4.3,0.0
2010-01-04,20728,20,LUNCH BAG CARS BLUE,155,1.6277777777777775,1.0
2010-01-11,20728,20,LUNCH BAG CARS BLUE,46,1.65,1.0
2010-01-18,20728,20,LUNCH BAG CARS BLUE,145,2.0433333333333334,0.0
2010-01-25,20728,20,LUNCH BAG CARS BLUE,71,2.0766666666666667,0.0
2010-02-01,20728,20,LUNCH BAG CARS BLUE,200,1.978,0.0
2010-02-08,20728,20,LUNCH BAG CARS BLUE,86,1.8633333333333333,1.0
2010-02-15,20728,20,LUNCH BAG CARS BLUE,70,2.29,0.0
2010-02-22,20728,20,LUNCH BAG CARS BLUE,351,1.7439130434782608,1.0
2010-03-01,20728,20,LUNCH BAG CARS BLUE,104,1.81,1.0
2010-03-08,20728,20,LUNCH BAG CARS BLUE,118,1.65,1.0
2010-03-15,20728,20,LUNCH BAG CARS BLUE,201,1.8315384615384613,0.0
2010-03-22,20728,20,LUNCH BAG CARS BLUE,79,1.8469230769230767,0.0
2010-03-29,20728,20,LUNCH BAG CARS BLUE,134,1.8714285714285714,0.0
2010-04-05,20728,20,LUNCH BAG CARS BLUE,85,1.65,0.0
2010-04-12,20728,20,LUNCH BAG CARS BLUE,124,1.65,0.0
2010-04-19,20728,20,LUNCH BAG CARS BLUE,161,1.7742105263157895,0.0
2010-04-26,20728,20,LUNCH BAG CARS BLUE,263,2.128095238095238,0.0
2010-05-03,20728,20,LUNCH BAG CARS BLUE,344,1.6147058823529412,0.0
2010-05-10,20728,20,LUNCH BAG CARS BLUE,84,1.8633333333333333,0.0
2010-05-17,20728,20,LUNCH BAG CARS BLUE,183,1.6404761904761902,0.0
2010-05-24,20728,20,LUNCH BAG CARS BLUE,187,1.65,0.0
2010-05-31,20728,20,LUNCH BAG CARS BLUE,229,1.9575,0.0
2010-06-07,20728,20,LUNCH BAG CARS BLUE,2512,1.887894736842105,0.0
2010-06-14,20728,20,LUNCH BAG CARS BLUE,20,1.65,0.0
2010-06-21,20728,20,LUNCH BAG CARS BLUE,145,1.9511764705882353,0.0
2010-06-28,20728,20,LUNCH BAG CARS BLUE,182,1.65,0.0
2010-07-05,20728,20,LUNCH BAG CARS BLUE,73,2.043846153846154,0.0
2010-07-12,20728,20,LUNCH BAG CARS BLUE,241,1.7742105263157895,0.0
2010-07-19,20728,20,LUNCH BAG CARS BLUE,321,1.642,0.0
2010-07-26,20728,20,LUNCH BAG CARS BLUE,219,1.9242857142857142,0.0
2010-08-02,20728,20,LUNCH BAG CARS BLUE,397,1.7623809523809524,0.0
2010-08-09,20728,20,LUNCH BAG CARS BLUE,379,2.0458620689655174,0.0
2010-08-16,20728,20,LUNCH BAG CARS BLUE,362,1.7407692307692306,0.0
2010-08-23,20728,20,LUNCH BAG CARS BLUE,112,1.906,0.0
2010-08-30,20728,20,LUNCH BAG CARS BLUE,86,2.5027272727272725,0.0
2010-09-06,20728,20,LUNCH BAG CARS BLUE,256,1.9491999999999998,0.0
2010-09-13,20728,20,LUNCH BAG CARS BLUE,91,1.65,0.0
2010-09-20,20728,20,LUNCH BAG CARS BLUE,104,1.877333333333333,0.0
2010-09-27,20728,20,LUNCH BAG CARS BLUE,242,1.802857142857143,0.0
2010-10-04,20728,20,LUNCH BAG CARS BLUE,178,2.0106249999999997,0.0
2010-10-11,20728,20,LUNCH BAG CARS BLUE,150,1.9095652173913045,0.0
2010-10-18,20728,20,LUNCH BAG CARS BLUE,34,2.07625,0.0
2010-10-25,20728,20,LUNCH BAG CARS BLUE,109,1.8049999999999997,0.0
2010-11-01,20728,20,LUNCH BAG CARS BLUE,112,1.7663636363636364,0.0
2010-11-08,20728,20,LUNCH BAG CARS BLUE,83,1.991,0.0
2010-11-15,20728,20,LUNCH BAG CARS BLUE,116,1.909565217391304,0.0
2010-11-22,20728,20,LUNCH BAG CARS BLUE,114,2.2336842105263157,0.0
2010-11-29,20728,20,LUNCH BAG CARS BLUE,153,2.015428571428571,0.0
2010-12-06,20728,20,LUNCH BAG CARS BLUE,133,2.5029999999999997,0.0
2010-12-13,20728,20,LUNCH BAG CARS BLUE,218,1.9709999999999996,0.0
2010-12-20,20728,20,LUNCH BAG CARS BLUE,23,3.9249999999999994,0.0
2011-01-03,20728,20,LUNCH BAG CARS BLUE,144,2.2407692307692306,0.0
2011-01-10,20728,20,LUNCH BAG CARS BLUE,115,2.435,0.0
2011-01-17,20728,20,LUNCH BAG CARS BLUE,56,2.3939999999999997,0.0
2011-01-24,20728,20,LUNCH BAG CARS BLUE,140,2.4766666666666666,0.0
2011-01-31,20728,20,LUNCH BAG CARS BLUE,184,2.0827272727272725,0.0
2011-02-07,20728,20,LUNCH BAG CARS BLUE,69,2.326363636363636,0.0
2011-02-14,20728,20,LUNCH BAG CARS BLUE,99,1.8754545454545453,1.0
2011-02-21,20728,20,LUNCH BAG CARS BLUE,114,2.063333333333333,0.0
2011-02-28,20728,20,LUNCH BAG CARS BLUE,49,1.8754545454545453,1.0
2011-03-07,20728,20,LUNCH BAG CARS BLUE,121,2.1721052631578943,0.0
2011-03-14,20728,20,LUNCH BAG CARS BLUE,84,2.0635714285714286,0.0
2011-03-21,20728,20,LUNCH BAG CARS BLUE,352,1.9195,1.0
2011-03-28,20728,20,LUNCH BAG CARS BLUE,277,1.971,0.0
2011-04-04,20728,20,LUNCH BAG CARS BLUE,206,1.872142857142857,0.0
2011-04-11,20728,20,LUNCH BAG CARS BLUE,146,2.0637499999999998,0.0
2011-04-18,20728,20,LUNCH BAG CARS BLUE,121,2.2157894736842105,0.0
2011-04-25,20728,20,LUNCH BAG CARS BLUE,112,2.1763636363636363,0.0
2011-05-02,20728,20,LUNCH BAG CARS BLUE,220,2.074736842105263,0.0
2011-05-09,20728,20,LUNCH BAG CARS BLUE,258,2.1186666666666665,0.0
2011-05-16,20728,20,LUNCH BAG CARS BLUE,246,1.8644444444444443,0.0
2011-05-23,20728,20,LUNCH BAG CARS BLUE,149,1.9562962962962962,0.0
2011-05-30,20728,20,LUNCH BAG CARS BLUE,204,1.8930434782608696,0.0
2011-06-06,20728,20,LUNCH BAG CARS BLUE,292,1.9257575757575758,0.0
2011-06-13,20728,20,LUNCH BAG CARS BLUE,77,2.1228571428571428,0.0
2011-06-20,20728,20,LUNCH BAG CARS BLUE,314,1.9066666666666667,0.0
2011-06-27,20728,20,LUNCH BAG CARS BLUE,168,1.9395,0.0
2011-07-04,20728,20,LUNCH BAG CARS BLUE,480,2.155925925925926,0.0
2011-07-11,20728,20,LUNCH BAG CARS BLUE,201,1.8726923076923077,0.0
2011-07-18,20728,20,LUNCH BAG CARS BLUE,460,1.8039999999999998,0.0
2011-07-25,20728,20,LUNCH BAG CARS BLUE,248,2.0909999999999997,0.0
2011-08-01,20728,20,LUNCH BAG CARS BLUE,398,1.9195,0.0
2011-08-08,20728,20,LUNCH BAG CARS BLUE,284,1.916774193548387,0.0
2011-08-15,20728,20,LUNCH BAG CARS BLUE,188,1.8076190476190477,0.0
2011-08-22,20728,20,LUNCH BAG CARS BLUE,320,1.8338888888888887,0.0
2011-08-29,20728,20,LUNCH BAG CARS BLUE,190,2.839,0.0
2011-09-05,20728,20,LUNCH BAG CARS BLUE,238,2.0545454545454542,0.0
2011-09-12,20728,20,LUNCH BAG CARS BLUE,248,1.9905882352941173,0.0
2011-09-19,20728,20,LUNCH BAG CARS BLUE,133,2.128947368421053,0.0
2011-09-26,20728,20,LUNCH BAG CARS BLUE,195,2.117391304347826,0.0
2011-10-03,20728,20,LUNCH BAG CARS BLUE,131,2.0636363636363635,0.0
2011-10-10,20728,20,LUNCH BAG CARS BLUE,133,2.0,0.0
2011-10-17,20728,20,LUNCH BAG CARS BLUE,88,2.1228571428571428,0.0
2011-10-24,20728,20,LUNCH BAG CARS BLUE,165,2.0140000000000002,0.0
2011-10-31,20728,20,LUNCH BAG CARS BLUE,101,2.331176470588235,0.0
2011-11-07,20728,20,LUNCH BAG CARS BLUE,162,2.1707407407407406,0.0
2011-11-14,20728,20,LUNCH BAG CARS BLUE,165,2.151212121212121,0.0
2011-11-21,20728,20,LUNCH BAG CARS BLUE,196,1.8706666666666665,0.0
2011-11-28,20728,20,LUNCH BAG CARS BLUE,146,2.50551724137931,0.0
2011-12-05,20728,20,LUNCH BAG CARS BLUE,66,3.08578947368421,0.0
