results/realworld_weekly.csv
date,product,category,description,sales,price,promo
2009-11-30,20971,20,PINK BLUE FELT CRAFT TRINKET BOX,1022,1.4384210526315788,0.0
2009-12-07,20971,20,PINK BLUE FELT CRAFT TRINKET BOX,134,1.6166666666666665,0.0
2009-12-14,20971,20,PINK BLUE FELT CRAFT TRINKET BOX,178,1.7120000000000002,0.0
2009-12-21,20971,20,PINK BLUE FELT CRAFT TRINKET BOX,23,2.042,0.0
2010-01-04,20971,20,PINK BLUE FELT CRAFT TRINKET BOX,337,1.2025000000000001,1.0
2010-01-11,20971,20,PINK BLUE FELT CRAFT TRINKET BOX,13,1.565,0.0
2010-01-18,20971,20,PINK BLUE FELT CRAFT TRINKET BOX,64,1.25,1.0
2010-01-25,20971,20,PINK BLUE FELT CRAFT TRINKET BOX,77,1.25,1.0
2010-02-01,20971,20,PINK BLUE FELT CRAFT TRINKET BOX,657,1.4766666666666666,0.0
2010-02-08,20971,20,PINK BLUE FELT CRAFT TRINKET BOX,50,1.46,0.0
2010-02-15,20971,20,PINK BLUE FELT CRAFT TRINKET BOX,163,1.3287499999999999,0.0
2010-02-22,20971,20,PINK BLUE FELT CRAFT TRINKET BOX,106,1.3399999999999999,0.0
2010-03-01,20971,20,PINK BLUE FELT CRAFT TRINKET BOX,147,1.418,0.0
2010-03-08,20971,20,PINK BLUE FELT CRAFT TRINKET BOX,247,1.5763636363636364,0.0
2010-03-15,20971,20,PINK BLUE FELT CRAFT TRINKET BOX,48,1.4075,0.0
2010-03-22,20971,20,PINK BLUE FELT CRAFT TRINKET BOX,68,1.6280000000000001,0.0
2010-03-29,20971,20,PINK BLUE FELT CRAFT TRINKET BOX,207,1.62,0.0
2010-04-05,20971,20,PINK BLUE FELT CRAFT TRINKET BOX,343,1.2183333333333335,0.0
2010-04-12,20971,20,PINK BLUE FELT CRAFT TRINKET BOX,92,1.25,0.0
2010-04-19,20971,20,PINK BLUE FELT CRAFT TRINKET BOX,257,1.3391666666666666,0.0
2010-04-26,20971,20,PINK BLUE FELT CRAFT TRINKET BOX,91,1.25,0.0
2010-05-03,20971,20,PINK BLUE FELT CRAFT TRINKET BOX,69,1.565,0.0
2010-05-10,20971,20,PINK BLUE FELT CRAFT TRINKET BOX,39,1.25,0.0
2010-05-17,20971,20,PINK BLUE FELT CRAFT TRINKET BOX,57,1.25,0.0
2010-05-24,20971,20,PINK BLUE FELT CRAFT TRINKET BOX,39,1.25,0.0
2010-05-31,20971,20,PINK BLUE FELT CRAFT TRINKET BOX,24,1.502,0.0
2010-06-07,20971,20,PINK BLUE FELT CRAFT TRINKET BOX,57,1.25,0.0
2010-06-14,20971,20,PINK BLUE FELT CRAFT TRINKET BOX,186,1.3287499999999999,0.0
2010-06-21,20971,20,PINK BLUE FELT CRAFT TRINKET BOX,25,1.67,0.0
2010-06-28,20971,20,PINK BLUE FELT CRAFT TRINKET BOX,88,1.39,0.0
2010-07-05,20971,20,PINK BLUE FELT CRAFT TRINKET BOX,82,1.357,0.0
2010-07-12,20971,20,PINK BLUE FELT CRAFT TRINKET BOX,44,1.43,0.0
2010-07-19,20971,20,PINK BLUE FELT CRAFT TRINKET BOX,52,1.2120000000000002,0.0
2010-07-26,20971,20,PINK BLUE FELT CRAFT TRINKET BOX,175,1.25,0.0
2010-08-02,20971,20,PINK BLUE FELT CRAFT TRINKET BOX,83,1.3399999999999999,0.0
2010-08-09,20971,20,PINK BLUE FELT CRAFT TRINKET BOX,89,1.39,0.0
2010-08-16,20971,20,PINK BLUE FELT CRAFT TRINKET BOX,172,1.25,0.0
2010-08-23,20971,20,PINK BLUE FELT CRAFT TRINKET BOX,159,1.25,0.0
2010-08-30,20971,20,PINK BLUE FELT CRAFT TRINKET BOX,48,1.7899999999999998,0.0
2010-09-06,20971,20,PINK BLUE FELT CRAFT TRINKET BOX,171,1.502,0.0
2010-09-13,20971,20,PINK BLUE FELT CRAFT TRINKET BOX,136,1.3399999999999999,0.0
2010-09-20,20971,20,PINK BLUE FELT CRAFT TRINKET BOX,123,1.429230769230769,0.0
2010-09-27,20971,20,PINK BLUE FELT CRAFT TRINKET BOX,173,1.316315789473684,0.0
2010-10-04,20971,20,PINK BLUE FELT CRAFT TRINKET BOX,711,1.2776,0.0
2010-10-11,20971,20,PINK BLUE FELT CRAFT TRINKET BOX,217,1.25,0.0
2010-10-18,20971,20,PINK BLUE FELT CRAFT TRINKET BOX,112,1.39,0.0
2010-10-25,20971,20,PINK BLUE FELT CRAFT TRINKET BOX,87,1.479090909090909,0.0
2010-11-01,20971,20,PINK BLUE FELT CRAFT TRINKET BOX,112,1.3287499999999999,0.0
2010-11-08,20971,20,PINK BLUE FELT CRAFT TRINKET BOX,716,1.5193103448275862,0.0
2010-11-15,20971,20,PINK BLUE FELT CRAFT TRINKET BOX,590,1.48,0.0
2010-11-22,20971,20,PINK BLUE FELT CRAFT TRINKET BOX,410,1.3658064516129031,0.0
2010-11-29,20971,20,PINK BLUE FELT CRAFT TRINKET BOX,775,1.4388888888888889,0.0
2010-12-06,20971,20,PINK BLUE FELT CRAFT TRINKET BOX,183,1.6437499999999998,0.0
2010-12-13,20971,20,PINK BLUE FELT CRAFT TRINKET BOX,44,1.67,0.0
2011-01-03,20971,20,PINK BLUE FELT CRAFT TRINKET BOX,28,1.25,0.0
2011-01-10,20971,20,PINK BLUE FELT CRAFT TRINKET BOX,94,1.5757142857142856,0.0
2011-01-17,20971,20,PINK BLUE FELT CRAFT TRINKET BOX,171,1.83125,0.0
2011-01-24,20971,20,PINK BLUE FELT CRAFT TRINKET BOX,47,1.25,1.0
2011-01-31,20971,20,PINK BLUE FELT CRAFT TRINKET BOX,96,1.25,0.0
2011-02-07,20971,20,PINK BLUE FELT CRAFT TRINKET BOX,28,1.25,0.0
2011-02-14,20971,20,PINK BLUE FELT CRAFT TRINKET BOX,21,1.25,0.0
2011-02-21,20971,20,PINK BLUE FELT CRAFT TRINKET BOX,89,1.25,0.0
2011-02-28,20971,20,PINK BLUE FELT CRAFT TRINKET BOX,94,1.371,0.0
2011-03-07,20971,20,PINK BLUE FELT CRAFT TRINKET BOX,71,1.3508333333333333,0.0
2011-03-14,20971,20,PINK BLUE FELT CRAFT TRINKET BOX,51,1.25,0.0
2011-03-21,20971,20,PINK BLUE FELT CRAFT TRINKET BOX,38,1.25,0.0
2011-03-28,20971,20,PINK BLUE FELT CRAFT TRINKET BOX,185,1.4045454545454545,0.0
2011-04-04,20971,20,PINK BLUE FELT CRAFT TRINKET BOX,53,1.40125,0.0
2011-04-11,20971,20,PINK BLUE FELT CRAFT TRINKET BOX,85,1.25,0.0
2011-04-18,20971,20,PINK BLUE FELT CRAFT TRINKET BOX,27,1.25,0.0
2011-04-25,20971,20,PINK BLUE FELT CRAFT TRINKET BOX,54,1.25,0.0
2011-05-02,20971,20,PINK BLUE FELT CRAFT TRINKET BOX,55,1.25,0.0
2011-05-09,20971,20,PINK BLUE FELT CRAFT TRINKET BOX,60,1.25,0.0
2011-05-16,20971,20,PINK BLUE FELT CRAFT TRINKET BOX,81,1.25,0.0
2011-05-23,20971,20,PINK BLUE FELT CRAFT TRINKET BOX,53,1.25,0.0
2011-05-30,20971,20,PINK BLUE FELT CRAFT TRINKET BOX,25,1.25,0.0
2011-06-06,20971,20,PINK BLUE FELT CRAFT TRINKET BOX,81,1.228888888888889,0.0
2011-06-13,20971,20,PINK BLUE FELT CRAFT TRINKET BOX,35,1.5525,0.0
2011-06-20,20971,20,PINK BLUE FELT CRAFT TRINKET BOX,13,1.5525,0.0
2011-06-27,20971,20,PINK BLUE FELT CRAFT TRINKET BOX,33,1.492,0.0
2011-07-04,20971,20,PINK BLUE FELT CRAFT TRINKET BOX,51,1.9222222222222223,0.0
2011-07-11,20971,20,PINK BLUE FELT CRAFT TRINKET BOX,42,1.7685714285714285,0.0
2011-07-18,20971,20,PINK BLUE FELT CRAFT TRINKET BOX,49,1.492,0.0
2011-07-25,20971,20,PINK BLUE FELT CRAFT TRINKET BOX,62,1.4516666666666669,0.0
2011-08-01,20971,20,PINK BLUE FELT CRAFT TRINKET BOX,83,1.25,0.0
2011-08-08,20971,20,PINK BLUE FELT CRAFT TRINKET BOX,201,1.3957142857142857,0.0
2011-08-15,20971,20,PINK BLUE FELT CRAFT TRINKET BOX,624,1.2120000000000002,1.0
2011-08-22,20971,20,PINK BLUE FELT CRAFT TRINKET BOX,43,1.25,0.0
2011-08-29,20971,20,PINK BLUE FELT CRAFT TRINKET BOX,41,1.25,0.0
2011-09-05,20971,20,PINK BLUE FELT CRAFT TRINKET BOX,131,1.371,0.0
2011-09-12,20971,20,PINK BLUE FELT CRAFT TRINKET BOX,87,1.4361538461538463,0.0
2011-09-19,20971,20,PINK BLUE FELT CRAFT TRINKET BOX,100,1.4092857142857143,0.0
2011-09-26,20971,20,PINK BLUE FELT CRAFT TRINKET BOX,268,1.389375,0.0
2011-10-03,20971,20,PINK BLUE FELT CRAFT TRINKET BOX,3013,1.2746153846153847,0.0
2011-10-10,20971,20,PINK BLUE FELT CRAFT TRINKET BOX,1503,1.2846153846153845,0.0
2011-10-17,20971,20,PINK BLUE FELT CRAFT TRINKET BOX,90,1.371,0.0
2011-10-24,20971,20,PINK BLUE FELT CRAFT TRINKET BOX,90,1.25,0.0
2011-10-31,20971,20,PINK BLUE FELT CRAFT TRINKET BOX,79,1.6223076923076922,0.0
2011-11-07,20971,20,PINK BLUE FELT CRAFT TRINKET BOX,453,1.619047619047619,0.0
2011-11-14,20971,20,PINK BLUE FELT CRAFT TRINKET BOX,641,1.5351428571428571,0.0
2011-11-21,20971,20,PINK BLUE FELT CRAFT TRINKET BOX,94,1.492,0.0
2011-11-28,20971,20,PINK BLUE FELT CRAFT TRINKET BOX,256,1.5163636363636364,0.0
2011-12-05,20971,20,PINK BLUE FELT CRAFT TRINKET BOX,202,1.7007692307692308,0.0
2009-11-30,20972,20,PINK CREAM FELT CRAFT TRINKET BOX ,154,1.5642857142857143,0.0
2009-12-07,20972,20,PINK CREAM FELT CRAFT TRINKET BOX ,193,1.5973684210526315,0.0
2009-12-14,20972,20,PINK CREAM FELT CRAFT TRINKET BOX ,193,1.6271428571428572,0.0
2009-12-21,20972,20,PINK CREAM FELT CRAFT TRINKET BOX ,21,1.91,0.0
2010-01-04,20972,20,PINK CREAM FELT CRAFT TRINKET BOX ,42,1.25,1.0
2010-01-11,20972,20,PINK CREAM FELT CRAFT TRINKET BOX ,32,1.89,0.0
2010-01-18,20972,20,PINK CREAM FELT CRAFT TRINKET BOX ,250,1.4618181818181817,0.0
2010-01-25,20972,20,PINK CREAM FELT CRAFT TRINKET BOX ,240,1.2183333333333335,1.0
2010-02-01,20972,20,PINK CREAM FELT CRAFT TRINKET BOX ,129,1.46,0.0
2010-02-08,20972,20,PINK CREAM FELT CRAFT TRINKET BOX ,79,1.25,1.0
2010-02-15,20972,20,PINK CREAM FELT CRAFT TRINKET BOX ,127,1.3469230769230767,0.0
2010-02-22,20972,20,PINK CREAM FELT CRAFT TRINKET BOX ,301,1.3264285714285715,0.0
2010-03-01,20972,20,PINK CREAM FELT CRAFT TRINKET BOX ,123,1.418,0.0
2010-03-08,20972,20,PINK CREAM FELT CRAFT TRINKET BOX ,249,1.483,0.0
2010-03-15,20972,20,PINK CREAM FELT CRAFT TRINKET BOX ,121,1.5491666666666666,0.0
2010-03-22,20972,20,PINK CREAM FELT CRAFT TRINKET BOX ,132,1.52,0.0
2010-03-29,20972,20,PINK CREAM FELT CRAFT TRINKET BOX ,161,1.6230769230769229,0.0
2010-04-05,20972,20,PINK CREAM FELT CRAFT TRINKET BOX ,258,1.2120000000000002,1.0
2010-04-12,20972,20,PINK CREAM FELT CRAFT TRINKET BOX ,123,1.25,0.0
2010-04-19,20972,20,PINK CREAM FELT CRAFT TRINKET BOX ,97,1.5650000000000002,0.0
2010-04-26,20972,20,PINK CREAM FELT CRAFT TRINKET BOX ,194,1.25,0.0
2010-05-03,20972,20,PINK CREAM FELT CRAFT TRINKET BOX ,111,1.376,0.0
2010-05-10,20972,20,PINK CREAM FELT CRAFT TRINKET BOX ,1671,1.1636363636363638,1.0
2010-05-17,20972,20,PINK CREAM FELT CRAFT TRINKET BOX ,80,1.25,0.0
2010-05-24,20972,20,PINK CREAM FELT CRAFT TRINKET BOX ,61,1.25,0.0
2010-05-31,20972,20,PINK CREAM FELT CRAFT TRINKET BOX ,59,1.6099999999999999,0.0
2010-06-07,20972,20,PINK CREAM FELT CRAFT TRINKET BOX ,55,1.25,0.0
2010-06-14,20972,20,PINK CREAM FELT CRAFT TRINKET BOX ,197,1.39,0.0
2010-06-21,20972,20,PINK CREAM FELT CRAFT TRINKET BOX ,232,1.4618181818181817,0.0
2010-06-28,20972,20,PINK CREAM FELT CRAFT TRINKET BOX ,125,1.25,0.0
2010-07-05,20972,20,PINK CREAM FELT CRAFT TRINKET BOX ,161,1.39,0.0
2010-07-12,20972,20,PINK CREAM FELT CRAFT TRINKET BOX ,58,1.25,0.0
2010-07-19,20972,20,PINK CREAM FELT CRAFT TRINKET BOX ,69,1.39,0.0
2010-07-26,20972,20,PINK CREAM FELT CRAFT TRINKET BOX ,154,1.3469230769230767,0.0
2010-08-02,20972,20,PINK CREAM FELT CRAFT TRINKET BOX ,313,1.2945833333333334,0.0
2010-08-09,20972,20,PINK CREAM FELT CRAFT TRINKET BOX ,103,1.25,0.0
2010-08-16,20972,20,PINK CREAM FELT CRAFT TRINKET BOX ,304,1.22,0.0
2010-08-23,20972,20,PINK CREAM FELT CRAFT TRINKET BOX ,497,1.3094444444444444,0.0
2010-08-30,20972,20,PINK CREAM FELT CRAFT TRINKET BOX ,27,1.67,0.0
2010-09-06,20972,20,PINK CREAM FELT CRAFT TRINKET BOX ,96,1.53,0.0
2010-09-13,20972,20,PINK CREAM FELT CRAFT TRINKET BOX ,156,1.25,0.0
2010-09-20,20972,20,PINK CREAM FELT CRAFT TRINKET BOX ,342,1.474375,0.0
2010-09-27,20972,20,PINK CREAM FELT CRAFT TRINKET BOX ,773,1.3432,0.0
2010-10-04,20972,20,PINK CREAM FELT CRAFT TRINKET BOX ,514,1.4027272727272726,0.0
2010-10-11,20972,20,PINK CREAM FELT CRAFT TRINKET BOX ,757,1.3332142857142857,0.0
2010-10-18,20972,20,PINK CREAM FELT CRAFT TRINKET BOX ,265,1.385,0.0
2010-10-25,20972,20,PINK CREAM FELT CRAFT TRINKET BOX ,174,1.3699999999999999,0.0
2010-11-01,20972,20,PINK CREAM FELT CRAFT TRINKET BOX ,156,1.376,0.0
2010-11-08,20972,20,PINK CREAM FELT CRAFT TRINKET BOX ,602,1.3621874999999999,0.0
2010-11-15,20972,20,PINK CREAM FELT CRAFT TRINKET BOX ,367,1.4064516129032258,0.0
2010-11-22,20972,20,PINK CREAM FELT CRAFT TRINKET BOX ,561,1.337560975609756,0.0
2010-11-29,20972,20,PINK CREAM FELT CRAFT TRINKET BOX ,351,1.440188679245283,0.0
2010-12-06,20972,20,PINK CREAM FELT CRAFT TRINKET BOX ,212,1.7463636363636361,0.0
2010-12-13,20972,20,PINK CREAM FELT CRAFT TRINKET BOX ,95,1.5936363636363637,0.0
2010-12-20,20972,20,PINK CREAM FELT CRAFT TRINKET BOX ,1,2.51,0.0
2011-01-03,20972,20,PINK CREAM FELT CRAFT TRINKET BOX ,35,1.4075,0.0
2011-01-10,20972,20,PINK CREAM FELT CRAFT TRINKET BOX ,39,1.5957142857142856,0.0
2011-01-17,20972,20,PINK CREAM FELT CRAFT TRINKET BOX ,27,2.0566666666666666,0.0
2011-01-24,20972,20,PINK CREAM FELT CRAFT TRINKET BOX ,66,1.40125,0.0
2011-01-31,20972,20,PINK CREAM FELT CRAFT TRINKET BOX ,207,1.371,0.0
2011-02-07,20972,20,PINK CREAM FELT CRAFT TRINKET BOX ,15,1.25,1.0
2011-02-14,20972,20,PINK CREAM FELT CRAFT TRINKET BOX ,81,1.492,0.0
2011-02-21,20972,20,PINK CREAM FELT CRAFT TRINKET BOX ,66,1.25,1.0
2011-02-28,20972,20,PINK CREAM FELT CRAFT TRINKET BOX ,158,1.3306666666666667,1.0
2011-03-07,20972,20,PINK CREAM FELT CRAFT TRINKET BOX ,137,1.422857142857143,0.0
2011-03-14,20972,20,PINK CREAM FELT CRAFT TRINKET BOX ,58,1.371,0.0
2011-03-21,20972,20,PINK CREAM FELT CRAFT TRINKET BOX ,38,1.492,0.0
2011-03-28,20972,20,PINK CREAM FELT CRAFT TRINKET BOX ,214,1.3633333333333333,0.0
2011-04-04,20972,20,PINK CREAM FELT CRAFT TRINKET BOX ,28,1.4516666666666669,0.0
2011-04-11,20972,20,PINK CREAM FELT CRAFT TRINKET BOX ,106,1.25,0.0
2011-04-18,20972,20,PINK CREAM FELT CRAFT TRINKET BOX ,60,1.25,0.0
2011-04-25,20972,20,PINK CREAM FELT CRAFT TRINKET BOX ,60,1.25,0.0
2011-05-02,20972,20,PINK CREAM FELT CRAFT TRINKET BOX ,75,1.25,0.0
2011-05-09,20972,20,PINK CREAM FELT CRAFT TRINKET BOX ,44,1.25,0.0
2011-05-16,20972,20,PINK CREAM FELT CRAFT TRINKET BOX ,107,1.25,0.0
2011-05-23,20972,20,PINK CREAM FELT CRAFT TRINKET BOX ,246,1.3284615384615384,0.0
2011-05-30,20972,20,PINK CREAM FELT CRAFT TRINKET BOX ,89,1.40125,0.0
2011-06-06,20972,20,PINK CREAM FELT CRAFT TRINKET BOX ,75,1.25,0.0
2011-06-13,20972,20,PINK CREAM FELT CRAFT TRINKET BOX ,80,1.4516666666666669,0.0
2011-06-20,20972,20,PINK CREAM FELT CRAFT TRINKET BOX ,41,1.5525,0.0
2011-06-27,20972,20,PINK CREAM FELT CRAFT TRINKET BOX ,83,1.25,0.0
2011-07-04,20972,20,PINK CREAM FELT CRAFT TRINKET BOX ,109,1.492,0.0
2011-07-11,20972,20,PINK CREAM FELT CRAFT TRINKET BOX ,55,1.5525,0.0
2011-07-18,20972,20,PINK CREAM FELT CRAFT TRINKET BOX ,72,1.25,0.0
2011-07-25,20972,20,PINK CREAM FELT CRAFT TRINKET BOX ,230,1.3633333333333333,0.0
2011-08-01,20972,20,PINK CREAM FELT CRAFT TRINKET BOX ,408,1.4358333333333333,0.0
2011-08-08,20972,20,PINK CREAM FELT CRAFT TRINKET BOX ,321,1.2341666666666666,0.0
2011-08-15,20972,20,PINK CREAM FELT CRAFT TRINKET BOX ,110,1.25,0.0
2011-08-22,20972,20,PINK CREAM FELT CRAFT TRINKET BOX ,51,1.25,0.0
2011-08-29,20972,20,PINK CREAM FELT CRAFT TRINKET BOX ,63,1.855,0.0
2011-09-05,20972,20,PINK CREAM FELT CRAFT TRINKET BOX ,173,1.343076923076923,0.0
2011-09-12,20972,20,PINK CREAM FELT CRAFT TRINKET BOX ,290,1.3986666666666667,0.0
2011-09-19,20972,20,PINK CREAM FELT CRAFT TRINKET BOX ,95,1.3364285714285715,0.0
2011-09-26,20972,20,PINK CREAM FELT CRAFT TRINKET BOX ,286,1.4793333333333334,0.0
2011-10-03,20972,20,PINK CREAM FELT CRAFT TRINKET BOX ,233,1.355217391304348,0.0
2011-10-10,20972,20,PINK CREAM FELT CRAFT TRINKET BOX ,172,1.40125,0.0
2011-10-17,20972,20,PINK CREAM FELT CRAFT TRINKET BOX ,121,1.4361538461538463,0.0
2011-10-24,20972,20,PINK CREAM FELT CRAFT TRINKET BOX ,128,1.492,0.0
2011-10-31,20972,20,PINK CREAM FELT CRAFT TRINKET BOX ,217,1.473,0.0
2011-11-07,20972,20,PINK CREAM FELT CRAFT TRINKET BOX ,247,1.4516666666666669,0.0
2011-11-14,20972,20,PINK CREAM FELT CRAFT TRINKET BOX ,297,1.3537142857142859,0.0
2011-11-21,20972,20,PINK CREAM FELT CRAFT TRINKET BOX ,151,1.5525,0.0
2011-11-28,20972,20,PINK CREAM FELT CRAFT TRINKET BOX ,160,1.6029166666666665,0.0
2011-12-05,20972,20,PINK CREAM FELT CRAFT TRINKET BOX ,126,1.5525,0.0
