results/realworld_weekly.csv
date,product,category,description,sales,price,promo
2009-11-30,21080,21,SET/20 RED RETROSPOT PAPER NAPKINS ,314,0.95,0.0
2009-12-07,21080,21,SET/20 RED RETROSPOT PAPER NAPKINS ,207,1.0,0.0
2009-12-14,21080,21,SET/20 RED RETROSPOT PAPER NAPKINS ,219,1.0094999999999998,0.0
2009-12-21,21080,21,SET/20 RED RETROSPOT PAPER NAPKINS ,6,1.1333333333333333,0.0
2010-01-04,21080,21,SET/20 RED RETROSPOT PAPER NAPKINS ,354,0.787,1.0
2010-01-11,21080,21,SET/20 RED RETROSPOT PAPER NAPKINS ,425,1.085217391304348,0.0
2010-01-18,21080,21,SET/20 RED RETROSPOT PAPER NAPKINS ,123,1.093,0.0
2010-01-25,21080,21,SET/20 RED RETROSPOT PAPER NAPKINS ,129,0.9512499999999999,0.0
2010-02-01,21080,21,SET/20 RED RETROSPOT PAPER NAPKINS ,46,1.1199999999999999,0.0
2010-02-08,21080,21,SET/20 RED RETROSPOT PAPER NAPKINS ,138,0.900625,0.0
2010-02-15,21080,21,SET/20 RED RETROSPOT PAPER NAPKINS ,259,0.9733333333333333,0.0
2010-02-22,21080,21,SET/20 RED RETROSPOT PAPER NAPKINS ,219,1.0183333333333333,0.0
2010-03-01,21080,21,SET/20 RED RETROSPOT PAPER NAPKINS ,403,0.874375,0.0
2010-03-08,21080,21,SET/20 RED RETROSPOT PAPER NAPKINS ,817,0.9628,0.0
2010-03-15,21080,21,SET/20 RED RETROSPOT PAPER NAPKINS ,531,0.9867999999999999,0.0
2010-03-22,21080,21,SET/20 RED RETROSPOT PAPER NAPKINS ,353,0.9099999999999999,0.0
2010-03-29,21080,21,SET/20 RED RETROSPOT PAPER NAPKINS ,102,1.0228571428571427,0.0
2010-04-05,21080,21,SET/20 RED RETROSPOT PAPER NAPKINS ,118,0.900625,0.0
2010-04-12,21080,21,SET/20 RED RETROSPOT PAPER NAPKINS ,141,0.85,0.0
2010-04-19,21080,21,SET/20 RED RETROSPOT PAPER NAPKINS ,285,1.1656,0.0
2010-04-26,21080,21,SET/20 RED RETROSPOT PAPER NAPKINS ,1337,0.946,0.0
2010-05-03,21080,21,SET/20 RED RETROSPOT PAPER NAPKINS ,366,1.00125,0.0
2010-05-10,21080,21,SET/20 RED RETROSPOT PAPER NAPKINS ,219,0.9465217391304348,0.0
2010-05-17,21080,21,SET/20 RED RETROSPOT PAPER NAPKINS ,291,0.9322222222222222,0.0
2010-05-24,21080,21,SET/20 RED RETROSPOT PAPER NAPKINS ,749,0.977,0.0
2010-05-31,21080,21,SET/20 RED RETROSPOT PAPER NAPKINS ,157,1.0444,0.0
2010-06-07,21080,21,SET/20 RED RETROSPOT PAPER NAPKINS ,410,0.9204651162790697,0.0
2010-06-14,21080,21,SET/20 RED RETROSPOT PAPER NAPKINS ,411,1.0144444444444445,0.0
2010-06-21,21080,21,SET/20 RED RETROSPOT PAPER NAPKINS ,198,0.898,0.0
2010-06-28,21080,21,SET/20 RED RETROSPOT PAPER NAPKINS ,1023,0.9249999999999999,0.0
2010-07-05,21080,21,SET/20 RED RETROSPOT PAPER NAPKINS ,332,1.1263157894736842,0.0
2010-07-12,21080,21,SET/20 RED RETROSPOT PAPER NAPKINS ,464,0.8880769230769231,0.0
2010-07-19,21080,21,SET/20 RED RETROSPOT PAPER NAPKINS ,342,0.9131578947368422,0.0
2010-07-26,21080,21,SET/20 RED RETROSPOT PAPER NAPKINS ,117,0.9929411764705882,0.0
2010-08-02,21080,21,SET/20 RED RETROSPOT PAPER NAPKINS ,102,0.9175,0.0
2010-08-09,21080,21,SET/20 RED RETROSPOT PAPER NAPKINS ,206,1.1124,0.0
2010-08-16,21080,21,SET/20 RED RETROSPOT PAPER NAPKINS ,149,0.985,0.0
2010-08-23,21080,21,SET/20 RED RETROSPOT PAPER NAPKINS ,192,0.9805882352941175,0.0
2010-08-30,21080,21,SET/20 RED RETROSPOT PAPER NAPKINS ,173,1.1952631578947368,0.0
2010-09-06,21080,21,SET/20 RED RETROSPOT PAPER NAPKINS ,188,0.9778947368421052,0.0
2010-09-13,21080,21,SET/20 RED RETROSPOT PAPER NAPKINS ,213,0.9440000000000001,0.0
2010-09-20,21080,21,SET/20 RED RETROSPOT PAPER NAPKINS ,11,1.012,0.0
2010-09-20,21080,21,SET/20 RED RETROSPOT PAPER NAPKINS ,277,0.9877777777777779,0.0
2010-09-27,21080,21,SET/20 RED RETROSPOT PAPER NAPKINS ,209,1.0006666666666666,0.0
2010-09-27,21080,21,SET/20 RED RETROSPOT PAPER NAPKINS ,132,0.85,0.0
2010-10-04,21080,21,SET/20 RED RETROSPOT PAPER NAPKINS ,87,1.0322222222222222,0.0
2010-10-04,21080,21,SET/20 RED RETROSPOT PAPER NAPKINS ,96,0.85,0.0
2010-10-11,21080,21,SET/20 RED RETROSPOT PAPER NAPKINS ,277,0.9079999999999999,0.0
2010-10-18,21080,21,SET/20 RED RETROSPOT PAPER NAPKINS ,130,0.9685714285714285,0.0
2010-10-25,21080,21,SET/20 RED RETROSPOT PAPER NAPKINS ,75,1.15625,0.0
2010-10-25,21080,21,SET/20 RED RETROSPOT PAPER NAPKINS ,24,0.85,0.0
2010-11-01,21080,21,SET/20 RED RETROSPOT PAPER NAPKINS ,244,0.9509090909090908,0.0
2010-11-01,21080,21,SET/20 RED RETROSPOT PAPER NAPKINS ,192,0.64,1.0
2010-11-08,21080,21,SET/20 RED RETROSPOT PAPER NAPKINS ,72,1.1405882352941177,0.0
2010-11-15,21080,21,SET/20 RED RETROSPOT PAPER NAPKINS ,351,1.0817391304347825,0.0
2010-11-22,21080,21,SET/20 RED RETROSPOT PAPER NAPKINS ,214,1.0136842105263157,0.0
2010-11-29,21080,21,SET/20 RED RETROSPOT PAPER NAPKINS ,786,1.0377142857142858,0.0
2010-12-06,21080,21,SET/20 RED RETROSPOT PAPER NAPKINS ,572,1.0347058823529411,0.0
2010-12-13,21080,21,SET/20 RED RETROSPOT PAPER NAPKINS ,52,1.097,0.0
2010-12-20,21080,21,SET/20 RED RETROSPOT PAPER NAPKINS ,19,1.5059999999999998,0.0
2011-01-03,21080,21,SET/20 RED RETROSPOT PAPER NAPKINS ,228,1.044375,0.0
2011-01-10,21080,21,SET/20 RED RETROSPOT PAPER NAPKINS ,110,1.2813333333333332,0.0
2011-01-17,21080,21,SET/20 RED RETROSPOT PAPER NAPKINS ,229,0.9909523809523809,0.0
2011-01-24,21080,21,SET/20 RED RETROSPOT PAPER NAPKINS ,103,1.1914285714285715,0.0
2011-01-31,21080,21,SET/20 RED RETROSPOT PAPER NAPKINS ,294,1.1256249999999999,0.0
2011-02-07,21080,21,SET/20 RED RETROSPOT PAPER NAPKINS ,175,1.4366666666666665,0.0
2011-02-14,21080,21,SET/20 RED RETROSPOT PAPER NAPKINS ,146,1.1736363636363636,0.0
2011-02-21,21080,21,SET/20 RED RETROSPOT PAPER NAPKINS ,62,1.3554545454545455,0.0
2011-02-28,21080,21,SET/20 RED RETROSPOT PAPER NAPKINS ,246,1.1099999999999999,0.0
2011-03-07,21080,21,SET/20 RED RETROSPOT PAPER NAPKINS ,76,1.0646666666666667,0.0
2011-03-14,21080,21,SET/20 RED RETROSPOT PAPER NAPKINS ,608,1.0625925925925925,0.0
2011-03-21,21080,21,SET/20 RED RETROSPOT PAPER NAPKINS ,149,1.0646666666666667,0.0
2011-03-28,21080,21,SET/20 RED RETROSPOT PAPER NAPKINS ,490,1.2217241379310344,0.0
2011-04-04,21080,21,SET/20 RED RETROSPOT PAPER NAPKINS ,158,1.1033333333333333,0.0
2011-04-11,21080,21,SET/20 RED RETROSPOT PAPER NAPKINS ,448,0.8363157894736841,1.0
2011-04-18,21080,21,SET/20 RED RETROSPOT PAPER NAPKINS ,141,1.1966666666666665,0.0
2011-04-25,21080,21,SET/20 RED RETROSPOT PAPER NAPKINS ,149,1.1822222222222223,0.0
2011-05-02,21080,21,SET/20 RED RETROSPOT PAPER NAPKINS ,140,1.0272727272727271,0.0
2011-05-09,21080,21,SET/20 RED RETROSPOT PAPER NAPKINS ,140,0.9614285714285713,0.0
2011-05-16,21080,21,SET/20 RED RETROSPOT PAPER NAPKINS ,291,1.3978260869565218,0.0
2011-05-23,21080,21,SET/20 RED RETROSPOT PAPER NAPKINS ,354,1.2110526315789472,0.0
2011-05-30,21080,21,SET/20 RED RETROSPOT PAPER NAPKINS ,53,1.3635294117647059,0.0
2011-06-06,21080,21,SET/20 RED RETROSPOT PAPER NAPKINS ,287,1.1647058823529413,0.0
2011-06-13,21080,21,SET/20 RED RETROSPOT PAPER NAPKINS ,216,1.1852380952380952,0.0
2011-06-20,21080,21,SET/20 RED RETROSPOT PAPER NAPKINS ,254,1.2584,0.0
2011-06-27,21080,21,SET/20 RED RETROSPOT PAPER NAPKINS ,76,1.2793333333333332,0.0
2011-07-04,21080,21,SET/20 RED RETROSPOT PAPER NAPKINS ,210,1.5620689655172413,0.0
2011-07-11,21080,21,SET/20 RED RETROSPOT PAPER NAPKINS ,68,1.1833333333333333,0.0
2011-07-18,21080,21,SET/20 RED RETROSPOT PAPER NAPKINS ,98,1.0999999999999999,0.0
2011-07-25,21080,21,SET/20 RED RETROSPOT PAPER NAPKINS ,157,1.149,0.0
2011-08-01,21080,21,SET/20 RED RETROSPOT PAPER NAPKINS ,276,1.0775,0.0
2011-08-08,21080,21,SET/20 RED RETROSPOT PAPER NAPKINS ,89,1.3490909090909091,0.0
2011-08-15,21080,21,SET/20 RED RETROSPOT PAPER NAPKINS ,114,1.011,1.0
2011-08-22,21080,21,SET/20 RED RETROSPOT PAPER NAPKINS ,186,1.159,0.0
2011-08-29,21080,21,SET/20 RED RETROSPOT PAPER NAPKINS ,134,1.1584999999999999,0.0
2011-09-05,21080,21,SET/20 RED RETROSPOT PAPER NAPKINS ,186,1.036875,0.0
2011-09-12,21080,21,SET/20 RED RETROSPOT PAPER NAPKINS ,168,0.98,1.0
2011-09-19,21080,21,SET/20 RED RETROSPOT PAPER NAPKINS ,212,1.061111111111111,0.0
2011-09-26,21080,21,SET/20 RED RETROSPOT PAPER NAPKINS ,151,1.1476923076923078,0.0
2011-10-03,21080,21,SET/20 RED RETROSPOT PAPER NAPKINS ,94,1.0683333333333334,0.0
2011-10-10,21080,21,SET/20 RED RETROSPOT PAPER NAPKINS ,47,1.156153846153846,0.0
2011-10-17,21080,21,SET/20 RED RETROSPOT PAPER NAPKINS ,156,1.1807142857142856,0.0
2011-10-24,21080,21,SET/20 RED RETROSPOT PAPER NAPKINS ,88,0.9816666666666666,0.0
2011-10-31,21080,21,SET/20 RED RETROSPOT PAPER NAPKINS ,98,0.9899999999999999,0.0
2011-11-07,21080,21,SET/20 RED RETROSPOT PAPER NAPKINS ,196,0.9542857142857143,0.0
2011-11-14,21080,21,SET/20 RED RETROSPOT PAPER NAPKINS ,156,0.996,0.0
2011-11-21,21080,21,SET/20 RED RETROSPOT PAPER NAPKINS ,246,0.885,1.0
2011-11-28,21080,21,SET/20 RED RETROSPOT PAPER NAPKINS ,106,1.0352941176470587,0.0
2011-12-05,21080,21,SET/20 RED RETROSPOT PAPER NAPKINS ,133,1.02875,0.0
2009-11-30,21137,21,BLACK RECORD COVER FRAME,114,4.973333333333334,0.0
2009-12-07,21137,21,BLACK RECORD COVER FRAME,315,4.2716666666666665,0.0
2009-12-14,21137,21,BLACK RECORD COVER FRAME,232,5.12625,0.0
2009-12-21,21137,21,BLACK RECORD COVER FRAME,4,3.75,1.0
2010-01-04,21137,21,BLACK RECORD COVER FRAME,6,3.75,0.0
2010-01-11,21137,21,BLACK RECORD COVER FRAME,61,4.920000000000001,0.0
2010-01-18,21137,21,BLACK RECORD COVER FRAME,64,4.38,0.0
2010-01-25,21137,21,BLACK RECORD COVER FRAME,51,3.69,1.0
2010-02-01,21137,21,BLACK RECORD COVER FRAME,223,3.5100000000000002,1.0
2010-02-08,21137,21,BLACK RECORD COVER FRAME,24,3.75,0.0
2010-02-15,21137,21,BLACK RECORD COVER FRAME,73,4.8,0.0
2010-02-22,21137,21,BLACK RECORD COVER FRAME,176,3.4620000000000006,1.0
2010-03-01,21137,21,BLACK RECORD COVER FRAME,72,3.39,1.0
2010-03-08,21137,21,BLACK RECORD COVER FRAME,33,4.92,0.0
2010-03-15,21137,21,BLACK RECORD COVER FRAME,56,4.38,0.0
2010-03-22,21137,21,BLACK RECORD COVER FRAME,63,4.6275,0.0
2010-03-29,21137,21,BLACK RECORD COVER FRAME,104,3.6060000000000003,0.0
2010-04-05,21137,21,BLACK RECORD COVER FRAME,100,3.5700000000000003,0.0
2010-04-19,21137,21,BLACK RECORD COVER FRAME,8,6.330000000000001,0.0
2010-04-26,21137,21,BLACK RECORD COVER FRAME,346,3.6060000000000003,0.0
2010-05-03,21137,21,BLACK RECORD COVER FRAME,128,3.5100000000000002,0.0
2010-05-10,21137,21,BLACK RECORD COVER FRAME,29,4.92,0.0
2010-05-17,21137,21,BLACK RECORD COVER FRAME,80,3.5700000000000003,1.0
2010-05-24,21137,21,BLACK RECORD COVER FRAME,35,3.6300000000000003,0.0
2010-05-31,21137,21,BLACK RECORD COVER FRAME,55,3.66,0.0
2010-06-07,21137,21,BLACK RECORD COVER FRAME,202,5.02125,0.0
2010-06-14,21137,21,BLACK RECORD COVER FRAME,156,4.2749999999999995,0.0
2010-06-21,21137,21,BLACK RECORD COVER FRAME,56,4.5375,0.0
2010-06-28,21137,21,BLACK RECORD COVER FRAME,49,3.66,0.0
2010-07-05,21137,21,BLACK RECORD COVER FRAME,144,3.39,1.0
2010-07-12,21137,21,BLACK RECORD COVER FRAME,76,3.5100000000000002,0.0
2010-07-19,21137,21,BLACK RECORD COVER FRAME,32,3.5700000000000003,0.0
2010-07-26,21137,21,BLACK RECORD COVER FRAME,388,3.4620000000000006,0.0
2010-08-02,21137,21,BLACK RECORD COVER FRAME,35,3.66,0.0
2010-08-09,21137,21,BLACK RECORD COVER FRAME,25,3.5700000000000003,0.0
2010-08-16,21137,21,BLACK RECORD COVER FRAME,72,3.39,0.0
2010-08-23,21137,21,BLACK RECORD COVER FRAME,48,3.39,0.0
2010-08-30,21137,21,BLACK RECORD COVER FRAME,7,5.04,0.0
2010-09-06,21137,21,BLACK RECORD COVER FRAME,124,4.14,0.0
2010-09-13,21137,21,BLACK RECORD COVER FRAME,24,3.39,0.0
2010-09-20,21137,21,BLACK RECORD COVER FRAME,169,4.05375,0.0
2010-09-27,21137,21,BLACK RECORD COVER FRAME,40,3.66,0.0
2010-10-04,21137,21,BLACK RECORD COVER FRAME,614,3.5700000000000003,0.0
2010-10-11,21137,21,BLACK RECORD COVER FRAME,397,4.148571428571429,0.0
2010-10-18,21137,21,BLACK RECORD COVER FRAME,310,3.5900000000000003,0.0
2010-10-25,21137,21,BLACK RECORD COVER FRAME,182,4.2749999999999995,0.0
2010-11-01,21137,21,BLACK RECORD COVER FRAME,13,3.75,0.0
2010-11-08,21137,21,BLACK RECORD COVER FRAME,920,3.98,0.0
2010-11-15,21137,21,BLACK RECORD COVER FRAME,191,4.148571428571429,0.0
2010-11-22,21137,21,BLACK RECORD COVER FRAME,187,4.029,0.0
2010-11-29,21137,21,BLACK RECORD COVER FRAME,1302,3.48,0.0
2010-12-06,21137,21,BLACK RECORD COVER FRAME,1138,4.705,0.0
2010-12-13,21137,21,BLACK RECORD COVER FRAME,575,4.148571428571429,0.0
2010-12-20,21137,21,BLACK RECORD COVER FRAME,51,4.92,0.0
2011-01-03,21137,21,BLACK RECORD COVER FRAME,177,3.5340000000000003,0.0
2011-01-10,21137,21,BLACK RECORD COVER FRAME,12,3.75,0.0
2011-01-17,21137,21,BLACK RECORD COVER FRAME,12,5.605,0.0
2011-01-24,21137,21,BLACK RECORD COVER FRAME,3,3.75,0.0
2011-01-31,21137,21,BLACK RECORD COVER FRAME,584,3.5700000000000003,0.0
2011-02-14,21137,21,BLACK RECORD COVER FRAME,40,3.6300000000000003,0.0
2011-02-21,21137,21,BLACK RECORD COVER FRAME,69,4.42,0.0
2011-03-07,21137,21,BLACK RECORD COVER FRAME,6,3.75,0.0
2011-03-14,21137,21,BLACK RECORD COVER FRAME,112,3.5700000000000003,0.0
2011-03-21,21137,21,BLACK RECORD COVER FRAME,109,4.248333333333333,0.0
2011-03-28,21137,21,BLACK RECORD COVER FRAME,50,4.42,0.0
2011-04-04,21137,21,BLACK RECORD COVER FRAME,11,3.75,0.0
2011-04-11,21137,21,BLACK RECORD COVER FRAME,84,3.5100000000000002,0.0
2011-04-18,21137,21,BLACK RECORD COVER FRAME,110,3.69,0.0
2011-04-25,21137,21,BLACK RECORD COVER FRAME,30,3.6300000000000003,0.0
2011-05-02,21137,21,BLACK RECORD COVER FRAME,396,4.002222222222223,0.0
2011-05-09,21137,21,BLACK RECORD COVER FRAME,81,3.6471428571428572,0.0
2011-05-16,21137,21,BLACK RECORD COVER FRAME,36,3.6300000000000003,0.0
2011-05-30,21137,21,BLACK RECORD COVER FRAME,504,3.39,0.0
2011-06-06,21137,21,BLACK RECORD COVER FRAME,18,4.492,0.0
2011-06-13,21137,21,BLACK RECORD COVER FRAME,673,4.293636363636363,0.0
2011-06-20,21137,21,BLACK RECORD COVER FRAME,131,4.07875,0.0
2011-06-27,21137,21,BLACK RECORD COVER FRAME,232,3.5340000000000003,0.0
2011-07-04,21137,21,BLACK RECORD COVER FRAME,90,4.16875,0.0
2011-07-11,21137,21,BLACK RECORD COVER FRAME,100,3.48,0.0
2011-07-18,21137,21,BLACK RECORD COVER FRAME,206,4.1883333333333335,0.0
2011-07-25,21137,21,BLACK RECORD COVER FRAME,116,4.07875,0.0
2011-08-08,21137,21,BLACK RECORD COVER FRAME,73,3.5100000000000002,0.0
2011-08-15,21137,21,BLACK RECORD COVER FRAME,270,3.525,0.0
2011-08-22,21137,21,BLACK RECORD COVER FRAME,20,3.75,0.0
2011-08-29,21137,21,BLACK RECORD COVER FRAME,176,4.806666666666667,0.0
2011-09-05,21137,21,BLACK RECORD COVER FRAME,104,3.5700000000000003,0.0
2011-09-12,21137,21,BLACK RECORD COVER FRAME,210,4.1257142857142854,0.0
2011-09-19,21137,21,BLACK RECORD COVER FRAME,34,4.42,0.0
2011-09-26,21137,21,BLACK RECORD COVER FRAME,202,4.248333333333333,0.0
2011-10-03,21137,21,BLACK RECORD COVER FRAME,301,3.941,0.0
2011-10-10,21137,21,BLACK RECORD COVER FRAME,25,4.368333333333333,0.0
2011-10-17,21137,21,BLACK RECORD COVER FRAME,176,3.615,0.0
2011-10-24,21137,21,BLACK RECORD COVER FRAME,95,4.177142857142857,0.0
2011-10-31,21137,21,BLACK RECORD COVER FRAME,433,3.619090909090909,0.0
2011-11-07,21137,21,BLACK RECORD COVER FRAME,857,4.434444444444444,0.0
2011-11-14,21137,21,BLACK RECORD COVER FRAME,259,4.527727272727272,0.0
2011-11-21,21137,21,BLACK RECORD COVER FRAME,556,5.378888888888889,0.0
2011-11-28,21137,21,BLACK RECORD COVER FRAME,183,5.255263157894737,0.0
2011-12-05,21137,21,BLACK RECORD COVER FRAME,1506,4.624827586206897,0.0
