results/realworld_weekly.csv
date,product,category,description,sales,price,promo
2009-11-30,21166,21,COOK WITH WINE METAL SIGN ,57,2.5029411764705882,0.0
2009-12-07,21166,21,COOK WITH WINE METAL SIGN ,2,4.3,0.0
2009-12-14,21166,21,COOK WITH WINE METAL SIGN ,4,4.3,0.0
2009-12-21,21166,21,COOK WITH WINE METAL SIGN ,3,4.3,0.0
2010-01-11,21166,21,COOK WITH WINE METAL SIGN ,7,4.264,0.0
2010-01-18,21166,21,COOK WITH WINE METAL SIGN ,3,4.21,0.0
2010-01-25,21166,21,COOK WITH WINE METAL SIGN ,24,1.95,1.0
2010-02-01,21166,21,COOK WITH WINE METAL SIGN ,574,2.137,1.0
2010-02-08,21166,21,COOK WITH WINE METAL SIGN ,46,2.201111111111111,1.0
2010-02-15,21166,21,COOK WITH WINE METAL SIGN ,258,2.17,1.0
2010-02-22,21166,21,COOK WITH WINE METAL SIGN ,447,2.0611111111111113,1.0
2010-03-01,21166,21,COOK WITH WINE METAL SIGN ,590,2.1973333333333334,1.0
2010-03-08,21166,21,COOK WITH WINE METAL SIGN ,136,2.305,1.0
2010-03-15,21166,21,COOK WITH WINE METAL SIGN ,432,1.986842105263158,1.0
2010-03-22,21166,21,COOK WITH WINE METAL SIGN ,115,1.9326666666666665,1.0
2010-03-29,21166,21,COOK WITH WINE METAL SIGN ,64,2.1554545454545457,1.0
2010-04-05,21166,21,COOK WITH WINE METAL SIGN ,48,1.9500000000000002,1.0
2010-04-12,21166,21,COOK WITH WINE METAL SIGN ,245,1.9089473684210525,0.0
2010-04-19,21166,21,COOK WITH WINE METAL SIGN ,125,2.515454545454545,0.0
2010-04-26,21166,21,COOK WITH WINE METAL SIGN ,237,1.823076923076923,0.0
2010-05-03,21166,21,COOK WITH WINE METAL SIGN ,135,2.0833333333333335,0.0
2010-05-10,21166,21,COOK WITH WINE METAL SIGN ,133,1.9283333333333335,0.0
2010-05-17,21166,21,COOK WITH WINE METAL SIGN ,28,1.95,0.0
2010-05-24,21166,21,COOK WITH WINE METAL SIGN ,56,1.95,0.0
2010-05-31,21166,21,COOK WITH WINE METAL SIGN ,90,1.921111111111111,0.0
2010-06-07,21166,21,COOK WITH WINE METAL SIGN ,39,1.9500000000000002,0.0
2010-06-14,21166,21,COOK WITH WINE METAL SIGN ,42,1.9500000000000002,0.0
2010-06-21,21166,21,COOK WITH WINE METAL SIGN ,12,1.95,0.0
2010-06-28,21166,21,COOK WITH WINE METAL SIGN ,27,1.95,0.0
2010-07-05,21166,21,COOK WITH WINE METAL SIGN ,70,1.95,0.0
2010-07-12,21166,21,COOK WITH WINE METAL SIGN ,37,1.9500000000000002,0.0
2010-07-19,21166,21,COOK WITH WINE METAL SIGN ,1,1.95,0.0
2010-08-16,21166,21,COOK WITH WINE METAL SIGN ,428,1.9041176470588235,0.0
2010-08-23,21166,21,COOK WITH WINE METAL SIGN ,459,1.8952631578947368,0.0
2010-08-30,21166,21,COOK WITH WINE METAL SIGN ,235,2.18375,0.0
2010-09-06,21166,21,COOK WITH WINE METAL SIGN ,74,2.123846153846154,0.0
2010-09-13,21166,21,COOK WITH WINE METAL SIGN ,171,2.152857142857143,0.0
2010-09-20,21166,21,COOK WITH WINE METAL SIGN ,225,2.1476923076923073,0.0
2010-09-27,21166,21,COOK WITH WINE METAL SIGN ,146,2.1436363636363636,0.0
2010-10-04,21166,21,COOK WITH WINE METAL SIGN ,133,2.488095238095238,0.0
2010-10-11,21166,21,COOK WITH WINE METAL SIGN ,153,1.9194117647058826,0.0
2010-10-18,21166,21,COOK WITH WINE METAL SIGN ,201,2.1275,0.0
2010-10-25,21166,21,COOK WITH WINE METAL SIGN ,93,2.3205263157894733,0.0
2010-11-01,21166,21,COOK WITH WINE METAL SIGN ,240,2.096896551724138,0.0
2010-11-08,21166,21,COOK WITH WINE METAL SIGN ,155,2.041578947368421,0.0
2010-11-15,21166,21,COOK WITH WINE METAL SIGN ,312,2.362258064516129,0.0
2010-11-22,21166,21,COOK WITH WINE METAL SIGN ,368,2.4250000000000003,0.0
2010-11-29,21166,21,COOK WITH WINE METAL SIGN ,165,2.5248387096774194,0.0
2010-12-06,21166,21,COOK WITH WINE METAL SIGN ,290,2.668,0.0
2010-12-13,21166,21,COOK WITH WINE METAL SIGN ,285,2.3899999999999997,0.0
2010-12-20,21166,21,COOK WITH WINE METAL SIGN ,36,3.08,0.0
2011-01-03,21166,21,COOK WITH WINE METAL SIGN ,151,2.083846153846154,0.0
2011-01-10,21166,21,COOK WITH WINE METAL SIGN ,82,2.7344444444444442,0.0
2011-01-17,21166,21,COOK WITH WINE METAL SIGN ,91,2.2916666666666665,0.0
2011-01-24,21166,21,COOK WITH WINE METAL SIGN ,65,1.95,1.0
2011-01-31,21166,21,COOK WITH WINE METAL SIGN ,73,2.313333333333333,0.0
2011-02-07,21166,21,COOK WITH WINE METAL SIGN ,63,2.763333333333333,0.0
2011-02-14,21166,21,COOK WITH WINE METAL SIGN ,72,2.266363636363636,0.0
2011-02-21,21166,21,COOK WITH WINE METAL SIGN ,202,2.2644444444444445,0.0
2011-02-28,21166,21,COOK WITH WINE METAL SIGN ,92,2.2376923076923076,0.0
2011-03-07,21166,21,COOK WITH WINE METAL SIGN ,116,2.2199999999999998,0.0
2011-03-14,21166,21,COOK WITH WINE METAL SIGN ,244,2.578125,0.0
2011-03-21,21166,21,COOK WITH WINE METAL SIGN ,124,2.283684210526316,0.0
2011-03-28,21166,21,COOK WITH WINE METAL SIGN ,118,2.3875,0.0
2011-04-04,21166,21,COOK WITH WINE METAL SIGN ,53,2.3953846153846152,0.0
2011-04-11,21166,21,COOK WITH WINE METAL SIGN ,370,2.1205000000000003,0.0
2011-04-18,21166,21,COOK WITH WINE METAL SIGN ,44,2.5192857142857146,0.0
2011-04-25,21166,21,COOK WITH WINE METAL SIGN ,104,2.262,0.0
2011-05-02,21166,21,COOK WITH WINE METAL SIGN ,105,2.464375,0.0
2011-05-09,21166,21,COOK WITH WINE METAL SIGN ,316,2.007857142857143,0.0
2011-05-16,21166,21,COOK WITH WINE METAL SIGN ,300,2.1666666666666665,0.0
2011-05-23,21166,21,COOK WITH WINE METAL SIGN ,105,2.21,0.0
2011-05-30,21166,21,COOK WITH WINE METAL SIGN ,83,3.0366666666666666,0.0
2011-06-06,21166,21,COOK WITH WINE METAL SIGN ,115,2.5925000000000002,0.0
2011-06-13,21166,21,COOK WITH WINE METAL SIGN ,45,2.4899999999999998,0.0
2011-06-20,21166,21,COOK WITH WINE METAL SIGN ,61,2.4527272727272726,0.0
2011-06-27,21166,21,COOK WITH WINE METAL SIGN ,92,2.6399999999999997,0.0
2011-07-04,21166,21,COOK WITH WINE METAL SIGN ,246,3.56,0.0
2011-07-11,21166,21,COOK WITH WINE METAL SIGN ,194,3.26,0.0
2011-07-18,21166,21,COOK WITH WINE METAL SIGN ,2,4.13,0.0
2011-08-01,21166,21,COOK WITH WINE METAL SIGN ,1,4.13,0.0
2011-08-29,21166,21,COOK WITH WINE METAL SIGN ,25,2.08,1.0
2011-09-05,21166,21,COOK WITH WINE METAL SIGN ,528,2.0252380952380955,1.0
2011-09-12,21166,21,COOK WITH WINE METAL SIGN ,247,2.467,0.0
2011-09-19,21166,21,COOK WITH WINE METAL SIGN ,567,2.5115000000000003,0.0
2011-09-26,21166,21,COOK WITH WINE METAL SIGN ,253,2.05125,1.0
2011-10-03,21166,21,COOK WITH WINE METAL SIGN ,311,2.184,1.0
2011-10-10,21166,21,COOK WITH WINE METAL SIGN ,144,2.428235294117647,0.0
2011-10-17,21166,21,COOK WITH WINE METAL SIGN ,65,2.08,1.0
2011-10-24,21166,21,COOK WITH WINE METAL SIGN ,296,2.3989473684210525,0.0
2011-10-31,21166,21,COOK WITH WINE METAL SIGN ,408,2.171818181818182,1.0
2011-11-07,21166,21,COOK WITH WINE METAL SIGN ,70,2.763333333333333,0.0
2011-11-14,21166,21,COOK WITH WINE METAL SIGN ,192,2.4,0.0
2011-11-21,21166,21,COOK WITH WINE METAL SIGN ,12,2.08,0.0
2011-11-28,21166,21,COOK WITH WINE METAL SIGN ,1130,2.3711904761904763,0.0
2011-12-05,21166,21,COOK WITH WINE METAL SIGN ,417,2.700909090909091,0.0
2009-11-30,21175,21,GIN + TONIC DIET METAL SIGN,141,2.54,0.0
2009-12-07,21175,21,GIN + TONIC DIET METAL SIGN,207,2.5465517241379314,0.0
2009-12-14,21175,21,GIN + TONIC DIET METAL SIGN,182,2.596774193548387,0.0
2009-12-21,21175,21,GIN + TONIC DIET METAL SIGN,439,3.3362499999999997,0.0
2010-01-04,21175,21,GIN + TONIC DIET METAL SIGN,114,2.0772727272727276,1.0
2010-01-11,21175,21,GIN + TONIC DIET METAL SIGN,73,2.6914285714285713,0.0
2010-01-18,21175,21,GIN + TONIC DIET METAL SIGN,89,2.322105263157895,0.0
2010-01-25,21175,21,GIN + TONIC DIET METAL SIGN,154,2.3432,0.0
2010-02-01,21175,21,GIN + TONIC DIET METAL SIGN,98,2.464375,0.0
2010-02-08,21175,21,GIN + TONIC DIET METAL SIGN,69,2.5521428571428575,0.0
2010-02-15,21175,21,GIN + TONIC DIET METAL SIGN,209,2.282631578947368,0.0
2010-02-22,21175,21,GIN + TONIC DIET METAL SIGN,111,2.381333333333333,0.0
2010-03-01,21175,21,GIN + TONIC DIET METAL SIGN,629,2.268,0.0
2010-03-08,21175,21,GIN + TONIC DIET METAL SIGN,222,2.7755555555555556,0.0
2010-03-15,21175,21,GIN + TONIC DIET METAL SIGN,393,2.1321052631578947,0.0
2010-03-22,21175,21,GIN + TONIC DIET METAL SIGN,120,2.642105263157895,0.0
2010-03-29,21175,21,GIN + TONIC DIET METAL SIGN,71,2.291818181818182,0.0
2010-04-05,21175,21,GIN + TONIC DIET METAL SIGN,69,2.2758333333333334,0.0
2010-04-12,21175,21,GIN + TONIC DIET METAL SIGN,181,2.0861111111111112,0.0
2010-04-19,21175,21,GIN + TONIC DIET METAL SIGN,250,2.466190476190476,0.0
2010-04-26,21175,21,GIN + TONIC DIET METAL SIGN,426,2.087058823529412,0.0
2010-05-03,21175,21,GIN + TONIC DIET METAL SIGN,130,2.21625,0.0
2010-05-10,21175,21,GIN + TONIC DIET METAL SIGN,180,2.085294117647059,0.0
2010-05-17,21175,21,GIN + TONIC DIET METAL SIGN,116,2.404,0.0
2010-05-24,21175,21,GIN + TONIC DIET METAL SIGN,270,2.342608695652174,0.0
2010-05-31,21175,21,GIN + TONIC DIET METAL SIGN,52,2.8033333333333332,0.0
2010-06-07,21175,21,GIN + TONIC DIET METAL SIGN,42,2.4516666666666667,0.0
2010-06-14,21175,21,GIN + TONIC DIET METAL SIGN,229,2.3041176470588236,0.0
2010-06-21,21175,21,GIN + TONIC DIET METAL SIGN,22,2.8033333333333332,0.0
2010-06-28,21175,21,GIN + TONIC DIET METAL SIGN,44,2.3066666666666666,0.0
2010-07-05,21175,21,GIN + TONIC DIET METAL SIGN,2,2.1,0.0
2010-08-16,21175,21,GIN + TONIC DIET METAL SIGN,215,2.06875,0.0
2010-08-23,21175,21,GIN + TONIC DIET METAL SIGN,487,2.127727272727273,0.0
2010-08-30,21175,21,GIN + TONIC DIET METAL SIGN,176,2.3861538461538463,0.0
2010-09-06,21175,21,GIN + TONIC DIET METAL SIGN,60,2.1,0.0
2010-09-13,21175,21,GIN + TONIC DIET METAL SIGN,156,2.21625,0.0
2010-09-20,21175,21,GIN + TONIC DIET METAL SIGN,151,2.2550000000000003,0.0
2010-09-27,21175,21,GIN + TONIC DIET METAL SIGN,120,2.522,0.0
2010-10-04,21175,21,GIN + TONIC DIET METAL SIGN,142,2.1917391304347826,0.0
2010-10-11,21175,21,GIN + TONIC DIET METAL SIGN,221,2.1596296296296296,0.0
2010-10-18,21175,21,GIN + TONIC DIET METAL SIGN,126,2.2562962962962962,0.0
2010-10-25,21175,21,GIN + TONIC DIET METAL SIGN,102,2.4315,0.0
2010-11-01,21175,21,GIN + TONIC DIET METAL SIGN,234,2.3533333333333335,0.0
2010-11-08,21175,21,GIN + TONIC DIET METAL SIGN,146,2.4678571428571425,0.0
2010-11-15,21175,21,GIN + TONIC DIET METAL SIGN,145,2.4375999999999998,0.0
2010-11-22,21175,21,GIN + TONIC DIET METAL SIGN,176,2.3729999999999998,0.0
2010-11-29,21175,21,GIN + TONIC DIET METAL SIGN,121,2.505769230769231,0.0
2010-12-06,21175,21,GIN + TONIC DIET METAL SIGN,360,2.791803278688525,0.0
2010-12-13,21175,21,GIN + TONIC DIET METAL SIGN,72,2.89125,0.0
2010-12-20,21175,21,GIN + TONIC DIET METAL SIGN,34,3.155,0.0
2011-01-03,21175,21,GIN + TONIC DIET METAL SIGN,182,2.066666666666667,1.0
2011-01-10,21175,21,GIN + TONIC DIET METAL SIGN,2127,2.1035714285714286,0.0
2011-01-17,21175,21,GIN + TONIC DIET METAL SIGN,18,3.002222222222222,0.0
2011-01-24,21175,21,GIN + TONIC DIET METAL SIGN,82,2.39,0.0
2011-01-31,21175,21,GIN + TONIC DIET METAL SIGN,39,2.77625,0.0
2011-02-07,21175,21,GIN + TONIC DIET METAL SIGN,107,2.9124999999999996,0.0
2011-02-14,21175,21,GIN + TONIC DIET METAL SIGN,66,2.7106666666666666,0.0
2011-02-21,21175,21,GIN + TONIC DIET METAL SIGN,71,3.0664285714285713,0.0
2011-02-28,21175,21,GIN + TONIC DIET METAL SIGN,36,3.0855555555555556,0.0
2011-03-07,21175,21,GIN + TONIC DIET METAL SIGN,101,2.5029999999999997,0.0
2011-03-14,21175,21,GIN + TONIC DIET METAL SIGN,211,2.7782352941176467,0.0
2011-03-21,21175,21,GIN + TONIC DIET METAL SIGN,137,2.6712499999999997,0.0
2011-03-28,21175,21,GIN + TONIC DIET METAL SIGN,100,2.8335294117647054,0.0
2011-04-04,21175,21,GIN + TONIC DIET METAL SIGN,46,2.55,0.0
2011-04-11,21175,21,GIN + TONIC DIET METAL SIGN,275,2.5223529411764702,0.0
2011-04-18,21175,21,GIN + TONIC DIET METAL SIGN,2098,2.8184615384615386,0.0
2011-04-25,21175,21,GIN + TONIC DIET METAL SIGN,27,2.55,0.0
2011-05-02,21175,21,GIN + TONIC DIET METAL SIGN,132,2.6917647058823526,0.0
2011-05-09,21175,21,GIN + TONIC DIET METAL SIGN,147,2.518666666666667,0.0
2011-05-16,21175,21,GIN + TONIC DIET METAL SIGN,180,2.55,0.0
2011-05-23,21175,21,GIN + TONIC DIET METAL SIGN,65,2.55,0.0
2011-05-30,21175,21,GIN + TONIC DIET METAL SIGN,105,2.750833333333333,0.0
2011-06-06,21175,21,GIN + TONIC DIET METAL SIGN,74,2.55,0.0
2011-06-13,21175,21,GIN + TONIC DIET METAL SIGN,98,2.7106666666666666,0.0
2011-06-20,21175,21,GIN + TONIC DIET METAL SIGN,124,3.07,0.0
2011-06-27,21175,21,GIN + TONIC DIET METAL SIGN,53,3.0855555555555556,0.0
2011-07-04,21175,21,GIN + TONIC DIET METAL SIGN,119,3.032857142857143,0.0
2011-07-11,21175,21,GIN + TONIC DIET METAL SIGN,306,2.7916666666666665,0.0
2011-07-18,21175,21,GIN + TONIC DIET METAL SIGN,291,2.456,0.0
2011-07-25,21175,21,GIN + TONIC DIET METAL SIGN,70,2.55,0.0
2011-08-01,21175,21,GIN + TONIC DIET METAL SIGN,160,2.7106666666666666,0.0
2011-08-08,21175,21,GIN + TONIC DIET METAL SIGN,217,2.8086666666666664,0.0
2011-08-15,21175,21,GIN + TONIC DIET METAL SIGN,61,2.55,0.0
2011-08-22,21175,21,GIN + TONIC DIET METAL SIGN,12,2.55,0.0
2011-08-29,21175,21,GIN + TONIC DIET METAL SIGN,16,3.1525,0.0
2011-09-05,21175,21,GIN + TONIC DIET METAL SIGN,312,2.6168181818181817,0.0
2011-09-12,21175,21,GIN + TONIC DIET METAL SIGN,166,2.7916666666666665,0.0
2011-09-19,21175,21,GIN + TONIC DIET METAL SIGN,354,3.0716666666666668,0.0
2011-09-26,21175,21,GIN + TONIC DIET METAL SIGN,134,2.6917647058823526,0.0
2011-10-03,21175,21,GIN + TONIC DIET METAL SIGN,323,2.736428571428571,0.0
2011-10-10,21175,21,GIN + TONIC DIET METAL SIGN,254,2.7439999999999998,0.0
2011-10-17,21175,21,GIN + TONIC DIET METAL SIGN,56,3.1525,0.0
2011-10-24,21175,21,GIN + TONIC DIET METAL SIGN,207,3.001904761904762,0.0
2011-10-31,21175,21,GIN + TONIC DIET METAL SIGN,335,2.840833333333333,0.0
2011-11-07,21175,21,GIN + TONIC DIET METAL SIGN,252,2.7377419354838706,0.0
2011-11-14,21175,21,GIN + TONIC DIET METAL SIGN,331,2.9121052631578945,0.0
2011-11-21,21175,21,GIN + TONIC DIET METAL SIGN,326,3.3173684210526315,0.0
2011-11-21,21175,21,GIN + TONIC DIET METAL SIGN,7,3.032,0.0
2011-11-28,21175,21,GIN + TONIC DIET METAL SIGN,24,2.55,0.0
2011-11-28,21175,21,GIN + TONIC DIET METAL SIGN,258,3.1096,0.0
2011-12-05,21175,21,GIN + TONIC DIET METAL SIGN,125,3.4005882352941175,0.0
