results/realworld_weekly.csv
date,product,category,description,sales,price,promo
2009-11-30,21181,21,PLEASE ONE PERSON METAL SIGN,208,2.414285714285714,0.0
2009-12-07,21181,21,PLEASE ONE PERSON METAL SIGN,336,2.3689655172413793,0.0
2009-12-14,21181,21,PLEASE ONE PERSON METAL SIGN,327,2.6375,0.0
2009-12-21,21181,21,PLEASE ONE PERSON METAL SIGN,51,3.483333333333333,0.0
2010-01-04,21181,21,PLEASE ONE PERSON METAL SIGN,212,2.05,1.0
2010-01-11,21181,21,PLEASE ONE PERSON METAL SIGN,98,2.736923076923077,0.0
2010-01-18,21181,21,PLEASE ONE PERSON METAL SIGN,116,2.48,0.0
2010-01-25,21181,21,PLEASE ONE PERSON METAL SIGN,117,2.0821428571428573,1.0
2010-01-25,21181,21,PLEASE ONE PERSON METAL SIGN,13,2.4516666666666667,0.0
2010-02-01,21181,21,PLEASE ONE PERSON METAL SIGN,18,2.1,1.0
2010-02-01,21181,21,PLEASE ONE PERSON METAL SIGN,55,2.21625,0.0
2010-02-08,21181,21,PLEASE ONE PERSON METAL SIGN,93,2.1,0.0
2010-02-15,21181,21,PLEASE ONE PERSON METAL SIGN,8,2.1,0.0
2010-02-15,21181,21,PLEASE ONE PERSON METAL SIGN,184,2.1885714285714286,0.0
2010-02-22,21181,21,PLEASE ONE PERSON METAL SIGN,6,2.1,0.0
2010-02-22,21181,21,PLEASE ONE PERSON METAL SIGN,160,2.1,0.0
2010-03-01,21181,21,PLEASE ONE PERSON METAL SIGN,12,2.1,0.0
2010-03-01,21181,21,PLEASE ONE PERSON METAL SIGN,518,2.2243478260869565,0.0
2010-03-08,21181,21,PLEASE ONE PERSON METAL SIGN,323,2.4970000000000003,0.0
2010-03-15,21181,21,PLEASE ONE PERSON METAL SIGN,583,2.035185185185185,0.0
2010-03-22,21181,21,PLEASE ONE PERSON METAL SIGN,227,2.1670833333333337,0.0
2010-03-29,21181,21,PLEASE ONE PERSON METAL SIGN,6,2.1,0.0
2010-03-29,21181,21,PLEASE ONE PERSON METAL SIGN,73,2.311,0.0
2010-04-05,21181,21,PLEASE ONE PERSON METAL SIGN,119,2.243076923076923,0.0
2010-04-12,21181,21,PLEASE ONE PERSON METAL SIGN,348,2.08,0.0
2010-04-19,21181,21,PLEASE ONE PERSON METAL SIGN,6,2.1,0.0
2010-04-19,21181,21,PLEASE ONE PERSON METAL SIGN,209,2.5664,0.0
2010-04-26,21181,21,PLEASE ONE PERSON METAL SIGN,423,2.1014285714285714,0.0
2010-05-03,21181,21,PLEASE ONE PERSON METAL SIGN,2,4.21,0.0
2010-08-16,21181,21,PLEASE ONE PERSON METAL SIGN,539,2.0456521739130435,0.0
2010-08-23,21181,21,PLEASE ONE PERSON METAL SIGN,684,2.0558823529411767,0.0
2010-08-30,21181,21,PLEASE ONE PERSON METAL SIGN,452,2.24,0.0
2010-09-06,21181,21,PLEASE ONE PERSON METAL SIGN,297,2.1596296296296296,0.0
2010-09-13,21181,21,PLEASE ONE PERSON METAL SIGN,235,2.2957894736842106,0.0
2010-09-20,21181,21,PLEASE ONE PERSON METAL SIGN,263,2.3915,0.0
2010-09-27,21181,21,PLEASE ONE PERSON METAL SIGN,399,2.3716216216216215,0.0
2010-10-04,21181,21,PLEASE ONE PERSON METAL SIGN,375,2.2788235294117647,0.0
2010-10-11,21181,21,PLEASE ONE PERSON METAL SIGN,385,2.126875,0.0
2010-10-18,21181,21,PLEASE ONE PERSON METAL SIGN,162,2.2241176470588235,0.0
2010-10-25,21181,21,PLEASE ONE PERSON METAL SIGN,281,2.48,0.0
2010-11-01,21181,21,PLEASE ONE PERSON METAL SIGN,294,2.5003225806451614,0.0
2010-11-08,21181,21,PLEASE ONE PERSON METAL SIGN,306,2.3827906976744186,0.0
2010-11-15,21181,21,PLEASE ONE PERSON METAL SIGN,430,2.3587234042553193,0.0
2010-11-22,21181,21,PLEASE ONE PERSON METAL SIGN,209,2.6526190476190474,0.0
2010-11-29,21181,21,PLEASE ONE PERSON METAL SIGN,314,2.645,0.0
2010-12-06,21181,21,PLEASE ONE PERSON METAL SIGN,605,2.7042105263157894,0.0
2010-12-13,21181,21,PLEASE ONE PERSON METAL SIGN,643,2.58,0.0
2010-12-20,21181,21,PLEASE ONE PERSON METAL SIGN,49,3.0730769230769233,0.0
2011-01-03,21181,21,PLEASE ONE PERSON METAL SIGN,260,2.161666666666667,0.0
2011-01-10,21181,21,PLEASE ONE PERSON METAL SIGN,125,2.719411764705882,0.0
2011-01-17,21181,21,PLEASE ONE PERSON METAL SIGN,127,2.4935,0.0
2011-01-24,21181,21,PLEASE ONE PERSON METAL SIGN,84,2.458235294117647,0.0
2011-01-31,21181,21,PLEASE ONE PERSON METAL SIGN,224,2.670769230769231,0.0
2011-02-07,21181,21,PLEASE ONE PERSON METAL SIGN,86,2.6075,0.0
2011-02-14,21181,21,PLEASE ONE PERSON METAL SIGN,200,2.57625,0.0
2011-02-21,21181,21,PLEASE ONE PERSON METAL SIGN,175,2.3968421052631577,0.0
2011-02-28,21181,21,PLEASE ONE PERSON METAL SIGN,202,2.184761904761905,0.0
2011-03-07,21181,21,PLEASE ONE PERSON METAL SIGN,173,2.4935,0.0
2011-03-14,21181,21,PLEASE ONE PERSON METAL SIGN,270,2.4148,0.0
2011-03-21,21181,21,PLEASE ONE PERSON METAL SIGN,450,2.2904166666666668,0.0
2011-03-28,21181,21,PLEASE ONE PERSON METAL SIGN,146,2.634210526315789,0.0
2011-04-04,21181,21,PLEASE ONE PERSON METAL SIGN,84,2.1,0.0
2011-04-11,21181,21,PLEASE ONE PERSON METAL SIGN,376,2.2863333333333333,0.0
2011-04-18,21181,21,PLEASE ONE PERSON METAL SIGN,208,2.174166666666667,0.0
2011-04-25,21181,21,PLEASE ONE PERSON METAL SIGN,159,2.2275,0.0
2011-05-02,21181,21,PLEASE ONE PERSON METAL SIGN,303,2.065909090909091,0.0
2011-05-09,21181,21,PLEASE ONE PERSON METAL SIGN,295,2.62551724137931,0.0
2011-05-16,21181,21,PLEASE ONE PERSON METAL SIGN,305,2.792857142857143,0.0
2011-05-23,21181,21,PLEASE ONE PERSON METAL SIGN,1,2.1,0.0
2011-07-11,21181,21,PLEASE ONE PERSON METAL SIGN,192,2.39,0.0
2011-08-01,21181,21,PLEASE ONE PERSON METAL SIGN,1,2.1,0.0
2011-08-29,21181,21,PLEASE ONE PERSON METAL SIGN,39,2.1,0.0
2011-09-05,21181,21,PLEASE ONE PERSON METAL SIGN,1170,2.1021621621621622,0.0
2011-09-12,21181,21,PLEASE ONE PERSON METAL SIGN,485,2.1103703703703705,0.0
2011-09-19,21181,21,PLEASE ONE PERSON METAL SIGN,224,2.3289473684210527,0.0
2011-09-26,21181,21,PLEASE ONE PERSON METAL SIGN,373,2.222592592592593,0.0
2011-10-03,21181,21,PLEASE ONE PERSON METAL SIGN,577,2.293939393939394,0.0
2011-10-10,21181,21,PLEASE ONE PERSON METAL SIGN,281,2.480769230769231,0.0
2011-10-17,21181,21,PLEASE ONE PERSON METAL SIGN,135,2.4383333333333335,0.0
2011-10-24,21181,21,PLEASE ONE PERSON METAL SIGN,895,2.267352941176471,0.0
2011-10-31,21181,21,PLEASE ONE PERSON METAL SIGN,47,3.6739999999999995,0.0
2011-11-07,21181,21,PLEASE ONE PERSON METAL SIGN,12,4.13,0.0
2011-11-14,21181,21,PLEASE ONE PERSON METAL SIGN,201,3.882857142857143,0.0
2011-11-21,21181,21,PLEASE ONE PERSON METAL SIGN,41,2.838181818181818,0.0
2011-11-28,21181,21,PLEASE ONE PERSON METAL SIGN,876,2.3137209302325585,0.0
2011-12-05,21181,21,PLEASE ONE PERSON METAL SIGN,438,2.3838235294117647,0.0
2009-11-30,21212,21,PACK OF 72 RETROSPOT CAKE CASES,1360,0.6172916666666667,0.0
2009-12-07,21212,21,PACK OF 72 RETROSPOT CAKE CASES,1075,0.6470731707317073,0.0
2009-12-14,21212,21,PACK OF 72 RETROSPOT CAKE CASES,1567,0.728,0.0
2009-12-21,21212,21,PACK OF 72 RETROSPOT CAKE CASES,524,1.0025,0.0
2010-01-04,21212,21,PACK OF 72 RETROSPOT CAKE CASES,207,0.55,1.0
2010-01-11,21212,21,PACK OF 72 RETROSPOT CAKE CASES,433,1.020357142857143,0.0
2010-01-18,21212,21,PACK OF 72 RETROSPOT CAKE CASES,915,0.7297142857142858,0.0
2010-01-25,21212,21,PACK OF 72 RETROSPOT CAKE CASES,773,0.6919444444444445,0.0
2010-02-01,21212,21,PACK OF 72 RETROSPOT CAKE CASES,710,0.6707407407407407,0.0
2010-02-08,21212,21,PACK OF 72 RETROSPOT CAKE CASES,713,0.7140000000000001,0.0
2010-02-15,21212,21,PACK OF 72 RETROSPOT CAKE CASES,857,0.628235294117647,0.0
2010-02-22,21212,21,PACK OF 72 RETROSPOT CAKE CASES,1459,0.6525,0.0
2010-03-01,21212,21,PACK OF 72 RETROSPOT CAKE CASES,959,0.6414705882352942,0.0
2010-03-08,21212,21,PACK OF 72 RETROSPOT CAKE CASES,473,0.8095454545454547,0.0
2010-03-15,21212,21,PACK OF 72 RETROSPOT CAKE CASES,1254,0.6646341463414634,0.0
2010-03-22,21212,21,PACK OF 72 RETROSPOT CAKE CASES,664,0.6386666666666667,0.0
2010-03-29,21212,21,PACK OF 72 RETROSPOT CAKE CASES,559,0.7219230769230769,0.0
2010-04-05,21212,21,PACK OF 72 RETROSPOT CAKE CASES,1604,0.6169565217391305,0.0
2010-04-12,21212,21,PACK OF 72 RETROSPOT CAKE CASES,460,0.5381818181818182,1.0
2010-04-19,21212,21,PACK OF 72 RETROSPOT CAKE CASES,672,0.7782926829268293,0.0
2010-04-26,21212,21,PACK OF 72 RETROSPOT CAKE CASES,1400,0.6397674418604652,0.0
2010-05-03,21212,21,PACK OF 72 RETROSPOT CAKE CASES,697,0.6202777777777778,0.0
2010-05-10,21212,21,PACK OF 72 RETROSPOT CAKE CASES,792,0.61,0.0
2010-05-17,21212,21,PACK OF 72 RETROSPOT CAKE CASES,843,0.6103125,0.0
2010-05-24,21212,21,PACK OF 72 RETROSPOT CAKE CASES,1399,0.67,0.0
2010-05-31,21212,21,PACK OF 72 RETROSPOT CAKE CASES,525,0.6755555555555556,0.0
2010-06-07,21212,21,PACK OF 72 RETROSPOT CAKE CASES,1291,0.6015909090909092,0.0
2010-06-14,21212,21,PACK OF 72 RETROSPOT CAKE CASES,285,0.7020833333333334,0.0
2010-06-21,21212,21,PACK OF 72 RETROSPOT CAKE CASES,412,1.0810526315789473,0.0
2010-06-28,21212,21,PACK OF 72 RETROSPOT CAKE CASES,1113,0.598529411764706,0.0
2010-07-05,21212,21,PACK OF 72 RETROSPOT CAKE CASES,825,0.6473076923076924,0.0
2010-07-12,21212,21,PACK OF 72 RETROSPOT CAKE CASES,634,0.6371875,0.0
2010-07-19,21212,21,PACK OF 72 RETROSPOT CAKE CASES,905,0.6437037037037038,0.0
2010-07-26,21212,21,PACK OF 72 RETROSPOT CAKE CASES,768,0.6345454545454546,0.0
2010-08-02,21212,21,PACK OF 72 RETROSPOT CAKE CASES,306,0.5800000000000001,0.0
2010-08-09,21212,21,PACK OF 72 RETROSPOT CAKE CASES,1828,0.7752777777777777,0.0
2010-08-16,21212,21,PACK OF 72 RETROSPOT CAKE CASES,1307,0.6189285714285715,0.0
2010-08-23,21212,21,PACK OF 72 RETROSPOT CAKE CASES,325,0.7325,0.0
2010-08-30,21212,21,PACK OF 72 RETROSPOT CAKE CASES,905,0.8007142857142858,0.0
2010-09-06,21212,21,PACK OF 72 RETROSPOT CAKE CASES,351,0.6436363636363637,0.0
2010-09-13,21212,21,PACK OF 72 RETROSPOT CAKE CASES,526,0.6496428571428572,0.0
2010-09-20,21212,21,PACK OF 72 RETROSPOT CAKE CASES,807,0.6238461538461539,0.0
2010-09-20,21212,21,PACK OF 72 RETROSPOT CAKE CASES,87,0.6311111111111112,0.0
2010-09-27,21212,21,PACK OF 72 RETROSPOT CAKE CASES,408,0.55,1.0
2010-09-27,21212,21,PACK OF 72 RETROSPOT CAKE CASES,651,0.6711428571428572,0.0
2010-10-04,21212,21,PACK OF 72 RETROSPOT CAKE CASES,216,0.524,1.0
2010-10-04,21212,21,PACK OF 72 RETROSPOT CAKE CASES,1867,0.6541935483870968,0.0
2010-10-11,21212,21,PACK OF 72 RETROSPOT CAKE CASES,192,0.5175000000000001,1.0
2010-10-11,21212,21,PACK OF 72 RETROSPOT CAKE CASES,985,0.6882857142857143,0.0
2010-10-18,21212,21,PACK OF 72 RETROSPOT CAKE CASES,72,0.55,0.0
2010-10-18,21212,21,PACK OF 72 RETROSPOT CAKE CASES,1096,0.6470731707317073,0.0
2010-10-25,21212,21,PACK OF 72 RETROSPOT CAKE CASES,48,0.55,0.0
2010-10-25,21212,21,PACK OF 72 RETROSPOT CAKE CASES,300,0.777391304347826,0.0
2010-11-01,21212,21,PACK OF 72 RETROSPOT CAKE CASES,288,0.5283333333333333,0.0
2010-11-01,21212,21,PACK OF 72 RETROSPOT CAKE CASES,665,0.6451351351351352,0.0
2010-11-08,21212,21,PACK OF 72 RETROSPOT CAKE CASES,24,0.55,0.0
2010-11-08,21212,21,PACK OF 72 RETROSPOT CAKE CASES,776,0.7176595744680851,0.0
2010-11-15,21212,21,PACK OF 72 RETROSPOT CAKE CASES,1495,0.7358536585365854,0.0
2010-11-22,21212,21,PACK OF 72 RETROSPOT CAKE CASES,24,0.55,0.0
2010-11-22,21212,21,PACK OF 72 RETROSPOT CAKE CASES,1019,0.7241304347826087,0.0
2010-11-29,21212,21,PACK OF 72 RETROSPOT CAKE CASES,1974,0.6907692307692308,0.0
2010-12-06,21212,21,PACK OF 72 RETROSPOT CAKE CASES,1549,0.7982539682539682,0.0
2010-12-13,21212,21,PACK OF 72 RETROSPOT CAKE CASES,424,0.856842105263158,0.0
2010-12-20,21212,21,PACK OF 72 RETROSPOT CAKE CASES,1027,1.09375,0.0
2011-01-03,21212,21,PACK OF 72 RETROSPOT CAKE CASES,252,0.5391666666666667,1.0
2011-01-10,21212,21,PACK OF 72 RETROSPOT CAKE CASES,331,0.8223809523809523,0.0
2011-01-17,21212,21,PACK OF 72 RETROSPOT CAKE CASES,145,0.9807692307692307,0.0
2011-01-24,21212,21,PACK OF 72 RETROSPOT CAKE CASES,533,0.8125,0.0
2011-01-31,21212,21,PACK OF 72 RETROSPOT CAKE CASES,486,0.7304166666666667,0.0
2011-02-07,21212,21,PACK OF 72 RETROSPOT CAKE CASES,299,0.8853333333333334,0.0
2011-02-14,21212,21,PACK OF 72 RETROSPOT CAKE CASES,334,0.7366666666666667,0.0
2011-02-21,21212,21,PACK OF 72 RETROSPOT CAKE CASES,550,0.7348387096774194,0.0
2011-02-28,21212,21,PACK OF 72 RETROSPOT CAKE CASES,521,0.670952380952381,1.0
2011-03-07,21212,21,PACK OF 72 RETROSPOT CAKE CASES,526,0.8015000000000001,0.0
2011-03-14,21212,21,PACK OF 72 RETROSPOT CAKE CASES,799,0.7479166666666667,0.0
2011-03-21,21212,21,PACK OF 72 RETROSPOT CAKE CASES,383,0.7000000000000001,0.0
2011-03-28,21212,21,PACK OF 72 RETROSPOT CAKE CASES,497,0.7411111111111112,0.0
2011-04-04,21212,21,PACK OF 72 RETROSPOT CAKE CASES,597,0.6941176470588236,0.0
2011-04-11,21212,21,PACK OF 72 RETROSPOT CAKE CASES,552,0.652,0.0
2011-04-18,21212,21,PACK OF 72 RETROSPOT CAKE CASES,1349,0.8403846153846154,0.0
2011-04-25,21212,21,PACK OF 72 RETROSPOT CAKE CASES,243,0.7665,0.0
2011-05-02,21212,21,PACK OF 72 RETROSPOT CAKE CASES,428,0.7176666666666667,0.0
2011-05-09,21212,21,PACK OF 72 RETROSPOT CAKE CASES,349,0.7842857142857144,0.0
2011-05-16,21212,21,PACK OF 72 RETROSPOT CAKE CASES,527,0.7115384615384616,0.0
2011-05-23,21212,21,PACK OF 72 RETROSPOT CAKE CASES,288,0.7127777777777777,0.0
2011-05-30,21212,21,PACK OF 72 RETROSPOT CAKE CASES,199,0.8092857142857143,0.0
2011-06-06,21212,21,PACK OF 72 RETROSPOT CAKE CASES,427,0.7792,0.0
2011-06-13,21212,21,PACK OF 72 RETROSPOT CAKE CASES,424,0.7786363636363638,0.0
2011-06-20,21212,21,PACK OF 72 RETROSPOT CAKE CASES,109,0.8294444444444444,0.0
2011-06-27,21212,21,PACK OF 72 RETROSPOT CAKE CASES,123,0.7977777777777778,0.0
2011-07-04,21212,21,PACK OF 72 RETROSPOT CAKE CASES,1075,0.8221739130434783,0.0
2011-07-11,21212,21,PACK OF 72 RETROSPOT CAKE CASES,205,0.7410526315789474,0.0
2011-07-18,21212,21,PACK OF 72 RETROSPOT CAKE CASES,311,0.7844,0.0
2011-07-25,21212,21,PACK OF 72 RETROSPOT CAKE CASES,531,0.70875,0.0
2011-08-01,21212,21,PACK OF 72 RETROSPOT CAKE CASES,301,0.7115384615384616,0.0
2011-08-08,21212,21,PACK OF 72 RETROSPOT CAKE CASES,263,0.9,0.0
2011-08-15,21212,21,PACK OF 72 RETROSPOT CAKE CASES,1554,0.8276190476190477,0.0
2011-08-22,21212,21,PACK OF 72 RETROSPOT CAKE CASES,244,0.7412500000000001,0.0
2011-08-29,21212,21,PACK OF 72 RETROSPOT CAKE CASES,411,0.9046428571428572,0.0
2011-09-05,21212,21,PACK OF 72 RETROSPOT CAKE CASES,352,0.7516666666666667,0.0
2011-09-12,21212,21,PACK OF 72 RETROSPOT CAKE CASES,931,0.9113636363636364,0.0
2011-09-19,21212,21,PACK OF 72 RETROSPOT CAKE CASES,404,0.8546428571428571,0.0
2011-09-26,21212,21,PACK OF 72 RETROSPOT CAKE CASES,311,0.7232000000000001,0.0
2011-10-03,21212,21,PACK OF 72 RETROSPOT CAKE CASES,405,0.8932142857142857,0.0
2011-10-10,21212,21,PACK OF 72 RETROSPOT CAKE CASES,163,0.8947058823529412,0.0
2011-10-17,21212,21,PACK OF 72 RETROSPOT CAKE CASES,147,0.8473333333333334,0.0
2011-10-24,21212,21,PACK OF 72 RETROSPOT CAKE CASES,449,0.5728,1.0
2011-10-31,21212,21,PACK OF 72 RETROSPOT CAKE CASES,778,0.69,0.0
2011-11-07,21212,21,PACK OF 72 RETROSPOT CAKE CASES,326,0.8092857142857143,0.0
2011-11-14,21212,21,PACK OF 72 RETROSPOT CAKE CASES,398,0.7802941176470588,0.0
2011-11-21,21212,21,PACK OF 72 RETROSPOT CAKE CASES,270,0.9885185185185186,0.0
2011-11-28,21212,21,PACK OF 72 RETROSPOT CAKE CASES,426,1.1636,0.0
2011-12-05,21212,21,PACK OF 72 RETROSPOT CAKE CASES,194,1.1865217391304348,0.0
