results/realworld_weekly.csv
date,product,category,description,sales,price,promo
2009-11-30,21213,21,PACK OF 72 SKULL CAKE CASES,333,0.7285714285714286,0.0
2009-12-07,21213,21,PACK OF 72 SKULL CAKE CASES,170,0.8384615384615385,0.0
2009-12-14,21213,21,PACK OF 72 SKULL CAKE CASES,361,0.9157142857142857,0.0
2009-12-21,21213,21,PACK OF 72 SKULL CAKE CASES,485,0.8925000000000001,0.0
2010-01-04,21213,21,PACK OF 72 SKULL CAKE CASES,207,0.524,1.0
2010-01-11,21213,21,PACK OF 72 SKULL CAKE CASES,380,0.8564285714285714,0.0
2010-01-18,21213,21,PACK OF 72 SKULL CAKE CASES,568,0.7430769230769231,0.0
2010-01-25,21213,21,PACK OF 72 SKULL CAKE CASES,151,0.7325,0.0
2010-02-01,21213,21,PACK OF 72 SKULL CAKE CASES,177,0.778888888888889,0.0
2010-02-08,21213,21,PACK OF 72 SKULL CAKE CASES,463,0.706923076923077,0.0
2010-02-15,21213,21,PACK OF 72 SKULL CAKE CASES,337,0.6971428571428572,0.0
2010-02-22,21213,21,PACK OF 72 SKULL CAKE CASES,165,0.769,0.0
2010-03-01,21213,21,PACK OF 72 SKULL CAKE CASES,869,0.5820000000000001,1.0
2010-03-08,21213,21,PACK OF 72 SKULL CAKE CASES,236,0.670909090909091,0.0
2010-03-15,21213,21,PACK OF 72 SKULL CAKE CASES,782,0.62375,0.0
2010-03-22,21213,21,PACK OF 72 SKULL CAKE CASES,151,0.6960000000000001,0.0
2010-03-29,21213,21,PACK OF 72 SKULL CAKE CASES,143,0.6061538461538463,0.0
2010-04-05,21213,21,PACK OF 72 SKULL CAKE CASES,636,0.756,0.0
2010-04-12,21213,21,PACK OF 72 SKULL CAKE CASES,291,0.5355555555555556,1.0
2010-04-19,21213,21,PACK OF 72 SKULL CAKE CASES,222,0.6412500000000001,0.0
2010-04-26,21213,21,PACK OF 72 SKULL CAKE CASES,354,0.5905555555555556,0.0
2010-05-03,21213,21,PACK OF 72 SKULL CAKE CASES,243,0.633125,0.0
2010-05-10,21213,21,PACK OF 72 SKULL CAKE CASES,293,0.670909090909091,0.0
2010-05-17,21213,21,PACK OF 72 SKULL CAKE CASES,577,0.5861538461538461,0.0
2010-05-24,21213,21,PACK OF 72 SKULL CAKE CASES,549,0.6286666666666666,0.0
2010-05-31,21213,21,PACK OF 72 SKULL CAKE CASES,47,0.9758333333333334,0.0
2010-06-07,21213,21,PACK OF 72 SKULL CAKE CASES,381,0.7273333333333334,0.0
2010-06-14,21213,21,PACK OF 72 SKULL CAKE CASES,378,0.628235294117647,0.0
2010-06-21,21213,21,PACK OF 72 SKULL CAKE CASES,208,0.9536363636363636,0.0
2010-06-28,21213,21,PACK OF 72 SKULL CAKE CASES,487,0.5732,1.0
2010-07-05,21213,21,PACK OF 72 SKULL CAKE CASES,307,0.7788888888888889,0.0
2010-07-12,21213,21,PACK OF 72 SKULL CAKE CASES,79,0.55,1.0
2010-07-19,21213,21,PACK OF 72 SKULL CAKE CASES,175,0.55,1.0
2010-07-26,21213,21,PACK OF 72 SKULL CAKE CASES,567,0.6071428571428571,0.0
2010-08-02,21213,21,PACK OF 72 SKULL CAKE CASES,101,0.55,1.0
2010-08-09,21213,21,PACK OF 72 SKULL CAKE CASES,1230,0.9533333333333334,0.0
2010-08-16,21213,21,PACK OF 72 SKULL CAKE CASES,1155,0.6264285714285714,0.0
2010-08-23,21213,21,PACK OF 72 SKULL CAKE CASES,134,0.55,1.0
2010-08-30,21213,21,PACK OF 72 SKULL CAKE CASES,437,0.814375,0.0
2010-09-06,21213,21,PACK OF 72 SKULL CAKE CASES,147,0.6473333333333334,0.0
2010-09-13,21213,21,PACK OF 72 SKULL CAKE CASES,1046,0.5735,0.0
2010-09-20,21213,21,PACK OF 72 SKULL CAKE CASES,626,0.632,0.0
2010-09-27,21213,21,PACK OF 72 SKULL CAKE CASES,260,0.715,0.0
2010-10-04,21213,21,PACK OF 72 SKULL CAKE CASES,1823,0.6663333333333334,0.0
2010-10-11,21213,21,PACK OF 72 SKULL CAKE CASES,480,0.6355555555555555,0.0
2010-10-18,21213,21,PACK OF 72 SKULL CAKE CASES,516,0.7275,0.0
2010-10-25,21213,21,PACK OF 72 SKULL CAKE CASES,630,0.8300000000000001,0.0
2010-11-01,21213,21,PACK OF 72 SKULL CAKE CASES,556,0.6324000000000001,0.0
2010-11-08,21213,21,PACK OF 72 SKULL CAKE CASES,186,0.8033333333333333,0.0
2010-11-15,21213,21,PACK OF 72 SKULL CAKE CASES,675,0.7726666666666666,0.0
2010-11-22,21213,21,PACK OF 72 SKULL CAKE CASES,569,0.812,0.0
2010-11-29,21213,21,PACK OF 72 SKULL CAKE CASES,270,0.9147826086956521,0.0
2010-12-06,21213,21,PACK OF 72 SKULL CAKE CASES,357,0.9842857142857143,0.0
2010-12-13,21213,21,PACK OF 72 SKULL CAKE CASES,131,0.88,0.0
2010-12-20,21213,21,PACK OF 72 SKULL CAKE CASES,513,1.298,0.0
2011-01-03,21213,21,PACK OF 72 SKULL CAKE CASES,127,0.55,1.0
2011-01-10,21213,21,PACK OF 72 SKULL CAKE CASES,132,0.65,1.0
2011-01-17,21213,21,PACK OF 72 SKULL CAKE CASES,79,0.8685714285714285,0.0
2011-01-24,21213,21,PACK OF 72 SKULL CAKE CASES,184,1.0311111111111113,0.0
2011-01-31,21213,21,PACK OF 72 SKULL CAKE CASES,195,0.9023529411764706,0.0
2011-02-07,21213,21,PACK OF 72 SKULL CAKE CASES,38,1.1766666666666667,0.0
2011-02-14,21213,21,PACK OF 72 SKULL CAKE CASES,179,0.8292307692307693,0.0
2011-02-21,21213,21,PACK OF 72 SKULL CAKE CASES,184,0.91625,0.0
2011-02-28,21213,21,PACK OF 72 SKULL CAKE CASES,292,0.5128571428571429,1.0
2011-03-07,21213,21,PACK OF 72 SKULL CAKE CASES,128,0.89,0.0
2011-03-14,21213,21,PACK OF 72 SKULL CAKE CASES,100,0.9677777777777778,0.0
2011-03-21,21213,21,PACK OF 72 SKULL CAKE CASES,160,0.7223529411764706,1.0
2011-03-28,21213,21,PACK OF 72 SKULL CAKE CASES,204,0.8281818181818182,0.0
2011-04-04,21213,21,PACK OF 72 SKULL CAKE CASES,184,0.7753846153846153,0.0
2011-04-11,21213,21,PACK OF 72 SKULL CAKE CASES,339,0.8300000000000001,0.0
2011-04-18,21213,21,PACK OF 72 SKULL CAKE CASES,1023,0.8280000000000001,0.0
2011-04-25,21213,21,PACK OF 72 SKULL CAKE CASES,152,0.9,0.0
2011-05-02,21213,21,PACK OF 72 SKULL CAKE CASES,266,0.7250000000000001,0.0
2011-05-09,21213,21,PACK OF 72 SKULL CAKE CASES,104,0.8392307692307692,0.0
2011-05-16,21213,21,PACK OF 72 SKULL CAKE CASES,34,0.9325000000000001,0.0
2011-05-23,21213,21,PACK OF 72 SKULL CAKE CASES,146,0.843,0.0
2011-05-30,21213,21,PACK OF 72 SKULL CAKE CASES,252,0.740909090909091,0.0
2011-06-06,21213,21,PACK OF 72 SKULL CAKE CASES,130,0.8535294117647059,0.0
2011-06-13,21213,21,PACK OF 72 SKULL CAKE CASES,239,0.8006666666666667,0.0
2011-06-20,21213,21,PACK OF 72 SKULL CAKE CASES,236,0.760625,0.0
2011-06-27,21213,21,PACK OF 72 SKULL CAKE CASES,101,0.6500000000000001,1.0
2011-07-04,21213,21,PACK OF 72 SKULL CAKE CASES,537,0.7666666666666667,0.0
2011-07-11,21213,21,PACK OF 72 SKULL CAKE CASES,206,0.6476923076923077,1.0
2011-07-18,21213,21,PACK OF 72 SKULL CAKE CASES,160,0.7115384615384616,0.0
2011-07-25,21213,21,PACK OF 72 SKULL CAKE CASES,207,0.6083333333333334,1.0
2011-08-01,21213,21,PACK OF 72 SKULL CAKE CASES,121,0.7250000000000001,0.0
2011-08-08,21213,21,PACK OF 72 SKULL CAKE CASES,64,0.6500000000000001,0.0
2011-08-15,21213,21,PACK OF 72 SKULL CAKE CASES,804,0.7225,0.0
2011-08-22,21213,21,PACK OF 72 SKULL CAKE CASES,159,0.8281818181818182,0.0
2011-08-29,21213,21,PACK OF 72 SKULL CAKE CASES,195,1.0592857142857144,0.0
2011-09-05,21213,21,PACK OF 72 SKULL CAKE CASES,776,0.7525925925925926,0.0
2011-09-12,21213,21,PACK OF 72 SKULL CAKE CASES,865,0.76875,0.0
2011-09-19,21213,21,PACK OF 72 SKULL CAKE CASES,252,0.851578947368421,0.0
2011-09-26,21213,21,PACK OF 72 SKULL CAKE CASES,194,0.7635294117647059,0.0
2011-10-03,21213,21,PACK OF 72 SKULL CAKE CASES,202,1.0452941176470587,0.0
2011-10-10,21213,21,PACK OF 72 SKULL CAKE CASES,128,0.785,0.0
2011-10-17,21213,21,PACK OF 72 SKULL CAKE CASES,336,0.864375,0.0
2011-10-24,21213,21,PACK OF 72 SKULL CAKE CASES,361,0.820625,0.0
2011-10-31,21213,21,PACK OF 72 SKULL CAKE CASES,131,0.9677777777777778,0.0
2011-11-07,21213,21,PACK OF 72 SKULL CAKE CASES,111,0.9406666666666668,0.0
2011-11-14,21213,21,PACK OF 72 SKULL CAKE CASES,163,0.843,0.0
2011-11-21,21213,21,PACK OF 72 SKULL CAKE CASES,64,0.7753846153846153,0.0
2011-11-28,21213,21,PACK OF 72 SKULL CAKE CASES,186,0.7015384615384617,1.0
2011-12-05,21213,21,PACK OF 72 SKULL CAKE CASES,106,0.7833333333333334,0.0
2009-11-30,21231,21,SWEETHEART CERAMIC TRINKET BOX,621,1.375625,0.0
2009-12-07,21231,21,SWEETHEART CERAMIC TRINKET BOX,147,1.91,0.0
2009-12-14,21231,21,SWEETHEART CERAMIC TRINKET BOX,42,2.35,0.0
2009-12-21,21231,21,SWEETHEART CERAMIC TRINKET BOX,1,2.57,0.0
2010-01-04,21231,21,SWEETHEART CERAMIC TRINKET BOX,9,1.25,1.0
2010-03-08,21231,21,SWEETHEART CERAMIC TRINKET BOX,29,1.5175,1.0
2010-03-15,21231,21,SWEETHEART CERAMIC TRINKET BOX,612,1.4575675675675677,1.0
2010-03-22,21231,21,SWEETHEART CERAMIC TRINKET BOX,555,1.4212,1.0
2010-03-29,21231,21,SWEETHEART CERAMIC TRINKET BOX,187,1.5459999999999998,0.0
2010-04-05,21231,21,SWEETHEART CERAMIC TRINKET BOX,305,1.54125,0.0
2010-04-12,21231,21,SWEETHEART CERAMIC TRINKET BOX,171,1.2364285714285714,1.0
2010-04-19,21231,21,SWEETHEART CERAMIC TRINKET BOX,378,1.6089999999999998,0.0
2010-04-26,21231,21,SWEETHEART CERAMIC TRINKET BOX,227,1.4749999999999999,0.0
2010-05-03,21231,21,SWEETHEART CERAMIC TRINKET BOX,278,1.672,0.0
2010-05-10,21231,21,SWEETHEART CERAMIC TRINKET BOX,567,1.4703846153846152,0.0
2010-05-17,21231,21,SWEETHEART CERAMIC TRINKET BOX,110,1.4723529411764706,0.0
2010-05-24,21231,21,SWEETHEART CERAMIC TRINKET BOX,320,1.5448,0.0
2010-05-31,21231,21,SWEETHEART CERAMIC TRINKET BOX,114,1.5999999999999999,0.0
2010-06-07,21231,21,SWEETHEART CERAMIC TRINKET BOX,261,1.398235294117647,0.0
2010-06-14,21231,21,SWEETHEART CERAMIC TRINKET BOX,390,1.4868000000000001,0.0
2010-06-21,21231,21,SWEETHEART CERAMIC TRINKET BOX,290,1.5409523809523809,0.0
2010-06-28,21231,21,SWEETHEART CERAMIC TRINKET BOX,351,1.4289473684210525,0.0
2010-07-05,21231,21,SWEETHEART CERAMIC TRINKET BOX,210,1.5019999999999998,0.0
2010-07-12,21231,21,SWEETHEART CERAMIC TRINKET BOX,477,1.38375,0.0
2010-07-19,21231,21,SWEETHEART CERAMIC TRINKET BOX,215,1.4143478260869566,0.0
2010-07-26,21231,21,SWEETHEART CERAMIC TRINKET BOX,262,1.3664999999999998,0.0
2010-08-02,21231,21,SWEETHEART CERAMIC TRINKET BOX,208,1.316875,0.0
2010-08-09,21231,21,SWEETHEART CERAMIC TRINKET BOX,223,1.5334615384615384,0.0
2010-08-16,21231,21,SWEETHEART CERAMIC TRINKET BOX,261,1.360952380952381,0.0
2010-08-23,21231,21,SWEETHEART CERAMIC TRINKET BOX,306,1.2928,0.0
2010-08-30,21231,21,SWEETHEART CERAMIC TRINKET BOX,176,1.4389473684210525,0.0
2010-09-06,21231,21,SWEETHEART CERAMIC TRINKET BOX,316,1.4053333333333333,0.0
2010-09-13,21231,21,SWEETHEART CERAMIC TRINKET BOX,216,1.3870588235294117,0.0
2010-09-20,21231,21,SWEETHEART CERAMIC TRINKET BOX,405,1.4956666666666665,0.0
2010-09-27,21231,21,SWEETHEART CERAMIC TRINKET BOX,380,1.4675757575757575,0.0
2010-10-04,21231,21,SWEETHEART CERAMIC TRINKET BOX,248,1.331290322580645,0.0
2010-10-11,21231,21,SWEETHEART CERAMIC TRINKET BOX,421,1.4443478260869564,0.0
2010-10-18,21231,21,SWEETHEART CERAMIC TRINKET BOX,280,1.4365384615384615,0.0
2010-10-25,21231,21,SWEETHEART CERAMIC TRINKET BOX,423,1.4212,0.0
2010-11-01,21231,21,SWEETHEART CERAMIC TRINKET BOX,503,1.3471428571428572,0.0
2010-11-08,21231,21,SWEETHEART CERAMIC TRINKET BOX,435,1.527,0.0
2010-11-15,21231,21,SWEETHEART CERAMIC TRINKET BOX,230,1.6175,0.0
2010-11-22,21231,21,SWEETHEART CERAMIC TRINKET BOX,412,1.5629032258064515,0.0
2010-11-29,21231,21,SWEETHEART CERAMIC TRINKET BOX,305,1.6162962962962963,0.0
2010-12-06,21231,21,SWEETHEART CERAMIC TRINKET BOX,466,1.7254761904761904,0.0
2010-12-13,21231,21,SWEETHEART CERAMIC TRINKET BOX,209,1.7294444444444443,0.0
2010-12-20,21231,21,SWEETHEART CERAMIC TRINKET BOX,32,1.754,0.0
2011-01-03,21231,21,SWEETHEART CERAMIC TRINKET BOX,127,1.54125,0.0
2011-01-10,21231,21,SWEETHEART CERAMIC TRINKET BOX,37,1.67,0.0
2011-01-17,21231,21,SWEETHEART CERAMIC TRINKET BOX,317,1.6058333333333332,0.0
2011-01-24,21231,21,SWEETHEART CERAMIC TRINKET BOX,58,1.5525,0.0
2011-01-31,21231,21,SWEETHEART CERAMIC TRINKET BOX,96,1.3957142857142857,0.0
2011-02-07,21231,21,SWEETHEART CERAMIC TRINKET BOX,32,1.855,0.0
2011-02-14,21231,21,SWEETHEART CERAMIC TRINKET BOX,86,1.492,0.0
2011-02-21,21231,21,SWEETHEART CERAMIC TRINKET BOX,212,1.4215384615384616,0.0
2011-02-28,21231,21,SWEETHEART CERAMIC TRINKET BOX,95,1.518888888888889,0.0
2011-03-07,21231,21,SWEETHEART CERAMIC TRINKET BOX,31,1.855,0.0
2011-03-14,21231,21,SWEETHEART CERAMIC TRINKET BOX,50,1.492,0.0
2011-03-21,21231,21,SWEETHEART CERAMIC TRINKET BOX,63,1.6533333333333333,0.0
2011-03-28,21231,21,SWEETHEART CERAMIC TRINKET BOX,89,1.371,0.0
2011-04-04,21231,21,SWEETHEART CERAMIC TRINKET BOX,44,1.5957142857142856,0.0
2011-04-11,21231,21,SWEETHEART CERAMIC TRINKET BOX,100,1.25,1.0
2011-04-18,21231,21,SWEETHEART CERAMIC TRINKET BOX,92,1.6533333333333333,0.0
2011-04-25,21231,21,SWEETHEART CERAMIC TRINKET BOX,182,1.2120000000000002,1.0
2011-05-02,21231,21,SWEETHEART CERAMIC TRINKET BOX,225,1.593076923076923,0.0
2011-05-09,21231,21,SWEETHEART CERAMIC TRINKET BOX,134,1.3775,0.0
2011-05-16,21231,21,SWEETHEART CERAMIC TRINKET BOX,139,1.3508333333333333,0.0
2011-05-23,21231,21,SWEETHEART CERAMIC TRINKET BOX,53,1.4516666666666669,0.0
2011-05-30,21231,21,SWEETHEART CERAMIC TRINKET BOX,44,1.8549999999999998,0.0
2011-06-06,21231,21,SWEETHEART CERAMIC TRINKET BOX,40,1.422857142857143,0.0
2011-06-13,21231,21,SWEETHEART CERAMIC TRINKET BOX,98,1.938,0.0
2011-06-20,21231,21,SWEETHEART CERAMIC TRINKET BOX,27,1.7037499999999999,0.0
2011-06-27,21231,21,SWEETHEART CERAMIC TRINKET BOX,86,1.454,0.0
2011-07-04,21231,21,SWEETHEART CERAMIC TRINKET BOX,27,1.25,1.0
2011-07-11,21231,21,SWEETHEART CERAMIC TRINKET BOX,69,1.5799999999999998,0.0
2011-07-18,21231,21,SWEETHEART CERAMIC TRINKET BOX,26,1.734,0.0
2011-07-25,21231,21,SWEETHEART CERAMIC TRINKET BOX,36,1.734,0.0
2011-08-01,21231,21,SWEETHEART CERAMIC TRINKET BOX,75,1.5525,0.0
2011-08-08,21231,21,SWEETHEART CERAMIC TRINKET BOX,225,1.78375,0.0
2011-08-15,21231,21,SWEETHEART CERAMIC TRINKET BOX,28,1.25,1.0
2011-08-22,21231,21,SWEETHEART CERAMIC TRINKET BOX,32,1.25,1.0
2011-08-29,21231,21,SWEETHEART CERAMIC TRINKET BOX,45,1.855,0.0
2011-09-05,21231,21,SWEETHEART CERAMIC TRINKET BOX,61,1.25,1.0
2011-09-12,21231,21,SWEETHEART CERAMIC TRINKET BOX,149,1.4527272727272729,0.0
2011-09-19,21231,21,SWEETHEART CERAMIC TRINKET BOX,214,1.5650000000000002,0.0
2011-09-26,21231,21,SWEETHEART CERAMIC TRINKET BOX,33,1.6533333333333333,0.0
2011-10-03,21231,21,SWEETHEART CERAMIC TRINKET BOX,95,2.025,0.0
2011-10-10,21231,21,SWEETHEART CERAMIC TRINKET BOX,89,1.5292307692307692,0.0
2011-10-17,21231,21,SWEETHEART CERAMIC TRINKET BOX,110,1.6216666666666668,0.0
2011-10-24,21231,21,SWEETHEART CERAMIC TRINKET BOX,153,1.4793333333333334,0.0
2011-10-31,21231,21,SWEETHEART CERAMIC TRINKET BOX,143,1.7666666666666666,0.0
2011-11-07,21231,21,SWEETHEART CERAMIC TRINKET BOX,91,1.6058823529411765,0.0
2011-11-14,21231,21,SWEETHEART CERAMIC TRINKET BOX,98,1.6533333333333333,0.0
2011-11-21,21231,21,SWEETHEART CERAMIC TRINKET BOX,191,1.642777777777778,0.0
2011-11-28,21231,21,SWEETHEART CERAMIC TRINKET BOX,190,1.5947058823529412,0.0
2011-12-05,21231,21,SWEETHEART CERAMIC TRINKET BOX,123,1.8359999999999999,0.0
