results/realworld_weekly.csv
date,product,category,description,sales,price,promo
2009-11-30,21232,21,STRAWBERRY CERAMIC TRINKET BOX,946,1.3524561403508772,0.0
2009-12-07,21232,21,STRAWBERRY CERAMIC TRINKET BOX,988,1.377857142857143,0.0
2009-12-14,21232,21,STRAWBERRY CERAMIC TRINKET BOX,1240,1.4844897959183672,0.0
2009-12-21,21232,21,STRAWBERRY CERAMIC TRINKET BOX,23,2.57,0.0
2010-01-04,21232,21,STRAWBERRY CERAMIC TRINKET BOX,737,1.1866666666666668,1.0
2010-01-11,21232,21,STRAWBERRY CERAMIC TRINKET BOX,366,1.876923076923077,0.0
2010-01-18,21232,21,STRAWBERRY CERAMIC TRINKET BOX,453,1.5229629629629629,0.0
2010-01-25,21232,21,STRAWBERRY CERAMIC TRINKET BOX,424,1.5590909090909089,0.0
2010-02-01,21232,21,STRAWBERRY CERAMIC TRINKET BOX,382,1.4473333333333334,0.0
2010-02-08,21232,21,STRAWBERRY CERAMIC TRINKET BOX,290,1.4682142857142857,0.0
2010-02-15,21232,21,STRAWBERRY CERAMIC TRINKET BOX,171,1.6509090909090909,0.0
2010-02-22,21232,21,STRAWBERRY CERAMIC TRINKET BOX,531,1.508888888888889,0.0
2010-03-01,21232,21,STRAWBERRY CERAMIC TRINKET BOX,724,1.3777142857142857,0.0
2010-03-08,21232,21,STRAWBERRY CERAMIC TRINKET BOX,361,1.7395454545454543,0.0
2010-03-15,21232,21,STRAWBERRY CERAMIC TRINKET BOX,597,1.4726829268292683,0.0
2010-03-22,21232,21,STRAWBERRY CERAMIC TRINKET BOX,296,1.4520833333333334,0.0
2010-03-29,21232,21,STRAWBERRY CERAMIC TRINKET BOX,283,1.4618181818181817,0.0
2010-04-05,21232,21,STRAWBERRY CERAMIC TRINKET BOX,215,1.4389473684210525,0.0
2010-04-12,21232,21,STRAWBERRY CERAMIC TRINKET BOX,212,1.228888888888889,1.0
2010-04-19,21232,21,STRAWBERRY CERAMIC TRINKET BOX,455,1.6548571428571428,0.0
2010-04-26,21232,21,STRAWBERRY CERAMIC TRINKET BOX,386,1.466764705882353,0.0
2010-05-03,21232,21,STRAWBERRY CERAMIC TRINKET BOX,634,1.4928571428571427,0.0
2010-05-10,21232,21,STRAWBERRY CERAMIC TRINKET BOX,684,1.4703333333333333,0.0
2010-05-17,21232,21,STRAWBERRY CERAMIC TRINKET BOX,216,1.4809523809523808,0.0
2010-05-24,21232,21,STRAWBERRY CERAMIC TRINKET BOX,515,1.4346666666666665,0.0
2010-05-31,21232,21,STRAWBERRY CERAMIC TRINKET BOX,186,1.5363636363636362,0.0
2010-06-07,21232,21,STRAWBERRY CERAMIC TRINKET BOX,469,1.40275,0.0
2010-06-14,21232,21,STRAWBERRY CERAMIC TRINKET BOX,620,1.4975862068965518,0.0
2010-06-21,21232,21,STRAWBERRY CERAMIC TRINKET BOX,413,1.4975862068965518,0.0
2010-06-28,21232,21,STRAWBERRY CERAMIC TRINKET BOX,502,1.4053333333333333,0.0
2010-07-05,21232,21,STRAWBERRY CERAMIC TRINKET BOX,420,1.4144444444444444,0.0
2010-07-12,21232,21,STRAWBERRY CERAMIC TRINKET BOX,668,1.4289473684210525,0.0
2010-07-19,21232,21,STRAWBERRY CERAMIC TRINKET BOX,419,1.3759259259259258,0.0
2010-07-26,21232,21,STRAWBERRY CERAMIC TRINKET BOX,433,1.38375,0.0
2010-08-02,21232,21,STRAWBERRY CERAMIC TRINKET BOX,231,1.316875,0.0
2010-08-09,21232,21,STRAWBERRY CERAMIC TRINKET BOX,428,1.6456097560975609,0.0
2010-08-16,21232,21,STRAWBERRY CERAMIC TRINKET BOX,368,1.396969696969697,0.0
2010-08-23,21232,21,STRAWBERRY CERAMIC TRINKET BOX,343,1.4172413793103449,0.0
2010-08-30,21232,21,STRAWBERRY CERAMIC TRINKET BOX,312,1.6038095238095238,0.0
2010-09-06,21232,21,STRAWBERRY CERAMIC TRINKET BOX,350,1.4151351351351351,0.0
2010-09-13,21232,21,STRAWBERRY CERAMIC TRINKET BOX,393,1.3396153846153847,0.0
2010-09-20,21232,21,STRAWBERRY CERAMIC TRINKET BOX,468,1.5102380952380952,0.0
2010-09-27,21232,21,STRAWBERRY CERAMIC TRINKET BOX,409,1.499090909090909,0.0
2010-10-04,21232,21,STRAWBERRY CERAMIC TRINKET BOX,968,1.3976190476190478,0.0
2010-10-11,21232,21,STRAWBERRY CERAMIC TRINKET BOX,410,1.4917647058823529,0.0
2010-10-18,21232,21,STRAWBERRY CERAMIC TRINKET BOX,440,1.4607692307692308,0.0
2010-10-25,21232,21,STRAWBERRY CERAMIC TRINKET BOX,439,1.4949999999999999,0.0
2010-11-01,21232,21,STRAWBERRY CERAMIC TRINKET BOX,520,1.3807692307692307,0.0
2010-11-08,21232,21,STRAWBERRY CERAMIC TRINKET BOX,958,1.4959459459459459,0.0
2010-11-15,21232,21,STRAWBERRY CERAMIC TRINKET BOX,359,1.4877419354838708,0.0
2010-11-22,21232,21,STRAWBERRY CERAMIC TRINKET BOX,518,1.441860465116279,0.0
2010-11-29,21232,21,STRAWBERRY CERAMIC TRINKET BOX,1572,1.58,0.0
2010-12-06,21232,21,STRAWBERRY CERAMIC TRINKET BOX,567,1.7875555555555556,0.0
2010-12-13,21232,21,STRAWBERRY CERAMIC TRINKET BOX,312,1.6203448275862067,0.0
2010-12-20,21232,21,STRAWBERRY CERAMIC TRINKET BOX,47,1.754,0.0
2011-01-03,21232,21,STRAWBERRY CERAMIC TRINKET BOX,124,1.4441666666666666,0.0
2011-01-10,21232,21,STRAWBERRY CERAMIC TRINKET BOX,28,2.006,0.0
2011-01-17,21232,21,STRAWBERRY CERAMIC TRINKET BOX,124,1.6322222222222222,0.0
2011-01-24,21232,21,STRAWBERRY CERAMIC TRINKET BOX,158,1.9458333333333335,0.0
2011-01-31,21232,21,STRAWBERRY CERAMIC TRINKET BOX,154,2.0523529411764705,0.0
2011-02-07,21232,21,STRAWBERRY CERAMIC TRINKET BOX,101,1.8409090909090908,0.0
2011-02-14,21232,21,STRAWBERRY CERAMIC TRINKET BOX,110,1.7225000000000001,0.0
2011-02-21,21232,21,STRAWBERRY CERAMIC TRINKET BOX,439,1.568888888888889,0.0
2011-02-28,21232,21,STRAWBERRY CERAMIC TRINKET BOX,306,1.5123529411764707,0.0
2011-03-07,21232,21,STRAWBERRY CERAMIC TRINKET BOX,304,1.7481818181818183,0.0
2011-03-14,21232,21,STRAWBERRY CERAMIC TRINKET BOX,74,1.422857142857143,1.0
2011-03-21,21232,21,STRAWBERRY CERAMIC TRINKET BOX,271,1.3986666666666667,1.0
2011-03-28,21232,21,STRAWBERRY CERAMIC TRINKET BOX,248,1.6385714285714283,0.0
2011-04-04,21232,21,STRAWBERRY CERAMIC TRINKET BOX,128,1.2228571428571429,1.0
2011-04-11,21232,21,STRAWBERRY CERAMIC TRINKET BOX,142,2.015,0.0
2011-04-18,21232,21,STRAWBERRY CERAMIC TRINKET BOX,139,1.6223076923076922,0.0
2011-04-25,21232,21,STRAWBERRY CERAMIC TRINKET BOX,214,2.134,0.0
2011-05-02,21232,21,STRAWBERRY CERAMIC TRINKET BOX,238,1.5544444444444445,0.0
2011-05-09,21232,21,STRAWBERRY CERAMIC TRINKET BOX,136,2.036,0.0
2011-05-16,21232,21,STRAWBERRY CERAMIC TRINKET BOX,233,1.524,0.0
2011-05-23,21232,21,STRAWBERRY CERAMIC TRINKET BOX,126,1.5685714285714287,0.0
2011-05-30,21232,21,STRAWBERRY CERAMIC TRINKET BOX,110,1.8599999999999999,0.0
2011-06-06,21232,21,STRAWBERRY CERAMIC TRINKET BOX,171,1.6007142857142858,0.0
2011-06-13,21232,21,STRAWBERRY CERAMIC TRINKET BOX,74,2.1316666666666664,0.0
2011-06-20,21232,21,STRAWBERRY CERAMIC TRINKET BOX,117,1.516875,0.0
2011-06-27,21232,21,STRAWBERRY CERAMIC TRINKET BOX,104,1.6554545454545455,0.0
2011-07-04,21232,21,STRAWBERRY CERAMIC TRINKET BOX,65,1.7792307692307692,0.0
2011-07-11,21232,21,STRAWBERRY CERAMIC TRINKET BOX,121,1.4215384615384616,1.0
2011-07-18,21232,21,STRAWBERRY CERAMIC TRINKET BOX,141,1.5627272727272727,0.0
2011-07-25,21232,21,STRAWBERRY CERAMIC TRINKET BOX,95,1.492,0.0
2011-08-01,21232,21,STRAWBERRY CERAMIC TRINKET BOX,141,1.5,0.0
2011-08-08,21232,21,STRAWBERRY CERAMIC TRINKET BOX,119,1.9933333333333334,0.0
2011-08-15,21232,21,STRAWBERRY CERAMIC TRINKET BOX,76,1.76,0.0
2011-08-22,21232,21,STRAWBERRY CERAMIC TRINKET BOX,101,1.76,0.0
2011-08-29,21232,21,STRAWBERRY CERAMIC TRINKET BOX,74,2.244,0.0
2011-09-05,21232,21,STRAWBERRY CERAMIC TRINKET BOX,287,1.6677777777777778,0.0
2011-09-12,21232,21,STRAWBERRY CERAMIC TRINKET BOX,133,1.8458823529411763,0.0
2011-09-19,21232,21,STRAWBERRY CERAMIC TRINKET BOX,207,1.7481818181818183,0.0
2011-09-26,21232,21,STRAWBERRY CERAMIC TRINKET BOX,214,1.6216666666666668,0.0
2011-10-03,21232,21,STRAWBERRY CERAMIC TRINKET BOX,67,2.0941666666666667,0.0
2011-10-10,21232,21,STRAWBERRY CERAMIC TRINKET BOX,370,1.643529411764706,0.0
2011-10-17,21232,21,STRAWBERRY CERAMIC TRINKET BOX,139,1.6715384615384616,0.0
2011-10-24,21232,21,STRAWBERRY CERAMIC TRINKET BOX,111,1.454,1.0
2011-10-24,21232,21,STRAWBERRY CERAMIC TRINKET BOX,26,1.7685714285714285,0.0
2011-10-31,21232,21,STRAWBERRY CERAMIC TRINKET BOX,36,1.25,1.0
2011-10-31,21232,21,STRAWBERRY CERAMIC TRINKET BOX,165,1.8826666666666665,0.0
2011-11-07,21232,21,STRAWBERRY CERAMIC TRINKET BOX,135,1.7205555555555554,0.0
2011-11-14,21232,21,STRAWBERRY CERAMIC TRINKET BOX,504,1.06,1.0
2011-11-14,21232,21,STRAWBERRY CERAMIC TRINKET BOX,229,1.6640000000000001,0.0
2011-11-21,21232,21,STRAWBERRY CERAMIC TRINKET BOX,165,1.8194117647058823,0.0
2011-11-28,21232,21,STRAWBERRY CERAMIC TRINKET BOX,224,1.06,1.0
2011-11-28,21232,21,STRAWBERRY CERAMIC TRINKET BOX,155,1.9759999999999998,0.0
2011-12-05,21232,21,STRAWBERRY CERAMIC TRINKET BOX,216,2.0217647058823527,0.0
2009-11-30,21326,21,AGED GLASS SILVER T-LIGHT HOLDER,172,0.7666666666666667,0.0
2009-12-07,21326,21,AGED GLASS SILVER T-LIGHT HOLDER,361,0.65,0.0
2009-12-14,21326,21,AGED GLASS SILVER T-LIGHT HOLDER,227,0.9550000000000001,0.0
2009-12-21,21326,21,AGED GLASS SILVER T-LIGHT HOLDER,12,0.65,0.0
2010-01-04,21326,21,AGED GLASS SILVER T-LIGHT HOLDER,156,0.6000000000000001,1.0
2010-01-11,21326,21,AGED GLASS SILVER T-LIGHT HOLDER,120,0.65,0.0
2010-01-18,21326,21,AGED GLASS SILVER T-LIGHT HOLDER,113,0.8744444444444445,0.0
2010-01-25,21326,21,AGED GLASS SILVER T-LIGHT HOLDER,189,0.6357142857142858,0.0
2010-02-01,21326,21,AGED GLASS SILVER T-LIGHT HOLDER,90,0.65,0.0
2010-02-08,21326,21,AGED GLASS SILVER T-LIGHT HOLDER,80,0.852,0.0
2010-02-15,21326,21,AGED GLASS SILVER T-LIGHT HOLDER,51,0.9866666666666667,0.0
2010-02-22,21326,21,AGED GLASS SILVER T-LIGHT HOLDER,15,0.65,0.0
2010-03-01,21326,21,AGED GLASS SILVER T-LIGHT HOLDER,24,0.65,0.0
2010-03-08,21326,21,AGED GLASS SILVER T-LIGHT HOLDER,168,0.5833333333333334,1.0
2010-03-15,21326,21,AGED GLASS SILVER T-LIGHT HOLDER,302,0.8320000000000001,0.0
2010-03-22,21326,21,AGED GLASS SILVER T-LIGHT HOLDER,12,0.65,0.0
2010-03-29,21326,21,AGED GLASS SILVER T-LIGHT HOLDER,25,0.9866666666666667,0.0
2010-04-05,21326,21,AGED GLASS SILVER T-LIGHT HOLDER,73,0.9025,0.0
2010-04-12,21326,21,AGED GLASS SILVER T-LIGHT HOLDER,144,0.55,1.0
2010-04-19,21326,21,AGED GLASS SILVER T-LIGHT HOLDER,129,1.26875,0.0
2010-04-26,21326,21,AGED GLASS SILVER T-LIGHT HOLDER,121,0.9025,0.0
2010-05-10,21326,21,AGED GLASS SILVER T-LIGHT HOLDER,67,1.3233333333333333,0.0
2010-05-17,21326,21,AGED GLASS SILVER T-LIGHT HOLDER,42,0.65,1.0
2010-05-24,21326,21,AGED GLASS SILVER T-LIGHT HOLDER,327,0.7511111111111111,0.0
2010-05-31,21326,21,AGED GLASS SILVER T-LIGHT HOLDER,36,0.65,1.0
2010-06-07,21326,21,AGED GLASS SILVER T-LIGHT HOLDER,55,0.65,1.0
2010-06-21,21326,21,AGED GLASS SILVER T-LIGHT HOLDER,162,0.65,1.0
2010-06-28,21326,21,AGED GLASS SILVER T-LIGHT HOLDER,72,0.65,1.0
2010-07-05,21326,21,AGED GLASS SILVER T-LIGHT HOLDER,15,0.9866666666666667,0.0
2010-07-12,21326,21,AGED GLASS SILVER T-LIGHT HOLDER,121,0.8183333333333334,0.0
2010-07-19,21326,21,AGED GLASS SILVER T-LIGHT HOLDER,111,0.9385714285714286,0.0
2010-07-26,21326,21,AGED GLASS SILVER T-LIGHT HOLDER,454,0.75125,0.0
2010-08-02,21326,21,AGED GLASS SILVER T-LIGHT HOLDER,36,0.65,1.0
2010-08-09,21326,21,AGED GLASS SILVER T-LIGHT HOLDER,204,0.6166666666666667,1.0
2010-08-16,21326,21,AGED GLASS SILVER T-LIGHT HOLDER,216,0.625,0.0
2010-08-23,21326,21,AGED GLASS SILVER T-LIGHT HOLDER,103,0.9866666666666667,0.0
2010-08-30,21326,21,AGED GLASS SILVER T-LIGHT HOLDER,90,0.65,0.0
2010-09-06,21326,21,AGED GLASS SILVER T-LIGHT HOLDER,84,0.65,0.0
2010-09-13,21326,21,AGED GLASS SILVER T-LIGHT HOLDER,129,1.0539999999999998,0.0
2010-09-20,21326,21,AGED GLASS SILVER T-LIGHT HOLDER,64,0.65,1.0
2010-09-27,21326,21,AGED GLASS SILVER T-LIGHT HOLDER,328,0.7511111111111111,0.0
2010-10-04,21326,21,AGED GLASS SILVER T-LIGHT HOLDER,78,0.77625,0.0
2010-10-11,21326,21,AGED GLASS SILVER T-LIGHT HOLDER,134,0.9385714285714285,0.0
2010-10-18,21326,21,AGED GLASS SILVER T-LIGHT HOLDER,127,0.7942857142857144,0.0
2010-10-25,21326,21,AGED GLASS SILVER T-LIGHT HOLDER,39,1.155,0.0
2010-11-01,21326,21,AGED GLASS SILVER T-LIGHT HOLDER,178,0.751,0.0
2010-11-08,21326,21,AGED GLASS SILVER T-LIGHT HOLDER,180,0.7276923076923077,0.0
2010-11-15,21326,21,AGED GLASS SILVER T-LIGHT HOLDER,289,0.9783333333333334,0.0
2010-11-22,21326,21,AGED GLASS SILVER T-LIGHT HOLDER,874,0.7443333333333334,0.0
2010-11-29,21326,21,AGED GLASS SILVER T-LIGHT HOLDER,636,0.6428571428571429,1.0
2010-12-06,21326,21,AGED GLASS SILVER T-LIGHT HOLDER,596,0.821304347826087,0.0
2010-12-13,21326,21,AGED GLASS SILVER T-LIGHT HOLDER,226,0.65,1.0
2010-12-20,21326,21,AGED GLASS SILVER T-LIGHT HOLDER,2,1.66,0.0
2011-01-03,21326,21,AGED GLASS SILVER T-LIGHT HOLDER,121,0.65,1.0
2011-01-10,21326,21,AGED GLASS SILVER T-LIGHT HOLDER,61,0.8460000000000001,0.0
2011-01-17,21326,21,AGED GLASS SILVER T-LIGHT HOLDER,42,1.14,0.0
2011-01-24,21326,21,AGED GLASS SILVER T-LIGHT HOLDER,218,1.0557142857142856,0.0
2011-01-31,21326,21,AGED GLASS SILVER T-LIGHT HOLDER,221,0.8566666666666667,0.0
2011-02-07,21326,21,AGED GLASS SILVER T-LIGHT HOLDER,470,1.09,0.0
2011-02-14,21326,21,AGED GLASS SILVER T-LIGHT HOLDER,313,1.0175,0.0
2011-02-21,21326,21,AGED GLASS SILVER T-LIGHT HOLDER,353,0.96,0.0
2011-02-28,21326,21,AGED GLASS SILVER T-LIGHT HOLDER,301,0.845,0.0
2011-03-07,21326,21,AGED GLASS SILVER T-LIGHT HOLDER,14,0.9766666666666666,0.0
2011-03-14,21326,21,AGED GLASS SILVER T-LIGHT HOLDER,36,0.65,1.0
2011-03-21,21326,21,AGED GLASS SILVER T-LIGHT HOLDER,42,1.14,0.0
2011-03-28,21326,21,AGED GLASS SILVER T-LIGHT HOLDER,24,0.65,1.0
2011-04-04,21326,21,AGED GLASS SILVER T-LIGHT HOLDER,237,0.895,0.0
2011-04-11,21326,21,AGED GLASS SILVER T-LIGHT HOLDER,216,0.6300000000000001,1.0
2011-04-18,21326,21,AGED GLASS SILVER T-LIGHT HOLDER,40,0.895,0.0
2011-04-25,21326,21,AGED GLASS SILVER T-LIGHT HOLDER,50,0.9433333333333334,0.0
2011-05-02,21326,21,AGED GLASS SILVER T-LIGHT HOLDER,235,0.7966666666666667,0.0
2011-05-09,21326,21,AGED GLASS SILVER T-LIGHT HOLDER,145,0.65,1.0
2011-05-16,21326,21,AGED GLASS SILVER T-LIGHT HOLDER,156,0.8460000000000001,0.0
2011-05-23,21326,21,AGED GLASS SILVER T-LIGHT HOLDER,217,0.87,0.0
2011-05-30,21326,21,AGED GLASS SILVER T-LIGHT HOLDER,148,0.9299999999999999,0.0
2011-06-06,21326,21,AGED GLASS SILVER T-LIGHT HOLDER,300,0.76,0.0
2011-06-13,21326,21,AGED GLASS SILVER T-LIGHT HOLDER,161,0.9433333333333334,0.0
2011-06-20,21326,21,AGED GLASS SILVER T-LIGHT HOLDER,230,0.7966666666666667,0.0
2011-06-27,21326,21,AGED GLASS SILVER T-LIGHT HOLDER,80,0.8460000000000001,0.0
2011-07-04,21326,21,AGED GLASS SILVER T-LIGHT HOLDER,132,0.65,1.0
2011-07-11,21326,21,AGED GLASS SILVER T-LIGHT HOLDER,168,0.6000000000000001,1.0
2011-07-18,21326,21,AGED GLASS SILVER T-LIGHT HOLDER,48,0.65,1.0
2011-07-25,21326,21,AGED GLASS SILVER T-LIGHT HOLDER,182,0.96,0.0
2011-08-01,21326,21,AGED GLASS SILVER T-LIGHT HOLDER,191,0.8133333333333334,0.0
2011-08-08,21326,21,AGED GLASS SILVER T-LIGHT HOLDER,46,1.14,0.0
2011-08-15,21326,21,AGED GLASS SILVER T-LIGHT HOLDER,85,0.8460000000000001,0.0
2011-08-22,21326,21,AGED GLASS SILVER T-LIGHT HOLDER,87,0.65,1.0
2011-08-29,21326,21,AGED GLASS SILVER T-LIGHT HOLDER,328,0.9339999999999999,0.0
2011-09-05,21326,21,AGED GLASS SILVER T-LIGHT HOLDER,520,0.9924999999999999,0.0
2011-09-12,21326,21,AGED GLASS SILVER T-LIGHT HOLDER,239,0.895,0.0
2011-09-19,21326,21,AGED GLASS SILVER T-LIGHT HOLDER,340,1.2374999999999998,0.0
2011-09-26,21326,21,AGED GLASS SILVER T-LIGHT HOLDER,540,0.625,1.0
2011-10-03,21326,21,AGED GLASS SILVER T-LIGHT HOLDER,48,0.65,1.0
2011-10-10,21326,21,AGED GLASS SILVER T-LIGHT HOLDER,180,0.65,1.0
2011-10-17,21326,21,AGED GLASS SILVER T-LIGHT HOLDER,80,0.8133333333333334,0.0
2011-10-24,21326,21,AGED GLASS SILVER T-LIGHT HOLDER,65,0.79,0.0
2011-10-31,21326,21,AGED GLASS SILVER T-LIGHT HOLDER,284,0.7828571428571429,0.0
2011-11-07,21326,21,AGED GLASS SILVER T-LIGHT HOLDER,113,0.895,0.0
2011-11-14,21326,21,AGED GLASS SILVER T-LIGHT HOLDER,280,0.7300000000000001,0.0
2011-11-21,21326,21,AGED GLASS SILVER T-LIGHT HOLDER,339,0.8133333333333334,0.0
2011-11-28,21326,21,AGED GLASS SILVER T-LIGHT HOLDER,344,0.7531578947368421,0.0
2011-12-05,21326,21,AGED GLASS SILVER T-LIGHT HOLDER,396,0.625,1.0
