results/realworld_weekly.csv
date,product,category,description,sales,price,promo
2009-11-30,21497,21,FANCY FONTS BIRTHDAY WRAP,50,0.42,0.0
2009-12-07,21497,21,FANCY FONTS BIRTHDAY WRAP,50,0.42,0.0
2009-12-14,21497,21,FANCY FONTS BIRTHDAY WRAP,125,0.42000000000000004,0.0
2010-01-04,21497,21,FANCY FONTS BIRTHDAY WRAP,175,0.42000000000000004,0.0
2010-01-11,21497,21,FANCY FONTS BIRTHDAY WRAP,100,0.42,0.0
2010-01-18,21497,21,FANCY FONTS BIRTHDAY WRAP,750,0.4066666666666667,0.0
2010-01-25,21497,21,FANCY FONTS BIRTHDAY WRAP,100,0.42,0.0
2010-02-01,21497,21,FANCY FONTS BIRTHDAY WRAP,50,0.42,0.0
2010-02-08,21497,21,FANCY FONTS BIRTHDAY WRAP,75,0.42,0.0
2010-02-15,21497,21,FANCY FONTS BIRTHDAY WRAP,175,0.42,0.0
2010-02-22,21497,21,FANCY FONTS BIRTHDAY WRAP,75,0.42,0.0
2010-03-01,21497,21,FANCY FONTS BIRTHDAY WRAP,250,0.42000000000000004,0.0
2010-03-08,21497,21,FANCY FONTS BIRTHDAY WRAP,175,0.42,0.0
2010-03-15,21497,21,FANCY FONTS BIRTHDAY WRAP,200,0.41,0.0
2010-03-22,21497,21,FANCY FONTS BIRTHDAY WRAP,200,0.42,0.0
2010-04-05,21497,21,FANCY FONTS BIRTHDAY WRAP,75,0.42,0.0
2010-04-12,21497,21,FANCY FONTS BIRTHDAY WRAP,50,0.42,0.0
2010-04-19,21497,21,FANCY FONTS BIRTHDAY WRAP,175,0.4066666666666667,0.0
2010-04-26,21497,21,FANCY FONTS BIRTHDAY WRAP,600,0.40857142857142853,0.0
2010-05-03,21497,21,FANCY FONTS BIRTHDAY WRAP,100,0.42,0.0
2010-05-10,21497,21,FANCY FONTS BIRTHDAY WRAP,250,0.42000000000000004,0.0
2010-05-17,21497,21,FANCY FONTS BIRTHDAY WRAP,50,0.42,0.0
2010-05-24,21497,21,FANCY FONTS BIRTHDAY WRAP,150,0.42,0.0
2010-05-31,21497,21,FANCY FONTS BIRTHDAY WRAP,100,0.42,0.0
2010-06-07,21497,21,FANCY FONTS BIRTHDAY WRAP,275,0.4,0.0
2010-06-14,21497,21,FANCY FONTS BIRTHDAY WRAP,250,0.42,0.0
2010-06-21,21497,21,FANCY FONTS BIRTHDAY WRAP,25,0.42,0.0
2010-06-28,21497,21,FANCY FONTS BIRTHDAY WRAP,100,0.4,0.0
2010-07-05,21497,21,FANCY FONTS BIRTHDAY WRAP,125,0.42000000000000004,0.0
2010-07-12,21497,21,FANCY FONTS BIRTHDAY WRAP,150,0.42,0.0
2010-07-19,21497,21,FANCY FONTS BIRTHDAY WRAP,275,0.42000000000000004,0.0
2010-07-26,21497,21,FANCY FONTS BIRTHDAY WRAP,75,0.42,0.0
2010-08-02,21497,21,FANCY FONTS BIRTHDAY WRAP,125,0.42000000000000004,0.0
2010-08-09,21497,21,FANCY FONTS BIRTHDAY WRAP,125,0.42000000000000004,0.0
2010-08-16,21497,21,FANCY FONTS BIRTHDAY WRAP,675,0.4,0.0
2010-08-23,21497,21,FANCY FONTS BIRTHDAY WRAP,50,0.42,0.0
2010-08-30,21497,21,FANCY FONTS BIRTHDAY WRAP,50,0.42,0.0
2010-09-06,21497,21,FANCY FONTS BIRTHDAY WRAP,125,0.42,0.0
2010-09-13,21497,21,FANCY FONTS BIRTHDAY WRAP,175,0.42,0.0
2010-09-20,21497,21,FANCY FONTS BIRTHDAY WRAP,100,0.42,0.0
2010-09-27,21497,21,FANCY FONTS BIRTHDAY WRAP,125,0.42000000000000004,0.0
2010-10-04,21497,21,FANCY FONTS BIRTHDAY WRAP,175,0.42000000000000004,0.0
2010-10-11,21497,21,FANCY FONTS BIRTHDAY WRAP,125,0.42000000000000004,0.0
2010-10-18,21497,21,FANCY FONTS BIRTHDAY WRAP,575,0.388,0.0
2010-10-25,21497,21,FANCY FONTS BIRTHDAY WRAP,100,0.42,0.0
2010-11-01,21497,21,FANCY FONTS BIRTHDAY WRAP,75,0.42,0.0
2010-11-08,21497,21,FANCY FONTS BIRTHDAY WRAP,175,0.42,0.0
2010-11-15,21497,21,FANCY FONTS BIRTHDAY WRAP,150,0.42,0.0
2010-11-22,21497,21,FANCY FONTS BIRTHDAY WRAP,150,0.42000000000000004,0.0
2010-11-29,21497,21,FANCY FONTS BIRTHDAY WRAP,150,0.42,0.0
2010-12-06,21497,21,FANCY FONTS BIRTHDAY WRAP,50,0.42,0.0
2011-01-03,21497,21,FANCY FONTS BIRTHDAY WRAP,150,0.42000000000000004,0.0
2011-01-10,21497,21,FANCY FONTS BIRTHDAY WRAP,50,0.42,0.0
2011-01-17,21497,21,FANCY FONTS BIRTHDAY WRAP,25,0.42,0.0
2011-01-24,21497,21,FANCY FONTS BIRTHDAY WRAP,25,0.42,0.0
2011-01-31,21497,21,FANCY FONTS BIRTHDAY WRAP,100,0.42,0.0
2011-02-07,21497,21,FANCY FONTS BIRTHDAY WRAP,75,0.42,0.0
2011-02-14,21497,21,FANCY FONTS BIRTHDAY WRAP,75,0.42,0.0
2011-02-21,21497,21,FANCY FONTS BIRTHDAY WRAP,125,0.42000000000000004,0.0
2011-02-28,21497,21,FANCY FONTS BIRTHDAY WRAP,50,0.42,0.0
2011-03-07,21497,21,FANCY FONTS BIRTHDAY WRAP,150,0.42,0.0
2011-03-14,21497,21,FANCY FONTS BIRTHDAY WRAP,50,0.42,0.0
2011-03-21,21497,21,FANCY FONTS BIRTHDAY WRAP,150,0.42,0.0
2011-03-28,21497,21,FANCY FONTS BIRTHDAY WRAP,100,0.42,0.0
2011-04-04,21497,21,FANCY FONTS BIRTHDAY WRAP,125,0.42000000000000004,0.0
2011-04-11,21497,21,FANCY FONTS BIRTHDAY WRAP,500,0.4111111111111111,0.0
2011-04-18,21497,21,FANCY FONTS BIRTHDAY WRAP,75,0.42,0.0
2011-04-25,21497,21,FANCY FONTS BIRTHDAY WRAP,75,0.42,0.0
2011-05-02,21497,21,FANCY FONTS BIRTHDAY WRAP,125,0.42000000000000004,0.0
2011-05-09,21497,21,FANCY FONTS BIRTHDAY WRAP,125,0.42000000000000004,0.0
2011-05-16,21497,21,FANCY FONTS BIRTHDAY WRAP,125,0.42000000000000004,0.0
2011-05-23,21497,21,FANCY FONTS BIRTHDAY WRAP,75,0.42,0.0
2011-05-30,21497,21,FANCY FONTS BIRTHDAY WRAP,50,0.42,0.0
2011-06-06,21497,21,FANCY FONTS BIRTHDAY WRAP,50,0.42,0.0
2011-06-13,21497,21,FANCY FONTS BIRTHDAY WRAP,125,0.42,0.0
2011-06-20,21497,21,FANCY FONTS BIRTHDAY WRAP,75,0.42,0.0
2011-06-27,21497,21,FANCY FONTS BIRTHDAY WRAP,50,0.42,0.0
2011-07-04,21497,21,FANCY FONTS BIRTHDAY WRAP,150,0.42000000000000004,0.0
2011-07-11,21497,21,FANCY FONTS BIRTHDAY WRAP,150,0.42,0.0
2011-07-18,21497,21,FANCY FONTS BIRTHDAY WRAP,150,0.42,0.0
2011-07-25,21497,21,FANCY FONTS BIRTHDAY WRAP,100,0.42,0.0
2011-08-01,21497,21,FANCY FONTS BIRTHDAY WRAP,200,0.42,0.0
2011-08-08,21497,21,FANCY FONTS BIRTHDAY WRAP,125,0.42000000000000004,0.0
2011-08-15,21497,21,FANCY FONTS BIRTHDAY WRAP,100,0.42,0.0
2011-08-22,21497,21,FANCY FONTS BIRTHDAY WRAP,50,0.42,0.0
2011-08-29,21497,21,FANCY FONTS BIRTHDAY WRAP,1000,0.34,1.0
2011-09-05,21497,21,FANCY FONTS BIRTHDAY WRAP,200,0.42,0.0
2011-09-12,21497,21,FANCY FONTS BIRTHDAY WRAP,25,0.42,0.0
2011-09-19,21497,21,FANCY FONTS BIRTHDAY WRAP,150,0.42,0.0
2011-09-26,21497,21,FANCY FONTS BIRTHDAY WRAP,125,0.42000000000000004,0.0
2011-10-03,21497,21,FANCY FONTS BIRTHDAY WRAP,725,0.41,0.0
2011-10-10,21497,21,FANCY FONTS BIRTHDAY WRAP,475,0.4125,0.0
2011-10-17,21497,21,FANCY FONTS BIRTHDAY WRAP,125,0.42000000000000004,0.0
2011-10-24,21497,21,FANCY FONTS BIRTHDAY WRAP,150,0.42,0.0
2011-10-31,21497,21,FANCY FONTS BIRTHDAY WRAP,450,0.414,0.0
2011-11-07,21497,21,FANCY FONTS BIRTHDAY WRAP,275,0.42,0.0
2011-11-14,21497,21,FANCY FONTS BIRTHDAY WRAP,150,0.42,0.0
2011-11-21,21497,21,FANCY FONTS BIRTHDAY WRAP,100,0.42,0.0
2011-11-28,21497,21,FANCY FONTS BIRTHDAY WRAP,175,0.42,0.0
2011-12-05,21497,21,FANCY FONTS BIRTHDAY WRAP,300,0.40800000000000003,0.0
2009-11-30,21498,21,RED RETROSPOT WRAP ,300,0.42,0.0
2009-12-07,21498,21,RED RETROSPOT WRAP ,475,0.41200000000000003,0.0
2009-12-14,21498,21,RED RETROSPOT WRAP ,175,0.42,0.0
2009-12-21,21498,21,RED RETROSPOT WRAP ,100,0.42,0.0
2010-01-04,21498,21,RED RETROSPOT WRAP ,300,0.42000000000000004,0.0
2010-01-11,21498,21,RED RETROSPOT WRAP ,225,0.42,0.0
2010-01-18,21498,21,RED RETROSPOT WRAP ,150,0.42000000000000004,0.0
2010-01-25,21498,21,RED RETROSPOT WRAP ,400,0.41,0.0
2010-02-01,21498,21,RED RETROSPOT WRAP ,475,0.42,0.0
2010-02-08,21498,21,RED RETROSPOT WRAP ,125,0.42000000000000004,0.0
2010-02-15,21498,21,RED RETROSPOT WRAP ,450,0.4127272727272727,0.0
2010-02-22,21498,21,RED RETROSPOT WRAP ,250,0.42,0.0
2010-03-01,21498,21,RED RETROSPOT WRAP ,200,0.42,0.0
2010-03-08,21498,21,RED RETROSPOT WRAP ,250,0.42000000000000004,0.0
2010-03-15,21498,21,RED RETROSPOT WRAP ,150,0.42,0.0
2010-03-22,21498,21,RED RETROSPOT WRAP ,125,0.42000000000000004,0.0
2010-03-29,21498,21,RED RETROSPOT WRAP ,125,0.42,0.0
2010-04-05,21498,21,RED RETROSPOT WRAP ,425,0.4066666666666667,0.0
2010-04-12,21498,21,RED RETROSPOT WRAP ,125,0.42000000000000004,0.0
2010-04-19,21498,21,RED RETROSPOT WRAP ,350,0.42,0.0
2010-04-26,21498,21,RED RETROSPOT WRAP ,275,0.42,0.0
2010-05-03,21498,21,RED RETROSPOT WRAP ,50,0.42,0.0
2010-05-10,21498,21,RED RETROSPOT WRAP ,150,0.42000000000000004,0.0
2010-05-17,21498,21,RED RETROSPOT WRAP ,225,0.42,0.0
2010-05-24,21498,21,RED RETROSPOT WRAP ,225,0.42,0.0
2010-05-31,21498,21,RED RETROSPOT WRAP ,150,0.42000000000000004,0.0
2010-06-07,21498,21,RED RETROSPOT WRAP ,225,0.42,0.0
2010-06-14,21498,21,RED RETROSPOT WRAP ,450,0.4111111111111111,0.0
2010-06-21,21498,21,RED RETROSPOT WRAP ,125,0.42000000000000004,0.0
2010-06-28,21498,21,RED RETROSPOT WRAP ,225,0.40222222222222226,0.0
2010-07-05,21498,21,RED RETROSPOT WRAP ,725,0.4066666666666667,0.0
2010-07-12,21498,21,RED RETROSPOT WRAP ,350,0.4127272727272727,0.0
2010-07-19,21498,21,RED RETROSPOT WRAP ,525,0.41384615384615386,0.0
2010-07-26,21498,21,RED RETROSPOT WRAP ,125,0.42,0.0
2010-08-02,21498,21,RED RETROSPOT WRAP ,400,0.41,0.0
2010-08-09,21498,21,RED RETROSPOT WRAP ,225,0.42,0.0
2010-08-16,21498,21,RED RETROSPOT WRAP ,150,0.42,0.0
2010-08-23,21498,21,RED RETROSPOT WRAP ,25,0.42,0.0
2010-08-30,21498,21,RED RETROSPOT WRAP ,75,0.42,0.0
2010-09-06,21498,21,RED RETROSPOT WRAP ,650,0.40222222222222226,0.0
2010-09-13,21498,21,RED RETROSPOT WRAP ,325,0.42,0.0
2010-09-20,21498,21,RED RETROSPOT WRAP ,300,0.42,0.0
2010-09-27,21498,21,RED RETROSPOT WRAP ,75,0.42,0.0
2010-09-27,21498,21,RED RETROSPOT WRAP ,150,0.42000000000000004,0.0
2010-10-04,21498,21,RED RETROSPOT WRAP ,375,0.42,0.0
2010-10-04,21498,21,RED RETROSPOT WRAP ,50,0.42,0.0
2010-10-11,21498,21,RED RETROSPOT WRAP ,350,0.42,0.0
2010-10-11,21498,21,RED RETROSPOT WRAP ,50,0.42,0.0
2010-10-18,21498,21,RED RETROSPOT WRAP ,375,0.41200000000000003,0.0
2010-10-25,21498,21,RED RETROSPOT WRAP ,275,0.42,0.0
2010-10-25,21498,21,RED RETROSPOT WRAP ,50,0.42,0.0
2010-11-01,21498,21,RED RETROSPOT WRAP ,100,0.42,0.0
2010-11-08,21498,21,RED RETROSPOT WRAP ,450,0.41200000000000003,0.0
2010-11-08,21498,21,RED RETROSPOT WRAP ,25,0.42,0.0
2010-11-15,21498,21,RED RETROSPOT WRAP ,400,0.42,0.0
2010-11-22,21498,21,RED RETROSPOT WRAP ,475,0.41333333333333333,0.0
2010-11-22,21498,21,RED RETROSPOT WRAP ,25,0.42,0.0
2010-11-29,21498,21,RED RETROSPOT WRAP ,750,0.39714285714285713,0.0
2010-12-06,21498,21,RED RETROSPOT WRAP ,225,0.42,0.0
2010-12-13,21498,21,RED RETROSPOT WRAP ,100,0.42,0.0
2011-01-03,21498,21,RED RETROSPOT WRAP ,175,0.42,0.0
2011-01-10,21498,21,RED RETROSPOT WRAP ,175,0.42,0.0
2011-01-17,21498,21,RED RETROSPOT WRAP ,150,0.42000000000000004,0.0
2011-01-24,21498,21,RED RETROSPOT WRAP ,250,0.42,0.0
2011-01-31,21498,21,RED RETROSPOT WRAP ,175,0.42,0.0
2011-02-07,21498,21,RED RETROSPOT WRAP ,75,0.42,0.0
2011-02-14,21498,21,RED RETROSPOT WRAP ,116,0.42000000000000004,0.0
2011-02-21,21498,21,RED RETROSPOT WRAP ,175,0.42,0.0
2011-02-28,21498,21,RED RETROSPOT WRAP ,425,0.4066666666666667,0.0
2011-03-07,21498,21,RED RETROSPOT WRAP ,50,0.42,0.0
2011-03-14,21498,21,RED RETROSPOT WRAP ,60,0.42,0.0
2011-03-21,21498,21,RED RETROSPOT WRAP ,75,0.42,0.0
2011-03-28,21498,21,RED RETROSPOT WRAP ,175,0.40857142857142853,0.0
2011-04-04,21498,21,RED RETROSPOT WRAP ,100,0.42,0.0
2011-04-11,21498,21,RED RETROSPOT WRAP ,150,0.42,0.0
2011-04-18,21498,21,RED RETROSPOT WRAP ,25,0.42,0.0
2011-04-25,21498,21,RED RETROSPOT WRAP ,50,0.42,0.0
2011-05-02,21498,21,RED RETROSPOT WRAP ,750,0.40857142857142853,0.0
2011-05-09,21498,21,RED RETROSPOT WRAP ,100,0.42,0.0
2011-05-16,21498,21,RED RETROSPOT WRAP ,75,0.42,0.0
2011-05-23,21498,21,RED RETROSPOT WRAP ,225,0.42,0.0
2011-05-30,21498,21,RED RETROSPOT WRAP ,150,0.42000000000000004,0.0
2011-06-06,21498,21,RED RETROSPOT WRAP ,200,0.42000000000000004,0.0
2011-06-13,21498,21,RED RETROSPOT WRAP ,175,0.42,0.0
2011-06-20,21498,21,RED RETROSPOT WRAP ,275,0.42,0.0
2011-06-27,21498,21,RED RETROSPOT WRAP ,150,0.42,0.0
2011-07-04,21498,21,RED RETROSPOT WRAP ,150,0.42000000000000004,0.0
2011-07-11,21498,21,RED RETROSPOT WRAP ,200,0.42,0.0
2011-07-18,21498,21,RED RETROSPOT WRAP ,250,0.42000000000000004,0.0
2011-07-25,21498,21,RED RETROSPOT WRAP ,100,0.42,0.0
2011-08-01,21498,21,RED RETROSPOT WRAP ,200,0.4,0.0
2011-08-08,21498,21,RED RETROSPOT WRAP ,100,0.42,0.0
2011-08-15,21498,21,RED RETROSPOT WRAP ,75,0.42,0.0
2011-08-22,21498,21,RED RETROSPOT WRAP ,100,0.42,0.0
2011-08-29,21498,21,RED RETROSPOT WRAP ,50,0.42,0.0
2011-09-05,21498,21,RED RETROSPOT WRAP ,275,0.42000000000000004,0.0
2011-09-12,21498,21,RED RETROSPOT WRAP ,125,0.42,0.0
2011-09-19,21498,21,RED RETROSPOT WRAP ,175,0.42,0.0
2011-09-26,21498,21,RED RETROSPOT WRAP ,275,0.414,0.0
2011-10-03,21498,21,RED RETROSPOT WRAP ,125,0.42000000000000004,0.0
2011-10-10,21498,21,RED RETROSPOT WRAP ,150,0.42,0.0
2011-10-17,21498,21,RED RETROSPOT WRAP ,100,0.42,0.0
2011-10-24,21498,21,RED RETROSPOT WRAP ,325,0.42,0.0
2011-10-31,21498,21,RED RETROSPOT WRAP ,325,0.415,0.0
2011-11-07,21498,21,RED RETROSPOT WRAP ,200,0.42,0.0
2011-11-14,21498,21,RED RETROSPOT WRAP ,250,0.42000000000000004,0.0
2011-11-21,21498,21,RED RETROSPOT WRAP ,225,0.42,0.0
2011-11-28,21498,21,RED RETROSPOT WRAP ,250,0.41333333333333333,0.0
2011-12-05,21498,21,RED RETROSPOT WRAP ,225,0.42,0.0
