results/realworld_weekly.csv
date,product,category,description,sales,price,promo
2009-11-30,21733,21,RED HANGING HEART T-LIGHT HOLDER,395,3.2262500000000003,0.0
2009-12-07,21733,21,RED HANGING HEART T-LIGHT HOLDER,377,3.081470588235294,0.0
2009-12-14,21733,21,RED HANGING HEART T-LIGHT HOLDER,215,3.007307692307692,0.0
2009-12-21,21733,21,RED HANGING HEART T-LIGHT HOLDER,10,2.95,0.0
2010-01-04,21733,21,RED HANGING HEART T-LIGHT HOLDER,206,2.8794117647058823,0.0
2010-01-11,21733,21,RED HANGING HEART T-LIGHT HOLDER,243,2.900588235294118,0.0
2010-01-18,21733,21,RED HANGING HEART T-LIGHT HOLDER,296,2.9015151515151514,0.0
2010-01-25,21733,21,RED HANGING HEART T-LIGHT HOLDER,655,3.1242222222222225,0.0
2010-02-01,21733,21,RED HANGING HEART T-LIGHT HOLDER,312,2.890740740740741,0.0
2010-02-08,21733,21,RED HANGING HEART T-LIGHT HOLDER,126,3.1206666666666667,0.0
2010-02-15,21733,21,RED HANGING HEART T-LIGHT HOLDER,47,3.376666666666667,0.0
2010-02-22,21733,21,RED HANGING HEART T-LIGHT HOLDER,122,2.91,0.0
2010-03-01,21733,21,RED HANGING HEART T-LIGHT HOLDER,54,3.3200000000000003,0.0
2010-03-08,21733,21,RED HANGING HEART T-LIGHT HOLDER,175,3.22,0.0
2010-03-15,21733,21,RED HANGING HEART T-LIGHT HOLDER,67,2.9000000000000004,0.0
2010-03-22,21733,21,RED HANGING HEART T-LIGHT HOLDER,100,3.376666666666667,0.0
2010-03-29,21733,21,RED HANGING HEART T-LIGHT HOLDER,67,2.9000000000000004,0.0
2010-04-05,21733,21,RED HANGING HEART T-LIGHT HOLDER,100,3.19,0.0
2010-04-12,21733,21,RED HANGING HEART T-LIGHT HOLDER,45,2.95,0.0
2010-04-19,21733,21,RED HANGING HEART T-LIGHT HOLDER,38,3.5633333333333335,0.0
2010-04-26,21733,21,RED HANGING HEART T-LIGHT HOLDER,158,3.085,0.0
2010-05-03,21733,21,RED HANGING HEART T-LIGHT HOLDER,20,2.9500000000000006,0.0
2010-05-10,21733,21,RED HANGING HEART T-LIGHT HOLDER,70,3.246,0.0
2010-05-17,21733,21,RED HANGING HEART T-LIGHT HOLDER,115,3.109166666666667,0.0
2010-05-24,21733,21,RED HANGING HEART T-LIGHT HOLDER,143,2.9192307692307695,0.0
2010-05-31,21733,21,RED HANGING HEART T-LIGHT HOLDER,104,2.8772727272727274,0.0
2010-06-07,21733,21,RED HANGING HEART T-LIGHT HOLDER,147,3.033809523809524,0.0
2010-06-14,21733,21,RED HANGING HEART T-LIGHT HOLDER,46,3.278888888888889,0.0
2010-06-21,21733,21,RED HANGING HEART T-LIGHT HOLDER,40,2.95,0.0
2010-06-28,21733,21,RED HANGING HEART T-LIGHT HOLDER,23,2.87,0.0
2010-07-05,21733,21,RED HANGING HEART T-LIGHT HOLDER,99,2.87,0.0
2010-07-12,21733,21,RED HANGING HEART T-LIGHT HOLDER,54,2.892857142857143,0.0
2010-07-19,21733,21,RED HANGING HEART T-LIGHT HOLDER,62,3.1473333333333335,0.0
2010-07-26,21733,21,RED HANGING HEART T-LIGHT HOLDER,224,2.816666666666667,0.0
2010-08-02,21733,21,RED HANGING HEART T-LIGHT HOLDER,125,2.932608695652174,0.0
2010-08-09,21733,21,RED HANGING HEART T-LIGHT HOLDER,99,2.9214285714285717,0.0
2010-08-16,21733,21,RED HANGING HEART T-LIGHT HOLDER,8,2.9500000000000006,0.0
2010-08-23,21733,21,RED HANGING HEART T-LIGHT HOLDER,230,3.026521739130435,0.0
2010-08-30,21733,21,RED HANGING HEART T-LIGHT HOLDER,80,2.9500000000000006,0.0
2010-09-06,21733,21,RED HANGING HEART T-LIGHT HOLDER,114,2.896666666666667,0.0
2010-09-13,21733,21,RED HANGING HEART T-LIGHT HOLDER,212,2.9019999999999997,0.0
2010-09-20,21733,21,RED HANGING HEART T-LIGHT HOLDER,74,3.1473333333333335,0.0
2010-09-27,21733,21,RED HANGING HEART T-LIGHT HOLDER,242,2.9100000000000006,0.0
2010-10-04,21733,21,RED HANGING HEART T-LIGHT HOLDER,228,2.9100000000000006,0.0
2010-10-11,21733,21,RED HANGING HEART T-LIGHT HOLDER,346,3.052857142857143,0.0
2010-10-18,21733,21,RED HANGING HEART T-LIGHT HOLDER,266,3.105151515151515,0.0
2010-10-25,21733,21,RED HANGING HEART T-LIGHT HOLDER,912,3.085588235294118,0.0
2010-11-01,21733,21,RED HANGING HEART T-LIGHT HOLDER,125,3.0520689655172415,0.0
2010-11-08,21733,21,RED HANGING HEART T-LIGHT HOLDER,338,3.173636363636364,0.0
2010-11-15,21733,21,RED HANGING HEART T-LIGHT HOLDER,262,3.206744186046512,0.0
2010-11-22,21733,21,RED HANGING HEART T-LIGHT HOLDER,403,3.1700000000000004,0.0
2010-11-29,21733,21,RED HANGING HEART T-LIGHT HOLDER,481,3.213829787234043,0.0
2010-12-06,21733,21,RED HANGING HEART T-LIGHT HOLDER,366,3.1592307692307697,0.0
2010-12-13,21733,21,RED HANGING HEART T-LIGHT HOLDER,183,3.18,0.0
2010-12-20,21733,21,RED HANGING HEART T-LIGHT HOLDER,42,3.4620000000000006,0.0
2011-01-03,21733,21,RED HANGING HEART T-LIGHT HOLDER,181,2.8833333333333337,0.0
2011-01-10,21733,21,RED HANGING HEART T-LIGHT HOLDER,1000,2.9231578947368426,0.0
2011-01-17,21733,21,RED HANGING HEART T-LIGHT HOLDER,95,3.0852380952380956,0.0
2011-01-24,21733,21,RED HANGING HEART T-LIGHT HOLDER,291,2.9976923076923074,0.0
2011-01-31,21733,21,RED HANGING HEART T-LIGHT HOLDER,110,3.073478260869565,0.0
2011-02-07,21733,21,RED HANGING HEART T-LIGHT HOLDER,83,3.1533333333333338,0.0
2011-02-14,21733,21,RED HANGING HEART T-LIGHT HOLDER,14,3.66,0.0
2011-02-21,21733,21,RED HANGING HEART T-LIGHT HOLDER,43,3.355714285714286,0.0
2011-02-28,21733,21,RED HANGING HEART T-LIGHT HOLDER,67,3.896666666666667,0.0
2011-03-07,21733,21,RED HANGING HEART T-LIGHT HOLDER,52,2.87,0.0
2011-03-14,21733,21,RED HANGING HEART T-LIGHT HOLDER,76,3.3561538461538465,0.0
2011-03-21,21733,21,RED HANGING HEART T-LIGHT HOLDER,67,3.171818181818182,0.0
2011-03-28,21733,21,RED HANGING HEART T-LIGHT HOLDER,50,3.255,0.0
2011-04-04,21733,21,RED HANGING HEART T-LIGHT HOLDER,27,2.95,0.0
2011-04-11,21733,21,RED HANGING HEART T-LIGHT HOLDER,53,2.8833333333333333,0.0
2011-04-18,21733,21,RED HANGING HEART T-LIGHT HOLDER,50,3.356666666666667,0.0
2011-04-25,21733,21,RED HANGING HEART T-LIGHT HOLDER,43,4.006,0.0
2011-05-02,21733,21,RED HANGING HEART T-LIGHT HOLDER,142,3.205,0.0
2011-05-09,21733,21,RED HANGING HEART T-LIGHT HOLDER,203,2.888461538461539,0.0
2011-05-16,21733,21,RED HANGING HEART T-LIGHT HOLDER,92,2.905555555555556,0.0
2011-05-23,21733,21,RED HANGING HEART T-LIGHT HOLDER,310,2.937777777777778,0.0
2011-05-30,21733,21,RED HANGING HEART T-LIGHT HOLDER,12,2.9500000000000006,0.0
2011-06-06,21733,21,RED HANGING HEART T-LIGHT HOLDER,37,2.9500000000000006,0.0
2011-06-13,21733,21,RED HANGING HEART T-LIGHT HOLDER,31,2.9500000000000006,0.0
2011-06-20,21733,21,RED HANGING HEART T-LIGHT HOLDER,12,3.66,0.0
2011-06-27,21733,21,RED HANGING HEART T-LIGHT HOLDER,23,2.95,0.0
2011-07-04,21733,21,RED HANGING HEART T-LIGHT HOLDER,15,4.015000000000001,0.0
2011-07-11,21733,21,RED HANGING HEART T-LIGHT HOLDER,195,2.9415384615384617,0.0
2011-07-18,21733,21,RED HANGING HEART T-LIGHT HOLDER,107,2.87,0.0
2011-07-25,21733,21,RED HANGING HEART T-LIGHT HOLDER,390,3.2345454545454544,0.0
2011-08-01,21733,21,RED HANGING HEART T-LIGHT HOLDER,32,3.305,0.0
2011-08-08,21733,21,RED HANGING HEART T-LIGHT HOLDER,61,3.2211111111111115,0.0
2011-08-15,21733,21,RED HANGING HEART T-LIGHT HOLDER,41,3.355714285714286,0.0
2011-08-22,21733,21,RED HANGING HEART T-LIGHT HOLDER,60,2.905555555555556,0.0
2011-08-29,21733,21,RED HANGING HEART T-LIGHT HOLDER,42,4.7988888888888885,0.0
2011-09-05,21733,21,RED HANGING HEART T-LIGHT HOLDER,37,2.95,0.0
2011-09-12,21733,21,RED HANGING HEART T-LIGHT HOLDER,123,3.078421052631579,0.0
2011-09-19,21733,21,RED HANGING HEART T-LIGHT HOLDER,373,3.4253846153846155,0.0
2011-09-26,21733,21,RED HANGING HEART T-LIGHT HOLDER,49,3.1393333333333335,0.0
2011-10-03,21733,21,RED HANGING HEART T-LIGHT HOLDER,92,3.1533333333333338,0.0
2011-10-10,21733,21,RED HANGING HEART T-LIGHT HOLDER,145,3.0560869565217392,0.0
2011-10-17,21733,21,RED HANGING HEART T-LIGHT HOLDER,24,2.95,0.0
2011-10-24,21733,21,RED HANGING HEART T-LIGHT HOLDER,138,3.086,0.0
2011-10-31,21733,21,RED HANGING HEART T-LIGHT HOLDER,654,3.248888888888889,0.0
2011-11-07,21733,21,RED HANGING HEART T-LIGHT HOLDER,160,3.183939393939394,0.0
2011-11-14,21733,21,RED HANGING HEART T-LIGHT HOLDER,146,3.262307692307693,0.0
2011-11-21,21733,21,RED HANGING HEART T-LIGHT HOLDER,273,2.978965517241379,0.0
2011-11-28,21733,21,RED HANGING HEART T-LIGHT HOLDER,266,3.248666666666667,0.0
2011-12-05,21733,21,RED HANGING HEART T-LIGHT HOLDER,137,3.317619047619048,0.0
2009-11-30,21790,21,VINTAGE SNAP CARDS,270,0.9916666666666667,0.0
2009-12-07,21790,21,VINTAGE SNAP CARDS,270,1.014516129032258,0.0
2009-12-14,21790,21,VINTAGE SNAP CARDS,297,1.1199999999999999,0.0
2009-12-21,21790,21,VINTAGE SNAP CARDS,32,1.3812499999999999,0.0
2010-01-04,21790,21,VINTAGE SNAP CARDS,18,0.85,1.0
2010-01-11,21790,21,VINTAGE SNAP CARDS,42,1.23,0.0
2010-01-18,21790,21,VINTAGE SNAP CARDS,154,1.1878571428571427,0.0
2010-01-25,21790,21,VINTAGE SNAP CARDS,76,1.0525,0.0
2010-02-01,21790,21,VINTAGE SNAP CARDS,90,1.093,0.0
2010-02-08,21790,21,VINTAGE SNAP CARDS,66,1.093,0.0
2010-02-15,21790,21,VINTAGE SNAP CARDS,128,1.012,0.0
2010-02-22,21790,21,VINTAGE SNAP CARDS,169,0.9657142857142856,0.0
2010-03-01,21790,21,VINTAGE SNAP CARDS,131,1.001875,0.0
2010-03-08,21790,21,VINTAGE SNAP CARDS,123,1.2063636363636363,0.0
2010-03-15,21790,21,VINTAGE SNAP CARDS,51,1.255,0.0
2010-03-22,21790,21,VINTAGE SNAP CARDS,345,0.9404166666666667,0.0
2010-03-29,21790,21,VINTAGE SNAP CARDS,96,0.9179999999999999,0.0
2010-04-05,21790,21,VINTAGE SNAP CARDS,161,0.9066666666666666,0.0
2010-04-12,21790,21,VINTAGE SNAP CARDS,112,0.85,1.0
2010-04-19,21790,21,VINTAGE SNAP CARDS,198,0.9937499999999999,0.0
2010-04-26,21790,21,VINTAGE SNAP CARDS,144,1.059090909090909,0.0
2010-05-03,21790,21,VINTAGE SNAP CARDS,59,1.1392857142857142,0.0
2010-05-10,21790,21,VINTAGE SNAP CARDS,176,0.8953333333333333,0.0
2010-05-17,21790,21,VINTAGE SNAP CARDS,273,0.9545454545454546,0.0
2010-05-24,21790,21,VINTAGE SNAP CARDS,101,1.001875,0.0
2010-05-31,21790,21,VINTAGE SNAP CARDS,60,1.2181818181818183,0.0
2010-06-07,21790,21,VINTAGE SNAP CARDS,635,0.9147619047619048,0.0
2010-06-14,21790,21,VINTAGE SNAP CARDS,139,0.9778947368421052,0.0
2010-06-21,21790,21,VINTAGE SNAP CARDS,120,1.036923076923077,0.0
2010-06-28,21790,21,VINTAGE SNAP CARDS,77,0.85,0.0
2010-07-05,21790,21,VINTAGE SNAP CARDS,77,0.9452941176470588,0.0
2010-07-12,21790,21,VINTAGE SNAP CARDS,125,0.9657142857142856,0.0
2010-07-19,21790,21,VINTAGE SNAP CARDS,96,0.94,0.0
2010-07-26,21790,21,VINTAGE SNAP CARDS,150,0.9512499999999999,0.0
2010-08-02,21790,21,VINTAGE SNAP CARDS,181,0.9452941176470588,0.0
2010-08-09,21790,21,VINTAGE SNAP CARDS,185,1.0329411764705883,0.0
2010-08-16,21790,21,VINTAGE SNAP CARDS,270,0.99375,0.0
2010-08-23,21790,21,VINTAGE SNAP CARDS,185,0.9512499999999999,0.0
2010-08-30,21790,21,VINTAGE SNAP CARDS,132,1.1515384615384614,0.0
2010-09-06,21790,21,VINTAGE SNAP CARDS,118,0.985,0.0
2010-09-13,21790,21,VINTAGE SNAP CARDS,235,0.9545454545454546,0.0
2010-09-20,21790,21,VINTAGE SNAP CARDS,603,0.90125,0.0
2010-09-27,21790,21,VINTAGE SNAP CARDS,371,0.877,0.0
2010-10-04,21790,21,VINTAGE SNAP CARDS,445,0.9471875,0.0
2010-10-11,21790,21,VINTAGE SNAP CARDS,667,0.9672972972972973,0.0
2010-10-18,21790,21,VINTAGE SNAP CARDS,401,0.9852941176470589,0.0
2010-10-25,21790,21,VINTAGE SNAP CARDS,233,1.0,0.0
2010-11-01,21790,21,VINTAGE SNAP CARDS,334,0.99,0.0
2010-11-08,21790,21,VINTAGE SNAP CARDS,781,1.0125,0.0
2010-11-15,21790,21,VINTAGE SNAP CARDS,507,1.0799999999999998,0.0
2010-11-22,21790,21,VINTAGE SNAP CARDS,583,1.0512765957446808,0.0
2010-11-29,21790,21,VINTAGE SNAP CARDS,754,1.0168085106382978,0.0
2010-12-06,21790,21,VINTAGE SNAP CARDS,833,1.0913725490196078,0.0
2010-12-13,21790,21,VINTAGE SNAP CARDS,102,1.3225,0.0
2010-12-20,21790,21,VINTAGE SNAP CARDS,20,1.3359999999999999,0.0
2011-01-03,21790,21,VINTAGE SNAP CARDS,236,1.16,0.0
2011-01-10,21790,21,VINTAGE SNAP CARDS,24,1.24375,0.0
2011-01-17,21790,21,VINTAGE SNAP CARDS,41,1.24,0.0
2011-01-24,21790,21,VINTAGE SNAP CARDS,38,1.162,0.0
2011-01-31,21790,21,VINTAGE SNAP CARDS,49,1.0059999999999998,0.0
2011-02-07,21790,21,VINTAGE SNAP CARDS,33,1.1425,0.0
2011-02-14,21790,21,VINTAGE SNAP CARDS,73,0.9614285714285714,1.0
2011-02-21,21790,21,VINTAGE SNAP CARDS,204,0.922222222222222,1.0
2011-02-28,21790,21,VINTAGE SNAP CARDS,71,1.084,0.0
2011-03-07,21790,21,VINTAGE SNAP CARDS,71,1.0627272727272727,0.0
2011-03-14,21790,21,VINTAGE SNAP CARDS,161,1.0341666666666667,0.0
2011-03-21,21790,21,VINTAGE SNAP CARDS,96,0.9209090909090908,1.0
2011-03-28,21790,21,VINTAGE SNAP CARDS,321,1.008125,0.0
2011-04-04,21790,21,VINTAGE SNAP CARDS,84,0.9475,0.0
2011-04-11,21790,21,VINTAGE SNAP CARDS,341,0.837,1.0
2011-04-18,21790,21,VINTAGE SNAP CARDS,373,1.2053333333333331,0.0
2011-04-25,21790,21,VINTAGE SNAP CARDS,68,1.0233333333333332,0.0
2011-05-02,21790,21,VINTAGE SNAP CARDS,77,1.2045454545454546,0.0
2011-05-09,21790,21,VINTAGE SNAP CARDS,269,0.9341176470588235,0.0
2011-05-16,21790,21,VINTAGE SNAP CARDS,109,0.9209090909090908,0.0
2011-05-23,21790,21,VINTAGE SNAP CARDS,75,0.9366666666666666,0.0
2011-05-30,21790,21,VINTAGE SNAP CARDS,179,1.008888888888889,0.0
2011-06-06,21790,21,VINTAGE SNAP CARDS,102,0.98,0.0
2011-06-13,21790,21,VINTAGE SNAP CARDS,118,1.0627272727272727,0.0
2011-06-20,21790,21,VINTAGE SNAP CARDS,374,1.0875,0.0
2011-06-27,21790,21,VINTAGE SNAP CARDS,65,0.9614285714285714,0.0
2011-07-04,21790,21,VINTAGE SNAP CARDS,121,1.1373684210526316,0.0
2011-07-11,21790,21,VINTAGE SNAP CARDS,353,1.0406666666666666,0.0
2011-07-18,21790,21,VINTAGE SNAP CARDS,178,1.0594444444444444,0.0
2011-07-25,21790,21,VINTAGE SNAP CARDS,431,1.0999999999999999,0.0
2011-08-01,21790,21,VINTAGE SNAP CARDS,99,0.9209090909090908,0.0
2011-08-08,21790,21,VINTAGE SNAP CARDS,174,0.99625,0.0
2011-08-15,21790,21,VINTAGE SNAP CARDS,165,0.85,1.0
2011-08-22,21790,21,VINTAGE SNAP CARDS,139,0.91,0.0
2011-08-29,21790,21,VINTAGE SNAP CARDS,167,1.2126315789473683,0.0
2011-09-05,21790,21,VINTAGE SNAP CARDS,800,0.9192307692307692,0.0
2011-09-12,21790,21,VINTAGE SNAP CARDS,222,1.006,0.0
2011-09-19,21790,21,VINTAGE SNAP CARDS,597,0.8999999999999999,0.0
2011-09-26,21790,21,VINTAGE SNAP CARDS,343,0.9567857142857142,0.0
2011-10-03,21790,21,VINTAGE SNAP CARDS,559,0.9878787878787879,0.0
2011-10-10,21790,21,VINTAGE SNAP CARDS,289,1.0385,0.0
2011-10-17,21790,21,VINTAGE SNAP CARDS,276,0.9349999999999999,0.0
2011-10-24,21790,21,VINTAGE SNAP CARDS,364,0.927037037037037,0.0
2011-10-31,21790,21,VINTAGE SNAP CARDS,520,0.997,0.0
2011-11-07,21790,21,VINTAGE SNAP CARDS,612,1.0448648648648649,0.0
2011-11-14,21790,21,VINTAGE SNAP CARDS,674,1.065945945945946,0.0
2011-11-21,21790,21,VINTAGE SNAP CARDS,420,1.0021951219512195,0.0
2011-11-28,21790,21,VINTAGE SNAP CARDS,607,0.9906122448979592,0.0
2011-12-05,21790,21,VINTAGE SNAP CARDS,220,1.1252941176470588,0.0
