results/realworld_weekly.csv
date,product,category,description,sales,price,promo
2009-11-30,21915,21,RED  HARMONICA IN BOX ,1,1.25,0.0
2010-03-15,21915,21,RED  HARMONICA IN BOX ,36,1.25,0.0
2010-03-22,21915,21,RED  HARMONICA IN BOX ,115,1.46,0.0
2010-03-29,21915,21,RED  HARMONICA IN BOX ,885,1.6275,0.0
2010-04-05,21915,21,RED  HARMONICA IN BOX ,350,1.228888888888889,0.0
2010-04-12,21915,21,RED  HARMONICA IN BOX ,70,1.25,0.0
2010-04-19,21915,21,RED  HARMONICA IN BOX ,50,1.565,0.0
2010-04-26,21915,21,RED  HARMONICA IN BOX ,547,1.3477777777777777,0.0
2010-05-03,21915,21,RED  HARMONICA IN BOX ,38,1.565,0.0
2010-05-10,21915,21,RED  HARMONICA IN BOX ,905,1.3128571428571427,0.0
2010-05-17,21915,21,RED  HARMONICA IN BOX ,37,1.25,0.0
2010-05-24,21915,21,RED  HARMONICA IN BOX ,110,1.3645454545454545,0.0
2010-05-31,21915,21,RED  HARMONICA IN BOX ,89,1.376,0.0
2010-06-07,21915,21,RED  HARMONICA IN BOX ,334,1.2183333333333335,0.0
2010-06-14,21915,21,RED  HARMONICA IN BOX ,61,1.4283333333333335,0.0
2010-06-21,21915,21,RED  HARMONICA IN BOX ,50,1.46,0.0
2010-06-28,21915,21,RED  HARMONICA IN BOX ,198,1.25,0.0
2010-07-05,21915,21,RED  HARMONICA IN BOX ,79,1.46,0.0
2010-07-12,21915,21,RED  HARMONICA IN BOX ,120,1.25,0.0
2010-07-19,21915,21,RED  HARMONICA IN BOX ,324,1.2120000000000002,0.0
2010-07-26,21915,21,RED  HARMONICA IN BOX ,174,1.376,0.0
2010-08-02,21915,21,RED  HARMONICA IN BOX ,1228,1.22625,0.0
2010-08-09,21915,21,RED  HARMONICA IN BOX ,80,1.4075,0.0
2010-08-16,21915,21,RED  HARMONICA IN BOX ,39,1.67,0.0
2010-08-23,21915,21,RED  HARMONICA IN BOX ,207,1.754,0.0
2010-08-30,21915,21,RED  HARMONICA IN BOX ,689,1.3472727272727274,0.0
2010-09-06,21915,21,RED  HARMONICA IN BOX ,146,1.25,0.0
2010-09-13,21915,21,RED  HARMONICA IN BOX ,91,1.25,0.0
2010-09-20,21915,21,RED  HARMONICA IN BOX ,452,1.2341666666666666,0.0
2010-09-27,21915,21,RED  HARMONICA IN BOX ,454,1.395625,0.0
2010-10-04,21915,21,RED  HARMONICA IN BOX ,1234,1.4611764705882353,0.0
2010-10-11,21915,21,RED  HARMONICA IN BOX ,365,1.2228571428571429,0.0
2010-10-18,21915,21,RED  HARMONICA IN BOX ,3,1.25,0.0
2010-10-25,21915,21,RED  HARMONICA IN BOX ,3,1.25,0.0
2010-11-01,21915,21,RED  HARMONICA IN BOX ,1979,1.2025000000000001,0.0
2010-11-08,21915,21,RED  HARMONICA IN BOX ,3,1.25,0.0
2010-11-15,21915,21,RED  HARMONICA IN BOX ,336,1.2353846153846153,0.0
2010-11-22,21915,21,RED  HARMONICA IN BOX ,516,1.5475862068965516,0.0
2010-11-29,21915,21,RED  HARMONICA IN BOX ,3240,1.5844827586206895,0.0
2010-12-06,21915,21,RED  HARMONICA IN BOX ,339,1.7267567567567568,0.0
2010-12-13,21915,21,RED  HARMONICA IN BOX ,302,1.642272727272727,0.0
2010-12-20,21915,21,RED  HARMONICA IN BOX ,13,2.006,0.0
2011-01-03,21915,21,RED  HARMONICA IN BOX ,21,1.565,0.0
2011-01-10,21915,21,RED  HARMONICA IN BOX ,36,1.25,0.0
2011-01-17,21915,21,RED  HARMONICA IN BOX ,68,1.6533333333333333,0.0
2011-01-24,21915,21,RED  HARMONICA IN BOX ,72,1.422857142857143,0.0
2011-01-31,21915,21,RED  HARMONICA IN BOX ,472,1.3775,0.0
2011-02-07,21915,21,RED  HARMONICA IN BOX ,25,1.25,1.0
2011-02-14,21915,21,RED  HARMONICA IN BOX ,15,1.6533333333333333,0.0
2011-02-21,21915,21,RED  HARMONICA IN BOX ,101,1.371,0.0
2011-02-28,21915,21,RED  HARMONICA IN BOX ,352,1.2120000000000002,1.0
2011-03-07,21915,21,RED  HARMONICA IN BOX ,319,1.3775,0.0
2011-03-14,21915,21,RED  HARMONICA IN BOX ,144,1.25,0.0
2011-03-21,21915,21,RED  HARMONICA IN BOX ,108,1.25,0.0
2011-03-28,21915,21,RED  HARMONICA IN BOX ,682,1.4800000000000002,0.0
2011-04-04,21915,21,RED  HARMONICA IN BOX ,107,1.492,0.0
2011-04-11,21915,21,RED  HARMONICA IN BOX ,96,1.25,0.0
2011-04-18,21915,21,RED  HARMONICA IN BOX ,125,1.492,0.0
2011-04-25,21915,21,RED  HARMONICA IN BOX ,364,1.195714285714286,0.0
2011-05-02,21915,21,RED  HARMONICA IN BOX ,92,1.3844444444444446,0.0
2011-05-09,21915,21,RED  HARMONICA IN BOX ,124,1.25,0.0
2011-05-16,21915,21,RED  HARMONICA IN BOX ,252,1.25,0.0
2011-05-23,21915,21,RED  HARMONICA IN BOX ,61,1.4516666666666669,0.0
2011-05-30,21915,21,RED  HARMONICA IN BOX ,293,1.5899999999999999,0.0
2011-06-06,21915,21,RED  HARMONICA IN BOX ,72,1.25,0.0
2011-06-13,21915,21,RED  HARMONICA IN BOX ,158,1.3844444444444446,0.0
2011-06-20,21915,21,RED  HARMONICA IN BOX ,278,1.74,0.0
2011-06-27,21915,21,RED  HARMONICA IN BOX ,126,1.422857142857143,0.0
2011-07-04,21915,21,RED  HARMONICA IN BOX ,49,1.6533333333333333,0.0
2011-07-11,21915,21,RED  HARMONICA IN BOX ,151,1.422857142857143,0.0
2011-07-18,21915,21,RED  HARMONICA IN BOX ,75,1.5957142857142856,0.0
2011-07-25,21915,21,RED  HARMONICA IN BOX ,162,1.4516666666666669,0.0
2011-08-01,21915,21,RED  HARMONICA IN BOX ,357,1.335,0.0
2011-08-08,21915,21,RED  HARMONICA IN BOX ,833,1.3422222222222222,0.0
2011-08-15,21915,21,RED  HARMONICA IN BOX ,96,1.25,0.0
2011-08-22,21915,21,RED  HARMONICA IN BOX ,354,1.22625,0.0
2011-08-29,21915,21,RED  HARMONICA IN BOX ,889,1.42,0.0
2011-09-05,21915,21,RED  HARMONICA IN BOX ,130,1.3844444444444446,0.0
2011-09-12,21915,21,RED  HARMONICA IN BOX ,223,1.40125,0.0
2011-09-19,21915,21,RED  HARMONICA IN BOX ,197,1.5020833333333332,0.0
2011-09-26,21915,21,RED  HARMONICA IN BOX ,192,1.3105,0.0
2011-10-03,21915,21,RED  HARMONICA IN BOX ,1771,1.3854166666666667,0.0
2011-10-10,21915,21,RED  HARMONICA IN BOX ,180,1.5525,0.0
2011-10-17,21915,21,RED  HARMONICA IN BOX ,488,1.3728571428571428,0.0
2011-10-24,21915,21,RED  HARMONICA IN BOX ,217,1.36,0.0
2011-10-31,21915,21,RED  HARMONICA IN BOX ,2640,1.3774285714285714,0.0
2011-11-07,21915,21,RED  HARMONICA IN BOX ,661,2.0472727272727274,0.0
2011-11-14,21915,21,RED  HARMONICA IN BOX ,351,1.8489473684210527,0.0
2011-11-21,21915,21,RED  HARMONICA IN BOX ,22,1.734,0.0
2011-11-28,21915,21,RED  HARMONICA IN BOX ,1120,1.06,1.0
2011-12-05,21915,21,RED  HARMONICA IN BOX ,2,1.25,1.0
2009-11-30,21928,21,JUMBO BAG SCANDINAVIAN PAISLEY,89,2.117857142857143,0.0
2009-12-07,21928,21,JUMBO BAG SCANDINAVIAN PAISLEY,360,2.0846153846153843,0.0
2009-12-14,21928,21,JUMBO BAG SCANDINAVIAN PAISLEY,92,1.95,0.0
2009-12-21,21928,21,JUMBO BAG SCANDINAVIAN PAISLEY,1,4.3,0.0
2010-01-04,21928,21,JUMBO BAG SCANDINAVIAN PAISLEY,189,1.92,1.0
2010-01-11,21928,21,JUMBO BAG SCANDINAVIAN PAISLEY,512,1.8166666666666664,1.0
2010-01-18,21928,21,JUMBO BAG SCANDINAVIAN PAISLEY,145,2.4899999999999998,0.0
2010-01-25,21928,21,JUMBO BAG SCANDINAVIAN PAISLEY,144,2.1677777777777774,0.0
2010-02-01,21928,21,JUMBO BAG SCANDINAVIAN PAISLEY,83,1.9499999999999997,1.0
2010-02-08,21928,21,JUMBO BAG SCANDINAVIAN PAISLEY,127,2.276666666666667,0.0
2010-02-15,21928,21,JUMBO BAG SCANDINAVIAN PAISLEY,367,2.146,0.0
2010-02-22,21928,21,JUMBO BAG SCANDINAVIAN PAISLEY,147,1.907142857142857,1.0
2010-03-01,21928,21,JUMBO BAG SCANDINAVIAN PAISLEY,162,1.926923076923077,0.0
2010-03-08,21928,21,JUMBO BAG SCANDINAVIAN PAISLEY,136,2.23,0.0
2010-03-15,21928,21,JUMBO BAG SCANDINAVIAN PAISLEY,148,2.1677777777777774,0.0
2010-03-22,21928,21,JUMBO BAG SCANDINAVIAN PAISLEY,524,2.1366666666666667,0.0
2010-03-29,21928,21,JUMBO BAG SCANDINAVIAN PAISLEY,195,2.1281818181818184,0.0
2010-04-05,21928,21,JUMBO BAG SCANDINAVIAN PAISLEY,67,2.2325,0.0
2010-04-12,21928,21,JUMBO BAG SCANDINAVIAN PAISLEY,144,1.9124999999999999,0.0
2010-04-19,21928,21,JUMBO BAG SCANDINAVIAN PAISLEY,345,2.3519047619047617,0.0
2010-04-26,21928,21,JUMBO BAG SCANDINAVIAN PAISLEY,387,2.195,0.0
2010-05-03,21928,21,JUMBO BAG SCANDINAVIAN PAISLEY,86,2.2976923076923077,0.0
2010-05-10,21928,21,JUMBO BAG SCANDINAVIAN PAISLEY,261,2.276666666666667,0.0
2010-05-17,21928,21,JUMBO BAG SCANDINAVIAN PAISLEY,14,1.95,0.0
2010-06-07,21928,21,JUMBO BAG SCANDINAVIAN PAISLEY,1,1.95,0.0
2010-06-14,21928,21,JUMBO BAG SCANDINAVIAN PAISLEY,15,2.515,0.0
2010-06-21,21928,21,JUMBO BAG SCANDINAVIAN PAISLEY,405,2.2933333333333334,0.0
2010-06-28,21928,21,JUMBO BAG SCANDINAVIAN PAISLEY,448,2.244285714285714,0.0
2010-07-05,21928,21,JUMBO BAG SCANDINAVIAN PAISLEY,341,2.39421052631579,0.0
2010-07-12,21928,21,JUMBO BAG SCANDINAVIAN PAISLEY,410,2.0088888888888885,0.0
2010-07-19,21928,21,JUMBO BAG SCANDINAVIAN PAISLEY,620,2.3891304347826083,0.0
2010-07-26,21928,21,JUMBO BAG SCANDINAVIAN PAISLEY,104,2.3738888888888887,0.0
2010-08-02,21928,21,JUMBO BAG SCANDINAVIAN PAISLEY,209,2.502173913043478,0.0
2010-08-09,21928,21,JUMBO BAG SCANDINAVIAN PAISLEY,438,2.5236,0.0
2010-08-16,21928,21,JUMBO BAG SCANDINAVIAN PAISLEY,369,2.2790909090909093,0.0
2010-08-23,21928,21,JUMBO BAG SCANDINAVIAN PAISLEY,244,2.048,0.0
2010-08-30,21928,21,JUMBO BAG SCANDINAVIAN PAISLEY,720,2.2184615384615385,0.0
2010-09-06,21928,21,JUMBO BAG SCANDINAVIAN PAISLEY,313,2.053157894736842,0.0
2010-09-13,21928,21,JUMBO BAG SCANDINAVIAN PAISLEY,112,2.434285714285714,0.0
2010-09-20,21928,21,JUMBO BAG SCANDINAVIAN PAISLEY,390,2.4389473684210525,0.0
2010-09-27,21928,21,JUMBO BAG SCANDINAVIAN PAISLEY,325,2.530625,0.0
2010-10-04,21928,21,JUMBO BAG SCANDINAVIAN PAISLEY,434,2.2192,0.0
2010-10-11,21928,21,JUMBO BAG SCANDINAVIAN PAISLEY,430,2.089444444444444,0.0
2010-10-18,21928,21,JUMBO BAG SCANDINAVIAN PAISLEY,54,2.2327272727272724,0.0
2010-10-25,21928,21,JUMBO BAG SCANDINAVIAN PAISLEY,111,2.312142857142857,0.0
2010-11-01,21928,21,JUMBO BAG SCANDINAVIAN PAISLEY,276,2.0606666666666666,0.0
2010-11-08,21928,21,JUMBO BAG SCANDINAVIAN PAISLEY,464,2.4579999999999997,0.0
2010-11-15,21928,21,JUMBO BAG SCANDINAVIAN PAISLEY,234,2.2646153846153845,0.0
2010-11-22,21928,21,JUMBO BAG SCANDINAVIAN PAISLEY,93,2.7624999999999997,0.0
2010-11-29,21928,21,JUMBO BAG SCANDINAVIAN PAISLEY,510,2.6529166666666666,0.0
2010-12-06,21928,21,JUMBO BAG SCANDINAVIAN PAISLEY,612,2.345625,0.0
2010-12-13,21928,21,JUMBO BAG SCANDINAVIAN PAISLEY,123,2.201111111111111,0.0
2010-12-20,21928,21,JUMBO BAG SCANDINAVIAN PAISLEY,19,4.438,0.0
2011-01-03,21928,21,JUMBO BAG SCANDINAVIAN PAISLEY,151,1.92,1.0
2011-01-10,21928,21,JUMBO BAG SCANDINAVIAN PAISLEY,61,3.135,0.0
2011-01-17,21928,21,JUMBO BAG SCANDINAVIAN PAISLEY,204,3.22875,0.0
2011-01-24,21928,21,JUMBO BAG SCANDINAVIAN PAISLEY,95,3.1007692307692305,0.0
2011-01-31,21928,21,JUMBO BAG SCANDINAVIAN PAISLEY,182,2.7653846153846158,0.0
2011-02-07,21928,21,JUMBO BAG SCANDINAVIAN PAISLEY,89,2.4949999999999997,0.0
2011-02-14,21928,21,JUMBO BAG SCANDINAVIAN PAISLEY,337,2.9099999999999997,0.0
2011-02-21,21928,21,JUMBO BAG SCANDINAVIAN PAISLEY,66,2.822,0.0
2011-02-21,21928,21,JUMBO BAG SCANDINAVIAN PAISLEY,29,3.1957142857142857,0.0
2011-02-28,21928,21,JUMBO BAG SCANDINAVIAN PAISLEY,33,2.495,0.0
2011-03-07,21928,21,JUMBO BAG SCANDINAVIAN PAISLEY,139,2.8333333333333335,0.0
2011-03-07,21928,21,JUMBO BAG SCANDINAVIAN PAISLEY,10,1.95,1.0
2011-03-14,21928,21,JUMBO BAG SCANDINAVIAN PAISLEY,735,2.668,0.0
2011-03-21,21928,21,JUMBO BAG SCANDINAVIAN PAISLEY,294,2.6599999999999997,0.0
2011-03-28,21928,21,JUMBO BAG SCANDINAVIAN PAISLEY,386,2.8359375,0.0
2011-04-04,21928,21,JUMBO BAG SCANDINAVIAN PAISLEY,81,2.1993333333333336,1.0
2011-04-11,21928,21,JUMBO BAG SCANDINAVIAN PAISLEY,68,2.8913333333333333,0.0
2011-04-18,21928,21,JUMBO BAG SCANDINAVIAN PAISLEY,271,2.696842105263158,0.0
2011-04-25,21928,21,JUMBO BAG SCANDINAVIAN PAISLEY,205,2.8275,0.0
2011-05-02,21928,21,JUMBO BAG SCANDINAVIAN PAISLEY,138,2.5925000000000002,0.0
2011-05-09,21928,21,JUMBO BAG SCANDINAVIAN PAISLEY,119,3.506086956521739,0.0
2011-05-09,21928,21,JUMBO BAG SCANDINAVIAN PAISLEY,20,1.95,1.0
2011-05-16,21928,21,JUMBO BAG SCANDINAVIAN PAISLEY,355,2.91,0.0
2011-05-23,21928,21,JUMBO BAG SCANDINAVIAN PAISLEY,183,2.6333333333333333,0.0
2011-05-30,21928,21,JUMBO BAG SCANDINAVIAN PAISLEY,131,2.432,0.0
2011-06-06,21928,21,JUMBO BAG SCANDINAVIAN PAISLEY,164,2.731111111111111,0.0
2011-06-13,21928,21,JUMBO BAG SCANDINAVIAN PAISLEY,57,2.763333333333333,0.0
2011-06-20,21928,21,JUMBO BAG SCANDINAVIAN PAISLEY,362,2.403,0.0
2011-06-27,21928,21,JUMBO BAG SCANDINAVIAN PAISLEY,52,2.08,1.0
2011-07-04,21928,21,JUMBO BAG SCANDINAVIAN PAISLEY,94,2.5192857142857146,0.0
2011-07-11,21928,21,JUMBO BAG SCANDINAVIAN PAISLEY,30,2.9911111111111115,0.0
2011-07-18,21928,21,JUMBO BAG SCANDINAVIAN PAISLEY,131,3.0561904761904763,0.0
2011-07-25,21928,21,JUMBO BAG SCANDINAVIAN PAISLEY,245,2.3884210526315792,0.0
2011-08-01,21928,21,JUMBO BAG SCANDINAVIAN PAISLEY,171,2.937857142857143,0.0
2011-08-08,21928,21,JUMBO BAG SCANDINAVIAN PAISLEY,134,2.421666666666667,0.0
2011-08-15,21928,21,JUMBO BAG SCANDINAVIAN PAISLEY,258,2.19,1.0
2011-08-22,21928,21,JUMBO BAG SCANDINAVIAN PAISLEY,325,2.4227272727272724,0.0
2011-08-29,21928,21,JUMBO BAG SCANDINAVIAN PAISLEY,185,2.9735,0.0
2011-09-05,21928,21,JUMBO BAG SCANDINAVIAN PAISLEY,128,2.421666666666667,0.0
2011-09-12,21928,21,JUMBO BAG SCANDINAVIAN PAISLEY,202,2.7025,0.0
2011-09-19,21928,21,JUMBO BAG SCANDINAVIAN PAISLEY,221,2.7685,0.0
2011-09-26,21928,21,JUMBO BAG SCANDINAVIAN PAISLEY,349,2.56,0.0
2011-10-03,21928,21,JUMBO BAG SCANDINAVIAN PAISLEY,156,2.937857142857143,0.0
2011-10-10,21928,21,JUMBO BAG SCANDINAVIAN PAISLEY,79,2.710769230769231,0.0
2011-10-17,21928,21,JUMBO BAG SCANDINAVIAN PAISLEY,173,2.4985714285714287,0.0
2011-10-24,21928,21,JUMBO BAG SCANDINAVIAN PAISLEY,125,2.5925,0.0
2011-10-31,21928,21,JUMBO BAG SCANDINAVIAN PAISLEY,207,2.871,0.0
2011-11-07,21928,21,JUMBO BAG SCANDINAVIAN PAISLEY,313,2.514074074074074,0.0
2011-11-14,21928,21,JUMBO BAG SCANDINAVIAN PAISLEY,99,2.511578947368421,0.0
2011-11-21,21928,21,JUMBO BAG SCANDINAVIAN PAISLEY,71,2.9585714285714286,0.0
2011-11-28,21928,21,JUMBO BAG SCANDINAVIAN PAISLEY,215,2.6172222222222223,0.0
2011-12-05,21928,21,JUMBO BAG SCANDINAVIAN PAISLEY,170,3.017333333333333,0.0
