results/realworld_weekly.csv
date,product,category,description,sales,price,promo
2009-11-30,21929,21,JUMBO BAG PINK VINTAGE PAISLEY,158,2.1458333333333335,0.0
2009-12-07,21929,21,JUMBO BAG PINK VINTAGE PAISLEY,258,2.3227272727272723,0.0
2009-12-14,21929,21,JUMBO BAG PINK VINTAGE PAISLEY,228,2.51875,0.0
2009-12-21,21929,21,JUMBO BAG PINK VINTAGE PAISLEY,2,3.125,0.0
2010-01-04,21929,21,JUMBO BAG PINK VINTAGE PAISLEY,126,1.95,1.0
2010-01-11,21929,21,JUMBO BAG PINK VINTAGE PAISLEY,443,2.4092307692307693,0.0
2010-01-18,21929,21,JUMBO BAG PINK VINTAGE PAISLEY,46,2.854,0.0
2010-01-25,21929,21,JUMBO BAG PINK VINTAGE PAISLEY,118,2.111428571428571,0.0
2010-02-01,21929,21,JUMBO BAG PINK VINTAGE PAISLEY,77,2.146,0.0
2010-02-08,21929,21,JUMBO BAG PINK VINTAGE PAISLEY,125,2.6533333333333333,0.0
2010-02-15,21929,21,JUMBO BAG PINK VINTAGE PAISLEY,386,2.0776923076923075,0.0
2010-02-22,21929,21,JUMBO BAG PINK VINTAGE PAISLEY,389,1.875,1.0
2010-03-01,21929,21,JUMBO BAG PINK VINTAGE PAISLEY,393,1.914705882352941,1.0
2010-03-08,21929,21,JUMBO BAG PINK VINTAGE PAISLEY,62,2.138333333333333,0.0
2010-03-15,21929,21,JUMBO BAG PINK VINTAGE PAISLEY,295,1.9000000000000001,1.0
2010-03-22,21929,21,JUMBO BAG PINK VINTAGE PAISLEY,301,2.355,0.0
2010-03-29,21929,21,JUMBO BAG PINK VINTAGE PAISLEY,53,1.875,0.0
2010-04-05,21929,21,JUMBO BAG PINK VINTAGE PAISLEY,138,2.4775,0.0
2010-04-12,21929,21,JUMBO BAG PINK VINTAGE PAISLEY,265,1.8954545454545453,0.0
2010-04-19,21929,21,JUMBO BAG PINK VINTAGE PAISLEY,151,2.663684210526316,0.0
2010-04-26,21929,21,JUMBO BAG PINK VINTAGE PAISLEY,1,4.21,0.0
2010-06-07,21929,21,JUMBO BAG PINK VINTAGE PAISLEY,788,2.131,0.0
2010-06-14,21929,21,JUMBO BAG PINK VINTAGE PAISLEY,98,2.251333333333333,0.0
2010-06-21,21929,21,JUMBO BAG PINK VINTAGE PAISLEY,391,2.3362499999999997,0.0
2010-06-28,21929,21,JUMBO BAG PINK VINTAGE PAISLEY,442,2.372,0.0
2010-07-05,21929,21,JUMBO BAG PINK VINTAGE PAISLEY,336,2.7577272727272724,0.0
2010-07-12,21929,21,JUMBO BAG PINK VINTAGE PAISLEY,503,1.9900000000000002,1.0
2010-07-19,21929,21,JUMBO BAG PINK VINTAGE PAISLEY,501,2.3564999999999996,0.0
2010-07-26,21929,21,JUMBO BAG PINK VINTAGE PAISLEY,464,2.344666666666667,0.0
2010-08-02,21929,21,JUMBO BAG PINK VINTAGE PAISLEY,142,2.3488235294117645,0.0
2010-08-09,21929,21,JUMBO BAG PINK VINTAGE PAISLEY,529,2.652,0.0
2010-08-16,21929,21,JUMBO BAG PINK VINTAGE PAISLEY,665,2.4526666666666666,0.0
2010-08-23,21929,21,JUMBO BAG PINK VINTAGE PAISLEY,251,2.125833333333333,0.0
2010-08-30,21929,21,JUMBO BAG PINK VINTAGE PAISLEY,1057,2.2736,0.0
2010-09-06,21929,21,JUMBO BAG PINK VINTAGE PAISLEY,302,2.274,0.0
2010-09-13,21929,21,JUMBO BAG PINK VINTAGE PAISLEY,163,2.6783333333333332,0.0
2010-09-20,21929,21,JUMBO BAG PINK VINTAGE PAISLEY,74,2.7505555555555556,0.0
2010-09-27,21929,21,JUMBO BAG PINK VINTAGE PAISLEY,329,2.4145,0.0
2010-10-04,21929,21,JUMBO BAG PINK VINTAGE PAISLEY,290,2.4145,0.0
2010-10-11,21929,21,JUMBO BAG PINK VINTAGE PAISLEY,406,1.8807692307692307,1.0
2010-10-18,21929,21,JUMBO BAG PINK VINTAGE PAISLEY,167,2.1841666666666666,0.0
2010-10-25,21929,21,JUMBO BAG PINK VINTAGE PAISLEY,122,2.408125,0.0
2010-11-01,21929,21,JUMBO BAG PINK VINTAGE PAISLEY,246,2.0606666666666666,0.0
2010-11-08,21929,21,JUMBO BAG PINK VINTAGE PAISLEY,180,2.605,0.0
2010-11-15,21929,21,JUMBO BAG PINK VINTAGE PAISLEY,213,2.502173913043478,0.0
2010-11-22,21929,21,JUMBO BAG PINK VINTAGE PAISLEY,108,2.438181818181818,0.0
2010-11-29,21929,21,JUMBO BAG PINK VINTAGE PAISLEY,353,2.6653571428571428,0.0
2010-12-06,21929,21,JUMBO BAG PINK VINTAGE PAISLEY,380,2.6653571428571428,0.0
2010-12-13,21929,21,JUMBO BAG PINK VINTAGE PAISLEY,183,2.5138461538461536,0.0
2010-12-20,21929,21,JUMBO BAG PINK VINTAGE PAISLEY,13,4.635,0.0
2011-01-03,21929,21,JUMBO BAG PINK VINTAGE PAISLEY,410,2.371111111111111,0.0
2011-01-10,21929,21,JUMBO BAG PINK VINTAGE PAISLEY,72,3.605555555555556,0.0
2011-01-17,21929,21,JUMBO BAG PINK VINTAGE PAISLEY,41,3.2899999999999996,0.0
2011-01-24,21929,21,JUMBO BAG PINK VINTAGE PAISLEY,181,3.4225,0.0
2011-01-31,21929,21,JUMBO BAG PINK VINTAGE PAISLEY,235,2.752222222222222,0.0
2011-02-07,21929,21,JUMBO BAG PINK VINTAGE PAISLEY,89,2.847142857142857,0.0
2011-02-14,21929,21,JUMBO BAG PINK VINTAGE PAISLEY,240,2.917142857142857,0.0
2011-02-21,21929,21,JUMBO BAG PINK VINTAGE PAISLEY,106,2.8936363636363636,0.0
2011-02-28,21929,21,JUMBO BAG PINK VINTAGE PAISLEY,186,2.366,1.0
2011-03-07,21929,21,JUMBO BAG PINK VINTAGE PAISLEY,322,2.388888888888889,1.0
2011-03-14,21929,21,JUMBO BAG PINK VINTAGE PAISLEY,498,2.640909090909091,0.0
2011-03-21,21929,21,JUMBO BAG PINK VINTAGE PAISLEY,420,2.373125,1.0
2011-03-28,21929,21,JUMBO BAG PINK VINTAGE PAISLEY,463,2.65,0.0
2011-04-04,21929,21,JUMBO BAG PINK VINTAGE PAISLEY,94,2.5692857142857144,0.0
2011-04-11,21929,21,JUMBO BAG PINK VINTAGE PAISLEY,105,2.4553333333333334,0.0
2011-04-18,21929,21,JUMBO BAG PINK VINTAGE PAISLEY,43,3.2476923076923074,0.0
2011-04-25,21929,21,JUMBO BAG PINK VINTAGE PAISLEY,108,2.2508333333333335,0.0
2011-05-02,21929,21,JUMBO BAG PINK VINTAGE PAISLEY,124,2.3875,0.0
2011-05-09,21929,21,JUMBO BAG PINK VINTAGE PAISLEY,145,2.938181818181818,0.0
2011-05-16,21929,21,JUMBO BAG PINK VINTAGE PAISLEY,280,2.917692307692308,0.0
2011-05-23,21929,21,JUMBO BAG PINK VINTAGE PAISLEY,312,2.4640909090909093,0.0
2011-05-30,21929,21,JUMBO BAG PINK VINTAGE PAISLEY,204,2.7707142857142855,0.0
2011-06-06,21929,21,JUMBO BAG PINK VINTAGE PAISLEY,220,3.1344,0.0
2011-06-13,21929,21,JUMBO BAG PINK VINTAGE PAISLEY,104,2.9585714285714286,0.0
2011-06-20,21929,21,JUMBO BAG PINK VINTAGE PAISLEY,145,3.5235714285714286,0.0
2011-06-27,21929,21,JUMBO BAG PINK VINTAGE PAISLEY,58,3.044705882352941,0.0
2011-07-04,21929,21,JUMBO BAG PINK VINTAGE PAISLEY,132,3.067037037037037,0.0
2011-07-11,21929,21,JUMBO BAG PINK VINTAGE PAISLEY,53,2.9911111111111115,0.0
2011-07-18,21929,21,JUMBO BAG PINK VINTAGE PAISLEY,422,2.8195238095238095,0.0
2011-07-25,21929,21,JUMBO BAG PINK VINTAGE PAISLEY,295,2.648823529411765,0.0
2011-08-01,21929,21,JUMBO BAG PINK VINTAGE PAISLEY,390,2.428125,1.0
2011-08-08,21929,21,JUMBO BAG PINK VINTAGE PAISLEY,100,2.3953846153846152,1.0
2011-08-15,21929,21,JUMBO BAG PINK VINTAGE PAISLEY,224,2.0580000000000003,1.0
2011-08-22,21929,21,JUMBO BAG PINK VINTAGE PAISLEY,81,2.08,1.0
2011-08-29,21929,21,JUMBO BAG PINK VINTAGE PAISLEY,207,2.8110344827586204,0.0
2011-09-05,21929,21,JUMBO BAG PINK VINTAGE PAISLEY,144,2.421666666666667,0.0
2011-09-12,21929,21,JUMBO BAG PINK VINTAGE PAISLEY,78,2.3728571428571428,0.0
2011-09-19,21929,21,JUMBO BAG PINK VINTAGE PAISLEY,379,2.585,0.0
2011-09-26,21929,21,JUMBO BAG PINK VINTAGE PAISLEY,112,2.6333333333333333,0.0
2011-10-03,21929,21,JUMBO BAG PINK VINTAGE PAISLEY,461,2.6411764705882352,0.0
2011-10-10,21929,21,JUMBO BAG PINK VINTAGE PAISLEY,71,2.812142857142857,0.0
2011-10-17,21929,21,JUMBO BAG PINK VINTAGE PAISLEY,84,2.49,0.0
2011-10-24,21929,21,JUMBO BAG PINK VINTAGE PAISLEY,67,2.763333333333333,0.0
2011-10-31,21929,21,JUMBO BAG PINK VINTAGE PAISLEY,69,2.880666666666667,0.0
2011-11-07,21929,21,JUMBO BAG PINK VINTAGE PAISLEY,407,2.470833333333333,0.0
2011-11-14,21929,21,JUMBO BAG PINK VINTAGE PAISLEY,82,2.568095238095238,0.0
2011-11-21,21929,21,JUMBO BAG PINK VINTAGE PAISLEY,53,3.31,0.0
2011-11-28,21929,21,JUMBO BAG PINK VINTAGE PAISLEY,107,2.7495238095238097,0.0
2011-12-05,21929,21,JUMBO BAG PINK VINTAGE PAISLEY,170,2.7694117647058825,0.0
2009-11-30,21931,21,JUMBO STORAGE BAG SUKI,303,2.322972972972973,0.0
2009-12-07,21931,21,JUMBO STORAGE BAG SUKI,242,2.3316666666666666,0.0
2009-12-14,21931,21,JUMBO STORAGE BAG SUKI,384,2.4099999999999997,0.0
2009-12-21,21931,21,JUMBO STORAGE BAG SUKI,16,3.9642857142857144,0.0
2010-01-04,21931,21,JUMBO STORAGE BAG SUKI,231,1.89,1.0
2010-01-11,21931,21,JUMBO STORAGE BAG SUKI,260,3.1323529411764706,0.0
2010-01-18,21931,21,JUMBO STORAGE BAG SUKI,189,2.2746153846153847,0.0
2010-01-25,21931,21,JUMBO STORAGE BAG SUKI,216,2.21375,0.0
2010-02-01,21931,21,JUMBO STORAGE BAG SUKI,226,2.2113333333333336,0.0
2010-02-08,21931,21,JUMBO STORAGE BAG SUKI,87,2.09125,1.0
2010-02-15,21931,21,JUMBO STORAGE BAG SUKI,293,2.4188888888888886,0.0
2010-02-22,21931,21,JUMBO STORAGE BAG SUKI,230,2.1677777777777774,0.0
2010-03-01,21931,21,JUMBO STORAGE BAG SUKI,218,2.274,0.0
2010-03-08,21931,21,JUMBO STORAGE BAG SUKI,337,2.2876,0.0
2010-03-15,21931,21,JUMBO STORAGE BAG SUKI,346,2.167777777777778,0.0
2010-03-22,21931,21,JUMBO STORAGE BAG SUKI,461,2.2075,0.0
2010-03-29,21931,21,JUMBO STORAGE BAG SUKI,235,2.2752631578947367,0.0
2010-04-05,21931,21,JUMBO STORAGE BAG SUKI,61,2.201111111111111,0.0
2010-04-12,21931,21,JUMBO STORAGE BAG SUKI,153,1.9227272727272726,0.0
2010-04-19,21931,21,JUMBO STORAGE BAG SUKI,338,2.4899999999999998,0.0
2010-04-26,21931,21,JUMBO STORAGE BAG SUKI,355,2.348076923076923,0.0
2010-05-03,21931,21,JUMBO STORAGE BAG SUKI,263,2.0606666666666666,0.0
2010-05-10,21931,21,JUMBO STORAGE BAG SUKI,152,2.1554545454545457,0.0
2010-05-17,21931,21,JUMBO STORAGE BAG SUKI,196,2.0573333333333332,0.0
2010-05-24,21931,21,JUMBO STORAGE BAG SUKI,248,2.5527272727272727,0.0
2010-05-31,21931,21,JUMBO STORAGE BAG SUKI,112,2.2728571428571427,0.0
2010-06-07,21931,21,JUMBO STORAGE BAG SUKI,240,2.2092,0.0
2010-06-14,21931,21,JUMBO STORAGE BAG SUKI,130,2.306842105263158,0.0
2010-06-21,21931,21,JUMBO STORAGE BAG SUKI,243,2.337083333333333,0.0
2010-06-28,21931,21,JUMBO STORAGE BAG SUKI,389,2.2996,0.0
2010-07-05,21931,21,JUMBO STORAGE BAG SUKI,163,2.3116,0.0
2010-07-12,21931,21,JUMBO STORAGE BAG SUKI,400,2.2594736842105263,0.0
2010-07-19,21931,21,JUMBO STORAGE BAG SUKI,432,2.0851724137931034,0.0
2010-07-26,21931,21,JUMBO STORAGE BAG SUKI,200,2.3116,0.0
2010-08-02,21931,21,JUMBO STORAGE BAG SUKI,166,2.198235294117647,0.0
2010-08-09,21931,21,JUMBO STORAGE BAG SUKI,478,2.5319999999999996,0.0
2010-08-16,21931,21,JUMBO STORAGE BAG SUKI,510,2.2056521739130432,0.0
2010-08-23,21931,21,JUMBO STORAGE BAG SUKI,344,2.2092,0.0
2010-08-30,21931,21,JUMBO STORAGE BAG SUKI,511,2.5244,0.0
2010-09-06,21931,21,JUMBO STORAGE BAG SUKI,527,2.2876,0.0
2010-09-13,21931,21,JUMBO STORAGE BAG SUKI,253,2.5,0.0
2010-09-20,21931,21,JUMBO STORAGE BAG SUKI,349,2.676842105263158,0.0
2010-09-27,21931,21,JUMBO STORAGE BAG SUKI,399,2.3462962962962965,0.0
2010-10-04,21931,21,JUMBO STORAGE BAG SUKI,130,2.2581818181818183,0.0
2010-10-11,21931,21,JUMBO STORAGE BAG SUKI,215,2.5453571428571427,0.0
2010-10-18,21931,21,JUMBO STORAGE BAG SUKI,162,2.45625,0.0
2010-10-25,21931,21,JUMBO STORAGE BAG SUKI,180,2.357222222222222,0.0
2010-11-01,21931,21,JUMBO STORAGE BAG SUKI,178,2.1418181818181816,0.0
2010-11-08,21931,21,JUMBO STORAGE BAG SUKI,625,2.3329268292682923,0.0
2010-11-15,21931,21,JUMBO STORAGE BAG SUKI,363,2.4354054054054055,0.0
2010-11-22,21931,21,JUMBO STORAGE BAG SUKI,387,2.304285714285714,0.0
2010-11-29,21931,21,JUMBO STORAGE BAG SUKI,390,2.4120454545454546,0.0
2010-12-06,21931,21,JUMBO STORAGE BAG SUKI,386,2.7293478260869564,0.0
2010-12-13,21931,21,JUMBO STORAGE BAG SUKI,174,2.5575,0.0
2010-12-20,21931,21,JUMBO STORAGE BAG SUKI,61,4.098,0.0
2011-01-03,21931,21,JUMBO STORAGE BAG SUKI,216,2.3728571428571428,0.0
2011-01-10,21931,21,JUMBO STORAGE BAG SUKI,281,2.99875,0.0
2011-01-17,21931,21,JUMBO STORAGE BAG SUKI,80,3.2233333333333336,0.0
2011-01-24,21931,21,JUMBO STORAGE BAG SUKI,259,3.038235294117647,0.0
2011-01-31,21931,21,JUMBO STORAGE BAG SUKI,127,2.2614285714285716,1.0
2011-02-07,21931,21,JUMBO STORAGE BAG SUKI,230,2.8521052631578945,0.0
2011-02-14,21931,21,JUMBO STORAGE BAG SUKI,500,2.787272727272727,0.0
2011-02-21,21931,21,JUMBO STORAGE BAG SUKI,164,3.0926666666666667,0.0
2011-02-28,21931,21,JUMBO STORAGE BAG SUKI,163,2.651666666666667,0.0
2011-03-07,21931,21,JUMBO STORAGE BAG SUKI,87,2.822,0.0
2011-03-14,21931,21,JUMBO STORAGE BAG SUKI,248,2.2185714285714284,1.0
2011-03-21,21931,21,JUMBO STORAGE BAG SUKI,400,2.6480952380952383,0.0
2011-03-28,21931,21,JUMBO STORAGE BAG SUKI,349,2.832333333333333,0.0
2011-04-04,21931,21,JUMBO STORAGE BAG SUKI,233,2.2668421052631578,1.0
2011-04-11,21931,21,JUMBO STORAGE BAG SUKI,182,2.9862962962962962,0.0
2011-04-18,21931,21,JUMBO STORAGE BAG SUKI,60,2.9,0.0
2011-04-25,21931,21,JUMBO STORAGE BAG SUKI,109,3.0366666666666666,0.0
2011-05-02,21931,21,JUMBO STORAGE BAG SUKI,171,2.572,0.0
2011-05-09,21931,21,JUMBO STORAGE BAG SUKI,453,3.251666666666667,0.0
2011-05-16,21931,21,JUMBO STORAGE BAG SUKI,176,3.067037037037037,0.0
2011-05-23,21931,21,JUMBO STORAGE BAG SUKI,251,2.8573076923076925,0.0
2011-05-30,21931,21,JUMBO STORAGE BAG SUKI,114,3.218888888888889,0.0
2011-06-06,21931,21,JUMBO STORAGE BAG SUKI,230,3.2364102564102564,0.0
2011-06-13,21931,21,JUMBO STORAGE BAG SUKI,93,3.044705882352941,0.0
2011-06-20,21931,21,JUMBO STORAGE BAG SUKI,244,3.0214285714285714,0.0
2011-06-27,21931,21,JUMBO STORAGE BAG SUKI,427,3.0388,0.0
2011-07-04,21931,21,JUMBO STORAGE BAG SUKI,351,3.166888888888889,0.0
2011-07-11,21931,21,JUMBO STORAGE BAG SUKI,156,2.880666666666667,0.0
2011-07-18,21931,21,JUMBO STORAGE BAG SUKI,257,2.936153846153846,0.0
2011-07-25,21931,21,JUMBO STORAGE BAG SUKI,230,2.625909090909091,0.0
2011-08-01,21931,21,JUMBO STORAGE BAG SUKI,383,2.267058823529412,1.0
2011-08-08,21931,21,JUMBO STORAGE BAG SUKI,297,2.574375,0.0
2011-08-15,21931,21,JUMBO STORAGE BAG SUKI,395,2.14,1.0
2011-08-22,21931,21,JUMBO STORAGE BAG SUKI,356,2.250909090909091,1.0
2011-08-29,21931,21,JUMBO STORAGE BAG SUKI,302,3.1574999999999998,0.0
2011-09-05,21931,21,JUMBO STORAGE BAG SUKI,276,2.6658333333333335,0.0
2011-09-12,21931,21,JUMBO STORAGE BAG SUKI,331,2.5335483870967743,0.0
2011-09-19,21931,21,JUMBO STORAGE BAG SUKI,278,2.796818181818182,0.0
2011-09-26,21931,21,JUMBO STORAGE BAG SUKI,260,2.4812499999999997,0.0
2011-10-03,21931,21,JUMBO STORAGE BAG SUKI,444,2.698666666666667,0.0
2011-10-10,21931,21,JUMBO STORAGE BAG SUKI,243,2.678,0.0
2011-10-17,21931,21,JUMBO STORAGE BAG SUKI,140,2.720625,0.0
2011-10-24,21931,21,JUMBO STORAGE BAG SUKI,342,2.5889473684210524,0.0
2011-10-31,21931,21,JUMBO STORAGE BAG SUKI,245,2.903181818181818,0.0
2011-11-07,21931,21,JUMBO STORAGE BAG SUKI,504,2.4170000000000003,0.0
2011-11-14,21931,21,JUMBO STORAGE BAG SUKI,149,2.258260869565217,0.0
2011-11-21,21931,21,JUMBO STORAGE BAG SUKI,209,2.5194444444444444,0.0
2011-11-28,21931,21,JUMBO STORAGE BAG SUKI,257,2.5895652173913044,0.0
2011-12-05,21931,21,JUMBO STORAGE BAG SUKI,157,2.922083333333333,0.0
