results/realworld_weekly.csv
date,product,category,description,sales,price,promo
2009-11-30,21975,21,PACK OF 60 DINOSAUR CAKE CASES,323,0.6677777777777778,0.0
2009-12-07,21975,21,PACK OF 60 DINOSAUR CAKE CASES,112,0.7642857142857143,0.0
2009-12-14,21975,21,PACK OF 60 DINOSAUR CAKE CASES,134,0.9785714285714286,0.0
2009-12-21,21975,21,PACK OF 60 DINOSAUR CAKE CASES,3,0.925,0.0
2010-01-04,21975,21,PACK OF 60 DINOSAUR CAKE CASES,48,0.55,1.0
2010-01-11,21975,21,PACK OF 60 DINOSAUR CAKE CASES,86,0.992,0.0
2010-01-18,21975,21,PACK OF 60 DINOSAUR CAKE CASES,373,0.686,0.0
2010-01-25,21975,21,PACK OF 60 DINOSAUR CAKE CASES,241,0.6473333333333334,1.0
2010-02-01,21975,21,PACK OF 60 DINOSAUR CAKE CASES,165,0.683,0.0
2010-02-08,21975,21,PACK OF 60 DINOSAUR CAKE CASES,414,0.6690909090909091,0.0
2010-02-15,21975,21,PACK OF 60 DINOSAUR CAKE CASES,133,0.623,1.0
2010-02-22,21975,21,PACK OF 60 DINOSAUR CAKE CASES,239,0.670909090909091,0.0
2010-03-01,21975,21,PACK OF 60 DINOSAUR CAKE CASES,417,0.6227777777777779,0.0
2010-03-08,21975,21,PACK OF 60 DINOSAUR CAKE CASES,87,0.55,1.0
2010-03-15,21975,21,PACK OF 60 DINOSAUR CAKE CASES,853,0.6505263157894737,0.0
2010-03-22,21975,21,PACK OF 60 DINOSAUR CAKE CASES,253,0.6542857142857142,0.0
2010-03-29,21975,21,PACK OF 60 DINOSAUR CAKE CASES,62,0.55,1.0
2010-04-05,21975,21,PACK OF 60 DINOSAUR CAKE CASES,483,0.743,0.0
2010-04-12,21975,21,PACK OF 60 DINOSAUR CAKE CASES,87,0.55,0.0
2010-04-19,21975,21,PACK OF 60 DINOSAUR CAKE CASES,297,0.6787500000000001,0.0
2010-04-26,21975,21,PACK OF 60 DINOSAUR CAKE CASES,360,0.6716666666666667,0.0
2010-05-03,21975,21,PACK OF 60 DINOSAUR CAKE CASES,196,0.7122222222222222,0.0
2010-05-10,21975,21,PACK OF 60 DINOSAUR CAKE CASES,224,0.5337500000000001,1.0
2010-05-17,21975,21,PACK OF 60 DINOSAUR CAKE CASES,192,0.55,0.0
2010-05-24,21975,21,PACK OF 60 DINOSAUR CAKE CASES,799,0.5846153846153846,0.0
2010-05-31,21975,21,PACK OF 60 DINOSAUR CAKE CASES,299,0.67,0.0
2010-06-07,21975,21,PACK OF 60 DINOSAUR CAKE CASES,327,0.6450000000000001,0.0
2010-06-14,21975,21,PACK OF 60 DINOSAUR CAKE CASES,132,0.6108333333333333,0.0
2010-06-21,21975,21,PACK OF 60 DINOSAUR CAKE CASES,250,0.756,0.0
2010-06-28,21975,21,PACK OF 60 DINOSAUR CAKE CASES,554,0.5352631578947369,1.0
2010-07-05,21975,21,PACK OF 60 DINOSAUR CAKE CASES,471,0.5891666666666667,0.0
2010-07-12,21975,21,PACK OF 60 DINOSAUR CAKE CASES,52,0.623,0.0
2010-07-19,21975,21,PACK OF 60 DINOSAUR CAKE CASES,103,0.7585714285714287,0.0
2010-07-26,21975,21,PACK OF 60 DINOSAUR CAKE CASES,340,0.5847619047619048,0.0
2010-08-02,21975,21,PACK OF 60 DINOSAUR CAKE CASES,171,0.55,0.0
2010-08-09,21975,21,PACK OF 60 DINOSAUR CAKE CASES,512,0.7683333333333334,0.0
2010-08-16,21975,21,PACK OF 60 DINOSAUR CAKE CASES,316,0.625,0.0
2010-08-23,21975,21,PACK OF 60 DINOSAUR CAKE CASES,80,0.6412500000000001,0.0
2010-08-30,21975,21,PACK OF 60 DINOSAUR CAKE CASES,225,0.6045454545454546,0.0
2010-09-06,21975,21,PACK OF 60 DINOSAUR CAKE CASES,184,0.55,0.0
2010-09-13,21975,21,PACK OF 60 DINOSAUR CAKE CASES,253,0.5381818181818182,0.0
2010-09-20,21975,21,PACK OF 60 DINOSAUR CAKE CASES,258,0.5381818181818182,0.0
2010-09-27,21975,21,PACK OF 60 DINOSAUR CAKE CASES,234,0.5961538461538461,0.0
2010-10-04,21975,21,PACK OF 60 DINOSAUR CAKE CASES,1138,0.6270588235294118,0.0
2010-10-11,21975,21,PACK OF 60 DINOSAUR CAKE CASES,256,0.55,0.0
2010-10-18,21975,21,PACK OF 60 DINOSAUR CAKE CASES,287,0.5760869565217391,0.0
2010-10-25,21975,21,PACK OF 60 DINOSAUR CAKE CASES,82,0.6960000000000001,0.0
2010-11-01,21975,21,PACK OF 60 DINOSAUR CAKE CASES,491,0.6450000000000001,0.0
2010-11-08,21975,21,PACK OF 60 DINOSAUR CAKE CASES,124,0.6542857142857142,0.0
2010-11-15,21975,21,PACK OF 60 DINOSAUR CAKE CASES,468,0.6131578947368421,0.0
2010-11-22,21975,21,PACK OF 60 DINOSAUR CAKE CASES,90,0.6716666666666667,0.0
2010-11-29,21975,21,PACK OF 60 DINOSAUR CAKE CASES,204,0.7647058823529411,0.0
2010-12-06,21975,21,PACK OF 60 DINOSAUR CAKE CASES,56,0.8107142857142858,0.0
2010-12-13,21975,21,PACK OF 60 DINOSAUR CAKE CASES,33,0.842,0.0
2010-12-20,21975,21,PACK OF 60 DINOSAUR CAKE CASES,480,0.4,1.0
2011-01-03,21975,21,PACK OF 60 DINOSAUR CAKE CASES,51,0.55,0.0
2011-01-10,21975,21,PACK OF 60 DINOSAUR CAKE CASES,141,0.6542857142857142,0.0
2011-01-17,21975,21,PACK OF 60 DINOSAUR CAKE CASES,77,0.6500000000000001,0.0
2011-01-24,21975,21,PACK OF 60 DINOSAUR CAKE CASES,93,0.55,1.0
2011-01-31,21975,21,PACK OF 60 DINOSAUR CAKE CASES,102,0.6500000000000001,0.0
2011-02-07,21975,21,PACK OF 60 DINOSAUR CAKE CASES,175,0.6666666666666666,0.0
2011-02-14,21975,21,PACK OF 60 DINOSAUR CAKE CASES,123,0.55,0.0
2011-02-21,21975,21,PACK OF 60 DINOSAUR CAKE CASES,222,0.55,0.0
2011-02-28,21975,21,PACK OF 60 DINOSAUR CAKE CASES,100,0.55,0.0
2011-03-07,21975,21,PACK OF 60 DINOSAUR CAKE CASES,199,0.55,0.0
2011-03-14,21975,21,PACK OF 60 DINOSAUR CAKE CASES,58,0.55,0.0
2011-03-21,21975,21,PACK OF 60 DINOSAUR CAKE CASES,237,0.54,0.0
2011-03-28,21975,21,PACK OF 60 DINOSAUR CAKE CASES,169,0.5868421052631579,0.0
2011-04-04,21975,21,PACK OF 60 DINOSAUR CAKE CASES,89,0.55,0.0
2011-04-11,21975,21,PACK OF 60 DINOSAUR CAKE CASES,82,0.55,0.0
2011-04-18,21975,21,PACK OF 60 DINOSAUR CAKE CASES,779,0.5958333333333333,0.0
2011-04-25,21975,21,PACK OF 60 DINOSAUR CAKE CASES,39,0.55,0.0
2011-05-02,21975,21,PACK OF 60 DINOSAUR CAKE CASES,134,0.5966666666666668,0.0
2011-05-09,21975,21,PACK OF 60 DINOSAUR CAKE CASES,220,0.607,0.0
2011-05-16,21975,21,PACK OF 60 DINOSAUR CAKE CASES,35,0.7833333333333333,0.0
2011-05-23,21975,21,PACK OF 60 DINOSAUR CAKE CASES,113,0.55,0.0
2011-05-30,21975,21,PACK OF 60 DINOSAUR CAKE CASES,136,0.6038461538461539,0.0
2011-06-06,21975,21,PACK OF 60 DINOSAUR CAKE CASES,144,0.6323529411764706,0.0
2011-06-13,21975,21,PACK OF 60 DINOSAUR CAKE CASES,357,0.5283333333333333,0.0
2011-06-20,21975,21,PACK OF 60 DINOSAUR CAKE CASES,68,0.6772727272727272,0.0
2011-06-27,21975,21,PACK OF 60 DINOSAUR CAKE CASES,62,0.6375000000000001,0.0
2011-07-04,21975,21,PACK OF 60 DINOSAUR CAKE CASES,797,0.7285714285714285,0.0
2011-07-11,21975,21,PACK OF 60 DINOSAUR CAKE CASES,180,0.6083333333333334,0.0
2011-07-18,21975,21,PACK OF 60 DINOSAUR CAKE CASES,180,0.55,0.0
2011-07-25,21975,21,PACK OF 60 DINOSAUR CAKE CASES,134,0.6083333333333334,0.0
2011-08-01,21975,21,PACK OF 60 DINOSAUR CAKE CASES,227,0.6666666666666666,0.0
2011-08-08,21975,21,PACK OF 60 DINOSAUR CAKE CASES,89,0.6277777777777778,0.0
2011-08-15,21975,21,PACK OF 60 DINOSAUR CAKE CASES,848,0.535,0.0
2011-08-22,21975,21,PACK OF 60 DINOSAUR CAKE CASES,92,0.55,0.0
2011-08-29,21975,21,PACK OF 60 DINOSAUR CAKE CASES,56,0.7833333333333334,0.0
2011-09-05,21975,21,PACK OF 60 DINOSAUR CAKE CASES,385,0.5326666666666667,0.0
2011-09-12,21975,21,PACK OF 60 DINOSAUR CAKE CASES,799,0.5263636363636364,0.0
2011-09-19,21975,21,PACK OF 60 DINOSAUR CAKE CASES,310,0.6212500000000001,0.0
2011-09-26,21975,21,PACK OF 60 DINOSAUR CAKE CASES,137,0.5966666666666668,0.0
2011-10-03,21975,21,PACK OF 60 DINOSAUR CAKE CASES,110,0.6772727272727272,0.0
2011-10-10,21975,21,PACK OF 60 DINOSAUR CAKE CASES,19,0.7833333333333334,0.0
2011-10-17,21975,21,PACK OF 60 DINOSAUR CAKE CASES,103,0.6900000000000001,0.0
2011-10-24,21975,21,PACK OF 60 DINOSAUR CAKE CASES,39,0.6772727272727272,0.0
2011-10-31,21975,21,PACK OF 60 DINOSAUR CAKE CASES,103,0.6900000000000001,0.0
2011-11-07,21975,21,PACK OF 60 DINOSAUR CAKE CASES,125,0.75,0.0
2011-11-14,21975,21,PACK OF 60 DINOSAUR CAKE CASES,152,0.732608695652174,0.0
2011-11-21,21975,21,PACK OF 60 DINOSAUR CAKE CASES,237,0.65,0.0
2011-11-28,21975,21,PACK OF 60 DINOSAUR CAKE CASES,100,0.7653846153846154,0.0
2011-12-05,21975,21,PACK OF 60 DINOSAUR CAKE CASES,48,0.7833333333333334,0.0
2009-11-30,21977,21,PACK OF 60 PINK PAISLEY CAKE CASES,486,0.6695833333333333,0.0
2009-12-07,21977,21,PACK OF 60 PINK PAISLEY CAKE CASES,390,0.6866666666666668,0.0
2009-12-14,21977,21,PACK OF 60 PINK PAISLEY CAKE CASES,193,0.9250000000000002,0.0
2009-12-21,21977,21,PACK OF 60 PINK PAISLEY CAKE CASES,6,1.1125,0.0
2010-01-04,21977,21,PACK OF 60 PINK PAISLEY CAKE CASES,150,0.55,1.0
2010-01-11,21977,21,PACK OF 60 PINK PAISLEY CAKE CASES,192,0.8815000000000002,0.0
2010-01-18,21977,21,PACK OF 60 PINK PAISLEY CAKE CASES,416,0.7833333333333333,0.0
2010-01-25,21977,21,PACK OF 60 PINK PAISLEY CAKE CASES,368,0.7490909090909091,0.0
2010-02-01,21977,21,PACK OF 60 PINK PAISLEY CAKE CASES,201,0.8189473684210526,0.0
2010-02-08,21977,21,PACK OF 60 PINK PAISLEY CAKE CASES,540,0.6407692307692308,1.0
2010-02-15,21977,21,PACK OF 60 PINK PAISLEY CAKE CASES,407,0.6084,1.0
2010-02-22,21977,21,PACK OF 60 PINK PAISLEY CAKE CASES,907,0.7668421052631579,0.0
2010-03-01,21977,21,PACK OF 60 PINK PAISLEY CAKE CASES,748,0.6273913043478261,1.0
2010-03-08,21977,21,PACK OF 60 PINK PAISLEY CAKE CASES,189,0.869375,0.0
2010-03-15,21977,21,PACK OF 60 PINK PAISLEY CAKE CASES,624,0.6848000000000001,0.0
2010-03-22,21977,21,PACK OF 60 PINK PAISLEY CAKE CASES,582,0.6242307692307693,1.0
2010-03-29,21977,21,PACK OF 60 PINK PAISLEY CAKE CASES,138,0.6473333333333334,0.0
2010-04-05,21977,21,PACK OF 60 PINK PAISLEY CAKE CASES,491,0.7141176470588235,0.0
2010-04-12,21977,21,PACK OF 60 PINK PAISLEY CAKE CASES,481,0.5423529411764706,1.0
2010-04-19,21977,21,PACK OF 60 PINK PAISLEY CAKE CASES,541,0.7360000000000001,0.0
2010-04-26,21977,21,PACK OF 60 PINK PAISLEY CAKE CASES,986,0.6262962962962964,0.0
2010-05-03,21977,21,PACK OF 60 PINK PAISLEY CAKE CASES,398,0.6104545454545455,0.0
2010-05-10,21977,21,PACK OF 60 PINK PAISLEY CAKE CASES,341,0.6971428571428572,0.0
2010-05-17,21977,21,PACK OF 60 PINK PAISLEY CAKE CASES,511,0.6054166666666667,0.0
2010-05-24,21977,21,PACK OF 60 PINK PAISLEY CAKE CASES,995,0.5725,0.0
2010-05-31,21977,21,PACK OF 60 PINK PAISLEY CAKE CASES,246,0.8036363636363636,0.0
2010-06-07,21977,21,PACK OF 60 PINK PAISLEY CAKE CASES,706,0.6624137931034483,0.0
2010-06-14,21977,21,PACK OF 60 PINK PAISLEY CAKE CASES,174,0.5956250000000001,0.0
2010-06-21,21977,21,PACK OF 60 PINK PAISLEY CAKE CASES,411,1.0247826086956522,0.0
2010-06-28,21977,21,PACK OF 60 PINK PAISLEY CAKE CASES,1346,0.5862068965517241,0.0
2010-07-05,21977,21,PACK OF 60 PINK PAISLEY CAKE CASES,517,0.6828571428571429,0.0
2010-07-12,21977,21,PACK OF 60 PINK PAISLEY CAKE CASES,219,0.6960000000000001,0.0
2010-07-19,21977,21,PACK OF 60 PINK PAISLEY CAKE CASES,326,0.6268421052631579,0.0
2010-07-26,21977,21,PACK OF 60 PINK PAISLEY CAKE CASES,196,0.7325,0.0
2010-08-02,21977,21,PACK OF 60 PINK PAISLEY CAKE CASES,321,0.55,1.0
2010-08-09,21977,21,PACK OF 60 PINK PAISLEY CAKE CASES,365,0.83875,0.0
2010-08-16,21977,21,PACK OF 60 PINK PAISLEY CAKE CASES,1123,0.5630769230769231,1.0
2010-08-23,21977,21,PACK OF 60 PINK PAISLEY CAKE CASES,1133,0.5381818181818182,1.0
2010-08-30,21977,21,PACK OF 60 PINK PAISLEY CAKE CASES,433,0.8733333333333334,0.0
2010-09-06,21977,21,PACK OF 60 PINK PAISLEY CAKE CASES,398,0.6205882352941177,0.0
2010-09-13,21977,21,PACK OF 60 PINK PAISLEY CAKE CASES,303,0.6873333333333334,0.0
2010-09-20,21977,21,PACK OF 60 PINK PAISLEY CAKE CASES,497,0.7082608695652174,0.0
2010-09-27,21977,21,PACK OF 60 PINK PAISLEY CAKE CASES,482,0.6955,0.0
2010-10-04,21977,21,PACK OF 60 PINK PAISLEY CAKE CASES,760,0.6748275862068965,0.0
2010-10-11,21977,21,PACK OF 60 PINK PAISLEY CAKE CASES,721,0.61,0.0
2010-10-18,21977,21,PACK OF 60 PINK PAISLEY CAKE CASES,704,0.6710344827586208,0.0
2010-10-25,21977,21,PACK OF 60 PINK PAISLEY CAKE CASES,424,0.7522222222222222,0.0
2010-11-01,21977,21,PACK OF 60 PINK PAISLEY CAKE CASES,490,0.653,0.0
2010-11-08,21977,21,PACK OF 60 PINK PAISLEY CAKE CASES,491,0.7162857142857143,0.0
2010-11-15,21977,21,PACK OF 60 PINK PAISLEY CAKE CASES,705,0.768846153846154,0.0
2010-11-22,21977,21,PACK OF 60 PINK PAISLEY CAKE CASES,847,0.9039130434782608,0.0
2010-11-29,21977,21,PACK OF 60 PINK PAISLEY CAKE CASES,597,0.7986842105263158,0.0
2010-12-06,21977,21,PACK OF 60 PINK PAISLEY CAKE CASES,339,1.0051612903225806,0.0
2010-12-13,21977,21,PACK OF 60 PINK PAISLEY CAKE CASES,141,0.7585714285714287,0.0
2010-12-20,21977,21,PACK OF 60 PINK PAISLEY CAKE CASES,510,0.89,0.0
2011-01-03,21977,21,PACK OF 60 PINK PAISLEY CAKE CASES,155,0.7746153846153846,0.0
2011-01-10,21977,21,PACK OF 60 PINK PAISLEY CAKE CASES,83,0.82375,0.0
2011-01-17,21977,21,PACK OF 60 PINK PAISLEY CAKE CASES,34,1.075,0.0
2011-01-24,21977,21,PACK OF 60 PINK PAISLEY CAKE CASES,96,0.8292307692307693,0.0
2011-01-31,21977,21,PACK OF 60 PINK PAISLEY CAKE CASES,811,0.8365,0.0
2011-02-07,21977,21,PACK OF 60 PINK PAISLEY CAKE CASES,75,1.1766666666666667,0.0
2011-02-14,21977,21,PACK OF 60 PINK PAISLEY CAKE CASES,320,0.7070588235294117,1.0
2011-02-21,21977,21,PACK OF 60 PINK PAISLEY CAKE CASES,215,0.7000000000000001,1.0
2011-02-28,21977,21,PACK OF 60 PINK PAISLEY CAKE CASES,228,0.7366666666666667,0.0
2011-03-07,21977,21,PACK OF 60 PINK PAISLEY CAKE CASES,396,0.673125,1.0
2011-03-14,21977,21,PACK OF 60 PINK PAISLEY CAKE CASES,623,1.0783333333333334,0.0
2011-03-21,21977,21,PACK OF 60 PINK PAISLEY CAKE CASES,384,0.655,1.0
2011-03-28,21977,21,PACK OF 60 PINK PAISLEY CAKE CASES,338,0.7995833333333334,0.0
2011-04-04,21977,21,PACK OF 60 PINK PAISLEY CAKE CASES,159,0.55,1.0
2011-04-11,21977,21,PACK OF 60 PINK PAISLEY CAKE CASES,727,0.732608695652174,0.0
2011-04-18,21977,21,PACK OF 60 PINK PAISLEY CAKE CASES,1249,0.7863157894736843,0.0
2011-04-25,21977,21,PACK OF 60 PINK PAISLEY CAKE CASES,183,0.88,0.0
2011-05-02,21977,21,PACK OF 60 PINK PAISLEY CAKE CASES,291,0.740909090909091,0.0
2011-05-09,21977,21,PACK OF 60 PINK PAISLEY CAKE CASES,448,1.0762962962962963,0.0
2011-05-16,21977,21,PACK OF 60 PINK PAISLEY CAKE CASES,149,0.9026666666666667,0.0
2011-05-23,21977,21,PACK OF 60 PINK PAISLEY CAKE CASES,2825,0.6911111111111112,0.0
2011-05-30,21977,21,PACK OF 60 PINK PAISLEY CAKE CASES,15,0.9,0.0
2011-06-06,21977,21,PACK OF 60 PINK PAISLEY CAKE CASES,313,0.885909090909091,0.0
2011-06-13,21977,21,PACK OF 60 PINK PAISLEY CAKE CASES,207,0.785,0.0
2011-06-20,21977,21,PACK OF 60 PINK PAISLEY CAKE CASES,497,0.85,0.0
2011-06-27,21977,21,PACK OF 60 PINK PAISLEY CAKE CASES,136,0.6375000000000001,1.0
2011-07-04,21977,21,PACK OF 60 PINK PAISLEY CAKE CASES,93,0.7833333333333334,0.0
2011-07-11,21977,21,PACK OF 60 PINK PAISLEY CAKE CASES,118,0.6576923076923078,1.0
2011-07-18,21977,21,PACK OF 60 PINK PAISLEY CAKE CASES,1331,0.6915384615384615,0.0
2011-07-25,21977,21,PACK OF 60 PINK PAISLEY CAKE CASES,406,0.6713636363636364,1.0
2011-08-01,21977,21,PACK OF 60 PINK PAISLEY CAKE CASES,223,0.6136363636363636,1.0
2011-08-08,21977,21,PACK OF 60 PINK PAISLEY CAKE CASES,224,0.6133333333333334,1.0
2011-08-15,21977,21,PACK OF 60 PINK PAISLEY CAKE CASES,807,0.5363636363636364,1.0
2011-08-22,21977,21,PACK OF 60 PINK PAISLEY CAKE CASES,828,0.524,1.0
2011-08-29,21977,21,PACK OF 60 PINK PAISLEY CAKE CASES,203,0.8308333333333334,0.0
2011-09-05,21977,21,PACK OF 60 PINK PAISLEY CAKE CASES,520,0.6173333333333333,0.0
2011-09-12,21977,21,PACK OF 60 PINK PAISLEY CAKE CASES,718,0.6907142857142857,0.0
2011-09-19,21977,21,PACK OF 60 PINK PAISLEY CAKE CASES,330,0.607,0.0
2011-09-26,21977,21,PACK OF 60 PINK PAISLEY CAKE CASES,189,0.6576923076923078,0.0
2011-10-03,21977,21,PACK OF 60 PINK PAISLEY CAKE CASES,829,0.6536842105263158,0.0
2011-10-10,21977,21,PACK OF 60 PINK PAISLEY CAKE CASES,150,0.7000000000000001,0.0
2011-10-17,21977,21,PACK OF 60 PINK PAISLEY CAKE CASES,112,0.6900000000000001,0.0
2011-10-24,21977,21,PACK OF 60 PINK PAISLEY CAKE CASES,98,0.6433333333333333,0.0
2011-10-31,21977,21,PACK OF 60 PINK PAISLEY CAKE CASES,62,0.6772727272727272,0.0
2011-11-07,21977,21,PACK OF 60 PINK PAISLEY CAKE CASES,153,0.8363636363636364,0.0
2011-11-14,21977,21,PACK OF 60 PINK PAISLEY CAKE CASES,127,0.7833333333333333,0.0
2011-11-21,21977,21,PACK OF 60 PINK PAISLEY CAKE CASES,365,0.6796296296296297,0.0
2011-11-28,21977,21,PACK OF 60 PINK PAISLEY CAKE CASES,239,0.732608695652174,0.0
2011-12-05,21977,21,PACK OF 60 PINK PAISLEY CAKE CASES,183,0.8422727272727273,0.0
