results/realworld_weekly.csv
date,product,category,description,sales,price,promo
2009-11-30,21980,21,PACK OF 12 RED RETROSPOT TISSUES ,4313,0.36428571428571427,0.0
2009-12-07,21980,21,PACK OF 12 RED RETROSPOT TISSUES ,380,0.4057142857142857,0.0
2009-12-14,21980,21,PACK OF 12 RED RETROSPOT TISSUES ,189,0.5392307692307692,0.0
2009-12-21,21980,21,PACK OF 12 RED RETROSPOT TISSUES ,433,0.54,0.0
2010-01-04,21980,21,PACK OF 12 RED RETROSPOT TISSUES ,168,0.29,1.0
2010-01-11,21980,21,PACK OF 12 RED RETROSPOT TISSUES ,56,0.6671428571428571,0.0
2010-01-18,21980,21,PACK OF 12 RED RETROSPOT TISSUES ,2,0.81,0.0
2010-01-25,21980,21,PACK OF 12 RED RETROSPOT TISSUES ,72,0.29,1.0
2010-02-01,21980,21,PACK OF 12 RED RETROSPOT TISSUES ,209,0.42000000000000004,0.0
2010-02-08,21980,21,PACK OF 12 RED RETROSPOT TISSUES ,123,0.29,1.0
2010-02-15,21980,21,PACK OF 12 RED RETROSPOT TISSUES ,305,0.446,0.0
2010-02-22,21980,21,PACK OF 12 RED RETROSPOT TISSUES ,350,0.355,1.0
2010-03-01,21980,21,PACK OF 12 RED RETROSPOT TISSUES ,252,0.29,1.0
2010-03-08,21980,21,PACK OF 12 RED RETROSPOT TISSUES ,266,0.3083333333333333,1.0
2010-03-15,21980,21,PACK OF 12 RED RETROSPOT TISSUES ,136,0.42,0.0
2010-03-22,21980,21,PACK OF 12 RED RETROSPOT TISSUES ,10070,0.36999999999999994,0.0
2010-03-29,21980,21,PACK OF 12 RED RETROSPOT TISSUES ,75,0.49800000000000005,0.0
2010-04-05,21980,21,PACK OF 12 RED RETROSPOT TISSUES ,157,0.394,0.0
2010-04-12,21980,21,PACK OF 12 RED RETROSPOT TISSUES ,108,0.29,1.0
2010-04-19,21980,21,PACK OF 12 RED RETROSPOT TISSUES ,63,0.55,0.0
2010-04-26,21980,21,PACK OF 12 RED RETROSPOT TISSUES ,101,0.42000000000000004,0.0
2010-05-03,21980,21,PACK OF 12 RED RETROSPOT TISSUES ,223,0.36428571428571427,0.0
2010-05-10,21980,21,PACK OF 12 RED RETROSPOT TISSUES ,300,0.29,1.0
2010-05-17,21980,21,PACK OF 12 RED RETROSPOT TISSUES ,124,0.36428571428571427,0.0
2010-05-24,21980,21,PACK OF 12 RED RETROSPOT TISSUES ,97,0.394,0.0
2010-05-31,21980,21,PACK OF 12 RED RETROSPOT TISSUES ,90,0.40555555555555556,0.0
2010-06-07,21980,21,PACK OF 12 RED RETROSPOT TISSUES ,168,0.29,1.0
2010-06-14,21980,21,PACK OF 12 RED RETROSPOT TISSUES ,48,0.29,1.0
2010-06-21,21980,21,PACK OF 12 RED RETROSPOT TISSUES ,25,0.4633333333333334,0.0
2010-06-28,21980,21,PACK OF 12 RED RETROSPOT TISSUES ,18,0.4633333333333334,0.0
2010-07-05,21980,21,PACK OF 12 RED RETROSPOT TISSUES ,27,0.42,0.0
2010-07-12,21980,21,PACK OF 12 RED RETROSPOT TISSUES ,144,0.29,1.0
2010-07-19,21980,21,PACK OF 12 RED RETROSPOT TISSUES ,606,0.28428571428571425,1.0
2010-07-26,21980,21,PACK OF 12 RED RETROSPOT TISSUES ,84,0.37,0.0
2010-08-02,21980,21,PACK OF 12 RED RETROSPOT TISSUES ,25,0.29,1.0
2010-08-09,21980,21,PACK OF 12 RED RETROSPOT TISSUES ,73,0.29,1.0
2010-08-16,21980,21,PACK OF 12 RED RETROSPOT TISSUES ,336,0.27875,1.0
2010-08-23,21980,21,PACK OF 12 RED RETROSPOT TISSUES ,89,0.3833333333333333,0.0
2010-08-30,21980,21,PACK OF 12 RED RETROSPOT TISSUES ,54,0.29,0.0
2010-09-06,21980,21,PACK OF 12 RED RETROSPOT TISSUES ,101,0.37,0.0
2010-09-13,21980,21,PACK OF 12 RED RETROSPOT TISSUES ,52,0.4766666666666666,0.0
2010-09-20,21980,21,PACK OF 12 RED RETROSPOT TISSUES ,13,0.29,1.0
2010-09-20,21980,21,PACK OF 12 RED RETROSPOT TISSUES ,507,0.2833333333333333,0.0
2010-09-27,21980,21,PACK OF 12 RED RETROSPOT TISSUES ,78,0.3522222222222222,0.0
2010-09-27,21980,21,PACK OF 12 RED RETROSPOT TISSUES ,24,0.29,0.0
2010-10-04,21980,21,PACK OF 12 RED RETROSPOT TISSUES ,78,0.37,0.0
2010-10-11,21980,21,PACK OF 12 RED RETROSPOT TISSUES ,135,0.2833333333333333,0.0
2010-10-18,21980,21,PACK OF 12 RED RETROSPOT TISSUES ,160,0.29,0.0
2010-10-25,21980,21,PACK OF 12 RED RETROSPOT TISSUES ,77,0.29,0.0
2010-10-25,21980,21,PACK OF 12 RED RETROSPOT TISSUES ,48,0.29,0.0
2010-11-01,21980,21,PACK OF 12 RED RETROSPOT TISSUES ,197,0.33,0.0
2010-11-08,21980,21,PACK OF 12 RED RETROSPOT TISSUES ,211,0.41470588235294115,0.0
2010-11-15,21980,21,PACK OF 12 RED RETROSPOT TISSUES ,169,0.3372727272727273,0.0
2010-11-22,21980,21,PACK OF 12 RED RETROSPOT TISSUES ,596,0.434,0.0
2010-11-29,21980,21,PACK OF 12 RED RETROSPOT TISSUES ,182,0.29,0.0
2010-12-06,21980,21,PACK OF 12 RED RETROSPOT TISSUES ,38,0.71,0.0
2010-12-13,21980,21,PACK OF 12 RED RETROSPOT TISSUES ,77,0.514,0.0
2011-01-03,21980,21,PACK OF 12 RED RETROSPOT TISSUES ,85,0.43,0.0
2011-01-10,21980,21,PACK OF 12 RED RETROSPOT TISSUES ,26,0.6633333333333333,0.0
2011-01-17,21980,21,PACK OF 12 RED RETROSPOT TISSUES ,62,0.29,1.0
2011-01-24,21980,21,PACK OF 12 RED RETROSPOT TISSUES ,66,0.39799999999999996,0.0
2011-01-31,21980,21,PACK OF 12 RED RETROSPOT TISSUES ,546,0.2833333333333333,1.0
2011-02-07,21980,21,PACK OF 12 RED RETROSPOT TISSUES ,13,0.5599999999999999,0.0
2011-02-14,21980,21,PACK OF 12 RED RETROSPOT TISSUES ,70,0.47,0.0
2011-02-21,21980,21,PACK OF 12 RED RETROSPOT TISSUES ,144,0.29,1.0
2011-02-28,21980,21,PACK OF 12 RED RETROSPOT TISSUES ,6,0.5599999999999999,0.0
2011-03-07,21980,21,PACK OF 12 RED RETROSPOT TISSUES ,40,0.47,0.0
2011-03-14,21980,21,PACK OF 12 RED RETROSPOT TISSUES ,48,0.29,1.0
2011-03-21,21980,21,PACK OF 12 RED RETROSPOT TISSUES ,90,0.49249999999999994,0.0
2011-03-28,21980,21,PACK OF 12 RED RETROSPOT TISSUES ,185,0.3941666666666666,0.0
2011-04-04,21980,21,PACK OF 12 RED RETROSPOT TISSUES ,72,0.29,1.0
2011-04-11,21980,21,PACK OF 12 RED RETROSPOT TISSUES ,98,0.415,0.0
2011-04-18,21980,21,PACK OF 12 RED RETROSPOT TISSUES ,72,0.29,1.0
2011-04-25,21980,21,PACK OF 12 RED RETROSPOT TISSUES ,144,0.29,1.0
2011-05-02,21980,21,PACK OF 12 RED RETROSPOT TISSUES ,230,0.29,1.0
2011-05-09,21980,21,PACK OF 12 RED RETROSPOT TISSUES ,84,0.29,1.0
2011-05-16,21980,21,PACK OF 12 RED RETROSPOT TISSUES ,557,0.3525,0.0
2011-05-23,21980,21,PACK OF 12 RED RETROSPOT TISSUES ,24,0.29,1.0
2011-05-30,21980,21,PACK OF 12 RED RETROSPOT TISSUES ,120,0.29,1.0
2011-06-13,21980,21,PACK OF 12 RED RETROSPOT TISSUES ,52,0.29,0.0
2011-06-20,21980,21,PACK OF 12 RED RETROSPOT TISSUES ,58,0.506,0.0
2011-06-27,21980,21,PACK OF 12 RED RETROSPOT TISSUES ,6,0.5599999999999999,0.0
2011-07-04,21980,21,PACK OF 12 RED RETROSPOT TISSUES ,85,0.47,0.0
2011-07-11,21980,21,PACK OF 12 RED RETROSPOT TISSUES ,41,0.37999999999999995,0.0
2011-07-18,21980,21,PACK OF 12 RED RETROSPOT TISSUES ,121,0.29,1.0
2011-07-25,21980,21,PACK OF 12 RED RETROSPOT TISSUES ,97,0.39799999999999996,0.0
2011-08-01,21980,21,PACK OF 12 RED RETROSPOT TISSUES ,9,0.65,0.0
2011-08-08,21980,21,PACK OF 12 RED RETROSPOT TISSUES ,38,0.29,1.0
2011-08-15,21980,21,PACK OF 12 RED RETROSPOT TISSUES ,88,0.29,1.0
2011-08-22,21980,21,PACK OF 12 RED RETROSPOT TISSUES ,5,0.29,1.0
2011-08-29,21980,21,PACK OF 12 RED RETROSPOT TISSUES ,60,0.3566666666666667,0.0
2011-09-05,21980,21,PACK OF 12 RED RETROSPOT TISSUES ,218,0.38,0.0
2011-09-12,21980,21,PACK OF 12 RED RETROSPOT TISSUES ,89,0.5014285714285714,0.0
2011-09-19,21980,21,PACK OF 12 RED RETROSPOT TISSUES ,63,0.5366666666666666,0.0
2011-09-26,21980,21,PACK OF 12 RED RETROSPOT TISSUES ,73,0.47800000000000004,0.0
2011-10-03,21980,21,PACK OF 12 RED RETROSPOT TISSUES ,528,0.376,0.0
2011-10-10,21980,21,PACK OF 12 RED RETROSPOT TISSUES ,60,0.38999999999999996,0.0
2011-10-17,21980,21,PACK OF 12 RED RETROSPOT TISSUES ,84,0.39,0.0
2011-10-24,21980,21,PACK OF 12 RED RETROSPOT TISSUES ,110,0.47800000000000004,0.0
2011-10-31,21980,21,PACK OF 12 RED RETROSPOT TISSUES ,112,0.47800000000000004,0.0
2011-11-07,21980,21,PACK OF 12 RED RETROSPOT TISSUES ,46,0.47800000000000004,0.0
2011-11-14,21980,21,PACK OF 12 RED RETROSPOT TISSUES ,50,0.5855555555555555,0.0
2011-11-21,21980,21,PACK OF 12 RED RETROSPOT TISSUES ,43,0.38999999999999996,0.0
2011-11-28,21980,21,PACK OF 12 RED RETROSPOT TISSUES ,30,0.654,0.0
2011-12-05,21980,21,PACK OF 12 RED RETROSPOT TISSUES ,42,0.61,0.0
2009-11-30,21981,21,PACK OF 12 WOODLAND TISSUES ,4441,0.42166666666666663,0.0
2009-12-07,21981,21,PACK OF 12 WOODLAND TISSUES ,389,0.45615384615384613,0.0
2009-12-14,21981,21,PACK OF 12 WOODLAND TISSUES ,10,0.83,0.0
2010-03-01,21981,21,PACK OF 12 WOODLAND TISSUES ,7,0.29,1.0
2010-03-08,21981,21,PACK OF 12 WOODLAND TISSUES ,56,0.345,1.0
2010-03-15,21981,21,PACK OF 12 WOODLAND TISSUES ,800,0.41500000000000004,0.0
2010-03-22,21981,21,PACK OF 12 WOODLAND TISSUES ,10264,0.3669230769230769,1.0
2010-03-29,21981,21,PACK OF 12 WOODLAND TISSUES ,17,0.6366666666666667,0.0
2010-04-05,21981,21,PACK OF 12 WOODLAND TISSUES ,159,0.4633333333333334,0.0
2010-04-12,21981,21,PACK OF 12 WOODLAND TISSUES ,96,0.29,1.0
2010-04-19,21981,21,PACK OF 12 WOODLAND TISSUES ,75,0.55,0.0
2010-04-26,21981,21,PACK OF 12 WOODLAND TISSUES ,161,0.42,0.0
2010-05-03,21981,21,PACK OF 12 WOODLAND TISSUES ,104,0.49800000000000005,0.0
2010-05-10,21981,21,PACK OF 12 WOODLAND TISSUES ,101,0.42,0.0
2010-05-17,21981,21,PACK OF 12 WOODLAND TISSUES ,50,0.6366666666666667,0.0
2010-05-24,21981,21,PACK OF 12 WOODLAND TISSUES ,61,0.4633333333333334,0.0
2010-05-31,21981,21,PACK OF 12 WOODLAND TISSUES ,292,0.4318181818181818,0.0
2010-06-07,21981,21,PACK OF 12 WOODLAND TISSUES ,163,0.29,1.0
2010-06-14,21981,21,PACK OF 12 WOODLAND TISSUES ,4,0.81,0.0
2010-06-21,21981,21,PACK OF 12 WOODLAND TISSUES ,133,0.485,0.0
2010-06-28,21981,21,PACK OF 12 WOODLAND TISSUES ,4,0.29,1.0
2010-07-05,21981,21,PACK OF 12 WOODLAND TISSUES ,17,0.49800000000000005,0.0
2010-07-19,21981,21,PACK OF 12 WOODLAND TISSUES ,60,0.4766666666666666,0.0
2010-07-26,21981,21,PACK OF 12 WOODLAND TISSUES ,147,0.40199999999999997,0.0
2010-08-02,21981,21,PACK OF 12 WOODLAND TISSUES ,51,0.43,0.0
2010-08-09,21981,21,PACK OF 12 WOODLAND TISSUES ,28,0.57,0.0
2010-08-16,21981,21,PACK OF 12 WOODLAND TISSUES ,296,0.27714285714285714,1.0
2010-08-23,21981,21,PACK OF 12 WOODLAND TISSUES ,123,0.45,0.0
2010-08-30,21981,21,PACK OF 12 WOODLAND TISSUES ,86,0.514,0.0
2010-09-06,21981,21,PACK OF 12 WOODLAND TISSUES ,83,0.5,0.0
2010-09-13,21981,21,PACK OF 12 WOODLAND TISSUES ,25,0.29,1.0
2010-09-20,21981,21,PACK OF 12 WOODLAND TISSUES ,62,0.57,0.0
2010-09-27,21981,21,PACK OF 12 WOODLAND TISSUES ,60,0.3918181818181818,0.0
2010-10-04,21981,21,PACK OF 12 WOODLAND TISSUES ,149,0.458,0.0
2010-10-11,21981,21,PACK OF 12 WOODLAND TISSUES ,31,0.626,0.0
2010-10-18,21981,21,PACK OF 12 WOODLAND TISSUES ,24,0.5,0.0
2010-11-01,21981,21,PACK OF 12 WOODLAND TISSUES ,81,0.514,0.0
2010-11-08,21981,21,PACK OF 12 WOODLAND TISSUES ,74,0.5409090909090909,0.0
2010-11-15,21981,21,PACK OF 12 WOODLAND TISSUES ,167,0.48714285714285716,0.0
2010-11-22,21981,21,PACK OF 12 WOODLAND TISSUES ,124,0.48999999999999994,0.0
2010-11-29,21981,21,PACK OF 12 WOODLAND TISSUES ,213,0.5158823529411765,0.0
2010-12-06,21981,21,PACK OF 12 WOODLAND TISSUES ,48,0.57,0.0
2010-12-13,21981,21,PACK OF 12 WOODLAND TISSUES ,22,0.61,0.0
2011-01-03,21981,21,PACK OF 12 WOODLAND TISSUES ,36,0.29,1.0
2011-01-10,21981,21,PACK OF 12 WOODLAND TISSUES ,12,0.29,1.0
2011-01-17,21981,21,PACK OF 12 WOODLAND TISSUES ,36,0.5599999999999999,0.0
2011-01-24,21981,21,PACK OF 12 WOODLAND TISSUES ,24,0.29,1.0
2011-01-31,21981,21,PACK OF 12 WOODLAND TISSUES ,5,0.29,1.0
2011-02-07,21981,21,PACK OF 12 WOODLAND TISSUES ,432,0.22,1.0
2011-02-14,21981,21,PACK OF 12 WOODLAND TISSUES ,49,0.29,1.0
2011-02-21,21981,21,PACK OF 12 WOODLAND TISSUES ,36,0.29,1.0
2011-02-28,21981,21,PACK OF 12 WOODLAND TISSUES ,18,0.47,0.0
2011-03-07,21981,21,PACK OF 12 WOODLAND TISSUES ,546,0.4011111111111111,0.0
2011-03-14,21981,21,PACK OF 12 WOODLAND TISSUES ,48,0.29,1.0
2011-03-21,21981,21,PACK OF 12 WOODLAND TISSUES ,72,0.29,1.0
2011-03-28,21981,21,PACK OF 12 WOODLAND TISSUES ,39,0.506,0.0
2011-04-04,21981,21,PACK OF 12 WOODLAND TISSUES ,96,0.29,1.0
2011-04-11,21981,21,PACK OF 12 WOODLAND TISSUES ,6,0.29,1.0
2011-04-18,21981,21,PACK OF 12 WOODLAND TISSUES ,5,0.695,0.0
2011-04-25,21981,21,PACK OF 12 WOODLAND TISSUES ,168,0.282,1.0
2011-05-02,21981,21,PACK OF 12 WOODLAND TISSUES ,489,0.4633333333333333,0.0
2011-05-09,21981,21,PACK OF 12 WOODLAND TISSUES ,55,0.425,0.0
2011-05-16,21981,21,PACK OF 12 WOODLAND TISSUES ,13,0.5599999999999999,0.0
2011-05-23,21981,21,PACK OF 12 WOODLAND TISSUES ,37,0.47,0.0
2011-05-30,21981,21,PACK OF 12 WOODLAND TISSUES ,2,0.83,0.0
2011-06-06,21981,21,PACK OF 12 WOODLAND TISSUES ,1,0.83,0.0
2011-06-13,21981,21,PACK OF 12 WOODLAND TISSUES ,24,0.29,1.0
2011-06-20,21981,21,PACK OF 12 WOODLAND TISSUES ,12,0.29,1.0
2011-06-27,21981,21,PACK OF 12 WOODLAND TISSUES ,25,0.5599999999999999,0.0
2011-07-04,21981,21,PACK OF 12 WOODLAND TISSUES ,25,0.5599999999999999,0.0
2011-07-11,21981,21,PACK OF 12 WOODLAND TISSUES ,40,0.39799999999999996,1.0
2011-07-18,21981,21,PACK OF 12 WOODLAND TISSUES ,77,0.47,0.0
2011-07-25,21981,21,PACK OF 12 WOODLAND TISSUES ,37,0.29,1.0
2011-08-01,21981,21,PACK OF 12 WOODLAND TISSUES ,40,0.29,1.0
2011-08-08,21981,21,PACK OF 12 WOODLAND TISSUES ,12,0.29,1.0
2011-08-15,21981,21,PACK OF 12 WOODLAND TISSUES ,60,0.29,1.0
2011-08-22,21981,21,PACK OF 12 WOODLAND TISSUES ,26,0.29,1.0
2011-08-29,21981,21,PACK OF 12 WOODLAND TISSUES ,30,0.722,0.0
2011-09-05,21981,21,PACK OF 12 WOODLAND TISSUES ,135,0.43857142857142856,0.0
2011-09-12,21981,21,PACK OF 12 WOODLAND TISSUES ,51,0.546,0.0
2011-09-19,21981,21,PACK OF 12 WOODLAND TISSUES ,76,0.5785714285714285,0.0
2011-09-26,21981,21,PACK OF 12 WOODLAND TISSUES ,44,0.5785714285714285,0.0
2011-10-03,21981,21,PACK OF 12 WOODLAND TISSUES ,5,0.6833333333333332,0.0
2011-10-10,21981,21,PACK OF 12 WOODLAND TISSUES ,16,0.654,0.0
2011-10-17,21981,21,PACK OF 12 WOODLAND TISSUES ,20,0.39,1.0
2011-10-24,21981,21,PACK OF 12 WOODLAND TISSUES ,53,0.5785714285714285,0.0
2011-10-31,21981,21,PACK OF 12 WOODLAND TISSUES ,96,0.562,0.0
2011-11-07,21981,21,PACK OF 12 WOODLAND TISSUES ,45,0.66,0.0
2011-11-14,21981,21,PACK OF 12 WOODLAND TISSUES ,34,0.654,0.0
2011-11-21,21981,21,PACK OF 12 WOODLAND TISSUES ,29,0.6414285714285715,0.0
2011-11-28,21981,21,PACK OF 12 WOODLAND TISSUES ,13,0.7566666666666667,0.0
2011-12-05,21981,21,PACK OF 12 WOODLAND TISSUES ,40,0.6915384615384615,0.0
