results/realworld_weekly.csv
date,product,category,description,sales,price,promo
2009-11-30,21985,21,PACK OF 12 HEARTS DESIGN TISSUES ,203,0.39125,0.0
2009-12-07,21985,21,PACK OF 12 HEARTS DESIGN TISSUES ,139,0.49769230769230766,0.0
2009-12-14,21985,21,PACK OF 12 HEARTS DESIGN TISSUES ,250,0.5214285714285715,0.0
2009-12-21,21985,21,PACK OF 12 HEARTS DESIGN TISSUES ,434,0.54,0.0
2010-01-04,21985,21,PACK OF 12 HEARTS DESIGN TISSUES ,459,0.29,1.0
2010-01-11,21985,21,PACK OF 12 HEARTS DESIGN TISSUES ,429,0.4414285714285714,0.0
2010-01-18,21985,21,PACK OF 12 HEARTS DESIGN TISSUES ,444,0.37666666666666665,0.0
2010-01-25,21985,21,PACK OF 12 HEARTS DESIGN TISSUES ,742,0.353030303030303,1.0
2010-02-01,21985,21,PACK OF 12 HEARTS DESIGN TISSUES ,749,0.35240000000000005,1.0
2010-02-08,21985,21,PACK OF 12 HEARTS DESIGN TISSUES ,217,0.4633333333333333,0.0
2010-02-15,21985,21,PACK OF 12 HEARTS DESIGN TISSUES ,287,0.446,0.0
2010-02-22,21985,21,PACK OF 12 HEARTS DESIGN TISSUES ,132,0.394,0.0
2010-03-01,21985,21,PACK OF 12 HEARTS DESIGN TISSUES ,128,0.5871428571428572,0.0
2010-03-08,21985,21,PACK OF 12 HEARTS DESIGN TISSUES ,158,0.3175,1.0
2010-03-15,21985,21,PACK OF 12 HEARTS DESIGN TISSUES ,34,0.29,1.0
2010-03-22,21985,21,PACK OF 12 HEARTS DESIGN TISSUES ,1037,0.33199999999999996,1.0
2010-03-29,21985,21,PACK OF 12 HEARTS DESIGN TISSUES ,25,0.4633333333333334,0.0
2010-04-05,21985,21,PACK OF 12 HEARTS DESIGN TISSUES ,89,0.55,0.0
2010-04-12,21985,21,PACK OF 12 HEARTS DESIGN TISSUES ,133,0.29,1.0
2010-04-19,21985,21,PACK OF 12 HEARTS DESIGN TISSUES ,146,0.43857142857142856,0.0
2010-04-26,21985,21,PACK OF 12 HEARTS DESIGN TISSUES ,126,0.4633333333333333,0.0
2010-05-03,21985,21,PACK OF 12 HEARTS DESIGN TISSUES ,162,0.5128571428571428,0.0
2010-05-10,21985,21,PACK OF 12 HEARTS DESIGN TISSUES ,127,0.5499999999999999,0.0
2010-05-17,21985,21,PACK OF 12 HEARTS DESIGN TISSUES ,5007,0.54,0.0
2010-05-24,21985,21,PACK OF 12 HEARTS DESIGN TISSUES ,266,0.355,1.0
2010-05-31,21985,21,PACK OF 12 HEARTS DESIGN TISSUES ,76,0.36428571428571427,0.0
2010-06-07,21985,21,PACK OF 12 HEARTS DESIGN TISSUES ,104,0.42000000000000004,0.0
2010-06-14,21985,21,PACK OF 12 HEARTS DESIGN TISSUES ,30,0.29,1.0
2010-06-21,21985,21,PACK OF 12 HEARTS DESIGN TISSUES ,152,0.49800000000000005,0.0
2010-06-28,21985,21,PACK OF 12 HEARTS DESIGN TISSUES ,14,0.6366666666666667,0.0
2010-07-05,21985,21,PACK OF 12 HEARTS DESIGN TISSUES ,29,0.5499999999999999,0.0
2010-07-12,21985,21,PACK OF 12 HEARTS DESIGN TISSUES ,73,0.42000000000000004,0.0
2010-07-19,21985,21,PACK OF 12 HEARTS DESIGN TISSUES ,204,0.4442857142857143,0.0
2010-07-26,21985,21,PACK OF 12 HEARTS DESIGN TISSUES ,122,0.37666666666666665,1.0
2010-08-02,21985,21,PACK OF 12 HEARTS DESIGN TISSUES ,47,0.29,1.0
2010-08-09,21985,21,PACK OF 12 HEARTS DESIGN TISSUES ,77,0.4766666666666666,0.0
2010-08-16,21985,21,PACK OF 12 HEARTS DESIGN TISSUES ,417,0.33699999999999997,1.0
2010-08-23,21985,21,PACK OF 12 HEARTS DESIGN TISSUES ,135,0.346,1.0
2010-08-30,21985,21,PACK OF 12 HEARTS DESIGN TISSUES ,68,0.4766666666666666,0.0
2010-09-06,21985,21,PACK OF 12 HEARTS DESIGN TISSUES ,61,0.53,0.0
2010-09-13,21985,21,PACK OF 12 HEARTS DESIGN TISSUES ,186,0.29,1.0
2010-09-20,21985,21,PACK OF 12 HEARTS DESIGN TISSUES ,91,0.29,1.0
2010-09-27,21985,21,PACK OF 12 HEARTS DESIGN TISSUES ,85,0.40199999999999997,0.0
2010-10-04,21985,21,PACK OF 12 HEARTS DESIGN TISSUES ,338,0.3522222222222222,0.0
2010-10-11,21985,21,PACK OF 12 HEARTS DESIGN TISSUES ,70,0.37,0.0
2010-10-18,21985,21,PACK OF 12 HEARTS DESIGN TISSUES ,162,0.3833333333333333,0.0
2010-10-25,21985,21,PACK OF 12 HEARTS DESIGN TISSUES ,95,0.36,0.0
2010-11-01,21985,21,PACK OF 12 HEARTS DESIGN TISSUES ,180,0.3761538461538461,0.0
2010-11-08,21985,21,PACK OF 12 HEARTS DESIGN TISSUES ,167,0.32111111111111107,0.0
2010-11-15,21985,21,PACK OF 12 HEARTS DESIGN TISSUES ,158,0.32733333333333337,0.0
2010-11-22,21985,21,PACK OF 12 HEARTS DESIGN TISSUES ,164,0.4433333333333333,0.0
2010-11-29,21985,21,PACK OF 12 HEARTS DESIGN TISSUES ,120,0.458,0.0
2010-12-06,21985,21,PACK OF 12 HEARTS DESIGN TISSUES ,133,0.6328571428571428,0.0
2010-12-13,21985,21,PACK OF 12 HEARTS DESIGN TISSUES ,140,0.44272727272727275,0.0
2010-12-20,21985,21,PACK OF 12 HEARTS DESIGN TISSUES ,52,0.57,0.0
2011-01-03,21985,21,PACK OF 12 HEARTS DESIGN TISSUES ,312,0.29,1.0
2011-01-10,21985,21,PACK OF 12 HEARTS DESIGN TISSUES ,260,0.3876470588235294,0.0
2011-01-17,21985,21,PACK OF 12 HEARTS DESIGN TISSUES ,265,0.4166666666666667,0.0
2011-01-24,21985,21,PACK OF 12 HEARTS DESIGN TISSUES ,417,0.3145454545454545,1.0
2011-01-31,21985,21,PACK OF 12 HEARTS DESIGN TISSUES ,244,0.35352941176470587,0.0
2011-02-07,21985,21,PACK OF 12 HEARTS DESIGN TISSUES ,1332,0.27249999999999996,1.0
2011-02-14,21985,21,PACK OF 12 HEARTS DESIGN TISSUES ,1,0.29,1.0
2011-02-21,21985,21,PACK OF 12 HEARTS DESIGN TISSUES ,110,0.425,0.0
2011-02-28,21985,21,PACK OF 12 HEARTS DESIGN TISSUES ,129,0.398,0.0
2011-03-07,21985,21,PACK OF 12 HEARTS DESIGN TISSUES ,73,0.398,0.0
2011-03-14,21985,21,PACK OF 12 HEARTS DESIGN TISSUES ,88,0.3671428571428571,0.0
2011-03-21,21985,21,PACK OF 12 HEARTS DESIGN TISSUES ,133,0.29,1.0
2011-03-28,21985,21,PACK OF 12 HEARTS DESIGN TISSUES ,140,0.37307692307692303,0.0
2011-04-04,21985,21,PACK OF 12 HEARTS DESIGN TISSUES ,38,0.47,0.0
2011-04-11,21985,21,PACK OF 12 HEARTS DESIGN TISSUES ,36,0.29,1.0
2011-04-18,21985,21,PACK OF 12 HEARTS DESIGN TISSUES ,84,0.5599999999999999,0.0
2011-04-25,21985,21,PACK OF 12 HEARTS DESIGN TISSUES ,276,0.285,1.0
2011-05-02,21985,21,PACK OF 12 HEARTS DESIGN TISSUES ,141,0.425,0.0
2011-05-09,21985,21,PACK OF 12 HEARTS DESIGN TISSUES ,58,0.5157142857142857,0.0
2011-05-16,21985,21,PACK OF 12 HEARTS DESIGN TISSUES ,148,0.40555555555555556,0.0
2011-05-23,21985,21,PACK OF 12 HEARTS DESIGN TISSUES ,15,0.29,1.0
2011-05-30,21985,21,PACK OF 12 HEARTS DESIGN TISSUES ,81,0.39799999999999996,0.0
2011-06-06,21985,21,PACK OF 12 HEARTS DESIGN TISSUES ,84,0.29,1.0
2011-06-13,21985,21,PACK OF 12 HEARTS DESIGN TISSUES ,72,0.29,1.0
2011-06-20,21985,21,PACK OF 12 HEARTS DESIGN TISSUES ,86,0.39799999999999996,0.0
2011-06-27,21985,21,PACK OF 12 HEARTS DESIGN TISSUES ,445,0.4566666666666666,0.0
2011-07-04,21985,21,PACK OF 12 HEARTS DESIGN TISSUES ,31,0.506,0.0
2011-07-11,21985,21,PACK OF 12 HEARTS DESIGN TISSUES ,150,0.29,1.0
2011-07-18,21985,21,PACK OF 12 HEARTS DESIGN TISSUES ,142,0.3575,0.0
2011-07-25,21985,21,PACK OF 12 HEARTS DESIGN TISSUES ,15,0.5599999999999999,0.0
2011-08-01,21985,21,PACK OF 12 HEARTS DESIGN TISSUES ,317,0.4336363636363636,0.0
2011-08-08,21985,21,PACK OF 12 HEARTS DESIGN TISSUES ,63,0.4633333333333333,0.0
2011-08-15,21985,21,PACK OF 12 HEARTS DESIGN TISSUES ,184,0.29,1.0
2011-08-22,21985,21,PACK OF 12 HEARTS DESIGN TISSUES ,151,0.29,1.0
2011-08-29,21985,21,PACK OF 12 HEARTS DESIGN TISSUES ,87,0.6275,0.0
2011-09-05,21985,21,PACK OF 12 HEARTS DESIGN TISSUES ,98,0.37333333333333335,0.0
2011-09-12,21985,21,PACK OF 12 HEARTS DESIGN TISSUES ,616,0.38125000000000003,0.0
2011-09-19,21985,21,PACK OF 12 HEARTS DESIGN TISSUES ,102,0.45285714285714285,0.0
2011-09-26,21985,21,PACK OF 12 HEARTS DESIGN TISSUES ,111,0.51,0.0
2011-10-03,21985,21,PACK OF 12 HEARTS DESIGN TISSUES ,182,0.445,0.0
2011-10-10,21985,21,PACK OF 12 HEARTS DESIGN TISSUES ,114,0.522,0.0
2011-10-17,21985,21,PACK OF 12 HEARTS DESIGN TISSUES ,49,0.5,0.0
2011-10-24,21985,21,PACK OF 12 HEARTS DESIGN TISSUES ,55,0.47800000000000004,0.0
2011-10-31,21985,21,PACK OF 12 HEARTS DESIGN TISSUES ,135,0.5,0.0
2011-11-07,21985,21,PACK OF 12 HEARTS DESIGN TISSUES ,29,0.5,0.0
2011-11-14,21985,21,PACK OF 12 HEARTS DESIGN TISSUES ,128,0.49153846153846154,0.0
2011-11-21,21985,21,PACK OF 12 HEARTS DESIGN TISSUES ,88,0.45769230769230773,0.0
2011-11-28,21985,21,PACK OF 12 HEARTS DESIGN TISSUES ,105,0.5366666666666666,0.0
2011-12-05,21985,21,PACK OF 12 HEARTS DESIGN TISSUES ,68,0.5366666666666666,0.0
2009-11-30,22086,22,PAPER CHAIN KIT 50'S CHRISTMAS ,2054,3.440697674418605,0.0
2009-12-07,22086,22,PAPER CHAIN KIT 50'S CHRISTMAS ,663,3.2664705882352942,0.0
2009-12-14,22086,22,PAPER CHAIN KIT 50'S CHRISTMAS ,572,3.684146341463415,0.0
2009-12-21,22086,22,PAPER CHAIN KIT 50'S CHRISTMAS ,69,5.819285714285714,0.0
2010-01-11,22086,22,PAPER CHAIN KIT 50'S CHRISTMAS ,14,5.984285714285714,0.0
2010-01-18,22086,22,PAPER CHAIN KIT 50'S CHRISTMAS ,3,3.936666666666667,0.0
2010-03-01,22086,22,PAPER CHAIN KIT 50'S CHRISTMAS ,3,4.43,0.0
2010-03-15,22086,22,PAPER CHAIN KIT 50'S CHRISTMAS ,12,2.95,1.0
2010-03-29,22086,22,PAPER CHAIN KIT 50'S CHRISTMAS ,2,5.91,0.0
2010-04-19,22086,22,PAPER CHAIN KIT 50'S CHRISTMAS ,1,2.95,1.0
2010-05-03,22086,22,PAPER CHAIN KIT 50'S CHRISTMAS ,40,2.55,1.0
2010-05-10,22086,22,PAPER CHAIN KIT 50'S CHRISTMAS ,6,2.95,1.0
2010-05-17,22086,22,PAPER CHAIN KIT 50'S CHRISTMAS ,6,2.95,1.0
2010-05-31,22086,22,PAPER CHAIN KIT 50'S CHRISTMAS ,4,2.9500000000000006,1.0
2010-06-07,22086,22,PAPER CHAIN KIT 50'S CHRISTMAS ,3,4.43,0.0
2010-06-14,22086,22,PAPER CHAIN KIT 50'S CHRISTMAS ,20,2.95,1.0
2010-06-21,22086,22,PAPER CHAIN KIT 50'S CHRISTMAS ,305,3.8033333333333332,0.0
2010-06-28,22086,22,PAPER CHAIN KIT 50'S CHRISTMAS ,2,2.95,1.0
2010-07-05,22086,22,PAPER CHAIN KIT 50'S CHRISTMAS ,14,4.923333333333333,0.0
2010-07-12,22086,22,PAPER CHAIN KIT 50'S CHRISTMAS ,3,2.9500000000000006,1.0
2010-07-19,22086,22,PAPER CHAIN KIT 50'S CHRISTMAS ,10,2.95,1.0
2010-07-26,22086,22,PAPER CHAIN KIT 50'S CHRISTMAS ,128,3.27,0.0
2010-08-02,22086,22,PAPER CHAIN KIT 50'S CHRISTMAS ,136,3.31,0.0
2010-08-09,22086,22,PAPER CHAIN KIT 50'S CHRISTMAS ,74,3.9877777777777776,0.0
2010-08-16,22086,22,PAPER CHAIN KIT 50'S CHRISTMAS ,19,2.95,0.0
2010-08-23,22086,22,PAPER CHAIN KIT 50'S CHRISTMAS ,27,3.936666666666667,0.0
2010-08-30,22086,22,PAPER CHAIN KIT 50'S CHRISTMAS ,3,6.77,0.0
2010-09-06,22086,22,PAPER CHAIN KIT 50'S CHRISTMAS ,12,2.95,1.0
2010-09-13,22086,22,PAPER CHAIN KIT 50'S CHRISTMAS ,344,2.8035714285714284,1.0
2010-09-20,22086,22,PAPER CHAIN KIT 50'S CHRISTMAS ,359,3.2671428571428573,0.0
2010-09-27,22086,22,PAPER CHAIN KIT 50'S CHRISTMAS ,495,3.0795000000000003,1.0
2010-10-04,22086,22,PAPER CHAIN KIT 50'S CHRISTMAS ,1516,3.156521739130435,0.0
2010-10-11,22086,22,PAPER CHAIN KIT 50'S CHRISTMAS ,529,3.2664,0.0
2010-10-18,22086,22,PAPER CHAIN KIT 50'S CHRISTMAS ,400,3.4131818181818185,0.0
2010-10-25,22086,22,PAPER CHAIN KIT 50'S CHRISTMAS ,457,3.452051282051282,0.0
2010-11-01,22086,22,PAPER CHAIN KIT 50'S CHRISTMAS ,1525,3.1874603174603173,0.0
2010-11-08,22086,22,PAPER CHAIN KIT 50'S CHRISTMAS ,1657,3.3230263157894737,0.0
2010-11-15,22086,22,PAPER CHAIN KIT 50'S CHRISTMAS ,1772,3.3661111111111115,0.0
2010-11-22,22086,22,PAPER CHAIN KIT 50'S CHRISTMAS ,1744,3.2249473684210526,0.0
2010-11-29,22086,22,PAPER CHAIN KIT 50'S CHRISTMAS ,1820,3.1701470588235297,0.0
2010-12-06,22086,22,PAPER CHAIN KIT 50'S CHRISTMAS ,1815,3.280077519379845,0.0
2010-12-13,22086,22,PAPER CHAIN KIT 50'S CHRISTMAS ,597,3.641875,0.0
2010-12-20,22086,22,PAPER CHAIN KIT 50'S CHRISTMAS ,125,4.974444444444445,0.0
2011-01-03,22086,22,PAPER CHAIN KIT 50'S CHRISTMAS ,16,6.082,0.0
2011-01-10,22086,22,PAPER CHAIN KIT 50'S CHRISTMAS ,6,5.91,0.0
2011-01-17,22086,22,PAPER CHAIN KIT 50'S CHRISTMAS ,2,5.79,0.0
2011-02-14,22086,22,PAPER CHAIN KIT 50'S CHRISTMAS ,2,6.63,0.0
2011-02-21,22086,22,PAPER CHAIN KIT 50'S CHRISTMAS ,2,2.95,1.0
2011-02-28,22086,22,PAPER CHAIN KIT 50'S CHRISTMAS ,45,3.763333333333333,0.0
2011-03-07,22086,22,PAPER CHAIN KIT 50'S CHRISTMAS ,1,2.95,1.0
2011-03-21,22086,22,PAPER CHAIN KIT 50'S CHRISTMAS ,42,4.59,0.0
2011-03-28,22086,22,PAPER CHAIN KIT 50'S CHRISTMAS ,3,2.95,1.0
2011-04-04,22086,22,PAPER CHAIN KIT 50'S CHRISTMAS ,9,3.66,1.0
2011-04-18,22086,22,PAPER CHAIN KIT 50'S CHRISTMAS ,1,5.79,0.0
2011-05-02,22086,22,PAPER CHAIN KIT 50'S CHRISTMAS ,4,5.79,0.0
2011-05-09,22086,22,PAPER CHAIN KIT 50'S CHRISTMAS ,13,4.79,0.0
2011-06-06,22086,22,PAPER CHAIN KIT 50'S CHRISTMAS ,2,6.21,0.0
2011-06-13,22086,22,PAPER CHAIN KIT 50'S CHRISTMAS ,1,5.79,0.0
2011-06-20,22086,22,PAPER CHAIN KIT 50'S CHRISTMAS ,6,2.95,1.0
2011-06-27,22086,22,PAPER CHAIN KIT 50'S CHRISTMAS ,365,3.4966666666666666,1.0
2011-07-04,22086,22,PAPER CHAIN KIT 50'S CHRISTMAS ,18,2.95,1.0
2011-07-11,22086,22,PAPER CHAIN KIT 50'S CHRISTMAS ,10,4.37,0.0
2011-07-18,22086,22,PAPER CHAIN KIT 50'S CHRISTMAS ,14,5.04,0.0
2011-07-25,22086,22,PAPER CHAIN KIT 50'S CHRISTMAS ,167,3.1199999999999997,1.0
2011-08-01,22086,22,PAPER CHAIN KIT 50'S CHRISTMAS ,155,3.184285714285714,1.0
2011-08-08,22086,22,PAPER CHAIN KIT 50'S CHRISTMAS ,22,3.87,0.0
2011-08-15,22086,22,PAPER CHAIN KIT 50'S CHRISTMAS ,24,3.475714285714286,1.0
2011-08-22,22086,22,PAPER CHAIN KIT 50'S CHRISTMAS ,28,3.475714285714286,0.0
2011-08-29,22086,22,PAPER CHAIN KIT 50'S CHRISTMAS ,192,4.233076923076923,0.0
2011-09-05,22086,22,PAPER CHAIN KIT 50'S CHRISTMAS ,495,3.4716000000000005,0.0
2011-09-12,22086,22,PAPER CHAIN KIT 50'S CHRISTMAS ,481,3.3404347826086958,0.0
2011-09-19,22086,22,PAPER CHAIN KIT 50'S CHRISTMAS ,584,3.254,0.0
2011-09-26,22086,22,PAPER CHAIN KIT 50'S CHRISTMAS ,347,3.345294117647059,0.0
2011-10-03,22086,22,PAPER CHAIN KIT 50'S CHRISTMAS ,953,3.357058823529412,0.0
2011-10-10,22086,22,PAPER CHAIN KIT 50'S CHRISTMAS ,819,3.3877777777777776,0.0
2011-10-17,22086,22,PAPER CHAIN KIT 50'S CHRISTMAS ,698,3.384666666666667,0.0
2011-10-24,22086,22,PAPER CHAIN KIT 50'S CHRISTMAS ,752,3.249375,0.0
2011-10-31,22086,22,PAPER CHAIN KIT 50'S CHRISTMAS ,1717,3.31,0.0
2011-11-07,22086,22,PAPER CHAIN KIT 50'S CHRISTMAS ,1273,3.4358536585365855,0.0
2011-11-14,22086,22,PAPER CHAIN KIT 50'S CHRISTMAS ,2149,3.217428571428571,0.0
2011-11-21,22086,22,PAPER CHAIN KIT 50'S CHRISTMAS ,1660,3.205,0.0
2011-11-28,22086,22,PAPER CHAIN KIT 50'S CHRISTMAS ,1518,3.114705882352941,0.0
2011-12-05,22086,22,PAPER CHAIN KIT 50'S CHRISTMAS ,1486,3.272222222222222,0.0
