results/realworld_weekly.csv
date,product,category,description,sales,price,promo
2009-11-30,22189,22,CREAM HEART CARD HOLDER,310,4.787419354838709,0.0
2009-12-07,22189,22,CREAM HEART CARD HOLDER,180,4.514347826086956,0.0
2009-12-14,22189,22,CREAM HEART CARD HOLDER,252,4.649375,0.0
2009-12-21,22189,22,CREAM HEART CARD HOLDER,22,5.516666666666667,0.0
2010-01-04,22189,22,CREAM HEART CARD HOLDER,101,3.899090909090909,1.0
2010-01-11,22189,22,CREAM HEART CARD HOLDER,208,3.7706451612903225,1.0
2010-01-18,22189,22,CREAM HEART CARD HOLDER,108,4.4715384615384615,0.0
2010-01-25,22189,22,CREAM HEART CARD HOLDER,112,4.61962962962963,0.0
2010-02-01,22189,22,CREAM HEART CARD HOLDER,168,4.102307692307693,0.0
2010-02-08,22189,22,CREAM HEART CARD HOLDER,105,4.17,0.0
2010-02-15,22189,22,CREAM HEART CARD HOLDER,93,4.48,0.0
2010-02-22,22189,22,CREAM HEART CARD HOLDER,89,4.284545454545455,0.0
2010-03-01,22189,22,CREAM HEART CARD HOLDER,65,4.445,0.0
2010-03-08,22189,22,CREAM HEART CARD HOLDER,70,4.918571428571428,0.0
2010-03-15,22189,22,CREAM HEART CARD HOLDER,114,4.448823529411765,0.0
2010-03-22,22189,22,CREAM HEART CARD HOLDER,77,4.74764705882353,0.0
2010-03-29,22189,22,CREAM HEART CARD HOLDER,405,4.093500000000001,0.0
2010-04-05,22189,22,CREAM HEART CARD HOLDER,47,4.703333333333333,0.0
2010-04-12,22189,22,CREAM HEART CARD HOLDER,43,3.95,0.0
2010-04-19,22189,22,CREAM HEART CARD HOLDER,62,5.010000000000001,0.0
2010-04-26,22189,22,CREAM HEART CARD HOLDER,557,4.025200000000001,0.0
2010-05-03,22189,22,CREAM HEART CARD HOLDER,88,4.663684210526315,0.0
2010-05-10,22189,22,CREAM HEART CARD HOLDER,46,4.918571428571428,0.0
2010-05-17,22189,22,CREAM HEART CARD HOLDER,75,4.703333333333333,0.0
2010-05-24,22189,22,CREAM HEART CARD HOLDER,91,3.917058823529412,0.0
2010-07-26,22189,22,CREAM HEART CARD HOLDER,340,3.7857142857142856,0.0
2010-08-02,22189,22,CREAM HEART CARD HOLDER,404,4.437857142857143,0.0
2010-08-09,22189,22,CREAM HEART CARD HOLDER,279,4.48,0.0
2010-08-16,22189,22,CREAM HEART CARD HOLDER,88,4.602307692307693,0.0
2010-08-23,22189,22,CREAM HEART CARD HOLDER,131,3.8800000000000003,0.0
2010-08-30,22189,22,CREAM HEART CARD HOLDER,495,4.981818181818182,0.0
2010-09-06,22189,22,CREAM HEART CARD HOLDER,88,4.3100000000000005,0.0
2010-09-13,22189,22,CREAM HEART CARD HOLDER,69,3.95,0.0
2010-09-20,22189,22,CREAM HEART CARD HOLDER,48,4.74764705882353,0.0
2010-09-27,22189,22,CREAM HEART CARD HOLDER,159,4.604736842105264,0.0
2010-10-04,22189,22,CREAM HEART CARD HOLDER,138,3.917058823529412,0.0
2010-10-11,22189,22,CREAM HEART CARD HOLDER,792,4.142666666666667,0.0
2010-10-18,22189,22,CREAM HEART CARD HOLDER,60,4.251333333333333,0.0
2010-10-25,22189,22,CREAM HEART CARD HOLDER,95,4.595714285714286,0.0
2010-11-01,22189,22,CREAM HEART CARD HOLDER,99,4.816666666666666,0.0
2010-11-08,22189,22,CREAM HEART CARD HOLDER,718,4.585294117647059,0.0
2010-11-15,22189,22,CREAM HEART CARD HOLDER,117,4.1625000000000005,0.0
2010-11-22,22189,22,CREAM HEART CARD HOLDER,79,4.901578947368422,0.0
2010-11-29,22189,22,CREAM HEART CARD HOLDER,213,5.143333333333334,0.0
2010-12-06,22189,22,CREAM HEART CARD HOLDER,4128,5.272162162162163,0.0
2010-12-13,22189,22,CREAM HEART CARD HOLDER,96,5.297692307692308,0.0
2010-12-20,22189,22,CREAM HEART CARD HOLDER,6,3.95,0.0
2011-01-03,22189,22,CREAM HEART CARD HOLDER,47,5.1827272727272735,0.0
2011-01-10,22189,22,CREAM HEART CARD HOLDER,24,4.703333333333334,0.0
2011-01-17,22189,22,CREAM HEART CARD HOLDER,43,4.762,0.0
2011-01-24,22189,22,CREAM HEART CARD HOLDER,36,4.617692307692308,0.0
2011-01-31,22189,22,CREAM HEART CARD HOLDER,58,4.3116666666666665,0.0
2011-02-07,22189,22,CREAM HEART CARD HOLDER,1027,3.54,1.0
2011-02-14,22189,22,CREAM HEART CARD HOLDER,51,4.384,0.0
2011-02-21,22189,22,CREAM HEART CARD HOLDER,38,4.432222222222222,0.0
2011-02-28,22189,22,CREAM HEART CARD HOLDER,32,5.133636363636364,0.0
2011-03-07,22189,22,CREAM HEART CARD HOLDER,67,4.5746153846153845,0.0
2011-03-14,22189,22,CREAM HEART CARD HOLDER,66,4.818,0.0
2011-03-21,22189,22,CREAM HEART CARD HOLDER,482,4.364117647058824,0.0
2011-03-28,22189,22,CREAM HEART CARD HOLDER,25,3.95,0.0
2011-04-04,22189,22,CREAM HEART CARD HOLDER,19,5.1899999999999995,0.0
2011-04-11,22189,22,CREAM HEART CARD HOLDER,139,3.87,0.0
2011-04-18,22189,22,CREAM HEART CARD HOLDER,134,4.25,0.0
2011-04-25,22189,22,CREAM HEART CARD HOLDER,16,3.9500000000000006,0.0
2011-05-02,22189,22,CREAM HEART CARD HOLDER,40,3.9500000000000006,0.0
2011-05-09,22189,22,CREAM HEART CARD HOLDER,13,3.95,0.0
2011-05-16,22189,22,CREAM HEART CARD HOLDER,249,4.251111111111111,0.0
2011-05-23,22189,22,CREAM HEART CARD HOLDER,23,4.673333333333333,0.0
2011-05-30,22189,22,CREAM HEART CARD HOLDER,21,4.818,0.0
2011-06-06,22189,22,CREAM HEART CARD HOLDER,65,4.37,0.0
2011-06-13,22189,22,CREAM HEART CARD HOLDER,454,4.0825000000000005,0.0
2011-06-20,22189,22,CREAM HEART CARD HOLDER,13,4.818,0.0
2011-06-27,22189,22,CREAM HEART CARD HOLDER,26,5.035,0.0
2011-07-04,22189,22,CREAM HEART CARD HOLDER,14,5.396666666666666,0.0
2011-07-11,22189,22,CREAM HEART CARD HOLDER,6,4.818,0.0
2011-07-18,22189,22,CREAM HEART CARD HOLDER,176,3.5233333333333334,1.0
2011-07-25,22189,22,CREAM HEART CARD HOLDER,356,3.745,1.0
2011-08-01,22189,22,CREAM HEART CARD HOLDER,70,3.7677777777777783,0.0
2011-08-08,22189,22,CREAM HEART CARD HOLDER,62,3.87,0.0
2011-08-15,22189,22,CREAM HEART CARD HOLDER,31,3.95,0.0
2011-08-22,22189,22,CREAM HEART CARD HOLDER,41,3.95,0.0
2011-08-29,22189,22,CREAM HEART CARD HOLDER,382,4.933636363636364,0.0
2011-09-05,22189,22,CREAM HEART CARD HOLDER,24,3.95,0.0
2011-09-12,22189,22,CREAM HEART CARD HOLDER,47,4.283846153846154,0.0
2011-09-19,22189,22,CREAM HEART CARD HOLDER,43,4.673333333333333,0.0
2011-09-26,22189,22,CREAM HEART CARD HOLDER,34,4.569999999999999,0.0
2011-10-03,22189,22,CREAM HEART CARD HOLDER,304,4.022,0.0
2011-10-10,22189,22,CREAM HEART CARD HOLDER,24,4.4925,0.0
2011-10-17,22189,22,CREAM HEART CARD HOLDER,148,3.786,0.0
2011-10-24,22189,22,CREAM HEART CARD HOLDER,57,3.95,0.0
2011-10-31,22189,22,CREAM HEART CARD HOLDER,338,3.9464705882352944,0.0
2011-11-07,22189,22,CREAM HEART CARD HOLDER,73,4.240769230769231,0.0
2011-11-14,22189,22,CREAM HEART CARD HOLDER,38,4.673333333333333,0.0
2011-11-21,22189,22,CREAM HEART CARD HOLDER,33,4.951538461538462,0.0
2011-11-28,22189,22,CREAM HEART CARD HOLDER,55,4.569999999999999,0.0
2011-12-05,22189,22,CREAM HEART CARD HOLDER,360,5.722727272727273,0.0
2009-11-30,22197,22,SMALL POPCORN HOLDER,665,1.0152631578947369,0.0
2009-12-07,22197,22,SMALL POPCORN HOLDER,141,1.1333333333333333,0.0
2009-12-14,22197,22,SMALL POPCORN HOLDER,584,1.0742857142857143,0.0
2009-12-21,22197,22,SMALL POPCORN HOLDER,2,0.85,1.0
2010-01-04,22197,22,SMALL POPCORN HOLDER,21,0.85,0.0
2010-01-11,22197,22,SMALL POPCORN HOLDER,72,1.3466666666666667,0.0
2010-01-18,22197,22,SMALL POPCORN HOLDER,23,1.255,0.0
2010-01-25,22197,22,SMALL POPCORN HOLDER,590,0.9255555555555556,0.0
2010-02-01,22197,22,SMALL POPCORN HOLDER,81,1.12,0.0
2010-02-08,22197,22,SMALL POPCORN HOLDER,68,0.85,1.0
2010-02-15,22197,22,SMALL POPCORN HOLDER,19,0.85,1.0
2010-02-22,22197,22,SMALL POPCORN HOLDER,12,0.85,1.0
2010-02-22,22197,22,SMALL POPCORN HOLDER,1295,0.8881818181818182,0.0
2010-03-01,22197,22,SMALL POPCORN HOLDER,121,1.255,0.0
2010-03-08,22197,22,SMALL POPCORN HOLDER,35,1.174,0.0
2010-03-15,22197,22,SMALL POPCORN HOLDER,324,0.8066666666666666,1.0
2010-03-15,22197,22,SMALL POPCORN HOLDER,454,1.03625,0.0
2010-03-22,22197,22,SMALL POPCORN HOLDER,12,0.85,1.0
2010-03-22,22197,22,SMALL POPCORN HOLDER,79,0.9657142857142856,0.0
2010-03-29,22197,22,SMALL POPCORN HOLDER,423,1.2277777777777776,0.0
2010-04-05,22197,22,SMALL POPCORN HOLDER,300,0.72,1.0
2010-04-05,22197,22,SMALL POPCORN HOLDER,416,1.1327272727272726,0.0
2010-04-12,22197,22,SMALL POPCORN HOLDER,12,0.85,0.0
2010-04-12,22197,22,SMALL POPCORN HOLDER,212,0.9023076923076924,0.0
2010-04-19,22197,22,SMALL POPCORN HOLDER,12,0.85,0.0
2010-04-19,22197,22,SMALL POPCORN HOLDER,142,1.0709090909090908,0.0
2010-04-26,22197,22,SMALL POPCORN HOLDER,476,1.0677777777777777,0.0
2010-05-03,22197,22,SMALL POPCORN HOLDER,179,1.1515384615384614,0.0
2010-05-10,22197,22,SMALL POPCORN HOLDER,175,1.066,0.0
2010-05-17,22197,22,SMALL POPCORN HOLDER,192,0.9376470588235294,0.0
2010-05-24,22197,22,SMALL POPCORN HOLDER,218,0.9179999999999999,0.0
2010-05-31,22197,22,SMALL POPCORN HOLDER,121,0.9746153846153847,0.0
2010-06-07,22197,22,SMALL POPCORN HOLDER,593,0.9533333333333334,0.0
2010-06-14,22197,22,SMALL POPCORN HOLDER,12,0.85,0.0
2010-06-14,22197,22,SMALL POPCORN HOLDER,213,0.9795999999999999,0.0
2010-06-21,22197,22,SMALL POPCORN HOLDER,120,1.128235294117647,0.0
2010-06-28,22197,22,SMALL POPCORN HOLDER,353,0.9299999999999999,0.0
2010-07-05,22197,22,SMALL POPCORN HOLDER,278,1.0142857142857142,0.0
2010-07-12,22197,22,SMALL POPCORN HOLDER,694,1.0050000000000001,0.0
2010-07-19,22197,22,SMALL POPCORN HOLDER,679,1.0142857142857142,0.0
2010-07-26,22197,22,SMALL POPCORN HOLDER,261,0.9023076923076924,0.0
2010-08-02,22197,22,SMALL POPCORN HOLDER,95,0.9175,0.0
2010-08-09,22197,22,SMALL POPCORN HOLDER,540,0.837,0.0
2010-08-16,22197,22,SMALL POPCORN HOLDER,413,0.986,0.0
2010-08-23,22197,22,SMALL POPCORN HOLDER,856,0.8355555555555555,0.0
2010-08-30,22197,22,SMALL POPCORN HOLDER,85,1.1955555555555555,0.0
2010-09-06,22197,22,SMALL POPCORN HOLDER,222,1.0142857142857142,0.0
2010-09-13,22197,22,SMALL POPCORN HOLDER,504,0.8739130434782608,0.0
2010-09-20,22197,22,SMALL POPCORN HOLDER,1685,1.0366666666666666,0.0
2010-09-27,22197,22,SMALL POPCORN HOLDER,272,1.1138095238095238,0.0
2010-10-04,22197,22,SMALL POPCORN HOLDER,895,1.0836363636363635,0.0
2010-10-11,22197,22,SMALL POPCORN HOLDER,285,1.0525,0.0
2010-10-18,22197,22,SMALL POPCORN HOLDER,1203,1.013939393939394,0.0
2010-10-25,22197,22,SMALL POPCORN HOLDER,2545,1.15,0.0
2010-11-01,22197,22,SMALL POPCORN HOLDER,694,1.0068181818181818,0.0
2010-11-08,22197,22,SMALL POPCORN HOLDER,4087,1.0441176470588236,0.0
2010-11-15,22197,22,SMALL POPCORN HOLDER,1722,1.0531249999999999,0.0
2010-11-22,22197,22,SMALL POPCORN HOLDER,2207,1.0748,0.0
2010-11-29,22197,22,SMALL POPCORN HOLDER,972,1.0223188405797101,0.0
2010-12-06,22197,22,SMALL POPCORN HOLDER,1640,1.1400000000000001,0.0
2010-12-13,22197,22,SMALL POPCORN HOLDER,981,1.0828125,0.0
2010-12-20,22197,22,SMALL POPCORN HOLDER,204,1.4358333333333333,0.0
2011-01-03,22197,22,SMALL POPCORN HOLDER,795,0.8985714285714286,1.0
2011-01-10,22197,22,SMALL POPCORN HOLDER,344,1.3277777777777777,0.0
2011-01-17,22197,22,SMALL POPCORN HOLDER,251,1.3011764705882352,0.0
2011-01-24,22197,22,SMALL POPCORN HOLDER,239,1.1533333333333333,0.0
2011-01-31,22197,22,SMALL POPCORN HOLDER,107,1.24,0.0
2011-02-07,22197,22,SMALL POPCORN HOLDER,227,1.183125,0.0
2011-02-14,22197,22,SMALL POPCORN HOLDER,1040,1.0618518518518518,0.0
2011-02-21,22197,22,SMALL POPCORN HOLDER,900,1.1815,0.0
2011-02-28,22197,22,SMALL POPCORN HOLDER,298,1.1446666666666665,0.0
2011-03-07,22197,22,SMALL POPCORN HOLDER,731,1.0641176470588236,0.0
2011-03-14,22197,22,SMALL POPCORN HOLDER,435,0.922222222222222,1.0
2011-03-21,22197,22,SMALL POPCORN HOLDER,225,1.178421052631579,0.0
2011-03-28,22197,22,SMALL POPCORN HOLDER,1018,1.1363636363636365,0.0
2011-04-04,22197,22,SMALL POPCORN HOLDER,416,0.915,1.0
2011-04-11,22197,22,SMALL POPCORN HOLDER,748,1.0078571428571428,0.0
2011-04-18,22197,22,SMALL POPCORN HOLDER,220,1.1013333333333333,0.0
2011-04-25,22197,22,SMALL POPCORN HOLDER,310,0.95,0.0
2011-05-02,22197,22,SMALL POPCORN HOLDER,372,1.032,0.0
2011-05-09,22197,22,SMALL POPCORN HOLDER,381,1.121470588235294,0.0
2011-05-16,22197,22,SMALL POPCORN HOLDER,1228,1.0203448275862068,0.0
2011-05-23,22197,22,SMALL POPCORN HOLDER,4538,1.0073684210526317,0.0
2011-05-30,22197,22,SMALL POPCORN HOLDER,492,1.0856249999999998,0.0
2011-06-06,22197,22,SMALL POPCORN HOLDER,9,0.85,1.0
2011-06-06,22197,22,SMALL POPCORN HOLDER,365,1.008888888888889,0.0
2011-06-13,22197,22,SMALL POPCORN HOLDER,253,0.9521428571428572,0.0
2011-06-13,22197,22,SMALL POPCORN HOLDER,155,1.0883333333333332,0.0
2011-06-20,22197,22,SMALL POPCORN HOLDER,273,1.1038095238095238,0.0
2011-06-20,22197,22,SMALL POPCORN HOLDER,60,0.85,1.0
2011-06-27,22197,22,SMALL POPCORN HOLDER,394,1.018235294117647,0.0
2011-07-04,22197,22,SMALL POPCORN HOLDER,621,1.1446666666666665,0.0
2011-07-11,22197,22,SMALL POPCORN HOLDER,105,1.058,0.0
2011-07-18,22197,22,SMALL POPCORN HOLDER,573,0.954,0.0
2011-07-18,22197,22,SMALL POPCORN HOLDER,36,0.85,0.0
2011-07-25,22197,22,SMALL POPCORN HOLDER,388,1.0856249999999998,0.0
2011-08-01,22197,22,SMALL POPCORN HOLDER,2178,0.9594736842105264,0.0
2011-08-08,22197,22,SMALL POPCORN HOLDER,1563,0.99,0.0
2011-08-08,22197,22,SMALL POPCORN HOLDER,100,0.72,1.0
2011-08-15,22197,22,SMALL POPCORN HOLDER,446,0.8846666666666666,0.0
2011-08-22,22197,22,SMALL POPCORN HOLDER,784,0.9341176470588235,0.0
2011-08-29,22197,22,SMALL POPCORN HOLDER,844,1.0883333333333332,0.0
2011-08-29,22197,22,SMALL POPCORN HOLDER,100,0.72,1.0
2011-09-05,22197,22,SMALL POPCORN HOLDER,344,1.0632,0.0
2011-09-12,22197,22,SMALL POPCORN HOLDER,546,1.0213636363636363,0.0
2011-09-19,22197,22,SMALL POPCORN HOLDER,562,1.2148148148148148,0.0
2011-09-26,22197,22,SMALL POPCORN HOLDER,1663,1.026551724137931,0.0
2011-10-03,22197,22,SMALL POPCORN HOLDER,799,1.0933333333333333,0.0
2011-10-10,22197,22,SMALL POPCORN HOLDER,748,1.0629032258064515,0.0
2011-10-17,22197,22,SMALL POPCORN HOLDER,613,1.095,0.0
2011-10-24,22197,22,SMALL POPCORN HOLDER,2775,1.0248648648648648,0.0
2011-10-31,22197,22,SMALL POPCORN HOLDER,1030,0.949047619047619,0.0
2011-11-07,22197,22,SMALL POPCORN HOLDER,3828,1.0722727272727273,0.0
2011-11-14,22197,22,SMALL POPCORN HOLDER,3121,1.0086666666666666,0.0
2011-11-21,22197,22,SMALL POPCORN HOLDER,2855,1.022142857142857,0.0
2011-11-28,22197,22,SMALL POPCORN HOLDER,3163,0.971,0.0
2011-12-05,22197,22,SMALL POPCORN HOLDER,4260,1.0705128205128205,0.0
