results/realworld_weekly.csv
date,product,category,description,sales,price,promo
2009-11-30,22355,22,CHARLOTTE BAG SUKI DESIGN,213,1.0431818181818182,0.0
2009-12-07,22355,22,CHARLOTTE BAG SUKI DESIGN,321,1.111578947368421,0.0
2009-12-14,22355,22,CHARLOTTE BAG SUKI DESIGN,241,1.2195652173913043,0.0
2009-12-21,22355,22,CHARLOTTE BAG SUKI DESIGN,15,1.7,0.0
2010-01-04,22355,22,CHARLOTTE BAG SUKI DESIGN,30,0.85,1.0
2010-01-11,22355,22,CHARLOTTE BAG SUKI DESIGN,56,1.2923076923076924,0.0
2010-01-18,22355,22,CHARLOTTE BAG SUKI DESIGN,129,1.103125,0.0
2010-01-25,22355,22,CHARLOTTE BAG SUKI DESIGN,299,1.0050000000000001,0.0
2010-02-01,22355,22,CHARLOTTE BAG SUKI DESIGN,158,1.268181818181818,0.0
2010-02-08,22355,22,CHARLOTTE BAG SUKI DESIGN,215,1.2116666666666667,0.0
2010-02-15,22355,22,CHARLOTTE BAG SUKI DESIGN,92,0.9512499999999999,1.0
2010-02-22,22355,22,CHARLOTTE BAG SUKI DESIGN,133,1.1327272727272726,0.0
2010-03-01,22355,22,CHARLOTTE BAG SUKI DESIGN,155,1.1515384615384614,0.0
2010-03-08,22355,22,CHARLOTTE BAG SUKI DESIGN,78,1.2238461538461538,0.0
2010-03-15,22355,22,CHARLOTTE BAG SUKI DESIGN,209,1.0535714285714286,0.0
2010-03-22,22355,22,CHARLOTTE BAG SUKI DESIGN,82,1.066,0.0
2010-03-29,22355,22,CHARLOTTE BAG SUKI DESIGN,306,1.096875,0.0
2010-04-05,22355,22,CHARLOTTE BAG SUKI DESIGN,98,1.1445454545454545,0.0
2010-04-12,22355,22,CHARLOTTE BAG SUKI DESIGN,163,0.83375,1.0
2010-04-19,22355,22,CHARLOTTE BAG SUKI DESIGN,202,1.223529411764706,0.0
2010-04-26,22355,22,CHARLOTTE BAG SUKI DESIGN,178,1.1585714285714286,0.0
2010-05-03,22355,22,CHARLOTTE BAG SUKI DESIGN,327,0.986,0.0
2010-05-10,22355,22,CHARLOTTE BAG SUKI DESIGN,64,0.94,0.0
2010-05-10,22355,22,CHARLOTTE BAG SUKI DESIGN,23,0.85,1.0
2010-05-17,22355,22,CHARLOTTE BAG SUKI DESIGN,40,0.85,1.0
2010-05-17,22355,22,CHARLOTTE BAG SUKI DESIGN,150,1.02,0.0
2010-05-24,22355,22,CHARLOTTE BAG SUKI DESIGN,25,1.19,0.0
2010-05-24,22355,22,CHARLOTTE BAG SUKI DESIGN,215,1.0677777777777777,0.0
2010-05-31,22355,22,CHARLOTTE BAG SUKI DESIGN,193,1.223529411764706,0.0
2010-06-07,22355,22,CHARLOTTE BAG SUKI DESIGN,10,0.85,1.0
2010-06-07,22355,22,CHARLOTTE BAG SUKI DESIGN,445,1.02,0.0
2010-06-14,22355,22,CHARLOTTE BAG SUKI DESIGN,10,0.72,1.0
2010-06-14,22355,22,CHARLOTTE BAG SUKI DESIGN,182,1.0525,0.0
2010-06-21,22355,22,CHARLOTTE BAG SUKI DESIGN,226,1.5115384615384615,0.0
2010-06-28,22355,22,CHARLOTTE BAG SUKI DESIGN,208,1.0169230769230768,0.0
2010-07-05,22355,22,CHARLOTTE BAG SUKI DESIGN,300,1.025294117647059,0.0
2010-07-12,22355,22,CHARLOTTE BAG SUKI DESIGN,88,1.1785714285714286,0.0
2010-07-19,22355,22,CHARLOTTE BAG SUKI DESIGN,145,0.985,0.0
2010-07-26,22355,22,CHARLOTTE BAG SUKI DESIGN,119,1.012,0.0
2010-08-02,22355,22,CHARLOTTE BAG SUKI DESIGN,157,1.0269230769230768,0.0
2010-08-09,22355,22,CHARLOTTE BAG SUKI DESIGN,754,1.6193333333333333,0.0
2010-08-16,22355,22,CHARLOTTE BAG SUKI DESIGN,121,1.0814285714285714,0.0
2010-08-23,22355,22,CHARLOTTE BAG SUKI DESIGN,216,1.044375,0.0
2010-08-30,22355,22,CHARLOTTE BAG SUKI DESIGN,431,1.3074999999999999,0.0
2010-09-06,22355,22,CHARLOTTE BAG SUKI DESIGN,286,0.9406666666666667,1.0
2010-09-13,22355,22,CHARLOTTE BAG SUKI DESIGN,68,0.9746153846153847,0.0
2010-09-20,22355,22,CHARLOTTE BAG SUKI DESIGN,217,1.0842857142857143,0.0
2010-09-27,22355,22,CHARLOTTE BAG SUKI DESIGN,413,1.0657142857142856,0.0
2010-10-04,22355,22,CHARLOTTE BAG SUKI DESIGN,293,1.178235294117647,0.0
2010-10-11,22355,22,CHARLOTTE BAG SUKI DESIGN,363,1.1056,0.0
2010-10-18,22355,22,CHARLOTTE BAG SUKI DESIGN,214,1.2335294117647058,0.0
2010-10-25,22355,22,CHARLOTTE BAG SUKI DESIGN,378,1.1053333333333333,0.0
2010-11-01,22355,22,CHARLOTTE BAG SUKI DESIGN,288,1.0136842105263157,0.0
2010-11-08,22355,22,CHARLOTTE BAG SUKI DESIGN,438,1.259,0.0
2010-11-15,22355,22,CHARLOTTE BAG SUKI DESIGN,374,1.1957692307692307,0.0
2010-11-22,22355,22,CHARLOTTE BAG SUKI DESIGN,461,1.3235294117647058,0.0
2010-11-29,22355,22,CHARLOTTE BAG SUKI DESIGN,800,1.3462068965517242,0.0
2010-12-06,22355,22,CHARLOTTE BAG SUKI DESIGN,1017,1.3199999999999998,0.0
2010-12-13,22355,22,CHARLOTTE BAG SUKI DESIGN,422,1.16,0.0
2010-12-20,22355,22,CHARLOTTE BAG SUKI DESIGN,465,1.9107692307692306,0.0
2011-01-03,22355,22,CHARLOTTE BAG SUKI DESIGN,143,1.263,0.0
2011-01-10,22355,22,CHARLOTTE BAG SUKI DESIGN,333,1.446875,0.0
2011-01-17,22355,22,CHARLOTTE BAG SUKI DESIGN,171,1.5776923076923075,0.0
2011-01-24,22355,22,CHARLOTTE BAG SUKI DESIGN,417,1.19,0.0
2011-01-31,22355,22,CHARLOTTE BAG SUKI DESIGN,148,1.6466666666666665,0.0
2011-02-07,22355,22,CHARLOTTE BAG SUKI DESIGN,212,1.532857142857143,0.0
2011-02-14,22355,22,CHARLOTTE BAG SUKI DESIGN,350,0.99125,1.0
2011-02-21,22355,22,CHARLOTTE BAG SUKI DESIGN,370,1.3175,0.0
2011-02-28,22355,22,CHARLOTTE BAG SUKI DESIGN,58,1.175,0.0
2011-03-07,22355,22,CHARLOTTE BAG SUKI DESIGN,398,1.3133333333333332,0.0
2011-03-14,22355,22,CHARLOTTE BAG SUKI DESIGN,324,1.426842105263158,0.0
2011-03-21,22355,22,CHARLOTTE BAG SUKI DESIGN,244,1.1683333333333332,1.0
2011-03-28,22355,22,CHARLOTTE BAG SUKI DESIGN,524,1.2607142857142857,0.0
2011-04-04,22355,22,CHARLOTTE BAG SUKI DESIGN,164,1.2022222222222223,0.0
2011-04-11,22355,22,CHARLOTTE BAG SUKI DESIGN,217,1.1427272727272728,0.0
2011-04-18,22355,22,CHARLOTTE BAG SUKI DESIGN,279,1.200909090909091,0.0
2011-04-25,22355,22,CHARLOTTE BAG SUKI DESIGN,159,1.1033333333333333,0.0
2011-05-02,22355,22,CHARLOTTE BAG SUKI DESIGN,163,1.1127777777777779,0.0
2011-05-09,22355,22,CHARLOTTE BAG SUKI DESIGN,378,1.212,0.0
2011-05-16,22355,22,CHARLOTTE BAG SUKI DESIGN,227,1.0207142857142857,1.0
2011-05-23,22355,22,CHARLOTTE BAG SUKI DESIGN,234,1.0823529411764705,0.0
2011-05-30,22355,22,CHARLOTTE BAG SUKI DESIGN,139,0.9738461538461538,1.0
2011-06-06,22355,22,CHARLOTTE BAG SUKI DESIGN,233,1.2022222222222223,0.0
2011-06-13,22355,22,CHARLOTTE BAG SUKI DESIGN,395,1.1011111111111112,0.0
2011-06-20,22355,22,CHARLOTTE BAG SUKI DESIGN,151,1.1321428571428571,0.0
2011-06-27,22355,22,CHARLOTTE BAG SUKI DESIGN,216,1.0085,0.0
2011-07-04,22355,22,CHARLOTTE BAG SUKI DESIGN,217,1.5328571428571427,0.0
2011-07-11,22355,22,CHARLOTTE BAG SUKI DESIGN,134,1.2441666666666666,0.0
2011-07-18,22355,22,CHARLOTTE BAG SUKI DESIGN,270,1.1357142857142857,0.0
2011-07-25,22355,22,CHARLOTTE BAG SUKI DESIGN,287,1.1488888888888888,0.0
2011-08-01,22355,22,CHARLOTTE BAG SUKI DESIGN,219,1.096875,0.0
2011-08-08,22355,22,CHARLOTTE BAG SUKI DESIGN,250,1.1046666666666667,0.0
2011-08-15,22355,22,CHARLOTTE BAG SUKI DESIGN,143,1.0799999999999998,0.0
2011-08-22,22355,22,CHARLOTTE BAG SUKI DESIGN,426,1.2435,0.0
2011-08-29,22355,22,CHARLOTTE BAG SUKI DESIGN,251,1.5416666666666667,0.0
2011-09-05,22355,22,CHARLOTTE BAG SUKI DESIGN,229,1.1426315789473684,0.0
2011-09-12,22355,22,CHARLOTTE BAG SUKI DESIGN,421,1.0860869565217393,0.0
2011-09-19,22355,22,CHARLOTTE BAG SUKI DESIGN,197,1.2726666666666666,0.0
2011-09-26,22355,22,CHARLOTTE BAG SUKI DESIGN,170,1.43625,0.0
2011-10-03,22355,22,CHARLOTTE BAG SUKI DESIGN,354,1.315,0.0
2011-10-10,22355,22,CHARLOTTE BAG SUKI DESIGN,231,1.2247368421052631,0.0
2011-10-17,22355,22,CHARLOTTE BAG SUKI DESIGN,276,1.2206666666666666,0.0
2011-10-24,22355,22,CHARLOTTE BAG SUKI DESIGN,535,1.1033333333333333,0.0
2011-10-31,22355,22,CHARLOTTE BAG SUKI DESIGN,274,1.1836842105263157,0.0
2011-11-07,22355,22,CHARLOTTE BAG SUKI DESIGN,320,1.227391304347826,0.0
2011-11-14,22355,22,CHARLOTTE BAG SUKI DESIGN,431,1.2441666666666666,0.0
2011-11-21,22355,22,CHARLOTTE BAG SUKI DESIGN,661,1.3338095238095238,0.0
2011-11-28,22355,22,CHARLOTTE BAG SUKI DESIGN,692,1.7333333333333334,0.0
2011-12-05,22355,22,CHARLOTTE BAG SUKI DESIGN,707,1.3436842105263158,0.0
2010-01-18,22383,22,LUNCH BAG SUKI  DESIGN ,4,1.65,0.0
2010-01-25,22383,22,LUNCH BAG SUKI  DESIGN ,236,1.8394117647058823,0.0
2010-02-01,22383,22,LUNCH BAG SUKI  DESIGN ,59,2.4455555555555555,0.0
2010-02-01,22383,22,LUNCH BAG SUKI  DESIGN ,100,1.65,0.0
2010-02-08,22383,22,LUNCH BAG SUKI  DESIGN ,128,2.1017647058823528,0.0
2010-02-08,22383,22,LUNCH BAG SUKI  DESIGN ,10,1.65,0.0
2010-02-15,22383,22,LUNCH BAG SUKI  DESIGN ,160,2.0542105263157895,0.0
2010-02-15,22383,22,LUNCH BAG SUKI  DESIGN ,10,1.65,0.0
2010-02-22,22383,22,LUNCH BAG SUKI  DESIGN ,264,2.006190476190476,0.0
2010-02-22,22383,22,LUNCH BAG SUKI  DESIGN ,10,1.65,0.0
2010-03-01,22383,22,LUNCH BAG SUKI  DESIGN ,138,1.9572,0.0
2010-03-01,22383,22,LUNCH BAG SUKI  DESIGN ,20,1.65,0.0
2010-03-08,22383,22,LUNCH BAG SUKI  DESIGN ,189,2.1154545454545453,0.0
2010-03-15,22383,22,LUNCH BAG SUKI  DESIGN ,327,1.987142857142857,0.0
2010-03-22,22383,22,LUNCH BAG SUKI  DESIGN ,147,2.1154545454545453,0.0
2010-03-29,22383,22,LUNCH BAG SUKI  DESIGN ,186,2.0273333333333334,0.0
2010-04-05,22383,22,LUNCH BAG SUKI  DESIGN ,291,1.987142857142857,0.0
2010-04-12,22383,22,LUNCH BAG SUKI  DESIGN ,147,1.65,0.0
2010-04-19,22383,22,LUNCH BAG SUKI  DESIGN ,144,2.5981481481481485,0.0
2010-04-26,22383,22,LUNCH BAG SUKI  DESIGN ,309,2.036153846153846,0.0
2010-05-03,22383,22,LUNCH BAG SUKI  DESIGN ,187,1.6366666666666665,1.0
2010-05-10,22383,22,LUNCH BAG SUKI  DESIGN ,215,1.872608695652174,0.0
2010-05-17,22383,22,LUNCH BAG SUKI  DESIGN ,163,1.8468,0.0
2010-05-24,22383,22,LUNCH BAG SUKI  DESIGN ,340,1.8139999999999998,0.0
2010-05-31,22383,22,LUNCH BAG SUKI  DESIGN ,215,2.2227272727272727,0.0
2010-06-07,22383,22,LUNCH BAG SUKI  DESIGN ,203,2.0595999999999997,0.0
2010-06-14,22383,22,LUNCH BAG SUKI  DESIGN ,198,1.9839130434782606,0.0
2010-06-21,22383,22,LUNCH BAG SUKI  DESIGN ,312,1.8392307692307692,0.0
2010-06-28,22383,22,LUNCH BAG SUKI  DESIGN ,220,1.8469230769230767,0.0
2010-07-05,22383,22,LUNCH BAG SUKI  DESIGN ,166,2.1154545454545453,0.0
2010-07-12,22383,22,LUNCH BAG SUKI  DESIGN ,125,2.0061904761904765,0.0
2010-07-19,22383,22,LUNCH BAG SUKI  DESIGN ,488,1.8848387096774193,0.0
2010-07-26,22383,22,LUNCH BAG SUKI  DESIGN ,399,1.7261290322580645,0.0
2010-08-02,22383,22,LUNCH BAG SUKI  DESIGN ,475,1.641304347826087,0.0
2010-08-09,22383,22,LUNCH BAG SUKI  DESIGN ,190,2.408148148148148,0.0
2010-08-16,22383,22,LUNCH BAG SUKI  DESIGN ,380,1.8997560975609755,0.0
2010-08-23,22383,22,LUNCH BAG SUKI  DESIGN ,183,2.0596,0.0
2010-08-30,22383,22,LUNCH BAG SUKI  DESIGN ,206,2.5755555555555554,0.0
2010-09-06,22383,22,LUNCH BAG SUKI  DESIGN ,333,1.8736363636363635,0.0
2010-09-13,22383,22,LUNCH BAG SUKI  DESIGN ,95,1.8099999999999998,0.0
2010-09-20,22383,22,LUNCH BAG SUKI  DESIGN ,152,1.8773333333333333,0.0
2010-09-27,22383,22,LUNCH BAG SUKI  DESIGN ,391,1.8185714285714283,0.0
2010-10-04,22383,22,LUNCH BAG SUKI  DESIGN ,96,1.9344444444444444,0.0
2010-10-11,22383,22,LUNCH BAG SUKI  DESIGN ,317,1.7905714285714285,0.0
2010-10-18,22383,22,LUNCH BAG SUKI  DESIGN ,106,2.034,0.0
2010-10-25,22383,22,LUNCH BAG SUKI  DESIGN ,81,1.7922222222222222,0.0
2010-11-01,22383,22,LUNCH BAG SUKI  DESIGN ,142,1.7982608695652174,0.0
2010-11-08,22383,22,LUNCH BAG SUKI  DESIGN ,193,1.9799999999999998,0.0
2010-11-15,22383,22,LUNCH BAG SUKI  DESIGN ,149,2.3696875,0.0
2010-11-22,22383,22,LUNCH BAG SUKI  DESIGN ,308,2.2777142857142856,0.0
2010-11-29,22383,22,LUNCH BAG SUKI  DESIGN ,262,2.085531914893617,0.0
2010-12-06,22383,22,LUNCH BAG SUKI  DESIGN ,312,2.7987179487179485,0.0
2010-12-13,22383,22,LUNCH BAG SUKI  DESIGN ,146,2.2186666666666666,0.0
2010-12-20,22383,22,LUNCH BAG SUKI  DESIGN ,10,4.938571428571429,0.0
2011-01-03,22383,22,LUNCH BAG SUKI  DESIGN ,100,1.65,1.0
2011-01-10,22383,22,LUNCH BAG SUKI  DESIGN ,149,2.691818181818182,0.0
2011-01-17,22383,22,LUNCH BAG SUKI  DESIGN ,70,3.158235294117647,0.0
2011-01-24,22383,22,LUNCH BAG SUKI  DESIGN ,237,2.514117647058823,0.0
2011-01-31,22383,22,LUNCH BAG SUKI  DESIGN ,241,2.625238095238095,0.0
2011-02-07,22383,22,LUNCH BAG SUKI  DESIGN ,61,2.545833333333333,0.0
2011-02-14,22383,22,LUNCH BAG SUKI  DESIGN ,229,2.1905555555555556,1.0
2011-02-21,22383,22,LUNCH BAG SUKI  DESIGN ,53,2.5957142857142856,0.0
2011-02-21,22383,22,LUNCH BAG SUKI  DESIGN ,49,3.304444444444444,0.0
2011-02-28,22383,22,LUNCH BAG SUKI  DESIGN ,10,1.65,1.0
2011-02-28,22383,22,LUNCH BAG SUKI  DESIGN ,120,2.166875,1.0
2011-03-07,22383,22,LUNCH BAG SUKI  DESIGN ,20,1.65,1.0
2011-03-07,22383,22,LUNCH BAG SUKI  DESIGN ,10,3.3042857142857143,0.0
2011-03-14,22383,22,LUNCH BAG SUKI  DESIGN ,86,2.7138095238095237,0.0
2011-03-21,22383,22,LUNCH BAG SUKI  DESIGN ,199,2.2788,0.0
2011-03-28,22383,22,LUNCH BAG SUKI  DESIGN ,10,1.65,1.0
2011-03-28,22383,22,LUNCH BAG SUKI  DESIGN ,283,2.15875,0.0
2011-04-04,22383,22,LUNCH BAG SUKI  DESIGN ,20,1.65,1.0
2011-04-04,22383,22,LUNCH BAG SUKI  DESIGN ,170,1.7877777777777777,1.0
2011-04-11,22383,22,LUNCH BAG SUKI  DESIGN ,10,1.65,1.0
2011-04-11,22383,22,LUNCH BAG SUKI  DESIGN ,204,2.5041935483870965,0.0
2011-04-18,22383,22,LUNCH BAG SUKI  DESIGN ,156,2.081304347826087,0.0
2011-04-25,22383,22,LUNCH BAG SUKI  DESIGN ,10,1.65,1.0
2011-04-25,22383,22,LUNCH BAG SUKI  DESIGN ,103,2.4775,0.0
2011-05-02,22383,22,LUNCH BAG SUKI  DESIGN ,291,2.0267857142857144,0.0
2011-05-09,22383,22,LUNCH BAG SUKI  DESIGN ,378,2.116857142857143,0.0
2011-05-16,22383,22,LUNCH BAG SUKI  DESIGN ,225,1.9562962962962962,0.0
2011-05-23,22383,22,LUNCH BAG SUKI  DESIGN ,323,1.9103225806451614,0.0
2011-05-30,22383,22,LUNCH BAG SUKI  DESIGN ,181,1.8726923076923077,0.0
2011-06-06,22383,22,LUNCH BAG SUKI  DESIGN ,167,2.1792,0.0
2011-06-13,22383,22,LUNCH BAG SUKI  DESIGN ,64,2.256666666666667,0.0
2011-06-20,22383,22,LUNCH BAG SUKI  DESIGN ,147,2.0979166666666664,0.0
2011-06-27,22383,22,LUNCH BAG SUKI  DESIGN ,192,1.8726923076923077,0.0
2011-07-04,22383,22,LUNCH BAG SUKI  DESIGN ,461,2.2705882352941176,0.0
2011-07-11,22383,22,LUNCH BAG SUKI  DESIGN ,148,2.2157894736842105,0.0
2011-07-18,22383,22,LUNCH BAG SUKI  DESIGN ,420,1.850625,0.0
2011-07-25,22383,22,LUNCH BAG SUKI  DESIGN ,300,1.7795833333333333,0.0
2011-08-01,22383,22,LUNCH BAG SUKI  DESIGN ,296,1.9862499999999998,0.0
2011-08-08,22383,22,LUNCH BAG SUKI  DESIGN ,433,1.9602380952380951,0.0
2011-08-15,22383,22,LUNCH BAG SUKI  DESIGN ,318,1.7852173913043476,0.0
2011-08-22,22383,22,LUNCH BAG SUKI  DESIGN ,314,1.8447058823529412,0.0
2011-08-29,22383,22,LUNCH BAG SUKI  DESIGN ,270,2.9133333333333336,0.0
2011-09-05,22383,22,LUNCH BAG SUKI  DESIGN ,200,2.2358333333333333,0.0
2011-09-12,22383,22,LUNCH BAG SUKI  DESIGN ,270,2.0194444444444444,0.0
2011-09-19,22383,22,LUNCH BAG SUKI  DESIGN ,144,2.51,0.0
2011-09-26,22383,22,LUNCH BAG SUKI  DESIGN ,143,1.9395,0.0
2011-10-03,22383,22,LUNCH BAG SUKI  DESIGN ,162,2.0291666666666663,0.0
2011-10-10,22383,22,LUNCH BAG SUKI  DESIGN ,132,2.201428571428571,0.0
2011-10-17,22383,22,LUNCH BAG SUKI  DESIGN ,99,2.35,0.0
2011-10-24,22383,22,LUNCH BAG SUKI  DESIGN ,210,1.8506060606060604,0.0
2011-10-31,22383,22,LUNCH BAG SUKI  DESIGN ,228,2.343,0.0
2011-11-07,22383,22,LUNCH BAG SUKI  DESIGN ,219,2.023548387096774,0.0
2011-11-14,22383,22,LUNCH BAG SUKI  DESIGN ,163,2.0852631578947367,0.0
2011-11-21,22383,22,LUNCH BAG SUKI  DESIGN ,171,2.1325,0.0
2011-11-28,22383,22,LUNCH BAG SUKI  DESIGN ,136,2.152142857142857,0.0
2011-12-05,22383,22,LUNCH BAG SUKI  DESIGN ,112,2.7664999999999997,0.0
