results/realworld_weekly.csv
date,product,category,description,sales,price,promo
2010-01-25,22384,22,LUNCH BAG PINK POLKADOT,75,1.8210000000000002,0.0
2010-02-01,22384,22,LUNCH BAG PINK POLKADOT,64,2.1154545454545453,0.0
2010-02-01,22384,22,LUNCH BAG PINK POLKADOT,23,1.6499999999999997,0.0
2010-02-08,22384,22,LUNCH BAG PINK POLKADOT,81,1.6499999999999997,0.0
2010-02-15,22384,22,LUNCH BAG PINK POLKADOT,433,1.987142857142857,0.0
2010-02-22,22384,22,LUNCH BAG PINK POLKADOT,132,1.906,0.0
2010-03-01,22384,22,LUNCH BAG PINK POLKADOT,152,1.8633333333333333,0.0
2010-03-08,22384,22,LUNCH BAG PINK POLKADOT,202,2.0766666666666667,0.0
2010-03-15,22384,22,LUNCH BAG PINK POLKADOT,142,1.8938095238095236,0.0
2010-03-22,22384,22,LUNCH BAG PINK POLKADOT,111,1.9194736842105262,0.0
2010-03-29,22384,22,LUNCH BAG PINK POLKADOT,229,1.9966666666666666,0.0
2010-04-05,22384,22,LUNCH BAG PINK POLKADOT,305,1.6166666666666665,0.0
2010-04-12,22384,22,LUNCH BAG PINK POLKADOT,155,1.65,0.0
2010-04-19,22384,22,LUNCH BAG PINK POLKADOT,114,2.218888888888889,0.0
2010-04-26,22384,22,LUNCH BAG PINK POLKADOT,329,1.8005882352941176,0.0
2010-05-03,22384,22,LUNCH BAG PINK POLKADOT,314,1.6199999999999999,0.0
2010-05-10,22384,22,LUNCH BAG PINK POLKADOT,161,1.65,0.0
2010-05-17,22384,22,LUNCH BAG PINK POLKADOT,151,1.65,0.0
2010-05-24,22384,22,LUNCH BAG PINK POLKADOT,179,1.872608695652174,0.0
2010-05-31,22384,22,LUNCH BAG PINK POLKADOT,257,2.0844827586206893,0.0
2010-06-07,22384,22,LUNCH BAG PINK POLKADOT,440,1.7244827586206897,0.0
2010-06-14,22384,22,LUNCH BAG PINK POLKADOT,204,2.003103448275862,0.0
2010-06-21,22384,22,LUNCH BAG PINK POLKADOT,282,1.9893103448275862,0.0
2010-06-28,22384,22,LUNCH BAG PINK POLKADOT,225,1.65,0.0
2010-07-05,22384,22,LUNCH BAG PINK POLKADOT,207,1.7414285714285713,0.0
2010-07-12,22384,22,LUNCH BAG PINK POLKADOT,262,1.8699999999999999,0.0
2010-07-19,22384,22,LUNCH BAG PINK POLKADOT,423,1.7364,0.0
2010-07-26,22384,22,LUNCH BAG PINK POLKADOT,282,1.8005882352941176,0.0
2010-08-02,22384,22,LUNCH BAG PINK POLKADOT,306,2.006190476190476,0.0
2010-08-09,22384,22,LUNCH BAG PINK POLKADOT,358,1.919,0.0
2010-08-16,22384,22,LUNCH BAG PINK POLKADOT,317,1.7444,0.0
2010-08-23,22384,22,LUNCH BAG PINK POLKADOT,177,1.832857142857143,0.0
2010-08-30,22384,22,LUNCH BAG PINK POLKADOT,230,1.8388235294117645,0.0
2010-09-06,22384,22,LUNCH BAG PINK POLKADOT,290,1.927037037037037,0.0
2010-09-13,22384,22,LUNCH BAG PINK POLKADOT,94,1.9511764705882353,0.0
2010-09-20,22384,22,LUNCH BAG PINK POLKADOT,24,1.6499999999999997,0.0
2010-09-20,22384,22,LUNCH BAG PINK POLKADOT,10,1.65,0.0
2010-09-20,22384,22,LUNCH BAG PINK POLKADOT,47,2.218888888888889,0.0
2010-09-27,22384,22,LUNCH BAG PINK POLKADOT,78,1.8099999999999998,0.0
2010-09-27,22384,22,LUNCH BAG PINK POLKADOT,70,1.65,0.0
2010-10-04,22384,22,LUNCH BAG PINK POLKADOT,46,1.9341666666666664,0.0
2010-10-04,22384,22,LUNCH BAG PINK POLKADOT,20,1.65,0.0
2010-10-11,22384,22,LUNCH BAG PINK POLKADOT,250,1.6425925925925924,0.0
2010-10-18,22384,22,LUNCH BAG PINK POLKADOT,69,1.8827272727272728,0.0
2010-10-25,22384,22,LUNCH BAG PINK POLKADOT,165,1.9816666666666665,0.0
2010-10-25,22384,22,LUNCH BAG PINK POLKADOT,10,1.65,0.0
2010-11-01,22384,22,LUNCH BAG PINK POLKADOT,116,1.8469230769230767,0.0
2010-11-08,22384,22,LUNCH BAG PINK POLKADOT,103,2.0157142857142856,0.0
2010-11-15,22384,22,LUNCH BAG PINK POLKADOT,79,1.9213636363636362,0.0
2010-11-22,22384,22,LUNCH BAG PINK POLKADOT,119,2.0766666666666667,0.0
2010-11-29,22384,22,LUNCH BAG PINK POLKADOT,95,2.2186666666666666,0.0
2010-12-06,22384,22,LUNCH BAG PINK POLKADOT,185,2.4703846153846154,0.0
2010-12-13,22384,22,LUNCH BAG PINK POLKADOT,101,2.109230769230769,0.0
2010-12-20,22384,22,LUNCH BAG PINK POLKADOT,2,5.06,0.0
2011-01-03,22384,22,LUNCH BAG PINK POLKADOT,54,2.1927272727272724,0.0
2011-01-10,22384,22,LUNCH BAG PINK POLKADOT,72,2.4892307692307694,0.0
2011-01-17,22384,22,LUNCH BAG PINK POLKADOT,13,3.0975,0.0
2011-01-24,22384,22,LUNCH BAG PINK POLKADOT,244,1.9605555555555556,1.0
2011-01-31,22384,22,LUNCH BAG PINK POLKADOT,172,2.1158333333333332,0.0
2011-02-07,22384,22,LUNCH BAG PINK POLKADOT,46,2.023846153846154,1.0
2011-02-14,22384,22,LUNCH BAG PINK POLKADOT,103,1.65,1.0
2011-02-21,22384,22,LUNCH BAG PINK POLKADOT,105,2.2016666666666667,0.0
2011-02-28,22384,22,LUNCH BAG PINK POLKADOT,192,1.7841176470588234,1.0
2011-03-07,22384,22,LUNCH BAG PINK POLKADOT,98,2.091333333333333,0.0
2011-03-14,22384,22,LUNCH BAG PINK POLKADOT,120,1.9905882352941173,1.0
2011-03-21,22384,22,LUNCH BAG PINK POLKADOT,140,1.7958823529411763,1.0
2011-03-28,22384,22,LUNCH BAG PINK POLKADOT,209,1.8004545454545455,0.0
2011-04-04,22384,22,LUNCH BAG PINK POLKADOT,101,2.1094444444444442,0.0
2011-04-11,22384,22,LUNCH BAG PINK POLKADOT,116,2.017777777777778,0.0
2011-04-18,22384,22,LUNCH BAG PINK POLKADOT,151,2.0979166666666664,0.0
2011-04-25,22384,22,LUNCH BAG PINK POLKADOT,37,2.1228571428571428,0.0
2011-05-02,22384,22,LUNCH BAG PINK POLKADOT,179,1.8329411764705883,0.0
2011-05-09,22384,22,LUNCH BAG PINK POLKADOT,438,1.8573076923076923,0.0
2011-05-16,22384,22,LUNCH BAG PINK POLKADOT,199,1.9257142857142857,0.0
2011-05-23,22384,22,LUNCH BAG PINK POLKADOT,121,1.8447058823529412,0.0
2011-05-30,22384,22,LUNCH BAG PINK POLKADOT,169,1.9256666666666666,0.0
2011-06-06,22384,22,LUNCH BAG PINK POLKADOT,225,2.023548387096774,0.0
2011-06-13,22384,22,LUNCH BAG PINK POLKADOT,181,2.098333333333333,0.0
2011-06-20,22384,22,LUNCH BAG PINK POLKADOT,266,1.9603846153846154,0.0
2011-06-27,22384,22,LUNCH BAG PINK POLKADOT,234,1.798095238095238,0.0
2011-07-04,22384,22,LUNCH BAG PINK POLKADOT,190,2.103548387096774,0.0
2011-07-11,22384,22,LUNCH BAG PINK POLKADOT,221,1.760333333333333,0.0
2011-07-18,22384,22,LUNCH BAG PINK POLKADOT,372,2.155925925925926,0.0
2011-07-25,22384,22,LUNCH BAG PINK POLKADOT,417,2.0638709677419356,0.0
2011-08-01,22384,22,LUNCH BAG PINK POLKADOT,245,2.3738888888888887,0.0
2011-08-08,22384,22,LUNCH BAG PINK POLKADOT,279,2.076774193548387,0.0
2011-08-15,22384,22,LUNCH BAG PINK POLKADOT,252,1.798095238095238,0.0
2011-08-22,22384,22,LUNCH BAG PINK POLKADOT,259,1.7445714285714284,0.0
2011-08-29,22384,22,LUNCH BAG PINK POLKADOT,110,2.801428571428571,0.0
2011-09-05,22384,22,LUNCH BAG PINK POLKADOT,179,1.8566666666666665,0.0
2011-09-12,22384,22,LUNCH BAG PINK POLKADOT,150,1.8754545454545453,0.0
2011-09-19,22384,22,LUNCH BAG PINK POLKADOT,192,2.0168181818181816,0.0
2011-09-26,22384,22,LUNCH BAG PINK POLKADOT,91,2.036,0.0
2011-10-03,22384,22,LUNCH BAG PINK POLKADOT,97,1.9255555555555555,0.0
2011-10-10,22384,22,LUNCH BAG PINK POLKADOT,47,1.950909090909091,0.0
2011-10-17,22384,22,LUNCH BAG PINK POLKADOT,74,1.8568749999999998,0.0
2011-10-24,22384,22,LUNCH BAG PINK POLKADOT,127,1.9361538461538461,0.0
2011-10-31,22384,22,LUNCH BAG PINK POLKADOT,174,2.518666666666667,0.0
2011-11-07,22384,22,LUNCH BAG PINK POLKADOT,136,1.9808,0.0
2011-11-14,22384,22,LUNCH BAG PINK POLKADOT,158,2.0,0.0
2011-11-21,22384,22,LUNCH BAG PINK POLKADOT,140,2.033928571428571,0.0
2011-11-28,22384,22,LUNCH BAG PINK POLKADOT,149,2.4413043478260867,0.0
2011-12-05,22384,22,LUNCH BAG PINK POLKADOT,84,3.158235294117647,0.0
2010-01-25,22386,22,JUMBO BAG PINK POLKADOT,114,1.8499999999999999,0.0
2010-02-01,22386,22,JUMBO BAG PINK POLKADOT,328,2.0373684210526317,0.0
2010-02-08,22386,22,JUMBO BAG PINK POLKADOT,244,2.357407407407407,0.0
2010-02-15,22386,22,JUMBO BAG PINK POLKADOT,510,2.409090909090909,0.0
2010-02-22,22386,22,JUMBO BAG PINK POLKADOT,530,1.9189655172413793,0.0
2010-03-01,22386,22,JUMBO BAG PINK POLKADOT,276,2.043333333333333,0.0
2010-03-08,22386,22,JUMBO BAG PINK POLKADOT,185,2.6478947368421055,0.0
2010-03-15,22386,22,JUMBO BAG PINK POLKADOT,119,2.111428571428571,0.0
2010-03-22,22386,22,JUMBO BAG PINK POLKADOT,427,2.025384615384615,0.0
2010-03-29,22386,22,JUMBO BAG PINK POLKADOT,321,2.2093333333333334,0.0
2010-04-05,22386,22,JUMBO BAG PINK POLKADOT,164,2.276666666666667,0.0
2010-04-12,22386,22,JUMBO BAG PINK POLKADOT,198,1.93,0.0
2010-04-19,22386,22,JUMBO BAG PINK POLKADOT,188,2.3141666666666665,0.0
2010-04-26,22386,22,JUMBO BAG PINK POLKADOT,326,2.0120833333333334,0.0
2010-05-03,22386,22,JUMBO BAG PINK POLKADOT,531,2.116,0.0
2010-05-10,22386,22,JUMBO BAG PINK POLKADOT,270,2.125833333333333,0.0
2010-05-17,22386,22,JUMBO BAG PINK POLKADOT,512,2.1483333333333334,0.0
2010-05-24,22386,22,JUMBO BAG PINK POLKADOT,259,2.2445454545454546,0.0
2010-05-31,22386,22,JUMBO BAG PINK POLKADOT,236,2.387,0.0
2010-06-07,22386,22,JUMBO BAG PINK POLKADOT,429,1.9968965517241377,0.0
2010-06-14,22386,22,JUMBO BAG PINK POLKADOT,252,2.1334782608695653,0.0
2010-06-21,22386,22,JUMBO BAG PINK POLKADOT,320,2.274,0.0
2010-06-28,22386,22,JUMBO BAG PINK POLKADOT,368,2.125833333333333,0.0
2010-07-05,22386,22,JUMBO BAG PINK POLKADOT,331,2.2933333333333334,0.0
2010-07-12,22386,22,JUMBO BAG PINK POLKADOT,240,2.039090909090909,0.0
2010-07-19,22386,22,JUMBO BAG PINK POLKADOT,719,2.074827586206897,0.0
2010-07-26,22386,22,JUMBO BAG PINK POLKADOT,171,2.0576190476190477,0.0
2010-08-02,22386,22,JUMBO BAG PINK POLKADOT,344,2.1133333333333333,0.0
2010-08-09,22386,22,JUMBO BAG PINK POLKADOT,460,2.5039285714285713,0.0
2010-08-16,22386,22,JUMBO BAG PINK POLKADOT,377,2.2075,0.0
2010-08-23,22386,22,JUMBO BAG PINK POLKADOT,338,2.0307142857142857,0.0
2010-08-30,22386,22,JUMBO BAG PINK POLKADOT,602,2.4187499999999997,0.0
2010-09-06,22386,22,JUMBO BAG PINK POLKADOT,597,2.170714285714286,0.0
2010-09-13,22386,22,JUMBO BAG PINK POLKADOT,285,2.2585714285714285,0.0
2010-09-20,22386,22,JUMBO BAG PINK POLKADOT,33,1.95,0.0
2010-09-20,22386,22,JUMBO BAG PINK POLKADOT,221,2.0725,0.0
2010-09-27,22386,22,JUMBO BAG PINK POLKADOT,248,2.244545454545454,0.0
2010-09-27,22386,22,JUMBO BAG PINK POLKADOT,250,1.907142857142857,0.0
2010-10-04,22386,22,JUMBO BAG PINK POLKADOT,178,2.198235294117647,0.0
2010-10-04,22386,22,JUMBO BAG PINK POLKADOT,40,1.95,0.0
2010-10-11,22386,22,JUMBO BAG PINK POLKADOT,887,2.0118181818181817,0.0
2010-10-11,22386,22,JUMBO BAG PINK POLKADOT,20,1.95,0.0
2010-10-18,22386,22,JUMBO BAG PINK POLKADOT,144,2.9263636363636363,0.0
2010-10-25,22386,22,JUMBO BAG PINK POLKADOT,137,2.6316666666666664,0.0
2010-11-01,22386,22,JUMBO BAG PINK POLKADOT,307,2.1281818181818184,0.0
2010-11-01,22386,22,JUMBO BAG PINK POLKADOT,20,1.95,0.0
2010-11-08,22386,22,JUMBO BAG PINK POLKADOT,659,2.2203030303030302,0.0
2010-11-15,22386,22,JUMBO BAG PINK POLKADOT,679,2.5882758620689654,0.0
2010-11-15,22386,22,JUMBO BAG PINK POLKADOT,10,1.95,0.0
2010-11-22,22386,22,JUMBO BAG PINK POLKADOT,253,2.290833333333333,0.0
2010-11-29,22386,22,JUMBO BAG PINK POLKADOT,350,2.6115789473684208,0.0
2010-12-06,22386,22,JUMBO BAG PINK POLKADOT,515,3.2634999999999996,0.0
2010-12-13,22386,22,JUMBO BAG PINK POLKADOT,97,2.3266666666666667,0.0
2010-12-20,22386,22,JUMBO BAG PINK POLKADOT,9,5.06,0.0
2011-01-03,22386,22,JUMBO BAG PINK POLKADOT,533,2.0406666666666666,1.0
2011-01-10,22386,22,JUMBO BAG PINK POLKADOT,323,3.020555555555555,0.0
2011-01-17,22386,22,JUMBO BAG PINK POLKADOT,73,3.343157894736842,0.0
2011-01-24,22386,22,JUMBO BAG PINK POLKADOT,189,2.48,0.0
2011-01-31,22386,22,JUMBO BAG PINK POLKADOT,225,2.6599999999999997,0.0
2011-02-07,22386,22,JUMBO BAG PINK POLKADOT,95,2.63125,0.0
2011-02-14,22386,22,JUMBO BAG PINK POLKADOT,409,2.9022222222222225,0.0
2011-02-21,22386,22,JUMBO BAG PINK POLKADOT,160,2.7920000000000003,0.0
2011-02-28,22386,22,JUMBO BAG PINK POLKADOT,154,2.206470588235294,1.0
2011-03-07,22386,22,JUMBO BAG PINK POLKADOT,354,2.379166666666667,1.0
2011-03-14,22386,22,JUMBO BAG PINK POLKADOT,1083,2.858695652173913,0.0
2011-03-21,22386,22,JUMBO BAG PINK POLKADOT,576,2.6391666666666667,0.0
2011-03-28,22386,22,JUMBO BAG PINK POLKADOT,375,2.7570833333333336,0.0
2011-04-04,22386,22,JUMBO BAG PINK POLKADOT,105,2.3542857142857145,0.0
2011-04-11,22386,22,JUMBO BAG PINK POLKADOT,119,3.105,0.0
2011-04-18,22386,22,JUMBO BAG PINK POLKADOT,155,2.511578947368421,0.0
2011-04-25,22386,22,JUMBO BAG PINK POLKADOT,272,3.0178947368421056,0.0
2011-05-02,22386,22,JUMBO BAG PINK POLKADOT,154,2.2785,0.0
2011-05-09,22386,22,JUMBO BAG PINK POLKADOT,371,3.059142857142857,0.0
2011-05-16,22386,22,JUMBO BAG PINK POLKADOT,179,2.8948,0.0
2011-05-23,22386,22,JUMBO BAG PINK POLKADOT,560,2.6073333333333335,0.0
2011-05-30,22386,22,JUMBO BAG PINK POLKADOT,407,2.4810526315789474,0.0
2011-06-06,22386,22,JUMBO BAG PINK POLKADOT,408,2.904871794871795,0.0
2011-06-13,22386,22,JUMBO BAG PINK POLKADOT,233,2.7476190476190476,0.0
2011-06-20,22386,22,JUMBO BAG PINK POLKADOT,551,2.6884615384615387,0.0
2011-06-27,22386,22,JUMBO BAG PINK POLKADOT,356,2.90625,0.0
2011-07-04,22386,22,JUMBO BAG PINK POLKADOT,444,3.1540000000000004,0.0
2011-07-11,22386,22,JUMBO BAG PINK POLKADOT,315,2.5404761904761903,0.0
2011-07-18,22386,22,JUMBO BAG PINK POLKADOT,287,2.6564516129032256,0.0
2011-07-25,22386,22,JUMBO BAG PINK POLKADOT,403,2.1346153846153846,1.0
2011-08-01,22386,22,JUMBO BAG PINK POLKADOT,362,2.32,0.0
2011-08-08,22386,22,JUMBO BAG PINK POLKADOT,361,2.541923076923077,0.0
2011-08-15,22386,22,JUMBO BAG PINK POLKADOT,366,2.1515,1.0
2011-08-22,22386,22,JUMBO BAG PINK POLKADOT,609,2.2227272727272727,0.0
2011-08-29,22386,22,JUMBO BAG PINK POLKADOT,238,2.91,0.0
2011-09-05,22386,22,JUMBO BAG PINK POLKADOT,617,2.281142857142857,0.0
2011-09-12,22386,22,JUMBO BAG PINK POLKADOT,478,2.411304347826087,0.0
2011-09-19,22386,22,JUMBO BAG PINK POLKADOT,599,2.5352,0.0
2011-09-26,22386,22,JUMBO BAG PINK POLKADOT,665,2.282608695652174,0.0
2011-10-03,22386,22,JUMBO BAG PINK POLKADOT,1539,2.2414814814814816,0.0
2011-10-10,22386,22,JUMBO BAG PINK POLKADOT,397,2.5005555555555556,0.0
2011-10-17,22386,22,JUMBO BAG PINK POLKADOT,334,2.2916666666666665,0.0
2011-10-24,22386,22,JUMBO BAG PINK POLKADOT,443,2.3095652173913046,0.0
2011-10-31,22386,22,JUMBO BAG PINK POLKADOT,293,2.5307692307692307,0.0
2011-11-07,22386,22,JUMBO BAG PINK POLKADOT,516,2.529333333333333,0.0
2011-11-14,22386,22,JUMBO BAG PINK POLKADOT,472,2.381290322580645,0.0
2011-11-21,22386,22,JUMBO BAG PINK POLKADOT,253,2.448888888888889,0.0
2011-11-28,22386,22,JUMBO BAG PINK POLKADOT,416,2.9054545454545457,0.0
2011-12-05,22386,22,JUMBO BAG PINK POLKADOT,102,3.003846153846154,0.0
