results/realworld_weekly.csv
date,product,category,description,sales,price,promo
2010-01-25,22411,22,JUMBO SHOPPER VINTAGE RED PAISLEY,310,1.7249999999999999,0.0
2010-02-01,22411,22,JUMBO SHOPPER VINTAGE RED PAISLEY,224,2.065294117647059,0.0
2010-02-08,22411,22,JUMBO SHOPPER VINTAGE RED PAISLEY,124,2.434285714285714,0.0
2010-02-15,22411,22,JUMBO SHOPPER VINTAGE RED PAISLEY,411,2.1876923076923074,0.0
2010-02-22,22411,22,JUMBO SHOPPER VINTAGE RED PAISLEY,418,2.009130434782609,0.0
2010-03-01,22411,22,JUMBO SHOPPER VINTAGE RED PAISLEY,213,1.95,0.0
2010-03-08,22411,22,JUMBO SHOPPER VINTAGE RED PAISLEY,189,2.473809523809524,0.0
2010-03-15,22411,22,JUMBO SHOPPER VINTAGE RED PAISLEY,337,1.9184210526315788,0.0
2010-03-22,22411,22,JUMBO SHOPPER VINTAGE RED PAISLEY,332,2.2317391304347827,0.0
2010-03-29,22411,22,JUMBO SHOPPER VINTAGE RED PAISLEY,102,2.231333333333333,0.0
2010-04-05,22411,22,JUMBO SHOPPER VINTAGE RED PAISLEY,324,2.21375,0.0
2010-04-12,22411,22,JUMBO SHOPPER VINTAGE RED PAISLEY,286,1.907142857142857,0.0
2010-04-19,22411,22,JUMBO SHOPPER VINTAGE RED PAISLEY,183,2.3266666666666667,0.0
2010-04-26,22411,22,JUMBO SHOPPER VINTAGE RED PAISLEY,283,2.0284,0.0
2010-05-03,22411,22,JUMBO SHOPPER VINTAGE RED PAISLEY,299,2.1145454545454543,0.0
2010-05-10,22411,22,JUMBO SHOPPER VINTAGE RED PAISLEY,378,1.9363636363636365,0.0
2010-05-17,22411,22,JUMBO SHOPPER VINTAGE RED PAISLEY,98,2.0755555555555554,0.0
2010-05-24,22411,22,JUMBO SHOPPER VINTAGE RED PAISLEY,366,2.0778787878787877,0.0
2010-05-31,22411,22,JUMBO SHOPPER VINTAGE RED PAISLEY,88,2.515,0.0
2010-06-07,22411,22,JUMBO SHOPPER VINTAGE RED PAISLEY,217,2.0279310344827586,0.0
2010-06-14,22411,22,JUMBO SHOPPER VINTAGE RED PAISLEY,131,2.187894736842105,0.0
2010-06-21,22411,22,JUMBO SHOPPER VINTAGE RED PAISLEY,240,2.6555,0.0
2010-06-28,22411,22,JUMBO SHOPPER VINTAGE RED PAISLEY,385,2.065294117647059,0.0
2010-07-05,22411,22,JUMBO SHOPPER VINTAGE RED PAISLEY,211,2.1844444444444444,0.0
2010-07-12,22411,22,JUMBO SHOPPER VINTAGE RED PAISLEY,347,1.9214285714285715,0.0
2010-07-19,22411,22,JUMBO SHOPPER VINTAGE RED PAISLEY,428,2.23,0.0
2010-07-26,22411,22,JUMBO SHOPPER VINTAGE RED PAISLEY,146,2.34304347826087,0.0
2010-08-02,22411,22,JUMBO SHOPPER VINTAGE RED PAISLEY,377,2.0191666666666666,0.0
2010-08-09,22411,22,JUMBO SHOPPER VINTAGE RED PAISLEY,262,2.4791666666666665,0.0
2010-08-16,22411,22,JUMBO SHOPPER VINTAGE RED PAISLEY,346,2.2113333333333336,0.0
2010-08-23,22411,22,JUMBO SHOPPER VINTAGE RED PAISLEY,256,2.1465217391304345,0.0
2010-08-30,22411,22,JUMBO SHOPPER VINTAGE RED PAISLEY,432,2.1628,0.0
2010-09-06,22411,22,JUMBO SHOPPER VINTAGE RED PAISLEY,449,2.159032258064516,0.0
2010-09-13,22411,22,JUMBO SHOPPER VINTAGE RED PAISLEY,211,2.34304347826087,0.0
2010-09-20,22411,22,JUMBO SHOPPER VINTAGE RED PAISLEY,542,2.0947999999999998,0.0
2010-09-27,22411,22,JUMBO SHOPPER VINTAGE RED PAISLEY,362,2.1559999999999997,0.0
2010-10-04,22411,22,JUMBO SHOPPER VINTAGE RED PAISLEY,156,2.3266666666666667,0.0
2010-10-11,22411,22,JUMBO SHOPPER VINTAGE RED PAISLEY,629,2.0448571428571425,0.0
2010-10-18,22411,22,JUMBO SHOPPER VINTAGE RED PAISLEY,165,2.2325,0.0
2010-10-25,22411,22,JUMBO SHOPPER VINTAGE RED PAISLEY,172,2.274,0.0
2010-11-01,22411,22,JUMBO SHOPPER VINTAGE RED PAISLEY,346,2.0951851851851853,0.0
2010-11-08,22411,22,JUMBO SHOPPER VINTAGE RED PAISLEY,688,2.341333333333333,0.0
2010-11-15,22411,22,JUMBO SHOPPER VINTAGE RED PAISLEY,487,2.251025641025641,0.0
2010-11-22,22411,22,JUMBO SHOPPER VINTAGE RED PAISLEY,265,2.3777419354838707,0.0
2010-11-29,22411,22,JUMBO SHOPPER VINTAGE RED PAISLEY,427,2.103548387096774,0.0
2010-12-06,22411,22,JUMBO SHOPPER VINTAGE RED PAISLEY,452,2.685151515151515,0.0
2010-12-13,22411,22,JUMBO SHOPPER VINTAGE RED PAISLEY,244,2.5025,0.0
2010-12-20,22411,22,JUMBO SHOPPER VINTAGE RED PAISLEY,57,2.854,0.0
2011-01-03,22411,22,JUMBO SHOPPER VINTAGE RED PAISLEY,108,2.703333333333333,0.0
2011-01-10,22411,22,JUMBO SHOPPER VINTAGE RED PAISLEY,168,3.0533333333333332,0.0
2011-01-17,22411,22,JUMBO SHOPPER VINTAGE RED PAISLEY,96,3.14375,0.0
2011-01-24,22411,22,JUMBO SHOPPER VINTAGE RED PAISLEY,126,3.060769230769231,0.0
2011-01-31,22411,22,JUMBO SHOPPER VINTAGE RED PAISLEY,114,2.867894736842105,0.0
2011-02-07,22411,22,JUMBO SHOPPER VINTAGE RED PAISLEY,103,2.822,0.0
2011-02-14,22411,22,JUMBO SHOPPER VINTAGE RED PAISLEY,168,2.801333333333333,0.0
2011-02-21,22411,22,JUMBO SHOPPER VINTAGE RED PAISLEY,98,2.63125,0.0
2011-02-28,22411,22,JUMBO SHOPPER VINTAGE RED PAISLEY,114,2.334705882352941,0.0
2011-03-07,22411,22,JUMBO SHOPPER VINTAGE RED PAISLEY,95,2.719411764705882,0.0
2011-03-14,22411,22,JUMBO SHOPPER VINTAGE RED PAISLEY,234,2.9595238095238097,0.0
2011-03-21,22411,22,JUMBO SHOPPER VINTAGE RED PAISLEY,335,2.695217391304348,0.0
2011-03-28,22411,22,JUMBO SHOPPER VINTAGE RED PAISLEY,301,2.862758620689655,0.0
2011-04-04,22411,22,JUMBO SHOPPER VINTAGE RED PAISLEY,53,2.363571428571429,1.0
2011-04-11,22411,22,JUMBO SHOPPER VINTAGE RED PAISLEY,145,3.105,0.0
2011-04-18,22411,22,JUMBO SHOPPER VINTAGE RED PAISLEY,235,2.712105263157895,0.0
2011-04-25,22411,22,JUMBO SHOPPER VINTAGE RED PAISLEY,162,2.916470588235294,0.0
2011-05-02,22411,22,JUMBO SHOPPER VINTAGE RED PAISLEY,169,2.2752380952380955,1.0
2011-05-09,22411,22,JUMBO SHOPPER VINTAGE RED PAISLEY,515,3.1788095238095235,0.0
2011-05-16,22411,22,JUMBO SHOPPER VINTAGE RED PAISLEY,404,2.6917241379310344,0.0
2011-05-23,22411,22,JUMBO SHOPPER VINTAGE RED PAISLEY,338,2.8937037037037037,0.0
2011-05-30,22411,22,JUMBO SHOPPER VINTAGE RED PAISLEY,81,2.976875,0.0
2011-06-06,22411,22,JUMBO SHOPPER VINTAGE RED PAISLEY,158,3.270322580645161,0.0
2011-06-13,22411,22,JUMBO SHOPPER VINTAGE RED PAISLEY,134,3.0025,0.0
2011-06-20,22411,22,JUMBO SHOPPER VINTAGE RED PAISLEY,221,3.0423809523809524,0.0
2011-06-27,22411,22,JUMBO SHOPPER VINTAGE RED PAISLEY,189,3.2027777777777775,0.0
2011-07-04,22411,22,JUMBO SHOPPER VINTAGE RED PAISLEY,188,3.165294117647059,0.0
2011-07-11,22411,22,JUMBO SHOPPER VINTAGE RED PAISLEY,93,2.7633333333333336,0.0
2011-07-18,22411,22,JUMBO SHOPPER VINTAGE RED PAISLEY,265,2.85695652173913,0.0
2011-07-25,22411,22,JUMBO SHOPPER VINTAGE RED PAISLEY,117,2.568095238095238,0.0
2011-08-01,22411,22,JUMBO SHOPPER VINTAGE RED PAISLEY,408,2.342758620689655,1.0
2011-08-08,22411,22,JUMBO SHOPPER VINTAGE RED PAISLEY,229,2.574375,0.0
2011-08-15,22411,22,JUMBO SHOPPER VINTAGE RED PAISLEY,313,2.066190476190476,1.0
2011-08-22,22411,22,JUMBO SHOPPER VINTAGE RED PAISLEY,292,2.2685000000000004,1.0
2011-08-29,22411,22,JUMBO SHOPPER VINTAGE RED PAISLEY,155,2.75125,0.0
2011-09-05,22411,22,JUMBO SHOPPER VINTAGE RED PAISLEY,284,2.4239130434782608,0.0
2011-09-12,22411,22,JUMBO SHOPPER VINTAGE RED PAISLEY,335,2.448888888888889,0.0
2011-09-19,22411,22,JUMBO SHOPPER VINTAGE RED PAISLEY,432,2.526666666666667,0.0
2011-09-26,22411,22,JUMBO SHOPPER VINTAGE RED PAISLEY,489,2.5372,0.0
2011-10-03,22411,22,JUMBO SHOPPER VINTAGE RED PAISLEY,183,2.44625,0.0
2011-10-10,22411,22,JUMBO SHOPPER VINTAGE RED PAISLEY,230,2.5780000000000003,0.0
2011-10-17,22411,22,JUMBO SHOPPER VINTAGE RED PAISLEY,81,2.7633333333333336,0.0
2011-10-24,22411,22,JUMBO SHOPPER VINTAGE RED PAISLEY,156,2.3875,0.0
2011-10-31,22411,22,JUMBO SHOPPER VINTAGE RED PAISLEY,91,2.907058823529412,0.0
2011-11-07,22411,22,JUMBO SHOPPER VINTAGE RED PAISLEY,617,2.319210526315789,0.0
2011-11-14,22411,22,JUMBO SHOPPER VINTAGE RED PAISLEY,290,2.493529411764706,0.0
2011-11-21,22411,22,JUMBO SHOPPER VINTAGE RED PAISLEY,356,2.7182142857142857,0.0
2011-11-28,22411,22,JUMBO SHOPPER VINTAGE RED PAISLEY,340,2.6055882352941175,0.0
2011-12-05,22411,22,JUMBO SHOPPER VINTAGE RED PAISLEY,311,2.9068965517241376,0.0
2010-03-15,22423,22,REGENCY CAKESTAND 3 TIER,200,13.53142857142857,0.0
2010-03-22,22423,22,REGENCY CAKESTAND 3 TIER,300,13.927083333333334,0.0
2010-03-29,22423,22,REGENCY CAKESTAND 3 TIER,182,14.547560975609757,0.0
2010-04-05,22423,22,REGENCY CAKESTAND 3 TIER,214,14.75974358974359,0.0
2010-04-12,22423,22,REGENCY CAKESTAND 3 TIER,273,12.534,0.0
2010-04-19,22423,22,REGENCY CAKESTAND 3 TIER,314,15.113859649122807,0.0
2010-04-26,22423,22,REGENCY CAKESTAND 3 TIER,226,15.5671875,0.0
2010-05-03,22423,22,REGENCY CAKESTAND 3 TIER,191,15.112978723404254,0.0
2010-05-10,22423,22,REGENCY CAKESTAND 3 TIER,119,14.09,0.0
2010-05-17,22423,22,REGENCY CAKESTAND 3 TIER,26,15.297999999999998,0.0
2010-05-24,22423,22,REGENCY CAKESTAND 3 TIER,15,25.528333333333332,0.0
2010-05-31,22423,22,REGENCY CAKESTAND 3 TIER,93,16.939,0.0
2010-06-07,22423,22,REGENCY CAKESTAND 3 TIER,432,14.248630136986302,0.0
2010-06-14,22423,22,REGENCY CAKESTAND 3 TIER,393,13.451276595744682,0.0
2010-06-21,22423,22,REGENCY CAKESTAND 3 TIER,162,16.173199999999998,0.0
2010-06-28,22423,22,REGENCY CAKESTAND 3 TIER,330,13.943076923076923,0.0
2010-07-05,22423,22,REGENCY CAKESTAND 3 TIER,142,16.036341463414633,0.0
2010-07-12,22423,22,REGENCY CAKESTAND 3 TIER,142,14.892352941176469,0.0
2010-07-19,22423,22,REGENCY CAKESTAND 3 TIER,454,15.850298507462687,0.0
2010-07-26,22423,22,REGENCY CAKESTAND 3 TIER,534,14.021071428571428,0.0
2010-08-02,22423,22,REGENCY CAKESTAND 3 TIER,274,15.195365853658537,0.0
2010-08-09,22423,22,REGENCY CAKESTAND 3 TIER,144,15.4815,0.0
2010-08-16,22423,22,REGENCY CAKESTAND 3 TIER,193,15.212702702702703,0.0
2010-08-23,22423,22,REGENCY CAKESTAND 3 TIER,235,14.40132075471698,0.0
2010-08-30,22423,22,REGENCY CAKESTAND 3 TIER,392,14.837142857142856,0.0
2010-09-06,22423,22,REGENCY CAKESTAND 3 TIER,197,14.656511627906978,0.0
2010-09-13,22423,22,REGENCY CAKESTAND 3 TIER,331,13.07468085106383,0.0
2010-09-20,22423,22,REGENCY CAKESTAND 3 TIER,606,14.950000000000001,0.0
2010-09-27,22423,22,REGENCY CAKESTAND 3 TIER,256,15.210810810810809,0.0
2010-10-04,22423,22,REGENCY CAKESTAND 3 TIER,449,14.483333333333333,0.0
2010-10-11,22423,22,REGENCY CAKESTAND 3 TIER,215,14.745384615384616,0.0
2010-10-18,22423,22,REGENCY CAKESTAND 3 TIER,358,13.46037037037037,0.0
2010-10-25,22423,22,REGENCY CAKESTAND 3 TIER,600,13.792857142857143,0.0
2010-11-01,22423,22,REGENCY CAKESTAND 3 TIER,190,13.744545454545454,0.0
2010-11-08,22423,22,REGENCY CAKESTAND 3 TIER,541,14.29742857142857,0.0
2010-11-15,22423,22,REGENCY CAKESTAND 3 TIER,493,13.935614035087719,0.0
2010-11-22,22423,22,REGENCY CAKESTAND 3 TIER,452,14.159999999999998,0.0
2010-11-29,22423,22,REGENCY CAKESTAND 3 TIER,1379,13.286666666666667,0.0
2010-12-06,22423,22,REGENCY CAKESTAND 3 TIER,1193,14.518411214953272,0.0
2010-12-13,22423,22,REGENCY CAKESTAND 3 TIER,370,14.659767441860465,0.0
2010-12-20,22423,22,REGENCY CAKESTAND 3 TIER,174,16.73952380952381,0.0
2011-01-03,22423,22,REGENCY CAKESTAND 3 TIER,245,13.948620689655172,0.0
2011-01-10,22423,22,REGENCY CAKESTAND 3 TIER,161,14.314,0.0
2011-01-17,22423,22,REGENCY CAKESTAND 3 TIER,107,13.696363636363635,0.0
2011-01-24,22423,22,REGENCY CAKESTAND 3 TIER,130,14.4328125,0.0
2011-01-31,22423,22,REGENCY CAKESTAND 3 TIER,103,14.890384615384615,0.0
2011-02-07,22423,22,REGENCY CAKESTAND 3 TIER,135,15.29076923076923,0.0
2011-02-14,22423,22,REGENCY CAKESTAND 3 TIER,301,13.45448275862069,0.0
2011-02-21,22423,22,REGENCY CAKESTAND 3 TIER,120,13.429285714285713,0.0
2011-02-28,22423,22,REGENCY CAKESTAND 3 TIER,313,13.973863636363637,0.0
2011-03-07,22423,22,REGENCY CAKESTAND 3 TIER,185,13.6725,0.0
2011-03-14,22423,22,REGENCY CAKESTAND 3 TIER,260,13.884285714285713,0.0
2011-03-21,22423,22,REGENCY CAKESTAND 3 TIER,316,14.068695652173913,0.0
2011-03-28,22423,22,REGENCY CAKESTAND 3 TIER,258,13.905121951219513,0.0
2011-04-04,22423,22,REGENCY CAKESTAND 3 TIER,272,13.2666,0.0
2011-04-11,22423,22,REGENCY CAKESTAND 3 TIER,343,12.963191489361702,0.0
2011-04-18,22423,22,REGENCY CAKESTAND 3 TIER,171,14.26184210526316,0.0
2011-04-25,22423,22,REGENCY CAKESTAND 3 TIER,289,13.36909090909091,0.0
2011-05-02,22423,22,REGENCY CAKESTAND 3 TIER,161,13.791,0.0
2011-05-09,22423,22,REGENCY CAKESTAND 3 TIER,310,12.866511627906977,0.0
2011-05-16,22423,22,REGENCY CAKESTAND 3 TIER,226,13.223333333333333,0.0
2011-05-23,22423,22,REGENCY CAKESTAND 3 TIER,126,15.09,0.0
2011-05-30,22423,22,REGENCY CAKESTAND 3 TIER,235,14.744444444444445,0.0
2011-06-06,22423,22,REGENCY CAKESTAND 3 TIER,178,14.03516129032258,0.0
2011-06-13,22423,22,REGENCY CAKESTAND 3 TIER,88,14.22269230769231,0.0
2011-06-20,22423,22,REGENCY CAKESTAND 3 TIER,130,12.993214285714286,0.0
2011-06-27,22423,22,REGENCY CAKESTAND 3 TIER,84,13.741428571428571,0.0
2011-07-04,22423,22,REGENCY CAKESTAND 3 TIER,105,15.21875,0.0
2011-07-11,22423,22,REGENCY CAKESTAND 3 TIER,206,14.186086956521738,0.0
2011-07-18,22423,22,REGENCY CAKESTAND 3 TIER,306,13.744838709677419,0.0
2011-07-25,22423,22,REGENCY CAKESTAND 3 TIER,275,14.420769230769231,0.0
2011-08-01,22423,22,REGENCY CAKESTAND 3 TIER,132,13.951153846153847,0.0
2011-08-08,22423,22,REGENCY CAKESTAND 3 TIER,122,14.00590909090909,0.0
2011-08-15,22423,22,REGENCY CAKESTAND 3 TIER,147,12.922758620689654,0.0
2011-08-22,22423,22,REGENCY CAKESTAND 3 TIER,149,13.5108,0.0
2011-08-29,22423,22,REGENCY CAKESTAND 3 TIER,89,17.144285714285715,0.0
2011-09-05,22423,22,REGENCY CAKESTAND 3 TIER,105,14.169545454545455,0.0
2011-09-12,22423,22,REGENCY CAKESTAND 3 TIER,197,13.751052631578947,0.0
2011-09-19,22423,22,REGENCY CAKESTAND 3 TIER,100,14.665,0.0
2011-09-26,22423,22,REGENCY CAKESTAND 3 TIER,137,14.673214285714286,0.0
2011-10-03,22423,22,REGENCY CAKESTAND 3 TIER,298,14.903793103448276,0.0
2011-10-10,22423,22,REGENCY CAKESTAND 3 TIER,127,14.536153846153846,0.0
2011-10-17,22423,22,REGENCY CAKESTAND 3 TIER,89,15.652500000000002,0.0
2011-10-24,22423,22,REGENCY CAKESTAND 3 TIER,121,14.358888888888888,0.0
2011-10-31,22423,22,REGENCY CAKESTAND 3 TIER,236,14.401499999999999,0.0
2011-11-07,22423,22,REGENCY CAKESTAND 3 TIER,157,14.584999999999999,0.0
2011-11-14,22423,22,REGENCY CAKESTAND 3 TIER,148,14.816756756756757,0.0
2011-11-21,22423,22,REGENCY CAKESTAND 3 TIER,185,15.460666666666667,0.0
2011-11-28,22423,22,REGENCY CAKESTAND 3 TIER,197,16.650000000000002,0.0
2011-12-05,22423,22,REGENCY CAKESTAND 3 TIER,252,17.010882352941177,0.0
