results/realworld_weekly.csv
date,product,category,description,sales,price,promo
2010-04-19,22469,22,HEART OF WICKER SMALL,110,1.65,0.0
2010-04-26,22469,22,HEART OF WICKER SMALL,218,1.9517647058823528,0.0
2010-05-03,22469,22,HEART OF WICKER SMALL,145,2.0386363636363636,0.0
2010-05-10,22469,22,HEART OF WICKER SMALL,367,1.7415151515151515,0.0
2010-05-17,22469,22,HEART OF WICKER SMALL,238,1.779736842105263,0.0
2010-05-24,22469,22,HEART OF WICKER SMALL,321,1.8641025641025641,0.0
2010-05-31,22469,22,HEART OF WICKER SMALL,257,1.9968965517241377,0.0
2010-06-07,22469,22,HEART OF WICKER SMALL,346,1.812857142857143,0.0
2010-06-14,22469,22,HEART OF WICKER SMALL,218,1.925806451612903,0.0
2010-06-21,22469,22,HEART OF WICKER SMALL,307,2.0006060606060605,0.0
2010-06-28,22469,22,HEART OF WICKER SMALL,295,1.8897058823529411,0.0
2010-07-05,22469,22,HEART OF WICKER SMALL,178,2.3017391304347825,0.0
2010-07-12,22469,22,HEART OF WICKER SMALL,265,1.9853333333333332,0.0
2010-07-19,22469,22,HEART OF WICKER SMALL,355,1.8756756756756754,0.0
2010-07-26,22469,22,HEART OF WICKER SMALL,340,1.8897058823529411,0.0
2010-08-02,22469,22,HEART OF WICKER SMALL,406,1.7682499999999997,0.0
2010-08-09,22469,22,HEART OF WICKER SMALL,240,2.0903030303030303,0.0
2010-08-16,22469,22,HEART OF WICKER SMALL,443,1.8921875,0.0
2010-08-23,22469,22,HEART OF WICKER SMALL,470,1.8024324324324323,0.0
2010-08-30,22469,22,HEART OF WICKER SMALL,86,2.5041666666666664,0.0
2010-09-20,22469,22,HEART OF WICKER SMALL,362,1.7834615384615384,0.0
2010-09-27,22469,22,HEART OF WICKER SMALL,865,1.8842592592592593,0.0
2010-10-04,22469,22,HEART OF WICKER SMALL,603,1.7811764705882351,0.0
2010-10-11,22469,22,HEART OF WICKER SMALL,538,1.7303225806451612,0.0
2010-10-18,22469,22,HEART OF WICKER SMALL,121,1.7922222222222222,0.0
2010-10-25,22469,22,HEART OF WICKER SMALL,8,2.162,0.0
2010-11-01,22469,22,HEART OF WICKER SMALL,40,1.65,0.0
2010-11-08,22469,22,HEART OF WICKER SMALL,22,3.356666666666667,0.0
2010-11-15,22469,22,HEART OF WICKER SMALL,19,4.21,0.0
2010-11-22,22469,22,HEART OF WICKER SMALL,1046,1.7123863636363637,1.0
2010-11-29,22469,22,HEART OF WICKER SMALL,954,1.9678947368421051,0.0
2010-12-06,22469,22,HEART OF WICKER SMALL,1650,2.240204081632653,0.0
2010-12-13,22469,22,HEART OF WICKER SMALL,402,1.9884848484848483,0.0
2010-12-20,22469,22,HEART OF WICKER SMALL,204,2.6799999999999997,0.0
2011-01-03,22469,22,HEART OF WICKER SMALL,366,1.6846875,1.0
2011-01-10,22469,22,HEART OF WICKER SMALL,1574,2.056296296296296,0.0
2011-01-17,22469,22,HEART OF WICKER SMALL,405,2.096857142857143,0.0
2011-01-24,22469,22,HEART OF WICKER SMALL,531,1.8719999999999999,1.0
2011-01-31,22469,22,HEART OF WICKER SMALL,356,2.057179487179487,0.0
2011-02-07,22469,22,HEART OF WICKER SMALL,206,2.1466666666666665,0.0
2011-02-14,22469,22,HEART OF WICKER SMALL,227,2.2992307692307694,0.0
2011-02-21,22469,22,HEART OF WICKER SMALL,430,2.1763157894736844,0.0
2011-02-28,22469,22,HEART OF WICKER SMALL,208,1.7439999999999998,1.0
2011-03-07,22469,22,HEART OF WICKER SMALL,696,2.1599999999999997,0.0
2011-03-14,22469,22,HEART OF WICKER SMALL,8,3.0233333333333334,0.0
2011-03-28,22469,22,HEART OF WICKER SMALL,68,2.766,0.0
2011-04-04,22469,22,HEART OF WICKER SMALL,12,2.306,0.0
2011-04-18,22469,22,HEART OF WICKER SMALL,30,2.1185714285714288,0.0
2011-05-16,22469,22,HEART OF WICKER SMALL,759,1.651111111111111,1.0
2011-05-23,22469,22,HEART OF WICKER SMALL,1205,1.82625,1.0
2011-05-30,22469,22,HEART OF WICKER SMALL,421,1.9613513513513512,0.0
2011-06-06,22469,22,HEART OF WICKER SMALL,354,1.9177777777777776,0.0
2011-06-13,22469,22,HEART OF WICKER SMALL,261,1.624736842105263,1.0
2011-06-20,22469,22,HEART OF WICKER SMALL,142,1.756153846153846,1.0
2011-06-27,22469,22,HEART OF WICKER SMALL,224,1.7723529411764705,0.0
2011-07-04,22469,22,HEART OF WICKER SMALL,336,2.1524,0.0
2011-07-11,22469,22,HEART OF WICKER SMALL,299,1.6544444444444444,1.0
2011-07-18,22469,22,HEART OF WICKER SMALL,262,1.9543478260869562,0.0
2011-07-25,22469,22,HEART OF WICKER SMALL,125,2.441111111111111,0.0
2011-08-01,22469,22,HEART OF WICKER SMALL,175,1.9122222222222223,0.0
2011-08-08,22469,22,HEART OF WICKER SMALL,149,2.01,0.0
2011-08-15,22469,22,HEART OF WICKER SMALL,78,1.65,0.0
2011-08-22,22469,22,HEART OF WICKER SMALL,117,1.9349999999999998,0.0
2011-08-29,22469,22,HEART OF WICKER SMALL,130,2.2333333333333334,0.0
2011-09-05,22469,22,HEART OF WICKER SMALL,237,1.863846153846154,0.0
2011-09-12,22469,22,HEART OF WICKER SMALL,359,1.81,0.0
2011-09-19,22469,22,HEART OF WICKER SMALL,1019,1.9953846153846153,0.0
2011-09-26,22469,22,HEART OF WICKER SMALL,226,1.880625,0.0
2011-10-03,22469,22,HEART OF WICKER SMALL,255,1.6978947368421051,0.0
2011-10-10,22469,22,HEART OF WICKER SMALL,88,1.8686666666666665,0.0
2011-10-17,22469,22,HEART OF WICKER SMALL,284,1.8303448275862069,0.0
2011-10-24,22469,22,HEART OF WICKER SMALL,369,1.8942105263157891,0.0
2011-10-31,22469,22,HEART OF WICKER SMALL,1006,1.681081081081081,0.0
2011-11-07,22469,22,HEART OF WICKER SMALL,267,1.989285714285714,0.0
2011-11-14,22469,22,HEART OF WICKER SMALL,349,2.0105555555555554,0.0
2011-11-21,22469,22,HEART OF WICKER SMALL,213,1.89,0.0
2011-11-28,22469,22,HEART OF WICKER SMALL,809,1.9326666666666665,0.0
2011-12-05,22469,22,HEART OF WICKER SMALL,98,2.137272727272727,0.0
2010-04-19,22470,22,HEART OF WICKER LARGE,75,2.95,0.0
2010-04-26,22470,22,HEART OF WICKER LARGE,103,3.4433333333333334,0.0
2010-05-03,22470,22,HEART OF WICKER LARGE,89,3.1144444444444446,0.0
2010-05-10,22470,22,HEART OF WICKER LARGE,211,3.1471428571428572,0.0
2010-05-17,22470,22,HEART OF WICKER LARGE,147,3.0300000000000002,0.0
2010-05-24,22470,22,HEART OF WICKER LARGE,223,2.9192307692307695,0.0
2010-05-31,22470,22,HEART OF WICKER LARGE,129,3.464782608695652,0.0
2010-06-07,22470,22,HEART OF WICKER LARGE,153,3.0454838709677423,0.0
2010-06-14,22470,22,HEART OF WICKER LARGE,121,2.9160000000000004,0.0
2010-06-21,22470,22,HEART OF WICKER LARGE,147,3.335454545454546,0.0
2010-06-28,22470,22,HEART OF WICKER LARGE,220,3.1645454545454546,0.0
2010-07-05,22470,22,HEART OF WICKER LARGE,124,3.6045454545454545,0.0
2010-07-12,22470,22,HEART OF WICKER LARGE,130,3.2073913043478264,0.0
2010-07-19,22470,22,HEART OF WICKER LARGE,359,2.8840909090909093,0.0
2010-07-26,22470,22,HEART OF WICKER LARGE,156,3.0484615384615386,0.0
2010-08-02,22470,22,HEART OF WICKER LARGE,221,3.19,0.0
2010-08-09,22470,22,HEART OF WICKER LARGE,149,3.66448275862069,0.0
2010-08-16,22470,22,HEART OF WICKER LARGE,161,3.426666666666667,0.0
2010-08-23,22470,22,HEART OF WICKER LARGE,236,2.9224137931034484,0.0
2010-08-30,22470,22,HEART OF WICKER LARGE,226,3.1471428571428572,0.0
2010-09-06,22470,22,HEART OF WICKER LARGE,107,3.1692592592592597,0.0
2010-09-13,22470,22,HEART OF WICKER LARGE,345,2.992926829268293,0.0
2010-09-20,22470,22,HEART OF WICKER LARGE,362,3.0433333333333334,0.0
2010-09-27,22470,22,HEART OF WICKER LARGE,663,3.1185185185185187,0.0
2010-10-04,22470,22,HEART OF WICKER LARGE,396,2.9932,0.0
2010-10-11,22470,22,HEART OF WICKER LARGE,360,3.0483333333333333,0.0
2010-10-18,22470,22,HEART OF WICKER LARGE,198,3.183684210526316,0.0
2010-10-25,22470,22,HEART OF WICKER LARGE,216,3.075454545454545,0.0
2010-11-01,22470,22,HEART OF WICKER LARGE,456,3.15234375,0.0
2010-11-08,22470,22,HEART OF WICKER LARGE,306,3.3385714285714285,0.0
2010-11-15,22470,22,HEART OF WICKER LARGE,85,6.17,0.0
2010-11-22,22470,22,HEART OF WICKER LARGE,747,2.969154929577465,0.0
2010-11-29,22470,22,HEART OF WICKER LARGE,447,3.1920253164556964,0.0
2010-12-06,22470,22,HEART OF WICKER LARGE,1189,3.4571264367816097,0.0
2010-12-13,22470,22,HEART OF WICKER LARGE,233,3.2864705882352943,0.0
2010-12-20,22470,22,HEART OF WICKER LARGE,55,4.646,0.0
2011-01-03,22470,22,HEART OF WICKER LARGE,139,3.1868,0.0
2011-01-10,22470,22,HEART OF WICKER LARGE,1368,3.1222222222222222,0.0
2011-01-17,22470,22,HEART OF WICKER LARGE,75,3.761764705882353,0.0
2011-01-24,22470,22,HEART OF WICKER LARGE,169,3.3937500000000003,0.0
2011-01-31,22470,22,HEART OF WICKER LARGE,151,3.6355172413793104,0.0
2011-02-07,22470,22,HEART OF WICKER LARGE,190,3.250740740740741,0.0
2011-02-14,22470,22,HEART OF WICKER LARGE,142,3.0573684210526317,1.0
2011-02-21,22470,22,HEART OF WICKER LARGE,234,3.4653846153846155,0.0
2011-02-28,22470,22,HEART OF WICKER LARGE,49,3.152857142857143,0.0
2011-03-07,22470,22,HEART OF WICKER LARGE,41,3.186666666666667,0.0
2011-04-11,22470,22,HEART OF WICKER LARGE,2,2.95,0.0
2011-05-16,22470,22,HEART OF WICKER LARGE,315,2.995925925925926,0.0
2011-05-23,22470,22,HEART OF WICKER LARGE,895,2.943636363636364,0.0
2011-05-30,22470,22,HEART OF WICKER LARGE,227,2.9152173913043478,0.0
2011-06-06,22470,22,HEART OF WICKER LARGE,182,3.1275000000000004,0.0
2011-06-13,22470,22,HEART OF WICKER LARGE,60,3.4233333333333333,0.0
2011-06-20,22470,22,HEART OF WICKER LARGE,66,3.186666666666667,0.0
2011-06-27,22470,22,HEART OF WICKER LARGE,49,2.95,0.0
2011-07-04,22470,22,HEART OF WICKER LARGE,142,3.5250000000000004,0.0
2011-07-11,22470,22,HEART OF WICKER LARGE,168,3.6925,0.0
2011-07-18,22470,22,HEART OF WICKER LARGE,63,3.5585714285714287,0.0
2011-07-25,22470,22,HEART OF WICKER LARGE,185,3.4836842105263157,0.0
2011-08-01,22470,22,HEART OF WICKER LARGE,65,3.186666666666667,0.0
2011-08-08,22470,22,HEART OF WICKER LARGE,88,3.248947368421053,0.0
2011-08-15,22470,22,HEART OF WICKER LARGE,37,3.305,0.0
2011-08-22,22470,22,HEART OF WICKER LARGE,68,3.1684615384615387,0.0
2011-08-29,22470,22,HEART OF WICKER LARGE,63,3.928823529411765,0.0
2011-09-05,22470,22,HEART OF WICKER LARGE,64,3.248947368421053,0.0
2011-09-12,22470,22,HEART OF WICKER LARGE,167,3.2014285714285715,0.0
2011-09-19,22470,22,HEART OF WICKER LARGE,775,3.1986956521739134,0.0
2011-09-26,22470,22,HEART OF WICKER LARGE,101,3.301428571428571,0.0
2011-10-03,22470,22,HEART OF WICKER LARGE,241,2.8716000000000004,0.0
2011-10-10,22470,22,HEART OF WICKER LARGE,87,3.3204347826086957,0.0
2011-10-17,22470,22,HEART OF WICKER LARGE,80,3.3204347826086957,0.0
2011-10-24,22470,22,HEART OF WICKER LARGE,158,3.2014285714285715,0.0
2011-10-31,22470,22,HEART OF WICKER LARGE,486,3.166388888888889,0.0
2011-11-07,22470,22,HEART OF WICKER LARGE,172,3.585714285714286,0.0
2011-11-14,22470,22,HEART OF WICKER LARGE,103,3.220476190476191,0.0
2011-11-21,22470,22,HEART OF WICKER LARGE,156,2.913636363636364,0.0
2011-11-28,22470,22,HEART OF WICKER LARGE,861,3.0843478260869563,0.0
2011-12-05,22470,22,HEART OF WICKER LARGE,62,3.738888888888889,0.0
2010-05-03,22492,22,MINI PAINT SET VINTAGE ,108,0.6166666666666667,0.0
2010-05-03,22492,22,MINI PAINT SET VINTAGE ,144,0.65,0.0
2010-05-10,22492,22,MINI PAINT SET VINTAGE ,472,0.8053846153846155,0.0
2010-05-10,22492,22,MINI PAINT SET VINTAGE ,36,0.65,0.0
2010-05-17,22492,22,MINI PAINT SET VINTAGE ,432,0.6300000000000001,0.0
2010-05-17,22492,22,MINI PAINT SET VINTAGE ,180,0.65,0.0
2010-05-24,22492,22,MINI PAINT SET VINTAGE ,360,0.65,0.0
2010-05-24,22492,22,MINI PAINT SET VINTAGE ,36,0.65,0.0
2010-05-31,22492,22,MINI PAINT SET VINTAGE ,223,1.098888888888889,0.0
2010-06-07,22492,22,MINI PAINT SET VINTAGE ,648,0.6388888888888888,0.0
2010-06-14,22492,22,MINI PAINT SET VINTAGE ,217,0.7942857142857144,0.0
2010-06-14,22492,22,MINI PAINT SET VINTAGE ,108,0.65,0.0
2010-06-21,22492,22,MINI PAINT SET VINTAGE ,150,0.9385714285714286,0.0
2010-06-21,22492,22,MINI PAINT SET VINTAGE ,36,0.65,0.0
2010-06-28,22492,22,MINI PAINT SET VINTAGE ,144,0.65,0.0
2010-07-05,22492,22,MINI PAINT SET VINTAGE ,520,0.9700000000000001,0.0
2010-07-12,22492,22,MINI PAINT SET VINTAGE ,362,0.751,0.0
2010-07-19,22492,22,MINI PAINT SET VINTAGE ,255,0.953,0.0
2010-07-26,22492,22,MINI PAINT SET VINTAGE ,324,0.65,1.0
2010-08-02,22492,22,MINI PAINT SET VINTAGE ,223,0.8320000000000001,0.0
2010-08-09,22492,22,MINI PAINT SET VINTAGE ,396,0.65,1.0
2010-08-16,22492,22,MINI PAINT SET VINTAGE ,542,0.77625,0.0
2010-08-16,22492,22,MINI PAINT SET VINTAGE ,36,0.65,0.0
2010-08-23,22492,22,MINI PAINT SET VINTAGE ,217,0.7942857142857144,0.0
2010-08-30,22492,22,MINI PAINT SET VINTAGE ,37,1.155,0.0
2010-09-06,22492,22,MINI PAINT SET VINTAGE ,282,0.77625,0.0
2010-09-13,22492,22,MINI PAINT SET VINTAGE ,182,0.8183333333333334,0.0
2010-09-20,22492,22,MINI PAINT SET VINTAGE ,612,0.65,1.0
2010-09-27,22492,22,MINI PAINT SET VINTAGE ,514,0.65,1.0
2010-10-04,22492,22,MINI PAINT SET VINTAGE ,650,0.7341666666666667,0.0
2010-10-11,22492,22,MINI PAINT SET VINTAGE ,218,0.8183333333333334,0.0
2010-10-18,22492,22,MINI PAINT SET VINTAGE ,288,0.6357142857142858,1.0
2010-10-25,22492,22,MINI PAINT SET VINTAGE ,548,0.852,0.0
2010-11-01,22492,22,MINI PAINT SET VINTAGE ,260,1.02875,0.0
2010-11-08,22492,22,MINI PAINT SET VINTAGE ,407,0.7276923076923077,0.0
2010-11-15,22492,22,MINI PAINT SET VINTAGE ,473,0.8664285714285713,0.0
2010-11-22,22492,22,MINI PAINT SET VINTAGE ,436,0.8453333333333333,0.0
2010-11-29,22492,22,MINI PAINT SET VINTAGE ,872,0.8164705882352942,0.0
2010-12-06,22492,22,MINI PAINT SET VINTAGE ,3337,0.89,0.0
2010-12-13,22492,22,MINI PAINT SET VINTAGE ,155,0.8016666666666667,0.0
2010-12-20,22492,22,MINI PAINT SET VINTAGE ,145,0.9866666666666667,0.0
2011-01-03,22492,22,MINI PAINT SET VINTAGE ,36,0.65,1.0
2011-01-10,22492,22,MINI PAINT SET VINTAGE ,147,0.8525,0.0
2011-01-17,22492,22,MINI PAINT SET VINTAGE ,38,1.14,0.0
2011-01-24,22492,22,MINI PAINT SET VINTAGE ,109,0.895,0.0
2011-01-31,22492,22,MINI PAINT SET VINTAGE ,396,0.65,1.0
2011-02-07,22492,22,MINI PAINT SET VINTAGE ,72,0.65,1.0
2011-02-14,22492,22,MINI PAINT SET VINTAGE ,72,0.65,1.0
2011-02-21,22492,22,MINI PAINT SET VINTAGE ,144,0.65,1.0
2011-02-28,22492,22,MINI PAINT SET VINTAGE ,36,0.65,1.0
2011-03-07,22492,22,MINI PAINT SET VINTAGE ,1081,0.7966666666666667,0.0
2011-03-14,22492,22,MINI PAINT SET VINTAGE ,180,0.65,1.0
2011-03-21,22492,22,MINI PAINT SET VINTAGE ,216,0.65,0.0
2011-03-28,22492,22,MINI PAINT SET VINTAGE ,139,1.1059999999999999,0.0
2011-04-04,22492,22,MINI PAINT SET VINTAGE ,252,0.65,1.0
2011-04-11,22492,22,MINI PAINT SET VINTAGE ,180,0.65,0.0
2011-04-18,22492,22,MINI PAINT SET VINTAGE ,224,1.07,0.0
2011-04-25,22492,22,MINI PAINT SET VINTAGE ,180,0.65,0.0
2011-05-02,22492,22,MINI PAINT SET VINTAGE ,216,0.65,0.0
2011-05-09,22492,22,MINI PAINT SET VINTAGE ,183,0.8133333333333334,0.0
2011-05-16,22492,22,MINI PAINT SET VINTAGE ,433,0.826,0.0
2011-05-23,22492,22,MINI PAINT SET VINTAGE ,108,0.65,0.0
2011-05-30,22492,22,MINI PAINT SET VINTAGE ,72,0.65,0.0
2011-06-06,22492,22,MINI PAINT SET VINTAGE ,109,0.895,0.0
2011-06-13,22492,22,MINI PAINT SET VINTAGE ,149,0.8133333333333334,0.0
2011-06-20,22492,22,MINI PAINT SET VINTAGE ,39,1.3033333333333332,0.0
2011-06-27,22492,22,MINI PAINT SET VINTAGE ,36,0.65,1.0
2011-07-04,22492,22,MINI PAINT SET VINTAGE ,360,0.65,1.0
2011-07-11,22492,22,MINI PAINT SET VINTAGE ,794,0.7966666666666667,0.0
2011-07-18,22492,22,MINI PAINT SET VINTAGE ,144,0.65,1.0
2011-07-25,22492,22,MINI PAINT SET VINTAGE ,180,0.65,1.0
2011-08-01,22492,22,MINI PAINT SET VINTAGE ,255,0.79,0.0
2011-08-08,22492,22,MINI PAINT SET VINTAGE ,108,0.65,1.0
2011-08-15,22492,22,MINI PAINT SET VINTAGE ,180,0.65,0.0
2011-08-22,22492,22,MINI PAINT SET VINTAGE ,216,0.65,0.0
2011-08-29,22492,22,MINI PAINT SET VINTAGE ,112,1.238,0.0
2011-09-05,22492,22,MINI PAINT SET VINTAGE ,84,1.14,0.0
2011-09-12,22492,22,MINI PAINT SET VINTAGE ,325,0.8133333333333334,0.0
2011-09-19,22492,22,MINI PAINT SET VINTAGE ,190,1.0175,0.0
2011-09-26,22492,22,MINI PAINT SET VINTAGE ,288,0.65,1.0
2011-10-03,22492,22,MINI PAINT SET VINTAGE ,724,0.7966666666666667,0.0
2011-10-10,22492,22,MINI PAINT SET VINTAGE ,185,0.65,1.0
2011-10-17,22492,22,MINI PAINT SET VINTAGE ,74,0.9433333333333334,0.0
2011-10-24,22492,22,MINI PAINT SET VINTAGE ,612,0.65,1.0
2011-10-31,22492,22,MINI PAINT SET VINTAGE ,118,0.9766666666666666,0.0
2011-11-07,22492,22,MINI PAINT SET VINTAGE ,392,1.1211111111111112,0.0
2011-11-14,22492,22,MINI PAINT SET VINTAGE ,535,1.1211111111111112,0.0
2011-11-21,22492,22,MINI PAINT SET VINTAGE ,366,0.8761538461538462,0.0
2011-11-28,22492,22,MINI PAINT SET VINTAGE ,229,1.042,0.0
2011-12-05,22492,22,MINI PAINT SET VINTAGE ,220,0.9766666666666666,0.0
