results/realworld_weekly.csv
date,product,category,description,sales,price,promo
2010-05-03,22616,22,PACK OF 12 LONDON TISSUES ,444,0.27,0.0
2010-05-10,22616,22,PACK OF 12 LONDON TISSUES ,339,0.42,0.0
2010-05-17,22616,22,PACK OF 12 LONDON TISSUES ,316,0.34199999999999997,0.0
2010-05-24,22616,22,PACK OF 12 LONDON TISSUES ,283,0.33799999999999997,0.0
2010-05-31,22616,22,PACK OF 12 LONDON TISSUES ,197,0.36428571428571427,0.0
2010-06-07,22616,22,PACK OF 12 LONDON TISSUES ,679,0.29,0.0
2010-06-14,22616,22,PACK OF 12 LONDON TISSUES ,53,0.49800000000000005,0.0
2010-06-21,22616,22,PACK OF 12 LONDON TISSUES ,122,0.37666666666666665,0.0
2010-06-28,22616,22,PACK OF 12 LONDON TISSUES ,65,0.42,0.0
2010-07-05,22616,22,PACK OF 12 LONDON TISSUES ,174,0.29,1.0
2010-07-12,22616,22,PACK OF 12 LONDON TISSUES ,99,0.3833333333333333,0.0
2010-07-19,22616,22,PACK OF 12 LONDON TISSUES ,207,0.37,0.0
2010-07-26,22616,22,PACK OF 12 LONDON TISSUES ,184,0.29,1.0
2010-08-02,22616,22,PACK OF 12 LONDON TISSUES ,829,0.282,1.0
2010-08-09,22616,22,PACK OF 12 LONDON TISSUES ,124,0.29,1.0
2010-08-16,22616,22,PACK OF 12 LONDON TISSUES ,162,0.37,0.0
2010-08-23,22616,22,PACK OF 12 LONDON TISSUES ,745,0.37666666666666665,0.0
2010-08-30,22616,22,PACK OF 12 LONDON TISSUES ,9,0.626,0.0
2010-09-06,22616,22,PACK OF 12 LONDON TISSUES ,22,0.514,0.0
2010-09-13,22616,22,PACK OF 12 LONDON TISSUES ,62,0.3833333333333333,0.0
2010-09-20,22616,22,PACK OF 12 LONDON TISSUES ,633,0.454,0.0
2010-09-27,22616,22,PACK OF 12 LONDON TISSUES ,139,0.43,0.0
2010-10-04,22616,22,PACK OF 12 LONDON TISSUES ,378,0.41,0.0
2010-10-11,22616,22,PACK OF 12 LONDON TISSUES ,78,0.41444444444444445,0.0
2010-10-18,22616,22,PACK OF 12 LONDON TISSUES ,715,0.374,0.0
2010-10-25,22616,22,PACK OF 12 LONDON TISSUES ,308,0.4766666666666667,0.0
2010-11-01,22616,22,PACK OF 12 LONDON TISSUES ,313,0.4393333333333333,0.0
2010-11-08,22616,22,PACK OF 12 LONDON TISSUES ,3227,0.43913043478260866,0.0
2010-11-15,22616,22,PACK OF 12 LONDON TISSUES ,1121,0.4157894736842105,0.0
2010-11-22,22616,22,PACK OF 12 LONDON TISSUES ,332,0.3873913043478261,0.0
2010-11-29,22616,22,PACK OF 12 LONDON TISSUES ,1542,0.32733333333333337,1.0
2010-12-06,22616,22,PACK OF 12 LONDON TISSUES ,549,0.5033333333333333,0.0
2010-12-13,22616,22,PACK OF 12 LONDON TISSUES ,151,0.5445454545454546,0.0
2010-12-20,22616,22,PACK OF 12 LONDON TISSUES ,1399,0.5299999999999999,0.0
2011-01-03,22616,22,PACK OF 12 LONDON TISSUES ,110,0.514,0.0
2011-01-10,22616,22,PACK OF 12 LONDON TISSUES ,101,0.4766666666666666,0.0
2011-01-17,22616,22,PACK OF 12 LONDON TISSUES ,61,0.59,0.0
2011-01-24,22616,22,PACK OF 12 LONDON TISSUES ,145,0.425,0.0
2011-01-31,22616,22,PACK OF 12 LONDON TISSUES ,968,0.3671428571428571,1.0
2011-02-07,22616,22,PACK OF 12 LONDON TISSUES ,563,0.36833333333333335,1.0
2011-02-14,22616,22,PACK OF 12 LONDON TISSUES ,1014,0.39,0.0
2011-02-21,22616,22,PACK OF 12 LONDON TISSUES ,118,0.5214285714285715,0.0
2011-02-28,22616,22,PACK OF 12 LONDON TISSUES ,122,0.39799999999999996,0.0
2011-03-07,22616,22,PACK OF 12 LONDON TISSUES ,1420,0.40538461538461534,0.0
2011-03-14,22616,22,PACK OF 12 LONDON TISSUES ,1456,0.394,0.0
2011-03-21,22616,22,PACK OF 12 LONDON TISSUES ,110,0.4099999999999999,0.0
2011-03-28,22616,22,PACK OF 12 LONDON TISSUES ,1288,0.399375,0.0
2011-04-04,22616,22,PACK OF 12 LONDON TISSUES ,514,0.35428571428571426,1.0
2011-04-11,22616,22,PACK OF 12 LONDON TISSUES ,402,0.29,1.0
2011-04-18,22616,22,PACK OF 12 LONDON TISSUES ,93,0.6275,0.0
2011-04-25,22616,22,PACK OF 12 LONDON TISSUES ,216,0.29,1.0
2011-05-02,22616,22,PACK OF 12 LONDON TISSUES ,128,0.3671428571428571,0.0
2011-05-09,22616,22,PACK OF 12 LONDON TISSUES ,130,0.41,0.0
2011-05-16,22616,22,PACK OF 12 LONDON TISSUES ,1072,0.394,0.0
2011-05-23,22616,22,PACK OF 12 LONDON TISSUES ,84,0.29,1.0
2011-05-30,22616,22,PACK OF 12 LONDON TISSUES ,80,0.4442857142857143,0.0
2011-06-06,22616,22,PACK OF 12 LONDON TISSUES ,46,0.5599999999999999,0.0
2011-06-13,22616,22,PACK OF 12 LONDON TISSUES ,1512,0.285,1.0
2011-06-20,22616,22,PACK OF 12 LONDON TISSUES ,280,0.5299999999999999,0.0
2011-06-27,22616,22,PACK OF 12 LONDON TISSUES ,537,0.3614285714285714,0.0
2011-07-04,22616,22,PACK OF 12 LONDON TISSUES ,75,0.4925,0.0
2011-07-11,22616,22,PACK OF 12 LONDON TISSUES ,78,0.45199999999999996,0.0
2011-07-18,22616,22,PACK OF 12 LONDON TISSUES ,936,0.28384615384615386,1.0
2011-07-25,22616,22,PACK OF 12 LONDON TISSUES ,76,0.614,0.0
2011-08-01,22616,22,PACK OF 12 LONDON TISSUES ,1715,0.39,0.0
2011-08-08,22616,22,PACK OF 12 LONDON TISSUES ,138,0.44799999999999995,0.0
2011-08-15,22616,22,PACK OF 12 LONDON TISSUES ,149,0.29,1.0
2011-08-22,22616,22,PACK OF 12 LONDON TISSUES ,413,0.3411111111111111,1.0
2011-08-29,22616,22,PACK OF 12 LONDON TISSUES ,485,0.6071428571428571,0.0
2011-09-05,22616,22,PACK OF 12 LONDON TISSUES ,76,0.4466666666666667,0.0
2011-09-12,22616,22,PACK OF 12 LONDON TISSUES ,200,0.42333333333333334,0.0
2011-09-19,22616,22,PACK OF 12 LONDON TISSUES ,267,0.5063636363636363,0.0
2011-09-26,22616,22,PACK OF 12 LONDON TISSUES ,577,0.4825,0.0
2011-10-03,22616,22,PACK OF 12 LONDON TISSUES ,465,0.51,0.0
2011-10-10,22616,22,PACK OF 12 LONDON TISSUES ,41,0.5157142857142857,0.0
2011-10-17,22616,22,PACK OF 12 LONDON TISSUES ,666,0.5057142857142857,0.0
2011-10-24,22616,22,PACK OF 12 LONDON TISSUES ,173,0.47400000000000003,0.0
2011-10-31,22616,22,PACK OF 12 LONDON TISSUES ,702,0.5026666666666667,0.0
2011-11-07,22616,22,PACK OF 12 LONDON TISSUES ,254,0.5508333333333334,0.0
2011-11-14,22616,22,PACK OF 12 LONDON TISSUES ,1207,0.5155555555555555,0.0
2011-11-21,22616,22,PACK OF 12 LONDON TISSUES ,65,0.49153846153846154,0.0
2011-11-28,22616,22,PACK OF 12 LONDON TISSUES ,636,0.4965,0.0
2011-12-05,22616,22,PACK OF 12 LONDON TISSUES ,565,0.523125,0.0
2010-09-13,22910,22,PAPER CHAIN KIT VINTAGE CHRISTMAS,142,2.7785714285714285,0.0
2010-09-20,22910,22,PAPER CHAIN KIT VINTAGE CHRISTMAS,723,3.1070909090909096,0.0
2010-09-27,22910,22,PAPER CHAIN KIT VINTAGE CHRISTMAS,657,3.0713333333333335,0.0
2010-10-04,22910,22,PAPER CHAIN KIT VINTAGE CHRISTMAS,529,3.159777777777778,0.0
2010-10-11,22910,22,PAPER CHAIN KIT VINTAGE CHRISTMAS,804,3.2409433962264154,0.0
2010-10-18,22910,22,PAPER CHAIN KIT VINTAGE CHRISTMAS,585,3.2203846153846154,0.0
2010-10-25,22910,22,PAPER CHAIN KIT VINTAGE CHRISTMAS,265,3.112352941176471,0.0
2010-11-01,22910,22,PAPER CHAIN KIT VINTAGE CHRISTMAS,939,3.015185185185185,0.0
2010-11-08,22910,22,PAPER CHAIN KIT VINTAGE CHRISTMAS,1074,3.405625,0.0
2010-11-15,22910,22,PAPER CHAIN KIT VINTAGE CHRISTMAS,808,3.4141176470588235,0.0
2010-11-22,22910,22,PAPER CHAIN KIT VINTAGE CHRISTMAS,788,3.3408108108108108,0.0
2010-11-29,22910,22,PAPER CHAIN KIT VINTAGE CHRISTMAS,1270,3.1935593220338987,0.0
2010-12-06,22910,22,PAPER CHAIN KIT VINTAGE CHRISTMAS,942,3.5749438202247195,0.0
2010-12-13,22910,22,PAPER CHAIN KIT VINTAGE CHRISTMAS,349,3.2413793103448274,0.0
2010-12-20,22910,22,PAPER CHAIN KIT VINTAGE CHRISTMAS,120,4.708571428571429,0.0
2011-01-03,22910,22,PAPER CHAIN KIT VINTAGE CHRISTMAS,15,4.923333333333333,0.0
2011-01-10,22910,22,PAPER CHAIN KIT VINTAGE CHRISTMAS,3,5.91,0.0
2011-01-17,22910,22,PAPER CHAIN KIT VINTAGE CHRISTMAS,1,6.63,0.0
2011-01-24,22910,22,PAPER CHAIN KIT VINTAGE CHRISTMAS,2,6.21,0.0
2011-01-31,22910,22,PAPER CHAIN KIT VINTAGE CHRISTMAS,12,2.95,1.0
2011-02-28,22910,22,PAPER CHAIN KIT VINTAGE CHRISTMAS,40,2.55,1.0
2011-04-04,22910,22,PAPER CHAIN KIT VINTAGE CHRISTMAS,40,2.55,1.0
2011-05-02,22910,22,PAPER CHAIN KIT VINTAGE CHRISTMAS,1,6.63,0.0
2011-05-16,22910,22,PAPER CHAIN KIT VINTAGE CHRISTMAS,7,4.37,0.0
2011-05-23,22910,22,PAPER CHAIN KIT VINTAGE CHRISTMAS,1,6.63,0.0
2011-06-13,22910,22,PAPER CHAIN KIT VINTAGE CHRISTMAS,2,4.79,0.0
2011-06-27,22910,22,PAPER CHAIN KIT VINTAGE CHRISTMAS,35,2.95,1.0
2011-07-04,22910,22,PAPER CHAIN KIT VINTAGE CHRISTMAS,18,2.95,1.0
2011-07-11,22910,22,PAPER CHAIN KIT VINTAGE CHRISTMAS,47,2.8166666666666664,1.0
2011-07-18,22910,22,PAPER CHAIN KIT VINTAGE CHRISTMAS,9,2.95,1.0
2011-07-25,22910,22,PAPER CHAIN KIT VINTAGE CHRISTMAS,127,3.446,0.0
2011-08-01,22910,22,PAPER CHAIN KIT VINTAGE CHRISTMAS,7,4.37,0.0
2011-08-08,22910,22,PAPER CHAIN KIT VINTAGE CHRISTMAS,21,2.95,1.0
2011-08-15,22910,22,PAPER CHAIN KIT VINTAGE CHRISTMAS,24,3.563333333333334,0.0
2011-08-22,22910,22,PAPER CHAIN KIT VINTAGE CHRISTMAS,15,2.95,1.0
2011-08-29,22910,22,PAPER CHAIN KIT VINTAGE CHRISTMAS,137,3.3614285714285717,0.0
2011-09-05,22910,22,PAPER CHAIN KIT VINTAGE CHRISTMAS,152,3.4600000000000004,0.0
2011-09-12,22910,22,PAPER CHAIN KIT VINTAGE CHRISTMAS,367,3.1900000000000004,0.0
2011-09-19,22910,22,PAPER CHAIN KIT VINTAGE CHRISTMAS,795,3.057619047619048,0.0
2011-09-26,22910,22,PAPER CHAIN KIT VINTAGE CHRISTMAS,153,3.2281818181818185,0.0
2011-10-03,22910,22,PAPER CHAIN KIT VINTAGE CHRISTMAS,525,3.267777777777778,0.0
2011-10-10,22910,22,PAPER CHAIN KIT VINTAGE CHRISTMAS,476,3.23,0.0
2011-10-17,22910,22,PAPER CHAIN KIT VINTAGE CHRISTMAS,302,3.3048387096774197,0.0
2011-10-24,22910,22,PAPER CHAIN KIT VINTAGE CHRISTMAS,322,3.09,0.0
2011-10-31,22910,22,PAPER CHAIN KIT VINTAGE CHRISTMAS,553,3.39,0.0
2011-11-07,22910,22,PAPER CHAIN KIT VINTAGE CHRISTMAS,668,3.5300000000000002,0.0
2011-11-14,22910,22,PAPER CHAIN KIT VINTAGE CHRISTMAS,1216,3.294102564102564,0.0
2011-11-21,22910,22,PAPER CHAIN KIT VINTAGE CHRISTMAS,1023,3.3744444444444444,0.0
2011-11-28,22910,22,PAPER CHAIN KIT VINTAGE CHRISTMAS,598,3.4446153846153846,0.0
2011-12-05,22910,22,PAPER CHAIN KIT VINTAGE CHRISTMAS,630,3.4922222222222223,0.0
2010-09-13,22952,22,60 CAKE CASES VINTAGE CHRISTMAS,182,0.524,0.0
2010-09-20,22952,22,60 CAKE CASES VINTAGE CHRISTMAS,330,0.6912903225806452,0.0
2010-09-20,22952,22,60 CAKE CASES VINTAGE CHRISTMAS,1092,0.5355555555555556,0.0
2010-09-20,22952,22,60 CAKE CASES VINTAGE CHRISTMAS,624,0.485,0.0
2010-09-27,22952,22,60 CAKE CASES VINTAGE CHRISTMAS,459,0.7321875,0.0
2010-09-27,22952,22,60 CAKE CASES VINTAGE CHRISTMAS,1464,0.5396,0.0
2010-10-04,22952,22,60 CAKE CASES VINTAGE CHRISTMAS,478,0.7555172413793103,0.0
2010-10-04,22952,22,60 CAKE CASES VINTAGE CHRISTMAS,432,0.5391666666666667,0.0
2010-10-04,22952,22,60 CAKE CASES VINTAGE CHRISTMAS,24,0.55,0.0
2010-10-11,22952,22,60 CAKE CASES VINTAGE CHRISTMAS,999,0.7522222222222222,0.0
2010-10-11,22952,22,60 CAKE CASES VINTAGE CHRISTMAS,96,0.55,0.0
2010-10-11,22952,22,60 CAKE CASES VINTAGE CHRISTMAS,24,0.55,0.0
2010-10-18,22952,22,60 CAKE CASES VINTAGE CHRISTMAS,844,0.7025581395348838,0.0
2010-10-18,22952,22,60 CAKE CASES VINTAGE CHRISTMAS,120,0.55,0.0
2010-10-25,22952,22,60 CAKE CASES VINTAGE CHRISTMAS,508,0.7145161290322581,0.0
2010-10-25,22952,22,60 CAKE CASES VINTAGE CHRISTMAS,48,0.55,0.0
2010-11-01,22952,22,60 CAKE CASES VINTAGE CHRISTMAS,2571,0.6321276595744681,0.0
2010-11-01,22952,22,60 CAKE CASES VINTAGE CHRISTMAS,144,0.55,0.0
2010-11-08,22952,22,60 CAKE CASES VINTAGE CHRISTMAS,1222,0.7113725490196079,0.0
2010-11-08,22952,22,60 CAKE CASES VINTAGE CHRISTMAS,72,0.55,0.0
2010-11-15,22952,22,60 CAKE CASES VINTAGE CHRISTMAS,2013,0.707391304347826,0.0
2010-11-15,22952,22,60 CAKE CASES VINTAGE CHRISTMAS,24,0.55,0.0
2010-11-22,22952,22,60 CAKE CASES VINTAGE CHRISTMAS,776,0.7142592592592593,0.0
2010-11-29,22952,22,60 CAKE CASES VINTAGE CHRISTMAS,917,0.7234426229508197,0.0
2010-12-06,22952,22,60 CAKE CASES VINTAGE CHRISTMAS,678,0.7837500000000001,0.0
2010-12-06,22952,22,60 CAKE CASES VINTAGE CHRISTMAS,48,0.55,0.0
2010-12-13,22952,22,60 CAKE CASES VINTAGE CHRISTMAS,385,0.8666666666666667,0.0
2010-12-20,22952,22,60 CAKE CASES VINTAGE CHRISTMAS,25,0.915,0.0
2011-01-03,22952,22,60 CAKE CASES VINTAGE CHRISTMAS,6,1.28,0.0
2011-01-17,22952,22,60 CAKE CASES VINTAGE CHRISTMAS,1,1.25,0.0
2011-01-24,22952,22,60 CAKE CASES VINTAGE CHRISTMAS,2,1.25,0.0
2011-02-07,22952,22,60 CAKE CASES VINTAGE CHRISTMAS,1,1.25,0.0
2011-02-21,22952,22,60 CAKE CASES VINTAGE CHRISTMAS,1,1.25,0.0
2011-02-28,22952,22,60 CAKE CASES VINTAGE CHRISTMAS,1,1.25,0.0
2011-03-21,22952,22,60 CAKE CASES VINTAGE CHRISTMAS,24,0.55,1.0
2011-04-04,22952,22,60 CAKE CASES VINTAGE CHRISTMAS,1,1.25,0.0
2011-04-25,22952,22,60 CAKE CASES VINTAGE CHRISTMAS,1,1.25,0.0
2011-05-09,22952,22,60 CAKE CASES VINTAGE CHRISTMAS,1,0.55,1.0
2011-06-13,22952,22,60 CAKE CASES VINTAGE CHRISTMAS,2,1.25,0.0
2011-06-20,22952,22,60 CAKE CASES VINTAGE CHRISTMAS,3,0.9,1.0
2011-06-27,22952,22,60 CAKE CASES VINTAGE CHRISTMAS,27,0.7833333333333333,1.0
2011-07-04,22952,22,60 CAKE CASES VINTAGE CHRISTMAS,144,0.485,1.0
2011-07-11,22952,22,60 CAKE CASES VINTAGE CHRISTMAS,176,0.75,1.0
2011-07-18,22952,22,60 CAKE CASES VINTAGE CHRISTMAS,37,1.02,0.0
2011-07-25,22952,22,60 CAKE CASES VINTAGE CHRISTMAS,339,0.7544444444444445,1.0
2011-08-01,22952,22,60 CAKE CASES VINTAGE CHRISTMAS,48,0.55,1.0
2011-08-08,22952,22,60 CAKE CASES VINTAGE CHRISTMAS,101,0.8560000000000001,0.0
2011-08-15,22952,22,60 CAKE CASES VINTAGE CHRISTMAS,59,0.8560000000000001,0.0
2011-08-22,22952,22,60 CAKE CASES VINTAGE CHRISTMAS,82,0.7412500000000001,0.0
2011-08-29,22952,22,60 CAKE CASES VINTAGE CHRISTMAS,110,0.9954545454545454,0.0
2011-09-05,22952,22,60 CAKE CASES VINTAGE CHRISTMAS,723,0.6031578947368421,1.0
2011-09-12,22952,22,60 CAKE CASES VINTAGE CHRISTMAS,1087,0.808,0.0
2011-09-19,22952,22,60 CAKE CASES VINTAGE CHRISTMAS,669,0.7071875000000001,0.0
2011-09-26,22952,22,60 CAKE CASES VINTAGE CHRISTMAS,340,0.843,0.0
2011-10-03,22952,22,60 CAKE CASES VINTAGE CHRISTMAS,586,0.6941176470588236,0.0
2011-10-10,22952,22,60 CAKE CASES VINTAGE CHRISTMAS,290,0.8215789473684211,0.0
2011-10-17,22952,22,60 CAKE CASES VINTAGE CHRISTMAS,975,0.6676923076923077,0.0
2011-10-24,22952,22,60 CAKE CASES VINTAGE CHRISTMAS,1226,0.690294117647059,0.0
2011-10-31,22952,22,60 CAKE CASES VINTAGE CHRISTMAS,472,0.8639285714285715,0.0
2011-11-07,22952,22,60 CAKE CASES VINTAGE CHRISTMAS,888,0.7525,0.0
2011-11-14,22952,22,60 CAKE CASES VINTAGE CHRISTMAS,1016,0.7451111111111112,0.0
2011-11-21,22952,22,60 CAKE CASES VINTAGE CHRISTMAS,595,0.73,0.0
2011-11-28,22952,22,60 CAKE CASES VINTAGE CHRISTMAS,1033,0.820625,0.0
2011-12-05,22952,22,60 CAKE CASES VINTAGE CHRISTMAS,555,0.7833333333333333,0.0
2011-05-02,23203,23,JUMBO BAG VINTAGE DOILY ,120,2.08,0.0
2011-05-09,23203,23,JUMBO BAG VINTAGE DOILY ,768,2.1443137254901963,0.0
2011-05-16,23203,23,JUMBO BAG VINTAGE DOILY ,1027,2.2433962264150944,0.0
2011-05-23,23203,23,JUMBO BAG VINTAGE DOILY ,327,2.334827586206897,0.0
2011-05-30,23203,23,JUMBO BAG VINTAGE DOILY ,227,2.347931034482759,0.0
2011-06-06,23203,23,JUMBO BAG VINTAGE DOILY ,224,2.402258064516129,0.0
2011-06-13,23203,23,JUMBO BAG VINTAGE DOILY ,570,2.2064285714285714,0.0
2011-06-20,23203,23,JUMBO BAG VINTAGE DOILY ,283,2.5017391304347827,0.0
2011-06-27,23203,23,JUMBO BAG VINTAGE DOILY ,148,2.192941176470588,0.0
2011-07-04,23203,23,JUMBO BAG VINTAGE DOILY ,355,2.4089189189189186,0.0
2011-07-11,23203,23,JUMBO BAG VINTAGE DOILY ,400,2.289230769230769,0.0
2011-07-18,23203,23,JUMBO BAG VINTAGE DOILY ,722,2.2824324324324325,0.0
2011-07-25,23203,23,JUMBO BAG VINTAGE DOILY ,593,2.1658536585365855,0.0
2011-08-01,23203,23,JUMBO BAG VINTAGE DOILY ,1038,2.1713793103448276,0.0
2011-08-01,23203,23,JUMBO BAG VINTAGE DOILY ,104,2.52,0.0
2011-08-01,23203,23,JUMBO BAG VINTAGE DOILY ,46,2.08,0.0
2011-08-08,23203,23,JUMBO BAG VINTAGE DOILY ,350,2.0316666666666667,0.0
2011-08-08,23203,23,JUMBO BAG VINTAGE DOILY ,40,2.08,0.0
2011-08-08,23203,23,JUMBO BAG VINTAGE DOILY ,258,2.5327272727272727,0.0
2011-08-15,23203,23,JUMBO BAG VINTAGE DOILY ,50,2.08,0.0
2011-08-15,23203,23,JUMBO BAG VINTAGE DOILY ,514,2.0624242424242425,0.0
2011-08-22,23203,23,JUMBO BAG VINTAGE DOILY ,571,2.0519354838709676,0.0
2011-08-29,23203,23,JUMBO BAG VINTAGE DOILY ,10,2.08,0.0
2011-08-29,23203,23,JUMBO BAG VINTAGE DOILY ,420,2.8548387096774195,0.0
2011-09-05,23203,23,JUMBO BAG VINTAGE DOILY ,10,2.08,0.0
2011-09-05,23203,23,JUMBO BAG VINTAGE DOILY ,473,2.3063636363636366,0.0
2011-09-12,23203,23,JUMBO BAG VINTAGE DOILY ,10,2.08,0.0
2011-09-12,23203,23,JUMBO BAG VINTAGE DOILY ,675,2.218947368421053,0.0
2011-09-19,23203,23,JUMBO BAG VINTAGE DOILY ,10,2.08,0.0
2011-09-19,23203,23,JUMBO BAG VINTAGE DOILY ,754,2.3863636363636362,0.0
2011-09-26,23203,23,JUMBO BAG VINTAGE DOILY ,540,2.2572093023255815,0.0
2011-10-03,23203,23,JUMBO BAG VINTAGE DOILY ,20,2.08,0.0
2011-10-03,23203,23,JUMBO BAG VINTAGE DOILY ,959,2.1750000000000003,0.0
2011-10-10,23203,23,JUMBO BAG VINTAGE DOILY ,394,2.259677419354839,0.0
2011-10-17,23203,23,JUMBO BAG VINTAGE DOILY ,219,2.212258064516129,0.0
2011-10-24,23203,23,JUMBO BAG VINTAGE DOILY ,236,2.1731818181818183,0.0
2011-10-31,23203,23,JUMBO BAG VINTAGE DOILY ,475,2.2875,0.0
2011-11-07,23203,23,JUMBO BAG VINTAGE DOILY ,300,1.79,1.0
2011-11-07,23203,23,JUMBO BAG VINTAGE DOILY ,1374,2.36,0.0
2011-11-14,23203,23,JUMBO BAG VINTAGE DOILY ,1052,2.347,0.0
2011-11-21,23203,23,JUMBO BAG VINTAGE DOILY ,485,2.3805128205128208,0.0
2011-11-28,23203,23,JUMBO BAG VINTAGE DOILY ,306,2.4417647058823526,0.0
2011-12-05,23203,23,JUMBO BAG VINTAGE DOILY ,510,2.484137931034483,0.0
