results/realworld_weekly.csv
date,product,category,description,sales,price,promo
2009-11-30,47566,47,PARTY BUNTING,46,5.094444444444445,0.0
2009-12-07,47566,47,PARTY BUNTING,14,6.25,0.0
2009-12-14,47566,47,PARTY BUNTING,52,5.880769230769231,0.0
2009-12-21,47566,47,PARTY BUNTING,1,8.65,0.0
2010-01-04,47566,47,PARTY BUNTING,37,4.65,1.0
2010-01-11,47566,47,PARTY BUNTING,64,6.271666666666667,0.0
2010-01-18,47566,47,PARTY BUNTING,49,5.796000000000001,0.0
2010-01-25,47566,47,PARTY BUNTING,126,5.131428571428572,0.0
2010-02-01,47566,47,PARTY BUNTING,43,5.531538461538462,0.0
2010-02-08,47566,47,PARTY BUNTING,51,5.468571428571429,0.0
2010-02-15,47566,47,PARTY BUNTING,159,5.480434782608696,0.0
2010-02-22,47566,47,PARTY BUNTING,79,5.1275,0.0
2010-03-01,47566,47,PARTY BUNTING,68,6.057368421052632,0.0
2010-03-08,47566,47,PARTY BUNTING,262,5.4021739130434785,0.0
2010-03-15,47566,47,PARTY BUNTING,219,5.163571428571429,0.0
2010-03-22,47566,47,PARTY BUNTING,207,5.1768965517241385,0.0
2010-03-29,47566,47,PARTY BUNTING,149,6.695600000000001,0.0
2010-04-05,47566,47,PARTY BUNTING,169,6.426190476190477,0.0
2010-04-12,47566,47,PARTY BUNTING,265,4.580769230769231,1.0
2010-04-19,47566,47,PARTY BUNTING,486,5.8909090909090915,0.0
2010-04-26,47566,47,PARTY BUNTING,408,5.860612244897959,0.0
2010-05-03,47566,47,PARTY BUNTING,544,5.61139534883721,0.0
2010-05-10,47566,47,PARTY BUNTING,422,5.1917647058823535,0.0
2010-05-17,47566,47,PARTY BUNTING,400,5.357058823529412,0.0
2010-05-24,47566,47,PARTY BUNTING,666,5.626206896551725,0.0
2010-05-31,47566,47,PARTY BUNTING,291,5.859411764705883,0.0
2010-06-07,47566,47,PARTY BUNTING,716,5.083214285714286,0.0
2010-06-14,47566,47,PARTY BUNTING,142,5.701176470588235,0.0
2010-06-21,47566,47,PARTY BUNTING,52,8.47,0.0
2010-06-28,47566,47,PARTY BUNTING,51,6.832857142857144,0.0
2010-07-05,47566,47,PARTY BUNTING,52,4.65,1.0
2010-07-12,47566,47,PARTY BUNTING,44,6.287142857142858,0.0
2010-07-19,47566,47,PARTY BUNTING,52,5.923333333333334,0.0
2010-07-26,47566,47,PARTY BUNTING,34,8.47,0.0
2010-08-02,47566,47,PARTY BUNTING,57,7.515000000000001,0.0
2010-08-09,47566,47,PARTY BUNTING,188,8.379285714285714,0.0
2010-08-16,47566,47,PARTY BUNTING,351,8.234444444444444,0.0
2010-08-23,47566,47,PARTY BUNTING,9,8.47,0.0
2010-08-30,47566,47,PARTY BUNTING,8,8.47,0.0
2010-09-06,47566,47,PARTY BUNTING,6,5.414,1.0
2010-09-20,47566,47,PARTY BUNTING,99,4.5,1.0
2010-09-27,47566,47,PARTY BUNTING,916,4.613243243243243,1.0
2010-10-04,47566,47,PARTY BUNTING,262,4.715882352941176,1.0
2010-10-11,47566,47,PARTY BUNTING,229,5.085757575757576,1.0
2010-10-18,47566,47,PARTY BUNTING,167,5.130000000000001,1.0
2010-10-25,47566,47,PARTY BUNTING,54,4.65,1.0
2010-11-01,47566,47,PARTY BUNTING,43,5.468571428571429,0.0
2010-11-08,47566,47,PARTY BUNTING,66,5.195714285714287,0.0
2010-11-15,47566,47,PARTY BUNTING,221,5.652631578947369,0.0
2010-11-22,47566,47,PARTY BUNTING,47,7.097058823529412,0.0
2010-11-29,47566,47,PARTY BUNTING,73,6.454166666666667,0.0
2010-12-06,47566,47,PARTY BUNTING,286,6.997878787878788,0.0
2010-12-13,47566,47,PARTY BUNTING,28,6.442222222222223,0.0
2010-12-20,47566,47,PARTY BUNTING,24,7.6925,0.0
2011-01-03,47566,47,PARTY BUNTING,145,5.298888888888889,0.0
2011-01-10,47566,47,PARTY BUNTING,65,5.63,0.0
2011-01-17,47566,47,PARTY BUNTING,64,6.804117647058824,0.0
2011-01-24,47566,47,PARTY BUNTING,141,5.837142857142857,0.0
2011-01-31,47566,47,PARTY BUNTING,232,6.315714285714286,0.0
2011-02-07,47566,47,PARTY BUNTING,183,6.164444444444444,0.0
2011-02-14,47566,47,PARTY BUNTING,180,5.995,0.0
2011-02-21,47566,47,PARTY BUNTING,157,6.078,0.0
2011-02-28,47566,47,PARTY BUNTING,241,4.920800000000001,1.0
2011-03-07,47566,47,PARTY BUNTING,189,6.042692307692308,0.0
2011-03-14,47566,47,PARTY BUNTING,594,5.241555555555555,0.0
2011-03-21,47566,47,PARTY BUNTING,313,6.428857142857143,0.0
2011-03-28,47566,47,PARTY BUNTING,376,6.111142857142857,0.0
2011-04-04,47566,47,PARTY BUNTING,460,5.558301886792454,0.0
2011-04-11,47566,47,PARTY BUNTING,534,5.134347826086957,0.0
2011-04-18,47566,47,PARTY BUNTING,640,6.2918867924528294,0.0
2011-04-25,47566,47,PARTY BUNTING,270,5.987575757575757,0.0
2011-05-02,47566,47,PARTY BUNTING,964,5.595925925925926,0.0
2011-05-09,47566,47,PARTY BUNTING,756,5.87875,0.0
2011-05-16,47566,47,PARTY BUNTING,584,5.3966666666666665,0.0
2011-05-23,47566,47,PARTY BUNTING,831,5.59,0.0
2011-05-30,47566,47,PARTY BUNTING,426,5.957272727272727,0.0
2011-06-06,47566,47,PARTY BUNTING,555,5.7558181818181815,0.0
2011-06-13,47566,47,PARTY BUNTING,491,5.496938775510205,0.0
2011-06-20,47566,47,PARTY BUNTING,586,5.623684210526315,0.0
2011-06-27,47566,47,PARTY BUNTING,248,5.4975000000000005,0.0
2011-07-04,47566,47,PARTY BUNTING,881,5.966170212765958,0.0
2011-07-11,47566,47,PARTY BUNTING,346,5.62,0.0
2011-07-18,47566,47,PARTY BUNTING,843,5.563750000000001,0.0
2011-07-25,47566,47,PARTY BUNTING,466,5.3127272727272725,0.0
2011-08-01,47566,47,PARTY BUNTING,431,5.8118181818181816,0.0
2011-08-08,47566,47,PARTY BUNTING,272,6.385,0.0
2011-08-15,47566,47,PARTY BUNTING,286,5.117999999999999,0.0
2011-08-22,47566,47,PARTY BUNTING,436,5.479473684210526,0.0
2011-08-29,47566,47,PARTY BUNTING,187,7.587419354838709,0.0
2011-09-05,47566,47,PARTY BUNTING,224,6.381428571428572,0.0
2011-09-12,47566,47,PARTY BUNTING,334,5.480666666666667,0.0
2011-09-19,47566,47,PARTY BUNTING,127,6.133333333333333,0.0
2011-09-26,47566,47,PARTY BUNTING,197,5.2700000000000005,0.0
2011-10-03,47566,47,PARTY BUNTING,170,5.923333333333333,0.0
2011-10-10,47566,47,PARTY BUNTING,102,5.6370588235294115,0.0
2011-10-17,47566,47,PARTY BUNTING,203,5.753333333333333,0.0
2011-10-24,47566,47,PARTY BUNTING,78,5.68,0.0
2011-10-31,47566,47,PARTY BUNTING,102,6.277058823529411,0.0
2011-11-07,47566,47,PARTY BUNTING,135,5.784285714285715,0.0
2011-11-14,47566,47,PARTY BUNTING,109,5.675333333333333,0.0
2011-11-21,47566,47,PARTY BUNTING,451,6.433636363636364,0.0
2011-11-28,47566,47,PARTY BUNTING,101,6.79421052631579,0.0
2011-12-05,47566,47,PARTY BUNTING,57,7.869999999999999,0.0
2009-11-30,71459,71,HANGING JAM JAR T-LIGHT HOLDER,176,2.1822222222222223,0.0
2009-12-07,71459,71,HANGING JAM JAR T-LIGHT HOLDER,25,2.8699999999999997,0.0
2009-12-14,71459,71,HANGING JAM JAR T-LIGHT HOLDER,184,1.6075000000000002,0.0
2010-01-04,71459,71,HANGING JAM JAR T-LIGHT HOLDER,612,0.8175,1.0
2010-01-11,71459,71,HANGING JAM JAR T-LIGHT HOLDER,326,1.982,0.0
2010-01-18,71459,71,HANGING JAM JAR T-LIGHT HOLDER,96,0.85,1.0
2010-01-25,71459,71,HANGING JAM JAR T-LIGHT HOLDER,181,1.6771428571428573,0.0
2010-02-01,71459,71,HANGING JAM JAR T-LIGHT HOLDER,12,0.85,1.0
2010-02-08,71459,71,HANGING JAM JAR T-LIGHT HOLDER,421,1.9819999999999998,0.0
2010-02-15,71459,71,HANGING JAM JAR T-LIGHT HOLDER,829,1.39,0.0
2010-02-22,71459,71,HANGING JAM JAR T-LIGHT HOLDER,365,1.6864285714285714,0.0
2010-03-01,71459,71,HANGING JAM JAR T-LIGHT HOLDER,132,0.8314285714285715,1.0
2010-03-08,71459,71,HANGING JAM JAR T-LIGHT HOLDER,144,0.85,1.0
2010-03-15,71459,71,HANGING JAM JAR T-LIGHT HOLDER,264,0.8128571428571428,1.0
2010-03-22,71459,71,HANGING JAM JAR T-LIGHT HOLDER,137,2.3299999999999996,0.0
2010-03-29,71459,71,HANGING JAM JAR T-LIGHT HOLDER,153,1.4933333333333332,0.0
2010-04-05,71459,71,HANGING JAM JAR T-LIGHT HOLDER,282,2.6515384615384616,0.0
2010-04-12,71459,71,HANGING JAM JAR T-LIGHT HOLDER,336,0.8175,1.0
2010-04-19,71459,71,HANGING JAM JAR T-LIGHT HOLDER,413,1.8312499999999998,0.0
2010-04-26,71459,71,HANGING JAM JAR T-LIGHT HOLDER,1348,1.1572222222222222,1.0
2010-05-03,71459,71,HANGING JAM JAR T-LIGHT HOLDER,290,1.8294444444444444,0.0
2010-05-10,71459,71,HANGING JAM JAR T-LIGHT HOLDER,206,1.3881818181818182,0.0
2010-05-17,71459,71,HANGING JAM JAR T-LIGHT HOLDER,783,1.0847826086956522,1.0
2010-05-24,71459,71,HANGING JAM JAR T-LIGHT HOLDER,322,1.8294444444444444,0.0
2010-05-31,71459,71,HANGING JAM JAR T-LIGHT HOLDER,371,1.8149999999999997,0.0
2010-06-07,71459,71,HANGING JAM JAR T-LIGHT HOLDER,756,1.5003571428571427,0.0
2010-06-14,71459,71,HANGING JAM JAR T-LIGHT HOLDER,732,0.9479310344827586,1.0
2010-06-21,71459,71,HANGING JAM JAR T-LIGHT HOLDER,556,0.8741666666666666,1.0
2010-06-28,71459,71,HANGING JAM JAR T-LIGHT HOLDER,576,0.9456,1.0
2010-07-05,71459,71,HANGING JAM JAR T-LIGHT HOLDER,884,0.9273333333333333,1.0
2010-07-12,71459,71,HANGING JAM JAR T-LIGHT HOLDER,184,1.13,0.0
2010-07-19,71459,71,HANGING JAM JAR T-LIGHT HOLDER,648,1.0573684210526315,1.0
2010-07-26,71459,71,HANGING JAM JAR T-LIGHT HOLDER,316,0.906,1.0
2010-08-02,71459,71,HANGING JAM JAR T-LIGHT HOLDER,512,0.9692307692307692,1.0
2010-08-09,71459,71,HANGING JAM JAR T-LIGHT HOLDER,363,1.1324999999999998,0.0
2010-08-16,71459,71,HANGING JAM JAR T-LIGHT HOLDER,222,0.837,1.0
2010-08-23,71459,71,HANGING JAM JAR T-LIGHT HOLDER,152,0.85,1.0
2010-08-30,71459,71,HANGING JAM JAR T-LIGHT HOLDER,348,0.7979999999999999,1.0
2010-09-06,71459,71,HANGING JAM JAR T-LIGHT HOLDER,1460,0.7849999999999999,1.0
2010-09-13,71459,71,HANGING JAM JAR T-LIGHT HOLDER,40,1.1300000000000001,0.0
2010-09-20,71459,71,HANGING JAM JAR T-LIGHT HOLDER,136,1.0274999999999999,0.0
2010-09-27,71459,71,HANGING JAM JAR T-LIGHT HOLDER,108,0.85,0.0
2010-10-04,71459,71,HANGING JAM JAR T-LIGHT HOLDER,64,0.85,0.0
2010-10-11,71459,71,HANGING JAM JAR T-LIGHT HOLDER,123,0.8175,0.0
2010-10-18,71459,71,HANGING JAM JAR T-LIGHT HOLDER,72,0.85,0.0
2010-10-25,71459,71,HANGING JAM JAR T-LIGHT HOLDER,136,0.8240000000000001,0.0
2010-11-01,71459,71,HANGING JAM JAR T-LIGHT HOLDER,84,0.85,0.0
2010-11-08,71459,71,HANGING JAM JAR T-LIGHT HOLDER,295,0.9027272727272727,0.0
2010-11-15,71459,71,HANGING JAM JAR T-LIGHT HOLDER,81,0.8283333333333333,0.0
2010-11-22,71459,71,HANGING JAM JAR T-LIGHT HOLDER,136,0.8240000000000001,0.0
2010-11-29,71459,71,HANGING JAM JAR T-LIGHT HOLDER,604,0.9554545454545454,0.0
2010-12-06,71459,71,HANGING JAM JAR T-LIGHT HOLDER,536,1.108,0.0
2010-12-13,71459,71,HANGING JAM JAR T-LIGHT HOLDER,32,1.27,0.0
2010-12-20,71459,71,HANGING JAM JAR T-LIGHT HOLDER,60,0.85,0.0
2011-01-03,71459,71,HANGING JAM JAR T-LIGHT HOLDER,108,0.85,0.0
2011-01-10,71459,71,HANGING JAM JAR T-LIGHT HOLDER,348,0.7633333333333333,1.0
2011-01-17,71459,71,HANGING JAM JAR T-LIGHT HOLDER,188,0.9349999999999999,0.0
2011-01-24,71459,71,HANGING JAM JAR T-LIGHT HOLDER,112,0.9657142857142856,0.0
2011-01-31,71459,71,HANGING JAM JAR T-LIGHT HOLDER,12,0.85,0.0
2011-02-07,71459,71,HANGING JAM JAR T-LIGHT HOLDER,205,0.83375,0.0
2011-02-14,71459,71,HANGING JAM JAR T-LIGHT HOLDER,48,0.7849999999999999,0.0
2011-02-21,71459,71,HANGING JAM JAR T-LIGHT HOLDER,240,0.85,0.0
2011-02-28,71459,71,HANGING JAM JAR T-LIGHT HOLDER,184,0.9349999999999999,0.0
2011-03-07,71459,71,HANGING JAM JAR T-LIGHT HOLDER,192,0.8240000000000001,0.0
2011-03-14,71459,71,HANGING JAM JAR T-LIGHT HOLDER,392,0.9946666666666667,0.0
2011-03-21,71459,71,HANGING JAM JAR T-LIGHT HOLDER,232,0.8240000000000001,0.0
2011-03-28,71459,71,HANGING JAM JAR T-LIGHT HOLDER,148,0.9349999999999999,0.0
2011-04-04,71459,71,HANGING JAM JAR T-LIGHT HOLDER,816,0.8066666666666666,0.0
2011-04-11,71459,71,HANGING JAM JAR T-LIGHT HOLDER,408,0.8431578947368421,0.0
2011-04-18,71459,71,HANGING JAM JAR T-LIGHT HOLDER,262,1.1300000000000001,0.0
2011-04-25,71459,71,HANGING JAM JAR T-LIGHT HOLDER,233,0.9118181818181817,0.0
2011-05-02,71459,71,HANGING JAM JAR T-LIGHT HOLDER,776,1.0289473684210526,0.0
2011-05-09,71459,71,HANGING JAM JAR T-LIGHT HOLDER,580,0.9284615384615384,0.0
2011-05-16,71459,71,HANGING JAM JAR T-LIGHT HOLDER,168,0.85,0.0
2011-05-23,71459,71,HANGING JAM JAR T-LIGHT HOLDER,412,0.9493333333333334,0.0
2011-05-30,71459,71,HANGING JAM JAR T-LIGHT HOLDER,176,1.0525,0.0
2011-06-06,71459,71,HANGING JAM JAR T-LIGHT HOLDER,164,0.9309999999999998,0.0
2011-06-13,71459,71,HANGING JAM JAR T-LIGHT HOLDER,422,0.8211111111111111,0.0
2011-06-20,71459,71,HANGING JAM JAR T-LIGHT HOLDER,400,0.8263636363636363,0.0
2011-06-27,71459,71,HANGING JAM JAR T-LIGHT HOLDER,216,0.8355555555555555,0.0
2011-07-04,71459,71,HANGING JAM JAR T-LIGHT HOLDER,382,0.8211111111111111,0.0
2011-07-11,71459,71,HANGING JAM JAR T-LIGHT HOLDER,376,0.9023076923076924,0.0
2011-07-18,71459,71,HANGING JAM JAR T-LIGHT HOLDER,236,1.0155555555555555,0.0
2011-07-25,71459,71,HANGING JAM JAR T-LIGHT HOLDER,96,0.85,0.0
2011-08-01,71459,71,HANGING JAM JAR T-LIGHT HOLDER,264,0.7849999999999999,0.0
2011-08-08,71459,71,HANGING JAM JAR T-LIGHT HOLDER,176,0.9471428571428572,0.0
2011-08-15,71459,71,HANGING JAM JAR T-LIGHT HOLDER,120,0.85,0.0
2011-08-22,71459,71,HANGING JAM JAR T-LIGHT HOLDER,120,0.8066666666666666,0.0
2011-08-29,71459,71,HANGING JAM JAR T-LIGHT HOLDER,100,1.255,0.0
2011-09-05,71459,71,HANGING JAM JAR T-LIGHT HOLDER,244,1.0442857142857143,0.0
2011-09-12,71459,71,HANGING JAM JAR T-LIGHT HOLDER,604,0.91,0.0
2011-09-19,71459,71,HANGING JAM JAR T-LIGHT HOLDER,120,0.8066666666666666,0.0
2011-09-26,71459,71,HANGING JAM JAR T-LIGHT HOLDER,276,0.8175,0.0
2011-10-03,71459,71,HANGING JAM JAR T-LIGHT HOLDER,168,0.8314285714285715,0.0
2011-10-10,71459,71,HANGING JAM JAR T-LIGHT HOLDER,129,1.0983333333333334,0.0
2011-10-17,71459,71,HANGING JAM JAR T-LIGHT HOLDER,52,1.0525,0.0
2011-10-24,71459,71,HANGING JAM JAR T-LIGHT HOLDER,96,0.85,0.0
2011-10-31,71459,71,HANGING JAM JAR T-LIGHT HOLDER,100,0.985,0.0
2011-11-07,71459,71,HANGING JAM JAR T-LIGHT HOLDER,232,0.9255555555555556,0.0
2011-11-14,71459,71,HANGING JAM JAR T-LIGHT HOLDER,360,1.3536363636363635,0.0
2011-11-21,71459,71,HANGING JAM JAR T-LIGHT HOLDER,60,1.174,0.0
2011-11-28,71459,71,HANGING JAM JAR T-LIGHT HOLDER,124,1.02,0.0
2011-12-05,71459,71,HANGING JAM JAR T-LIGHT HOLDER,88,1.174,0.0
