results/realworld_weekly.csv
date,product,category,description,sales,price,promo
2009-11-30,72741,72,GRAND CHOCOLATECANDLE,339,2.5100000000000002,0.0
2009-12-07,72741,72,GRAND CHOCOLATECANDLE,427,2.107142857142857,0.0
2009-12-14,72741,72,GRAND CHOCOLATECANDLE,362,2.997826086956522,0.0
2009-12-21,72741,72,GRAND CHOCOLATECANDLE,34,6.25,0.0
2010-01-04,72741,72,GRAND CHOCOLATECANDLE,243,1.3499999999999999,1.0
2010-01-11,72741,72,GRAND CHOCOLATECANDLE,127,2.23,1.0
2010-01-18,72741,72,GRAND CHOCOLATECANDLE,67,3.455714285714286,0.0
2010-01-25,72741,72,GRAND CHOCOLATECANDLE,198,1.43,1.0
2010-02-01,72741,72,GRAND CHOCOLATECANDLE,218,2.6033333333333335,0.0
2010-02-08,72741,72,GRAND CHOCOLATECANDLE,81,1.45,1.0
2010-02-15,72741,72,GRAND CHOCOLATECANDLE,130,3.18,0.0
2010-02-22,72741,72,GRAND CHOCOLATECANDLE,288,1.3928571428571428,1.0
2010-03-01,72741,72,GRAND CHOCOLATECANDLE,379,1.922857142857143,1.0
2010-03-08,72741,72,GRAND CHOCOLATECANDLE,139,3.723333333333334,0.0
2010-03-15,72741,72,GRAND CHOCOLATECANDLE,180,1.4357142857142855,1.0
2010-03-22,72741,72,GRAND CHOCOLATECANDLE,261,1.4366666666666668,1.0
2010-03-29,72741,72,GRAND CHOCOLATECANDLE,99,1.4277777777777778,1.0
2010-04-05,72741,72,GRAND CHOCOLATECANDLE,216,1.4166666666666667,1.0
2010-04-12,72741,72,GRAND CHOCOLATECANDLE,108,1.45,1.0
2010-04-19,72741,72,GRAND CHOCOLATECANDLE,177,2.641764705882353,0.0
2010-04-26,72741,72,GRAND CHOCOLATECANDLE,153,1.4166666666666667,1.0
2010-05-03,72741,72,GRAND CHOCOLATECANDLE,136,2.3957142857142855,0.0
2010-05-10,72741,72,GRAND CHOCOLATECANDLE,91,2.23,0.0
2010-05-17,72741,72,GRAND CHOCOLATECANDLE,144,1.4166666666666667,1.0
2010-05-24,72741,72,GRAND CHOCOLATECANDLE,90,1.45,1.0
2010-05-31,72741,72,GRAND CHOCOLATECANDLE,243,1.3699999999999999,1.0
2010-06-07,72741,72,GRAND CHOCOLATECANDLE,138,1.5563636363636364,0.0
2010-06-14,72741,72,GRAND CHOCOLATECANDLE,180,1.41,1.0
2010-06-21,72741,72,GRAND CHOCOLATECANDLE,90,1.45,0.0
2010-06-28,72741,72,GRAND CHOCOLATECANDLE,120,1.45,0.0
2010-07-05,72741,72,GRAND CHOCOLATECANDLE,18,1.45,0.0
2010-07-12,72741,72,GRAND CHOCOLATECANDLE,99,1.3833333333333335,1.0
2010-07-19,72741,72,GRAND CHOCOLATECANDLE,441,1.4318181818181819,0.0
2010-07-26,72741,72,GRAND CHOCOLATECANDLE,864,1.4938461538461536,0.0
2010-08-02,72741,72,GRAND CHOCOLATECANDLE,288,1.419230769230769,0.0
2010-08-09,72741,72,GRAND CHOCOLATECANDLE,88,1.6212499999999999,0.0
2010-08-16,72741,72,GRAND CHOCOLATECANDLE,93,1.6022222222222222,0.0
2010-08-23,72741,72,GRAND CHOCOLATECANDLE,112,1.45,0.0
2010-08-30,72741,72,GRAND CHOCOLATECANDLE,69,1.7925,0.0
2010-09-06,72741,72,GRAND CHOCOLATECANDLE,279,1.419230769230769,0.0
2010-09-13,72741,72,GRAND CHOCOLATECANDLE,1014,1.4764285714285712,0.0
2010-09-20,72741,72,GRAND CHOCOLATECANDLE,624,1.349,0.0
2010-09-27,72741,72,GRAND CHOCOLATECANDLE,290,1.4404761904761905,0.0
2010-10-04,72741,72,GRAND CHOCOLATECANDLE,1048,1.4799999999999998,0.0
2010-10-11,72741,72,GRAND CHOCOLATECANDLE,927,1.4277777777777778,0.0
2010-10-18,72741,72,GRAND CHOCOLATECANDLE,231,1.5335714285714286,0.0
2010-10-25,72741,72,GRAND CHOCOLATECANDLE,123,1.6457142857142857,0.0
2010-11-01,72741,72,GRAND CHOCOLATECANDLE,102,1.5641666666666667,0.0
2010-11-08,72741,72,GRAND CHOCOLATECANDLE,332,1.5070588235294116,0.0
2010-11-15,72741,72,GRAND CHOCOLATECANDLE,266,1.5279999999999998,0.0
2010-11-22,72741,72,GRAND CHOCOLATECANDLE,180,1.6326666666666665,0.0
2010-11-29,72741,72,GRAND CHOCOLATECANDLE,634,1.7284848484848485,0.0
2010-12-06,72741,72,GRAND CHOCOLATECANDLE,276,1.8336,0.0
2010-12-13,72741,72,GRAND CHOCOLATECANDLE,53,1.9637499999999999,0.0
2010-12-20,72741,72,GRAND CHOCOLATECANDLE,35,1.7239999999999998,0.0
2011-01-03,72741,72,GRAND CHOCOLATECANDLE,9,1.45,0.0
2011-01-10,72741,72,GRAND CHOCOLATECANDLE,684,1.4,0.0
2011-01-17,72741,72,GRAND CHOCOLATECANDLE,42,1.6683333333333332,0.0
2011-01-24,72741,72,GRAND CHOCOLATECANDLE,241,1.41,0.0
2011-01-31,72741,72,GRAND CHOCOLATECANDLE,21,1.45,0.0
2011-02-07,72741,72,GRAND CHOCOLATECANDLE,36,1.45,0.0
2011-02-14,72741,72,GRAND CHOCOLATECANDLE,43,1.7119999999999997,0.0
2011-02-21,72741,72,GRAND CHOCOLATECANDLE,81,1.45,0.0
2011-02-28,72741,72,GRAND CHOCOLATECANDLE,27,1.45,0.0
2011-03-07,72741,72,GRAND CHOCOLATECANDLE,30,1.7774999999999999,0.0
2011-03-14,72741,72,GRAND CHOCOLATECANDLE,39,1.7774999999999999,0.0
2011-03-21,72741,72,GRAND CHOCOLATECANDLE,57,1.6683333333333332,0.0
2011-03-28,72741,72,GRAND CHOCOLATECANDLE,37,1.8866666666666667,0.0
2011-04-04,72741,72,GRAND CHOCOLATECANDLE,108,1.41,0.0
2011-04-11,72741,72,GRAND CHOCOLATECANDLE,58,1.45,0.0
2011-04-18,72741,72,GRAND CHOCOLATECANDLE,87,2.0549999999999997,0.0
2011-04-25,72741,72,GRAND CHOCOLATECANDLE,90,1.41,0.0
2011-05-02,72741,72,GRAND CHOCOLATECANDLE,108,1.4,0.0
2011-05-09,72741,72,GRAND CHOCOLATECANDLE,63,1.45,0.0
2011-05-16,72741,72,GRAND CHOCOLATECANDLE,18,1.45,0.0
2011-05-23,72741,72,GRAND CHOCOLATECANDLE,81,1.35,0.0
2011-05-30,72741,72,GRAND CHOCOLATECANDLE,36,1.25,1.0
2011-06-06,72741,72,GRAND CHOCOLATECANDLE,13,1.8866666666666667,0.0
2011-06-13,72741,72,GRAND CHOCOLATECANDLE,27,1.45,0.0
2011-06-20,72741,72,GRAND CHOCOLATECANDLE,36,1.45,0.0
2011-07-04,72741,72,GRAND CHOCOLATECANDLE,483,1.635,0.0
2011-07-11,72741,72,GRAND CHOCOLATECANDLE,144,1.4166666666666667,0.0
2011-07-18,72741,72,GRAND CHOCOLATECANDLE,50,1.7119999999999997,0.0
2011-07-25,72741,72,GRAND CHOCOLATECANDLE,9,1.45,0.0
2011-08-01,72741,72,GRAND CHOCOLATECANDLE,117,1.8533333333333333,0.0
2011-08-08,72741,72,GRAND CHOCOLATECANDLE,9,1.45,0.0
2011-08-15,72741,72,GRAND CHOCOLATECANDLE,54,1.45,0.0
2011-08-22,72741,72,GRAND CHOCOLATECANDLE,9,1.45,0.0
2011-08-29,72741,72,GRAND CHOCOLATECANDLE,73,1.8533333333333333,0.0
2011-09-05,72741,72,GRAND CHOCOLATECANDLE,90,1.3833333333333335,0.0
2011-09-12,72741,72,GRAND CHOCOLATECANDLE,283,1.4166666666666667,0.0
2011-09-19,72741,72,GRAND CHOCOLATECANDLE,48,2.105,0.0
2011-09-26,72741,72,GRAND CHOCOLATECANDLE,129,1.6349999999999998,0.0
2011-10-03,72741,72,GRAND CHOCOLATECANDLE,117,1.45,0.0
2011-10-10,72741,72,GRAND CHOCOLATECANDLE,144,1.4214285714285713,0.0
2011-10-17,72741,72,GRAND CHOCOLATECANDLE,267,1.8533333333333333,0.0
2011-10-24,72741,72,GRAND CHOCOLATECANDLE,54,1.45,0.0
2011-10-31,72741,72,GRAND CHOCOLATECANDLE,24,2.105,0.0
2011-11-07,72741,72,GRAND CHOCOLATECANDLE,111,1.8533333333333333,0.0
2011-11-14,72741,72,GRAND CHOCOLATECANDLE,179,1.43,0.0
2011-11-21,72741,72,GRAND CHOCOLATECANDLE,276,1.541,0.0
2011-11-28,72741,72,GRAND CHOCOLATECANDLE,237,1.541,0.0
2011-12-05,72741,72,GRAND CHOCOLATECANDLE,30,1.7774999999999999,0.0
2009-11-30,79321,79,CHILLI LIGHTS,117,5.99,0.0
2009-12-07,79321,79,CHILLI LIGHTS,175,5.582,0.0
2009-12-14,79321,79,CHILLI LIGHTS,173,6.476999999999999,0.0
2009-12-21,79321,79,CHILLI LIGHTS,19,6.3100000000000005,0.0
2010-01-04,79321,79,CHILLI LIGHTS,17,4.95,1.0
2010-01-11,79321,79,CHILLI LIGHTS,23,8.43,0.0
2010-02-01,79321,79,CHILLI LIGHTS,24,4.775,1.0
2010-02-15,79321,79,CHILLI LIGHTS,1,4.95,1.0
2010-03-01,79321,79,CHILLI LIGHTS,2,4.95,1.0
2010-03-29,79321,79,CHILLI LIGHTS,450,4.737692307692308,1.0
2010-04-05,79321,79,CHILLI LIGHTS,216,6.631666666666667,0.0
2010-04-12,79321,79,CHILLI LIGHTS,91,5.395714285714286,0.0
2010-04-19,79321,79,CHILLI LIGHTS,116,5.667333333333334,0.0
2010-04-26,79321,79,CHILLI LIGHTS,51,6.58125,0.0
2010-05-03,79321,79,CHILLI LIGHTS,50,4.95,0.0
2010-05-10,79321,79,CHILLI LIGHTS,16,4.95,0.0
2010-05-17,79321,79,CHILLI LIGHTS,79,5.854,0.0
2010-05-24,79321,79,CHILLI LIGHTS,65,4.67,1.0
2010-05-31,79321,79,CHILLI LIGHTS,29,4.95,0.0
2010-06-07,79321,79,CHILLI LIGHTS,220,5.21,0.0
2010-06-14,79321,79,CHILLI LIGHTS,25,4.95,0.0
2010-06-21,79321,79,CHILLI LIGHTS,35,5.695714285714287,0.0
2010-06-28,79321,79,CHILLI LIGHTS,22,4.8100000000000005,0.0
2010-07-05,79321,79,CHILLI LIGHTS,88,5.296666666666667,0.0
2010-07-12,79321,79,CHILLI LIGHTS,2,4.95,0.0
2010-07-19,79321,79,CHILLI LIGHTS,8,7.56,0.0
2010-07-26,79321,79,CHILLI LIGHTS,5,8.43,0.0
2010-08-02,79321,79,CHILLI LIGHTS,17,6.255,0.0
2010-08-09,79321,79,CHILLI LIGHTS,45,4.833333333333333,0.0
2010-08-16,79321,79,CHILLI LIGHTS,37,4.8100000000000005,0.0
2010-08-23,79321,79,CHILLI LIGHTS,70,4.716666666666667,1.0
2010-08-30,79321,79,CHILLI LIGHTS,110,5.44625,0.0
2010-09-06,79321,79,CHILLI LIGHTS,68,5.332,0.0
2010-09-13,79321,79,CHILLI LIGHTS,38,5.854,0.0
2010-09-20,79321,79,CHILLI LIGHTS,172,6.362857142857143,0.0
2010-09-27,79321,79,CHILLI LIGHTS,233,5.609333333333334,0.0
2010-10-04,79321,79,CHILLI LIGHTS,538,4.964285714285714,0.0
2010-10-11,79321,79,CHILLI LIGHTS,148,5.568125,0.0
2010-10-18,79321,79,CHILLI LIGHTS,228,5.30375,0.0
2010-10-25,79321,79,CHILLI LIGHTS,176,5.480625,0.0
2010-11-01,79321,79,CHILLI LIGHTS,123,5.481764705882353,0.0
2010-11-08,79321,79,CHILLI LIGHTS,541,5.6607317073170735,0.0
2010-11-15,79321,79,CHILLI LIGHTS,300,5.021666666666667,0.0
2010-11-22,79321,79,CHILLI LIGHTS,343,5.597894736842105,0.0
2010-11-29,79321,79,CHILLI LIGHTS,1444,5.425892857142857,0.0
2010-12-06,79321,79,CHILLI LIGHTS,655,6.38078947368421,0.0
2010-12-13,79321,79,CHILLI LIGHTS,589,5.341379310344828,0.0
2010-12-20,79321,79,CHILLI LIGHTS,60,6.7325,0.0
2011-01-03,79321,79,CHILLI LIGHTS,933,4.856818181818182,0.0
2011-01-10,79321,79,CHILLI LIGHTS,175,5.6445454545454545,0.0
2011-01-17,79321,79,CHILLI LIGHTS,161,5.699,0.0
2011-01-24,79321,79,CHILLI LIGHTS,105,7.313999999999999,0.0
2011-01-31,79321,79,CHILLI LIGHTS,99,7.01,0.0
2011-02-07,79321,79,CHILLI LIGHTS,192,6.437142857142858,0.0
2011-02-14,79321,79,CHILLI LIGHTS,233,6.733846153846154,0.0
2011-02-21,79321,79,CHILLI LIGHTS,75,7.731428571428571,0.0
2011-02-28,79321,79,CHILLI LIGHTS,39,6.598000000000001,0.0
2011-03-07,79321,79,CHILLI LIGHTS,234,6.4799999999999995,0.0
2011-03-14,79321,79,CHILLI LIGHTS,108,6.408888888888889,0.0
2011-03-21,79321,79,CHILLI LIGHTS,22,6.58875,0.0
2011-03-28,79321,79,CHILLI LIGHTS,85,8.867142857142857,0.0
2011-04-04,79321,79,CHILLI LIGHTS,14,7.986666666666667,0.0
2011-04-11,79321,79,CHILLI LIGHTS,5,9.105,0.0
2011-04-18,79321,79,CHILLI LIGHTS,4,12.46,0.0
2011-04-25,79321,79,CHILLI LIGHTS,5,12.46,0.0
2011-05-02,79321,79,CHILLI LIGHTS,109,6.601666666666667,1.0
2011-05-09,79321,79,CHILLI LIGHTS,187,6.0200000000000005,1.0
2011-05-16,79321,79,CHILLI LIGHTS,40,5.75,1.0
2011-05-23,79321,79,CHILLI LIGHTS,72,5.572222222222222,1.0
2011-05-30,79321,79,CHILLI LIGHTS,27,6.708571428571429,0.0
2011-06-06,79321,79,CHILLI LIGHTS,95,6.53875,1.0
2011-06-13,79321,79,CHILLI LIGHTS,109,7.361818181818182,0.0
2011-06-20,79321,79,CHILLI LIGHTS,48,7.152222222222223,0.0
2011-06-27,79321,79,CHILLI LIGHTS,113,6.38875,1.0
2011-07-04,79321,79,CHILLI LIGHTS,23,7.986666666666667,0.0
2011-07-11,79321,79,CHILLI LIGHTS,33,6.58875,0.0
2011-07-18,79321,79,CHILLI LIGHTS,129,7.4430000000000005,0.0
2011-07-25,79321,79,CHILLI LIGHTS,651,5.935384615384615,0.0
2011-08-01,79321,79,CHILLI LIGHTS,87,6.601666666666667,0.0
2011-08-08,79321,79,CHILLI LIGHTS,135,7.438571428571429,0.0
2011-08-15,79321,79,CHILLI LIGHTS,62,6.932,0.0
2011-08-22,79321,79,CHILLI LIGHTS,110,6.735,0.0
2011-08-29,79321,79,CHILLI LIGHTS,210,8.168571428571429,0.0
2011-09-05,79321,79,CHILLI LIGHTS,71,7.327500000000001,0.0
2011-09-12,79321,79,CHILLI LIGHTS,262,6.9592857142857145,0.0
2011-09-19,79321,79,CHILLI LIGHTS,28,7.986666666666666,0.0
2011-09-26,79321,79,CHILLI LIGHTS,162,6.538,0.0
2011-10-03,79321,79,CHILLI LIGHTS,47,6.97,0.0
2011-10-10,79321,79,CHILLI LIGHTS,150,7.113846153846154,0.0
2011-10-17,79321,79,CHILLI LIGHTS,109,7.740666666666667,0.0
2011-10-24,79321,79,CHILLI LIGHTS,431,6.365714285714286,0.0
2011-10-31,79321,79,CHILLI LIGHTS,166,7.34,0.0
2011-11-07,79321,79,CHILLI LIGHTS,482,6.814583333333334,0.0
2011-11-14,79321,79,CHILLI LIGHTS,381,7.549615384615384,0.0
2011-11-21,79321,79,CHILLI LIGHTS,959,6.806774193548388,0.0
2011-11-28,79321,79,CHILLI LIGHTS,314,8.065714285714286,0.0
2011-12-05,79321,79,CHILLI LIGHTS,277,8.854782608695654,0.0
