results/realworld_weekly.csv
date,product,category,description,sales,price,promo
2009-11-30,84077,84,WORLD WAR 2 GLIDERS ASSTD DESIGNS,635,0.207,0.0
2009-12-07,84077,84,WORLD WAR 2 GLIDERS ASSTD DESIGNS,1204,0.20800000000000002,0.0
2009-12-14,84077,84,WORLD WAR 2 GLIDERS ASSTD DESIGNS,720,0.21,0.0
2009-12-21,84077,84,WORLD WAR 2 GLIDERS ASSTD DESIGNS,48,0.21,0.0
2010-01-04,84077,84,WORLD WAR 2 GLIDERS ASSTD DESIGNS,336,0.21000000000000002,0.0
2010-01-11,84077,84,WORLD WAR 2 GLIDERS ASSTD DESIGNS,384,0.19999999999999998,0.0
2010-01-18,84077,84,WORLD WAR 2 GLIDERS ASSTD DESIGNS,195,0.21,0.0
2010-01-25,84077,84,WORLD WAR 2 GLIDERS ASSTD DESIGNS,432,0.20249999999999999,0.0
2010-02-01,84077,84,WORLD WAR 2 GLIDERS ASSTD DESIGNS,576,0.21,0.0
2010-02-08,84077,84,WORLD WAR 2 GLIDERS ASSTD DESIGNS,192,0.21,0.0
2010-02-15,84077,84,WORLD WAR 2 GLIDERS ASSTD DESIGNS,624,0.21,0.0
2010-02-22,84077,84,WORLD WAR 2 GLIDERS ASSTD DESIGNS,576,0.21,0.0
2010-03-01,84077,84,WORLD WAR 2 GLIDERS ASSTD DESIGNS,960,0.20666666666666667,0.0
2010-03-08,84077,84,WORLD WAR 2 GLIDERS ASSTD DESIGNS,528,0.21,0.0
2010-03-15,84077,84,WORLD WAR 2 GLIDERS ASSTD DESIGNS,2592,0.20249999999999999,0.0
2010-03-22,84077,84,WORLD WAR 2 GLIDERS ASSTD DESIGNS,387,0.21000000000000002,0.0
2010-03-29,84077,84,WORLD WAR 2 GLIDERS ASSTD DESIGNS,192,0.21,0.0
2010-04-05,84077,84,WORLD WAR 2 GLIDERS ASSTD DESIGNS,1393,0.2057142857142857,0.0
2010-04-12,84077,84,WORLD WAR 2 GLIDERS ASSTD DESIGNS,431,0.21,0.0
2010-04-19,84077,84,WORLD WAR 2 GLIDERS ASSTD DESIGNS,576,0.205,0.0
2010-04-26,84077,84,WORLD WAR 2 GLIDERS ASSTD DESIGNS,672,0.21000000000000002,0.0
2010-05-03,84077,84,WORLD WAR 2 GLIDERS ASSTD DESIGNS,240,0.21000000000000002,0.0
2010-05-10,84077,84,WORLD WAR 2 GLIDERS ASSTD DESIGNS,1824,0.207,0.0
2010-05-17,84077,84,WORLD WAR 2 GLIDERS ASSTD DESIGNS,528,0.205,0.0
2010-05-24,84077,84,WORLD WAR 2 GLIDERS ASSTD DESIGNS,592,0.20625,0.0
2010-05-31,84077,84,WORLD WAR 2 GLIDERS ASSTD DESIGNS,338,0.21,0.0
2010-06-07,84077,84,WORLD WAR 2 GLIDERS ASSTD DESIGNS,2208,0.2057142857142857,0.0
2010-06-14,84077,84,WORLD WAR 2 GLIDERS ASSTD DESIGNS,1066,0.20800000000000002,0.0
2010-06-21,84077,84,WORLD WAR 2 GLIDERS ASSTD DESIGNS,496,0.23444444444444443,0.0
2010-06-28,84077,84,WORLD WAR 2 GLIDERS ASSTD DESIGNS,1448,0.20785714285714282,0.0
2010-07-05,84077,84,WORLD WAR 2 GLIDERS ASSTD DESIGNS,145,0.2833333333333333,0.0
2010-07-12,84077,84,WORLD WAR 2 GLIDERS ASSTD DESIGNS,823,0.22357142857142856,0.0
2010-07-19,84077,84,WORLD WAR 2 GLIDERS ASSTD DESIGNS,481,0.2414285714285714,0.0
2010-07-26,84077,84,WORLD WAR 2 GLIDERS ASSTD DESIGNS,838,0.25,0.0
2010-08-02,84077,84,WORLD WAR 2 GLIDERS ASSTD DESIGNS,2938,0.22999999999999998,0.0
2010-08-09,84077,84,WORLD WAR 2 GLIDERS ASSTD DESIGNS,817,0.20666666666666667,0.0
2010-08-16,84077,84,WORLD WAR 2 GLIDERS ASSTD DESIGNS,768,0.2057142857142857,0.0
2010-08-23,84077,84,WORLD WAR 2 GLIDERS ASSTD DESIGNS,198,0.254,0.0
2010-08-30,84077,84,WORLD WAR 2 GLIDERS ASSTD DESIGNS,1824,0.245,0.0
2010-09-06,84077,84,WORLD WAR 2 GLIDERS ASSTD DESIGNS,289,0.2871428571428571,0.0
2010-09-13,84077,84,WORLD WAR 2 GLIDERS ASSTD DESIGNS,211,0.29,0.0
2010-09-20,84077,84,WORLD WAR 2 GLIDERS ASSTD DESIGNS,917,0.28428571428571425,0.0
2010-09-27,84077,84,WORLD WAR 2 GLIDERS ASSTD DESIGNS,770,0.296,0.0
2010-10-04,84077,84,WORLD WAR 2 GLIDERS ASSTD DESIGNS,3504,0.2727272727272727,0.0
2010-10-11,84077,84,WORLD WAR 2 GLIDERS ASSTD DESIGNS,624,0.2785714285714285,0.0
2010-10-18,84077,84,WORLD WAR 2 GLIDERS ASSTD DESIGNS,385,0.3075,0.0
2010-10-25,84077,84,WORLD WAR 2 GLIDERS ASSTD DESIGNS,682,0.296,0.0
2010-11-01,84077,84,WORLD WAR 2 GLIDERS ASSTD DESIGNS,5301,0.29666666666666663,0.0
2010-11-08,84077,84,WORLD WAR 2 GLIDERS ASSTD DESIGNS,2556,0.29833333333333334,0.0
2010-11-15,84077,84,WORLD WAR 2 GLIDERS ASSTD DESIGNS,730,0.3229411764705882,0.0
2010-11-22,84077,84,WORLD WAR 2 GLIDERS ASSTD DESIGNS,629,0.32499999999999996,0.0
2010-11-29,84077,84,WORLD WAR 2 GLIDERS ASSTD DESIGNS,7063,0.29782608695652174,0.0
2010-12-06,84077,84,WORLD WAR 2 GLIDERS ASSTD DESIGNS,863,0.33869565217391306,0.0
2010-12-13,84077,84,WORLD WAR 2 GLIDERS ASSTD DESIGNS,549,0.3223076923076923,0.0
2010-12-20,84077,84,WORLD WAR 2 GLIDERS ASSTD DESIGNS,100,0.33666666666666667,0.0
2011-01-03,84077,84,WORLD WAR 2 GLIDERS ASSTD DESIGNS,625,0.305,0.0
2011-01-10,84077,84,WORLD WAR 2 GLIDERS ASSTD DESIGNS,193,0.31599999999999995,0.0
2011-01-24,84077,84,WORLD WAR 2 GLIDERS ASSTD DESIGNS,530,0.29714285714285715,0.0
2011-01-31,84077,84,WORLD WAR 2 GLIDERS ASSTD DESIGNS,2788,0.29833333333333334,0.0
2011-02-07,84077,84,WORLD WAR 2 GLIDERS ASSTD DESIGNS,48,0.29,0.0
2011-02-14,84077,84,WORLD WAR 2 GLIDERS ASSTD DESIGNS,424,0.31599999999999995,0.0
2011-02-21,84077,84,WORLD WAR 2 GLIDERS ASSTD DESIGNS,257,0.3271428571428571,0.0
2011-02-28,84077,84,WORLD WAR 2 GLIDERS ASSTD DESIGNS,1584,0.24999999999999997,1.0
2011-03-07,84077,84,WORLD WAR 2 GLIDERS ASSTD DESIGNS,1200,0.2722222222222222,0.0
2011-03-14,84077,84,WORLD WAR 2 GLIDERS ASSTD DESIGNS,480,0.29,0.0
2011-03-21,84077,84,WORLD WAR 2 GLIDERS ASSTD DESIGNS,144,0.29,0.0
2011-03-28,84077,84,WORLD WAR 2 GLIDERS ASSTD DESIGNS,3216,0.2633333333333333,0.0
2011-04-04,84077,84,WORLD WAR 2 GLIDERS ASSTD DESIGNS,392,0.33249999999999996,0.0
2011-04-11,84077,84,WORLD WAR 2 GLIDERS ASSTD DESIGNS,2352,0.2827272727272727,0.0
2011-04-18,84077,84,WORLD WAR 2 GLIDERS ASSTD DESIGNS,1351,0.3566666666666667,0.0
2011-04-25,84077,84,WORLD WAR 2 GLIDERS ASSTD DESIGNS,2592,0.2671428571428571,0.0
2011-05-02,84077,84,WORLD WAR 2 GLIDERS ASSTD DESIGNS,869,0.30999999999999994,0.0
2011-05-09,84077,84,WORLD WAR 2 GLIDERS ASSTD DESIGNS,672,0.2785714285714285,0.0
2011-05-16,84077,84,WORLD WAR 2 GLIDERS ASSTD DESIGNS,960,0.2722222222222222,0.0
2011-05-23,84077,84,WORLD WAR 2 GLIDERS ASSTD DESIGNS,480,0.29,0.0
2011-05-30,84077,84,WORLD WAR 2 GLIDERS ASSTD DESIGNS,1349,0.3271428571428571,0.0
2011-06-06,84077,84,WORLD WAR 2 GLIDERS ASSTD DESIGNS,432,0.29,0.0
2011-06-13,84077,84,WORLD WAR 2 GLIDERS ASSTD DESIGNS,145,0.375,0.0
2011-06-20,84077,84,WORLD WAR 2 GLIDERS ASSTD DESIGNS,385,0.33249999999999996,0.0
2011-06-27,84077,84,WORLD WAR 2 GLIDERS ASSTD DESIGNS,243,0.375,0.0
2011-07-04,84077,84,WORLD WAR 2 GLIDERS ASSTD DESIGNS,485,0.43166666666666664,0.0
2011-07-11,84077,84,WORLD WAR 2 GLIDERS ASSTD DESIGNS,1056,0.27999999999999997,0.0
2011-07-18,84077,84,WORLD WAR 2 GLIDERS ASSTD DESIGNS,630,0.29,0.0
2011-07-25,84077,84,WORLD WAR 2 GLIDERS ASSTD DESIGNS,727,0.36833333333333335,0.0
2011-08-01,84077,84,WORLD WAR 2 GLIDERS ASSTD DESIGNS,98,0.4033333333333333,0.0
2011-08-08,84077,84,WORLD WAR 2 GLIDERS ASSTD DESIGNS,577,0.3325,0.0
2011-08-15,84077,84,WORLD WAR 2 GLIDERS ASSTD DESIGNS,432,0.29,0.0
2011-08-22,84077,84,WORLD WAR 2 GLIDERS ASSTD DESIGNS,960,0.29,0.0
2011-08-29,84077,84,WORLD WAR 2 GLIDERS ASSTD DESIGNS,242,0.358,0.0
2011-09-05,84077,84,WORLD WAR 2 GLIDERS ASSTD DESIGNS,336,0.29,0.0
2011-09-12,84077,84,WORLD WAR 2 GLIDERS ASSTD DESIGNS,960,0.2833333333333333,0.0
2011-09-19,84077,84,WORLD WAR 2 GLIDERS ASSTD DESIGNS,539,0.3655555555555556,0.0
2011-09-26,84077,84,WORLD WAR 2 GLIDERS ASSTD DESIGNS,768,0.33249999999999996,0.0
2011-10-03,84077,84,WORLD WAR 2 GLIDERS ASSTD DESIGNS,989,0.3073333333333333,0.0
2011-10-10,84077,84,WORLD WAR 2 GLIDERS ASSTD DESIGNS,634,0.36846153846153845,0.0
2011-10-17,84077,84,WORLD WAR 2 GLIDERS ASSTD DESIGNS,975,0.30999999999999994,0.0
2011-10-24,84077,84,WORLD WAR 2 GLIDERS ASSTD DESIGNS,5328,0.2833333333333333,0.0
2011-10-31,84077,84,WORLD WAR 2 GLIDERS ASSTD DESIGNS,974,0.3088888888888889,0.0
2011-11-07,84077,84,WORLD WAR 2 GLIDERS ASSTD DESIGNS,1119,0.3385714285714285,0.0
2011-11-14,84077,84,WORLD WAR 2 GLIDERS ASSTD DESIGNS,834,0.38272727272727275,0.0
2011-11-21,84077,84,WORLD WAR 2 GLIDERS ASSTD DESIGNS,867,0.43,0.0
2011-11-28,84077,84,WORLD WAR 2 GLIDERS ASSTD DESIGNS,689,0.33533333333333337,0.0
2011-12-05,84077,84,WORLD WAR 2 GLIDERS ASSTD DESIGNS,1025,0.3526666666666667,0.0
2009-11-30,84212,84,"ASSORTED FLOWER COLOUR ""LEIS""",6,0.65,0.0
2009-12-07,84212,84,"ASSORTED FLOWER COLOUR ""LEIS""",60,0.65,0.0
2010-01-04,84212,84,"ASSORTED FLOWER COLOUR ""LEIS""",24,0.65,0.0
2010-01-11,84212,84,"ASSORTED FLOWER COLOUR ""LEIS""",144,0.65,0.0
2010-01-25,84212,84,"ASSORTED FLOWER COLOUR ""LEIS""",1494,0.5925,0.0
2010-02-01,84212,84,"ASSORTED FLOWER COLOUR ""LEIS""",126,0.5733333333333334,0.0
2010-02-08,84212,84,"ASSORTED FLOWER COLOUR ""LEIS""",72,0.65,0.0
2010-02-15,84212,84,"ASSORTED FLOWER COLOUR ""LEIS""",24,0.65,0.0
2010-02-22,84212,84,"ASSORTED FLOWER COLOUR ""LEIS""",54,0.65,0.0
2010-03-08,84212,84,"ASSORTED FLOWER COLOUR ""LEIS""",96,0.65,0.0
2010-03-15,84212,84,"ASSORTED FLOWER COLOUR ""LEIS""",504,0.535,0.0
2010-03-22,84212,84,"ASSORTED FLOWER COLOUR ""LEIS""",6,0.65,0.0
2010-03-29,84212,84,"ASSORTED FLOWER COLOUR ""LEIS""",54,0.65,0.0
2010-04-05,84212,84,"ASSORTED FLOWER COLOUR ""LEIS""",72,0.65,0.0
2010-04-12,84212,84,"ASSORTED FLOWER COLOUR ""LEIS""",54,0.65,0.0
2010-04-19,84212,84,"ASSORTED FLOWER COLOUR ""LEIS""",42,0.65,0.0
2010-04-26,84212,84,"ASSORTED FLOWER COLOUR ""LEIS""",84,0.65,0.0
2010-05-03,84212,84,"ASSORTED FLOWER COLOUR ""LEIS""",762,1.44,0.0
2010-05-10,84212,84,"ASSORTED FLOWER COLOUR ""LEIS""",102,0.65,0.0
2010-05-17,84212,84,"ASSORTED FLOWER COLOUR ""LEIS""",48,0.65,0.0
2010-05-24,84212,84,"ASSORTED FLOWER COLOUR ""LEIS""",174,0.65,0.0
2010-05-31,84212,84,"ASSORTED FLOWER COLOUR ""LEIS""",1758,0.5733333333333334,1.0
2010-06-07,84212,84,"ASSORTED FLOWER COLOUR ""LEIS""",258,0.65,0.0
2010-06-14,84212,84,"ASSORTED FLOWER COLOUR ""LEIS""",1562,1.0888888888888888,0.0
2010-06-21,84212,84,"ASSORTED FLOWER COLOUR ""LEIS""",1074,0.6116666666666667,1.0
2010-06-28,84212,84,"ASSORTED FLOWER COLOUR ""LEIS""",126,0.65,0.0
2010-07-05,84212,84,"ASSORTED FLOWER COLOUR ""LEIS""",54,0.65,0.0
2010-07-12,84212,84,"ASSORTED FLOWER COLOUR ""LEIS""",1818,0.5733333333333334,1.0
2010-07-19,84212,84,"ASSORTED FLOWER COLOUR ""LEIS""",320,1.091,0.0
2010-07-26,84212,84,"ASSORTED FLOWER COLOUR ""LEIS""",498,0.5733333333333334,1.0
2010-08-02,84212,84,"ASSORTED FLOWER COLOUR ""LEIS""",408,0.6171428571428572,0.0
2010-08-09,84212,84,"ASSORTED FLOWER COLOUR ""LEIS""",137,1.2799999999999998,0.0
2010-08-16,84212,84,"ASSORTED FLOWER COLOUR ""LEIS""",582,0.5733333333333334,1.0
2010-08-23,84212,84,"ASSORTED FLOWER COLOUR ""LEIS""",522,0.5733333333333334,1.0
2010-09-13,84212,84,"ASSORTED FLOWER COLOUR ""LEIS""",18,0.65,0.0
2010-09-20,84212,84,"ASSORTED FLOWER COLOUR ""LEIS""",6,0.65,0.0
2010-09-27,84212,84,"ASSORTED FLOWER COLOUR ""LEIS""",24,0.65,0.0
2010-10-18,84212,84,"ASSORTED FLOWER COLOUR ""LEIS""",96,0.65,0.0
2010-10-25,84212,84,"ASSORTED FLOWER COLOUR ""LEIS""",36,0.65,0.0
2010-11-01,84212,84,"ASSORTED FLOWER COLOUR ""LEIS""",30,0.65,0.0
2010-11-08,84212,84,"ASSORTED FLOWER COLOUR ""LEIS""",60,0.65,0.0
2010-11-15,84212,84,"ASSORTED FLOWER COLOUR ""LEIS""",26,3.59,0.0
2010-11-22,84212,84,"ASSORTED FLOWER COLOUR ""LEIS""",86,1.532,0.0
2010-11-29,84212,84,"ASSORTED FLOWER COLOUR ""LEIS""",26,0.65,1.0
2010-12-06,84212,84,"ASSORTED FLOWER COLOUR ""LEIS""",24,0.65,1.0
2010-12-13,84212,84,"ASSORTED FLOWER COLOUR ""LEIS""",504,0.535,1.0
2011-01-03,84212,84,"ASSORTED FLOWER COLOUR ""LEIS""",24,0.65,1.0
2011-01-10,84212,84,"ASSORTED FLOWER COLOUR ""LEIS""",12,0.65,1.0
2011-01-17,84212,84,"ASSORTED FLOWER COLOUR ""LEIS""",497,1.67,0.0
2011-01-31,84212,84,"ASSORTED FLOWER COLOUR ""LEIS""",36,0.65,1.0
2011-02-07,84212,84,"ASSORTED FLOWER COLOUR ""LEIS""",24,0.65,1.0
2011-02-14,84212,84,"ASSORTED FLOWER COLOUR ""LEIS""",247,2.0100000000000002,0.0
2011-02-21,84212,84,"ASSORTED FLOWER COLOUR ""LEIS""",24,0.65,1.0
2011-02-28,84212,84,"ASSORTED FLOWER COLOUR ""LEIS""",7,2.805,0.0
2011-03-07,84212,84,"ASSORTED FLOWER COLOUR ""LEIS""",108,0.65,1.0
2011-03-14,84212,84,"ASSORTED FLOWER COLOUR ""LEIS""",78,0.65,1.0
2011-03-21,84212,84,"ASSORTED FLOWER COLOUR ""LEIS""",126,0.65,1.0
2011-03-28,84212,84,"ASSORTED FLOWER COLOUR ""LEIS""",48,0.65,1.0
2011-04-04,84212,84,"ASSORTED FLOWER COLOUR ""LEIS""",1200,0.42,1.0
2011-04-18,84212,84,"ASSORTED FLOWER COLOUR ""LEIS""",138,0.65,1.0
2011-04-25,84212,84,"ASSORTED FLOWER COLOUR ""LEIS""",48,0.65,1.0
2011-05-02,84212,84,"ASSORTED FLOWER COLOUR ""LEIS""",66,0.65,1.0
2011-05-09,84212,84,"ASSORTED FLOWER COLOUR ""LEIS""",2,4.96,0.0
2011-05-16,84212,84,"ASSORTED FLOWER COLOUR ""LEIS""",60,0.65,1.0
2011-05-23,84212,84,"ASSORTED FLOWER COLOUR ""LEIS""",96,0.65,1.0
2011-05-30,84212,84,"ASSORTED FLOWER COLOUR ""LEIS""",312,0.5733333333333334,1.0
2011-06-06,84212,84,"ASSORTED FLOWER COLOUR ""LEIS""",721,1.16,0.0
2011-06-13,84212,84,"ASSORTED FLOWER COLOUR ""LEIS""",192,0.65,1.0
2011-06-20,84212,84,"ASSORTED FLOWER COLOUR ""LEIS""",60,0.65,1.0
2011-06-27,84212,84,"ASSORTED FLOWER COLOUR ""LEIS""",481,0.535,1.0
2011-07-04,84212,84,"ASSORTED FLOWER COLOUR ""LEIS""",30,0.65,1.0
2011-07-11,84212,84,"ASSORTED FLOWER COLOUR ""LEIS""",48,0.65,1.0
2011-07-18,84212,84,"ASSORTED FLOWER COLOUR ""LEIS""",198,0.65,1.0
2011-07-25,84212,84,"ASSORTED FLOWER COLOUR ""LEIS""",1008,0.535,1.0
2011-08-01,84212,84,"ASSORTED FLOWER COLOUR ""LEIS""",24,0.65,1.0
2011-08-15,84212,84,"ASSORTED FLOWER COLOUR ""LEIS""",564,0.5733333333333334,0.0
2011-08-22,84212,84,"ASSORTED FLOWER COLOUR ""LEIS""",24,0.65,0.0
2011-09-05,84212,84,"ASSORTED FLOWER COLOUR ""LEIS""",504,0.535,1.0
2011-09-19,84212,84,"ASSORTED FLOWER COLOUR ""LEIS""",24,0.65,0.0
2011-09-26,84212,84,"ASSORTED FLOWER COLOUR ""LEIS""",24,0.65,0.0
2011-10-03,84212,84,"ASSORTED FLOWER COLOUR ""LEIS""",480,0.42,1.0
2011-10-24,84212,84,"ASSORTED FLOWER COLOUR ""LEIS""",54,0.65,0.0
2011-11-07,84212,84,"ASSORTED FLOWER COLOUR ""LEIS""",53,0.65,0.0
2011-11-14,84212,84,"ASSORTED FLOWER COLOUR ""LEIS""",2,4.96,0.0
2011-11-21,84212,84,"ASSORTED FLOWER COLOUR ""LEIS""",30,0.65,1.0
2011-11-28,84212,84,"ASSORTED FLOWER COLOUR ""LEIS""",480,0.42,1.0
2011-12-05,84212,84,"ASSORTED FLOWER COLOUR ""LEIS""",48,0.65,1.0
2009-11-30,84270,84,ASSTD DESIGN BUBBLE GUM RING,754,0.22999999999999998,0.0
2009-12-07,84270,84,ASSTD DESIGN BUBBLE GUM RING,453,0.23199999999999998,0.0
2009-12-14,84270,84,ASSTD DESIGN BUBBLE GUM RING,360,0.3284615384615384,0.0
2009-12-21,84270,84,ASSTD DESIGN BUBBLE GUM RING,3,0.43,0.0
2010-01-04,84270,84,ASSTD DESIGN BUBBLE GUM RING,1140,0.21,1.0
2010-01-11,84270,84,ASSTD DESIGN BUBBLE GUM RING,137,0.3985714285714286,0.0
2010-01-18,84270,84,ASSTD DESIGN BUBBLE GUM RING,213,0.3985714285714286,0.0
2010-01-25,84270,84,ASSTD DESIGN BUBBLE GUM RING,362,0.2375,1.0
2010-02-01,84270,84,ASSTD DESIGN BUBBLE GUM RING,220,0.2925,0.0
2010-02-08,84270,84,ASSTD DESIGN BUBBLE GUM RING,192,0.2833333333333333,0.0
2010-02-15,84270,84,ASSTD DESIGN BUBBLE GUM RING,990,0.21,1.0
2010-02-22,84270,84,ASSTD DESIGN BUBBLE GUM RING,271,0.2414285714285714,1.0
2010-03-01,84270,84,ASSTD DESIGN BUBBLE GUM RING,392,0.24666666666666667,0.0
2010-03-08,84270,84,ASSTD DESIGN BUBBLE GUM RING,316,0.2791666666666667,0.0
2010-03-15,84270,84,ASSTD DESIGN BUBBLE GUM RING,124,0.254,0.0
2010-03-22,84270,84,ASSTD DESIGN BUBBLE GUM RING,426,0.2414285714285714,1.0
2010-03-29,84270,84,ASSTD DESIGN BUBBLE GUM RING,330,0.21,1.0
2010-04-05,84270,84,ASSTD DESIGN BUBBLE GUM RING,1652,0.24899999999999997,0.0
2010-04-12,84270,84,ASSTD DESIGN BUBBLE GUM RING,270,0.21,1.0
2010-04-19,84270,84,ASSTD DESIGN BUBBLE GUM RING,167,0.25857142857142856,0.0
2010-04-26,84270,84,ASSTD DESIGN BUBBLE GUM RING,1084,0.2283333333333333,0.0
2010-05-03,84270,84,ASSTD DESIGN BUBBLE GUM RING,270,0.21000000000000002,0.0
2010-05-10,84270,84,ASSTD DESIGN BUBBLE GUM RING,780,0.21000000000000002,0.0
2010-05-17,84270,84,ASSTD DESIGN BUBBLE GUM RING,340,0.27599999999999997,0.0
2010-05-24,84270,84,ASSTD DESIGN BUBBLE GUM RING,723,0.24384615384615385,0.0
2010-05-31,84270,84,ASSTD DESIGN BUBBLE GUM RING,216,0.2588888888888889,0.0
2010-06-07,84270,84,ASSTD DESIGN BUBBLE GUM RING,544,0.2375,0.0
2010-06-14,84270,84,ASSTD DESIGN BUBBLE GUM RING,921,0.254,0.0
2010-06-21,84270,84,ASSTD DESIGN BUBBLE GUM RING,293,0.2588888888888889,0.0
2010-06-28,84270,84,ASSTD DESIGN BUBBLE GUM RING,647,0.24666666666666667,0.0
2010-07-05,84270,84,ASSTD DESIGN BUBBLE GUM RING,336,0.23444444444444443,0.0
2010-07-12,84270,84,ASSTD DESIGN BUBBLE GUM RING,639,0.2283333333333333,0.0
2010-07-19,84270,84,ASSTD DESIGN BUBBLE GUM RING,611,0.2414285714285714,0.0
2010-07-26,84270,84,ASSTD DESIGN BUBBLE GUM RING,691,0.22294117647058823,0.0
2010-08-02,84270,84,ASSTD DESIGN BUBBLE GUM RING,300,0.1975,1.0
2010-08-09,84270,84,ASSTD DESIGN BUBBLE GUM RING,630,0.21,0.0
2010-08-16,84270,84,ASSTD DESIGN BUBBLE GUM RING,186,0.24666666666666667,0.0
2010-08-23,84270,84,ASSTD DESIGN BUBBLE GUM RING,692,0.2257142857142857,0.0
2010-08-30,84270,84,ASSTD DESIGN BUBBLE GUM RING,185,0.265,0.0
2010-09-06,84270,84,ASSTD DESIGN BUBBLE GUM RING,150,0.21,0.0
2010-09-13,84270,84,ASSTD DESIGN BUBBLE GUM RING,330,0.21,0.0
2010-09-20,84270,84,ASSTD DESIGN BUBBLE GUM RING,217,0.27285714285714285,0.0
2010-09-27,84270,84,ASSTD DESIGN BUBBLE GUM RING,210,0.21000000000000002,0.0
2010-10-04,84270,84,ASSTD DESIGN BUBBLE GUM RING,794,0.2375,0.0
2010-10-11,84270,84,ASSTD DESIGN BUBBLE GUM RING,606,0.23588235294117646,0.0
2010-10-18,84270,84,ASSTD DESIGN BUBBLE GUM RING,820,0.24882352941176467,0.0
2010-10-25,84270,84,ASSTD DESIGN BUBBLE GUM RING,272,0.21,0.0
